05-25 09:01:40.897 W/System.err( 3413): 	at com.android.internal.app.IOpsCallback$Stub.onTransact(IOpsCallback.java:68)
05-25 09:01:40.897 W/System.err( 3413): 	at android.os.Binder.execTransact(Binder.java:446)
05-25 09:01:40.957 D/PhoneStatusBar( 1429): updateNotification pkg=com.qihoo.appstore;id=10012
05-25 09:01:40.997 W/PushService( 1526): 2016-05-25 09:01:41,003 - [WARN::PushService] - [Thread:48] try send mi push message. packagename:com.miui.virtualsim action:Notification
05-25 09:01:40.997 D/aA      ( 4508): onChange id -1
05-25 09:01:41.007 D/SizeAdaptiveLayout( 1429): com.android.internal.widget.SizeAdaptiveLayout{3d142829 V.E..... ......ID 0,0-1260,232 #7f0800c1 app:id/adaptive}child view android.widget.RelativeLayout{1e87c7ae V.E..... ......ID 0,0-1260,256} measured out of bounds at 231px clamped to 232px
05-25 09:01:41.037 I/XLAppKeyChecker( 1361): items:6001
05-25 09:01:41.037 I/XLAppKeyChecker( 1361): totalContent:6001;com.android.providers.downloads
05-25 09:01:41.037 I/XLAppKeyChecker( 1361): keyEntity getMD5 MD5:0^852^083dbcff^cee25055f125a2fde
05-25 09:01:41.037 I/XLDownloadManager( 1361): appKey check successful
05-25 09:01:41.037 D/JNI_XLDownloadLib( 1361): function Java_com_xunlei_downloadlib_XLLoader_init stInitParam, appKey = Y29tLmFuZHJvaWQucHJvdmlkZXJzLmRvd25sb2FkcwBxFwE=
05-25 09:01:41.037 D/JNI_XLDownloadLib( 1361): , appName = com.android.providers.downloads, appVersion = 5.08.27.700000, reservedField = , statSavePath = /storage/emulated/0/.dlprovider, statCfgSavePath = /storage/emulated/0/.dlprovider, netType = 9
05-25 09:01:41.047 D/PhoneStatusBar( 1429): updateNotification pkg=com.qihoo.appstore;id=10012
05-25 09:01:41.067 D/MicloudPushService(23791): push service action : android.intent.action.PACKAGE_REMOVED sBindStatus:0
05-25 09:01:41.077 D/JNI_XLDownloadLib( 1361): function Java_com_xunlei_downloadlib_XLLoader_init end, ret = 9000
05-25 09:01:41.077 I/XLDownloadManager( 1361): doMonitorNetworkChange()
05-25 09:01:41.087 D/JNI_XLDownloadLib( 1361): function Java_com_xunlei_downloadlib_XLLoader_setLocalProperty end, key = PhoneModel, value = MI NOTE Pro, ret = 9000
05-25 09:01:41.087 D/JNI_XLDownloadLib( 1361): function Java_com_xunlei_downloadlib_XLLoader_getDownloadLibVersion end, version = 1.37.260.7
05-25 09:01:41.087 D/JNI_XLDownloadLib( 1361): function Java_com_xunlei_downloadlib_XLLoader_setMiUiVersion end, miuiVersion = V7.0.5.0.LXHCNCI, ret = 9000
05-25 09:01:41.097 D/JNI_XLVipChannel( 1361): function Java_com_xunlei_vipchannel_XLVipChannelLoader_VipChannelInit end, ret = 0
05-25 09:01:41.097 D/JNI_XLDownloadLib( 1361): function Java_com_xunlei_downloadlib_XLLoader_notifyNetWorkType end, networkType = 9, ret = 9000
05-25 09:01:41.097 D/JNI_XLDownloadLib( 1361): function Java_com_xunlei_downloadlib_XLLoader_setNotifyWifiBSSID end, ret = 9000
05-25 09:01:41.097 D/TAG_DownloadReceiver( 1361): onReceive nettype=9
05-25 09:01:41.107 D/SizeAdaptiveLayout( 1429): com.android.internal.widget.SizeAdaptiveLayout{3d142829 V.E..... ......ID 0,0-1260,232 #7f0800c1 app:id/adaptive}child view android.widget.RelativeLayout{1e87c7ae V.E..... ......ID 0,0-1260,256} measured out of bounds at 231px clamped to 232px
05-25 09:01:41.137 D/PhoneStatusBar( 1429): updateNotification pkg=com.qihoo.appstore;id=10012
05-25 09:01:41.167 D/SizeAdaptiveLayout( 1429): com.android.internal.widget.SizeAdaptiveLayout{3d142829 V.E..... ......ID 0,0-1260,232 #7f0800c1 app:id/adaptive}child view android.widget.RelativeLayout{1e87c7ae V.E..... ......ID 0,0-1260,256} measured out of bounds at 231px clamped to 232px
05-25 09:01:41.177 W/System.err( 3413): java.lang.ArrayIndexOutOfBoundsException: length=58; index=58
05-25 09:01:41.177 W/System.err( 3413): 	at com.lbe.security.service.provider.internal.AppOpsAdapter$1.getDefaultOp(AppOpsAdapter.java:279)
05-25 09:01:41.177 W/System.err( 3413): 	at com.android.internal.app.IOpsCallback$Stub.onTransact(IOpsCallback.java:68)
05-25 09:01:41.177 W/System.err( 3413): 	at android.os.Binder.execTransact(Binder.java:446)
05-25 09:01:41.207 D/PhoneStatusBar( 1429): updateNotification pkg=com.qihoo.appstore;id=10012
05-25 09:01:41.217 D/MicloudPushService(23791): push service action : android.intent.action.PACKAGE_ADDED sBindStatus:0
05-25 09:01:41.247 I/Analytics( 9608): start session(com.miui.securitycenter)
05-25 09:01:41.247 I/Analytics( 9608): end session(com.miui.securitycenter)
05-25 09:01:41.257 D/SizeAdaptiveLayout( 1429): com.android.internal.widget.SizeAdaptiveLayout{3d142829 V.E..... ......ID 0,0-1260,232 #7f0800c1 app:id/adaptive}child view android.widget.RelativeLayout{1e87c7ae V.E..... ......ID 0,0-1260,256} measured out of bounds at 231px clamped to 232px
05-25 09:01:41.267 D/PhoneStatusBar( 1429): updateNotification pkg=com.qihoo.appstore;id=10012
05-25 09:01:41.317 D/SizeAdaptiveLayout( 1429): com.android.internal.widget.SizeAdaptiveLayout{3d142829 V.E..... ......ID 0,0-1260,232 #7f0800c1 app:id/adaptive}child view android.widget.RelativeLayout{1e87c7ae V.E..... ......ID 0,0-1260,256} measured out of bounds at 231px clamped to 232px
05-25 09:01:41.337 W/ResourceType(23685): No package identifier when getting value for resource number 0x00000000
05-25 09:01:41.367 D/PhoneStatusBar( 1429): updateNotification pkg=com.xiaomi.market;id=0
05-25 09:01:41.387 I/Analytics( 9608): start session(com.miui.securitycenter)
05-25 09:01:41.387 I/Analytics( 9608): end session(com.miui.securitycenter)
05-25 09:01:41.397 D/MediaProvider( 1361): object removed 53889
05-25 09:01:41.397 D/SizeAdaptiveLayout( 1429): com.android.internal.widget.SizeAdaptiveLayout{107821ce V.E..... ......ID 0,0-1260,232 #7f0800c1 app:id/adaptive}child view android.widget.FrameLayout{10c758ef V.E..... ......ID 0,0-1260,231 #1020330 android:id/status_bar_latest_event_content} measured out of bounds at 231px clamped to 232px
05-25 09:01:41.487 W/ResourceType(23685): No package identifier when getting value for resource number 0x00000000
05-25 09:01:41.577 E/MarketDataParser(23685): [AppList] JSON : list is null: No value for miuiApp
05-25 09:01:41.577 D/aA      ( 4508): onChange id -1
05-25 09:01:41.617 I/KLO_Power( 2813): battery level changed:[batterylevel,voltage,temp]:[99,4125,307]
05-25 09:01:41.617 I/KLO_Power( 2813): update system cpu stats called
05-25 09:01:41.627 D/JNI_XLDownloadLib( 1361): function Java_com_xunlei_downloadlib_XLLoader_unInit end, ret = 9000
05-25 09:01:41.627 I/XLDownloadManager( 1361): undoMonitorNetworkChange()
05-25 09:01:41.627 D/JNI_XLVipChannel( 1361): function Java_com_xunlei_vipchannel_XLVipChannelLoader_VipChannelUninit end, ret = 0
05-25 09:01:41.667 D/PhoneStatusBar( 1429): updateNotification pkg=com.qihoo360.mobilesafe;id=1
05-25 09:01:41.667 I/XiaomiFirewall( 1624): firewall pkgName:com.lbe.security.miui, result:0
05-25 09:01:41.707 I/MSM-irqbalance(  522): Decided to move IRQ131 from CPU0 to CPU2
05-25 09:01:41.707 I/themeservice( 1960): unbinding service
05-25 09:01:41.717 D/SizeAdaptiveLayout( 1429): com.android.internal.widget.SizeAdaptiveLayout{39fdd497 V.E..... ......ID 0,0-1260,232 #7f0800c1 app:id/adaptive}child view android.widget.LinearLayout{ba3b684 V.E..... ......ID 0,0-1260,248 #7f0a020f app:id/} measured out of bounds at 231px clamped to 232px
05-25 09:01:41.717 W/System.err( 3413): java.lang.NullPointerException: Attempt to get length of null array
05-25 09:01:41.717 W/System.err( 3413): 	at com.google.protobuf.AbstractMessageLite$Builder.mergeFrom(AbstractMessageLite.java:153)
05-25 09:01:41.717 W/System.err( 3413): 	at com.lbe.protocol.LBERecommendPkgPermProtoBuf$PkgPermResponse.parseFrom(LBERecommendPkgPermProtoBuf.java:11463)
05-25 09:01:41.717 W/System.err( 3413): 	at com.lbe.security.service.provider.internal.CloudUpdater$CloudQueryAction.doInBackground(CloudUpdater.java:194)
05-25 09:01:41.717 W/System.err( 3413): 	at com.lbe.security.service.provider.internal.CloudUpdater$CloudQueryAction.doInBackground(CloudUpdater.java:167)
05-25 09:01:41.717 W/System.err( 3413): 	at android.os.AsyncTask$2.call(AsyncTask.java:288)
05-25 09:01:41.717 W/System.err( 3413): 	at java.util.concurrent.FutureTask.run(FutureTask.java:237)
05-25 09:01:41.717 W/System.err( 3413): 	at java.util.concurrent.ThreadPoolExecutor.runWorker(ThreadPoolExecutor.java:1112)
05-25 09:01:41.717 W/System.err( 3413): 	at java.util.concurrent.ThreadPoolExecutor$Worker.run(ThreadPoolExecutor.java:587)
05-25 09:01:41.717 W/System.err( 3413): 	at java.lang.Thread.run(Thread.java:818)
05-25 09:01:41.747 V/MiAccountManager(MiLinkSDK)(games)(23914): initUseAnonymousMode
05-25 09:01:41.747 D/MiAccountManager(MiLinkSDK)(games)(23914): switchAccountTypeMode turn to 1
05-25 09:01:41.747 W/SessionManager(MiLinkSDK)(games)(23914): ClientActionEvent ClientRequestCheckConnection
05-25 09:01:41.847 I/XiaomiFirewall( 1624): firewall pkgName:com.xiaomi.gamecenter, result:0
05-25 09:01:41.867 E/ws000   (24977): com.qihoo360.mobilesafe.beaconx.e.e@1d30bb75 m s a u r r f Receiver not registered: com.qihoo360.mobilesafe.beaconx.e.e@1d30bb75
05-25 09:01:41.867 E/ws000   (24977): java.lang.IllegalArgumentException: Receiver not registered: com.qihoo360.mobilesafe.beaconx.e.e@1d30bb75
05-25 09:01:41.867 E/ws000   (24977): 	at android.app.LoadedApk.forgetReceiverDispatcher(LoadedApk.java:762)
05-25 09:01:41.867 E/ws000   (24977): 	at android.app.ContextImpl.unregisterReceiver(ContextImpl.java:1662)
05-25 09:01:41.867 E/ws000   (24977): 	at android.content.ContextWrapper.unregisterReceiver(ContextWrapper.java:510)
05-25 09:01:41.867 E/ws000   (24977): 	at com.qihoo360.mobilesafe.ui.index.MobileSafeApplication.unregisterReceiver(360MobileSafe:1425)
05-25 09:01:41.867 E/ws000   (24977): 	at android.content.ContextWrapper.unregisterReceiver(ContextWrapper.java:510)
05-25 09:01:41.867 E/ws000   (24977): 	at com.qihoo360.mobilesafe.beaconx.e.e.j(360MobileSafe:358)
05-25 09:01:41.867 E/ws000   (24977): 	at com.qihoo360.mobilesafe.beaconx.e.e.h(360MobileSafe:301)
05-25 09:01:41.867 E/ws000   (24977): 	at com.qihoo360.mobilesafe.beaconx.e.e.b(360MobileSafe:40)
05-25 09:01:41.867 E/ws000   (24977): 	at com.qihoo360.mobilesafe.beaconx.e.g.run(360MobileSafe:87)
05-25 09:01:41.867 E/ws000   (24977): 	at android.os.Handler.handleCallback(Handler.java:739)
05-25 09:01:41.867 E/ws000   (24977): 	at android.os.Handler.dispatchMessage(Handler.java:95)
05-25 09:01:41.867 E/ws000   (24977): 	at android.os.Looper.loop(Looper.java:135)
05-25 09:01:41.867 E/ws000   (24977): 	at android.app.ActivityThread.main(ActivityThread.java:5250)
05-25 09:01:41.867 E/ws000   (24977): 	at java.lang.reflect.Method.invoke(Native Method)
05-25 09:01:41.867 E/ws000   (24977): 	at java.lang.reflect.Method.invoke(Method.java:372)
05-25 09:01:41.867 E/ws000   (24977): 	at com.android.internal.os.ZygoteInit$MethodAndArgsCaller.run(ZygoteInit.java:911)
05-25 09:01:41.867 E/ws000   (24977): 	at com.android.internal.os.ZygoteInit.main(ZygoteInit.java:706)
05-25 09:01:41.867 D/BluetoothAdapter(24977): 945530634: getState() :  mService = null. Returning STATE_OFF
05-25 09:01:41.897 W/System.err( 3413): java.lang.ArrayIndexOutOfBoundsException: length=58; index=58
05-25 09:01:41.897 W/System.err( 3413): 	at com.lbe.security.service.provider.internal.AppOpsAdapter$1.getDefaultOp(AppOpsAdapter.java:279)
05-25 09:01:41.897 W/System.err( 3413): 	at com.android.internal.app.IOpsCallback$Stub.onTransact(IOpsCallback.java:68)
05-25 09:01:41.897 W/System.err( 3413): 	at android.os.Binder.execTransact(Binder.java:446)
05-25 09:01:42.167 I/RenderThread( 1960): RenderThread resumed
05-25 09:01:42.177 I/RenderThread( 1960): All controllers paused.
05-25 09:01:42.177 I/RenderThread( 1960): RenderThread paused, waiting for signal
05-25 09:01:42.517 D/wpa_supplicant( 1423): wlan0: Control interface command 'SIGNAL_POLL'
05-25 09:01:42.527 D/StatusBar.NetworkController( 1429): slot=-10;action=android.net.wifi.RSSI_CHANGED
05-25 09:01:42.537 D/StatusBar.NetworkController( 1429): updateNetworkName mNetworkName[0]= mTempNetworkName[0] = 
05-25 09:01:42.547 D/StatusBar.NetworkController( 1429): updateNetworkName mNetworkName[1]= mTempNetworkName[1] = 
05-25 09:01:42.917 W/System.err( 3413): java.lang.ArrayIndexOutOfBoundsException: length=58; index=58
05-25 09:01:42.917 W/System.err( 3413): 	at com.lbe.security.service.provider.internal.AppOpsAdapter$1.getDefaultOp(AppOpsAdapter.java:279)
05-25 09:01:42.917 W/System.err( 3413): 	at com.android.internal.app.IOpsCallback$Stub.onTransact(IOpsCallback.java:68)
05-25 09:01:42.917 W/System.err( 3413): 	at android.os.Binder.execTransact(Binder.java:446)
05-25 09:01:43.927 W/System.err( 3413): java.lang.ArrayIndexOutOfBoundsException: length=58; index=58
05-25 09:01:43.927 W/System.err( 3413): 	at com.lbe.security.service.provider.internal.AppOpsAdapter$1.getDefaultOp(AppOpsAdapter.java:279)
05-25 09:01:43.927 W/System.err( 3413): 	at com.android.internal.app.IOpsCallback$Stub.onTransact(IOpsCallback.java:68)
05-25 09:01:43.927 W/System.err( 3413): 	at android.os.Binder.execTransact(Binder.java:446)
05-25 09:01:43.987 D/ScreenElementRoot( 1429): resume
05-25 09:01:43.987 D/ScreenElementRoot( 1429): resume
05-25 09:01:43.997 I/RenderThread( 1429): Sleep for long time:9223372036854775807 ms
05-25 09:01:43.997 I/art     ( 1429): Note: end time exceeds epoch: 
05-25 09:01:44.027 W/ProgressBarDelegate( 1429): Unknown Drawable subclass, src=android.graphics.drawable.ScaleDrawable@1ebbb649
05-25 09:01:44.127 D/DnsFallback(  432): query: msch.f.360.cn
05-25 09:01:44.167 I/XiaomiFirewall( 1624): firewall pkgName:com.qihoo360.mobilesafe, result:0
05-25 09:01:44.197 D/PhoneStatusBar( 1429): disable: 0x00000000 -> 0x00080000 (diff: 0x00080000)
05-25 09:01:44.197 D/PhoneStatusBar( 1429): disable: < expand icons alerts TICKER* system_info back home recent clock full hide keyguard >
05-25 09:01:44.197 D/PowerKeeperEventLogManager( 2287): updatestatusbar value 0x80000
05-25 09:01:44.197 I/RenderThread( 1429): Sleep for long time:9223372036854775807 ms
05-25 09:01:44.197 I/art     ( 1429): Note: end time exceeds epoch: 
05-25 09:01:44.637 W/Toast   (24977): From com.qihoo360.mobilesafe, invisible to user.
05-25 09:01:44.937 W/System.err( 3413): java.lang.ArrayIndexOutOfBoundsException: length=58; index=58
05-25 09:01:44.947 W/System.err( 3413): 	at com.lbe.security.service.provider.internal.AppOpsAdapter$1.getDefaultOp(AppOpsAdapter.java:279)
05-25 09:01:44.947 W/System.err( 3413): 	at com.android.internal.app.IOpsCallback$Stub.onTransact(IOpsCallback.java:68)
05-25 09:01:44.947 W/System.err( 3413): 	at android.os.Binder.execTransact(Binder.java:446)
05-25 09:01:45.277 I/RenderThread( 1429): Sleep for long time:9223372036854775807 ms
05-25 09:01:45.277 I/art     ( 1429): Note: end time exceeds epoch: 
05-25 09:01:45.277 I/RenderThread( 1429): Sleep for long time:9223372036854775807 ms
05-25 09:01:45.277 I/art     ( 1429): Note: end time exceeds epoch: 
05-25 09:01:45.477 I/ResourceHelperService(24166): onCreate
05-25 09:01:45.477 I/ResourceHelperService(24166): onBind
05-25 09:01:45.477 I/AppMonitor( 1624): mResourceHelperConnection onServiceConnected
05-25 09:01:45.527 D/wpa_supplicant( 1423): wlan0: Control interface command 'SIGNAL_POLL'
05-25 09:01:45.957 W/System.err( 3413): java.lang.ArrayIndexOutOfBoundsException: length=58; index=58
05-25 09:01:45.957 W/System.err( 3413): 	at com.lbe.security.service.provider.internal.AppOpsAdapter$1.getDefaultOp(AppOpsAdapter.java:279)
05-25 09:01:45.957 W/System.err( 3413): 	at com.android.internal.app.IOpsCallback$Stub.onTransact(IOpsCallback.java:68)
05-25 09:01:45.957 W/System.err( 3413): 	at android.os.Binder.execTransact(Binder.java:446)
05-25 09:01:46.327 W/System.err( 3413): java.lang.ArrayIndexOutOfBoundsException: length=58; index=58
05-25 09:01:46.327 W/System.err( 3413): 	at com.lbe.security.service.provider.internal.AppOpsAdapter$1.getDefaultOp(AppOpsAdapter.java:279)
05-25 09:01:46.327 W/System.err( 3413): 	at com.android.internal.app.IOpsCallback$Stub.onTransact(IOpsCallback.java:68)
05-25 09:01:46.327 W/System.err( 3413): 	at android.os.Binder.execTransact(Binder.java:446)
05-25 09:01:46.667 W/System.err( 3413): java.lang.ArrayIndexOutOfBoundsException: length=58; index=58
05-25 09:01:46.667 W/System.err( 3413): 	at com.lbe.security.service.provider.internal.AppOpsAdapter$1.getDefaultOp(AppOpsAdapter.java:279)
05-25 09:01:46.667 W/System.err( 3413): 	at com.android.internal.app.IOpsCallback$Stub.onTransact(IOpsCallback.java:68)
05-25 09:01:46.667 W/System.err( 3413): 	at android.os.Binder.execTransact(Binder.java:446)
05-25 09:01:46.707 I/MSM-irqbalance(  522): Decided to move IRQ128 from CPU0 to CPU3
05-25 09:01:46.857 W/Settings(24977): Setting android_id has moved from android.provider.Settings.System to android.provider.Settings.Secure, returning read-only value.
05-25 09:01:46.897 D/DnsFallback(  432): query: scan.call.f.360.cn
05-25 09:01:46.897 I/XiaomiFirewall( 1624): firewall pkgName:com.qihoo360.mobilesafe, result:0
05-25 09:01:46.967 W/System.err( 3413): java.lang.ArrayIndexOutOfBoundsException: length=58; index=58
05-25 09:01:46.967 W/System.err( 3413): 	at com.lbe.security.service.provider.internal.AppOpsAdapter$1.getDefaultOp(AppOpsAdapter.java:279)
05-25 09:01:46.967 W/System.err( 3413): 	at com.android.internal.app.IOpsCallback$Stub.onTransact(IOpsCallback.java:68)
05-25 09:01:46.967 W/System.err( 3413): 	at android.os.Binder.execTransact(Binder.java:446)
05-25 09:01:47.087 I/ResourceHelperService(24166): onUnbind
05-25 09:01:47.087 I/ResourceHelperService(24166): onDestroy
05-25 09:01:47.647 D/DnsFallback(  432): query: monitor.uu.qq.com
05-25 09:01:47.657 I/XiaomiFirewall( 1624): firewall pkgName:com.tencent.mobileqq, result:0
05-25 09:01:47.977 W/System.err( 3413): java.lang.ArrayIndexOutOfBoundsException: length=58; index=58
05-25 09:01:47.977 W/System.err( 3413): 	at com.lbe.security.service.provider.internal.AppOpsAdapter$1.getDefaultOp(AppOpsAdapter.java:279)
05-25 09:01:47.977 W/System.err( 3413): 	at com.android.internal.app.IOpsCallback$Stub.onTransact(IOpsCallback.java:68)
05-25 09:01:47.977 W/System.err( 3413): 	at android.os.Binder.execTransact(Binder.java:446)
05-25 09:01:48.077 D/ScreenElementRoot( 1429): pause
05-25 09:01:48.077 D/ScreenElementRoot( 1429): pause
05-25 09:01:48.167 W/ProgressBarDelegate( 1429): Unknown Drawable subclass, src=android.graphics.drawable.ScaleDrawable@1ebbb649
05-25 09:01:48.177 D/PhoneStatusBar( 1429): disable: 0x00080000 -> 0x00000000 (diff: 0x00080000)
05-25 09:01:48.177 D/PhoneStatusBar( 1429): disable: < expand icons alerts ticker* system_info back home recent clock full hide keyguard >
05-25 09:01:48.177 D/PowerKeeperEventLogManager( 2287): updatestatusbar value 0x0
05-25 09:01:48.537 D/wpa_supplicant( 1423): wlan0: Control interface command 'SIGNAL_POLL'
05-25 09:01:48.547 D/StatusBar.NetworkController( 1429): slot=-10;action=android.net.wifi.RSSI_CHANGED
05-25 09:01:48.547 D/StatusBar.NetworkController( 1429): updateNetworkName mNetworkName[0]= mTempNetworkName[0] = 
05-25 09:01:48.557 D/StatusBar.NetworkController( 1429): updateNetworkName mNetworkName[1]= mTempNetworkName[1] = 
05-25 09:01:48.567 I/RenderThread( 1960): RenderThread resumed
05-25 09:01:48.567 I/RenderThread( 1960): All controllers paused.
05-25 09:01:48.567 I/RenderThread( 1960): RenderThread paused, waiting for signal
05-25 09:01:48.597 D/DnsFallback(  432): query: monitor.uu.qq.com
05-25 09:01:48.607 I/XiaomiFirewall( 1624): firewall pkgName:com.tencent.mobileqq, result:0
05-25 09:01:48.997 W/System.err( 3413): java.lang.ArrayIndexOutOfBoundsException: length=58; index=58
05-25 09:01:48.997 W/System.err( 3413): 	at com.lbe.security.service.provider.internal.AppOpsAdapter$1.getDefaultOp(AppOpsAdapter.java:279)
05-25 09:01:48.997 W/System.err( 3413): 	at com.android.internal.app.IOpsCallback$Stub.onTransact(IOpsCallback.java:68)
05-25 09:01:48.997 W/System.err( 3413): 	at android.os.Binder.execTransact(Binder.java:446)
05-25 09:01:49.907 I/RenderThread( 1960): RenderThread resumed
05-25 09:01:49.907 I/RenderThread( 1960): All controllers paused.
05-25 09:01:49.907 I/RenderThread( 1960): RenderThread paused, waiting for signal
05-25 09:01:50.007 W/System.err( 3413): java.lang.ArrayIndexOutOfBoundsException: length=58; index=58
05-25 09:01:50.007 W/System.err( 3413): 	at com.lbe.security.service.provider.internal.AppOpsAdapter$1.getDefaultOp(AppOpsAdapter.java:279)
05-25 09:01:50.007 W/System.err( 3413): 	at com.android.internal.app.IOpsCallback$Stub.onTransact(IOpsCallback.java:68)
05-25 09:01:50.007 W/System.err( 3413): 	at android.os.Binder.execTransact(Binder.java:446)
05-25 09:01:50.357 I/RenderThread( 1960): RenderThread resumed
05-25 09:01:50.357 I/RenderThread( 1960): All controllers paused.
05-25 09:01:50.357 I/RenderThread( 1960): RenderThread paused, waiting for signal
05-25 09:01:51.007 W/System.err( 3413): java.lang.ArrayIndexOutOfBoundsException: length=58; index=58
05-25 09:01:51.007 W/System.err( 3413): 	at com.lbe.security.service.provider.internal.AppOpsAdapter$1.getDefaultOp(AppOpsAdapter.java:279)
05-25 09:01:51.007 W/System.err( 3413): 	at com.android.internal.app.IOpsCallback$Stub.onTransact(IOpsCallback.java:68)
05-25 09:01:51.007 W/System.err( 3413): 	at android.os.Binder.execTransact(Binder.java:446)
05-25 09:01:51.137 D/FancyDrawable( 1960): doResume:   [miui.maml.FancyDrawable@1f7bdcb6]
05-25 09:01:51.137 D/MultipleRenderable( 1960): setPause: false miui.maml.FancyDrawable@1f7bdcb6
05-25 09:01:51.137 D/RendererCore( 1960): self resume: miui.maml.RendererCore@1be8e351
05-25 09:01:51.147 I/RenderThread( 1960): RenderThread resumed
05-25 09:01:51.147 D/ScreenElementRoot( 1960): resume
05-25 09:01:51.147 I/ResourceManager( 1960): load image calendar_icon_25.png
05-25 09:01:51.147 I/ResourceManager( 1960): try to load resource from extra resource: den640 of calendar_icon_25.png
05-25 09:01:51.167 I/ResourceManager( 1960): load image from extra resource: den640 of calendar_icon_25.png
05-25 09:01:51.167 I/RenderThread( 1960): Sleep for long time:9223372036854775807 ms
05-25 09:01:51.167 I/art     ( 1960): Note: end time exceeds epoch: 
05-25 09:01:51.177 I/RenderThread( 1960): Sleep for long time:9223372036854775807 ms
05-25 09:01:51.177 I/art     ( 1960): Note: end time exceeds epoch: 
05-25 09:01:51.407 W/System.err( 3413): java.lang.ArrayIndexOutOfBoundsException: length=58; index=58
05-25 09:01:51.407 W/System.err( 3413): 	at com.lbe.security.service.provider.internal.AppOpsAdapter$1.getDefaultOp(AppOpsAdapter.java:279)
05-25 09:01:51.407 W/System.err( 3413): 	at com.android.internal.app.IOpsCallback$Stub.onTransact(IOpsCallback.java:68)
05-25 09:01:51.407 W/System.err( 3413): 	at android.os.Binder.execTransact(Binder.java:446)
05-25 09:01:51.477 D/ScreenElementRoot( 1960): pause
05-25 09:01:51.477 I/RenderThread( 1960): RenderThread paused, waiting for signal
05-25 09:01:51.547 D/wpa_supplicant( 1423): wlan0: Control interface command 'SIGNAL_POLL'
05-25 09:01:51.557 D/StatusBar.NetworkController( 1429): slot=-10;action=android.net.wifi.RSSI_CHANGED
05-25 09:01:51.557 D/StatusBar.NetworkController( 1429): updateNetworkName mNetworkName[0]= mTempNetworkName[0] = 
05-25 09:01:51.567 D/StatusBar.NetworkController( 1429): updateNetworkName mNetworkName[1]= mTempNetworkName[1] = 
05-25 09:01:51.707 I/MSM-irqbalance(  522): Decided to move IRQ115 from CPU0 to CPU1
05-25 09:01:51.867 I/RenderThread( 1960): RenderThread resumed
05-25 09:01:51.867 D/ScreenElementRoot( 1960): resume
05-25 09:01:51.867 D/ScreenElementRoot( 1960): resume
05-25 09:01:51.867 I/ResourceManager( 1960): load image light/l_9.png
05-25 09:01:51.867 I/ResourceManager( 1960): try to load resource from extra resource:  of light/l_9.png
05-25 09:01:51.867 D/PhoneStatusBar( 1429): disable: 0x00000000 -> 0x00800000 (diff: 0x00800000)
05-25 09:01:51.867 D/PhoneStatusBar( 1429): disable: < expand icons alerts ticker system_info back home recent CLOCK* full hide keyguard >
05-25 09:01:51.867 D/PowerKeeperEventLogManager( 2287): updatestatusbar value 0x800000
05-25 09:01:51.867 D/FancyDrawable( 1960): doPause:   [miui.maml.FancyDrawable@1f7bdcb6]
05-25 09:01:51.867 D/MultipleRenderable( 1960): setPause: true miui.maml.FancyDrawable@1f7bdcb6
05-25 09:01:51.867 D/RendererCore( 1960): self pause: miui.maml.RendererCore@1be8e351
05-25 09:01:51.867 D/ScreenElementRoot( 1960): pause
05-25 09:01:51.867 D/FancyDrawable( 1960): doResume:   [miui.maml.FancyDrawable@17250af4]
05-25 09:01:51.867 D/MultipleRenderable( 1960): setPause: false miui.maml.FancyDrawable@17250af4
05-25 09:01:51.867 D/RendererCore( 1960): self resume: miui.maml.RendererCore@2474a485
05-25 09:01:51.867 D/ScreenElementRoot( 1960): resume
05-25 09:01:51.877 I/ResourceManager( 1960): load image from extra resource:  of light/l_9.png
05-25 09:01:51.877 I/ResourceManager( 1960): load image light/s_0.png
05-25 09:01:51.877 I/ResourceManager( 1960): try to load resource from extra resource:  of light/s_0.png
05-25 09:01:51.887 I/ResourceManager( 1960): load image from extra resource:  of light/s_0.png
05-25 09:01:51.887 I/ResourceManager( 1960): load image light/s_1.png
05-25 09:01:51.887 I/ResourceManager( 1960): try to load resource from extra resource:  of light/s_1.png
05-25 09:01:51.887 I/ResourceManager( 1960): load image from extra resource:  of light/s_1.png
05-25 09:01:51.897 I/RenderThread( 1960): Sleep for long time:9223372036854775807 ms
05-25 09:01:51.897 I/art     ( 1960): Note: end time exceeds epoch: 
05-25 09:01:51.907 I/RenderThread( 1960): Sleep for long time:9223372036854775807 ms
05-25 09:01:51.907 I/art     ( 1960): Note: end time exceeds epoch: 
05-25 09:01:51.927 I/ResourceManager( 1960): load image weather_1.png
05-25 09:01:51.927 I/ResourceManager( 1960): try to load resource from extra resource: den640 of weather_1.png
05-25 09:01:51.937 I/ResourceManager( 1960): load image from extra resource: den640 of weather_1.png
05-25 09:01:51.937 I/RenderThread( 1960): Sleep for long time:9223372036854775807 ms
05-25 09:01:51.937 I/art     ( 1960): Note: end time exceeds epoch: 
05-25 09:01:51.947 I/RenderThread( 1960): Sleep for long time:9223372036854775807 ms
05-25 09:01:51.947 I/art     ( 1960): Note: end time exceeds epoch: 
05-25 09:01:52.017 W/System.err( 3413): java.lang.ArrayIndexOutOfBoundsException: length=58; index=58
05-25 09:01:52.017 W/System.err( 3413): 	at com.lbe.security.service.provider.internal.AppOpsAdapter$1.getDefaultOp(AppOpsAdapter.java:279)
05-25 09:01:52.017 W/System.err( 3413): 	at com.android.internal.app.IOpsCallback$Stub.onTransact(IOpsCallback.java:68)
05-25 09:01:52.017 W/System.err( 3413): 	at android.os.Binder.execTransact(Binder.java:446)
05-25 09:01:52.507 D/ScreenElementRoot( 1960): pause
05-25 09:01:52.507 D/ScreenElementRoot( 1960): pause
05-25 09:01:52.507 I/RenderThread( 1960): RenderThread paused, waiting for signal
05-25 09:01:52.537 I/RenderThread( 1960): RenderThread resumed
05-25 09:01:52.537 D/ScreenElementRoot( 1960): resume
05-25 09:01:52.537 D/ScreenElementRoot( 1960): resume
05-25 09:01:52.537 I/RenderThread( 1960): Sleep for long time:9223372036854775807 ms
05-25 09:01:52.537 I/art     ( 1960): Note: end time exceeds epoch: 
05-25 09:01:52.537 D/PhoneStatusBar( 1429): disable: 0x00800000 -> 0x00000000 (diff: 0x00800000)
05-25 09:01:52.537 D/PhoneStatusBar( 1429): disable: < expand icons alerts ticker system_info back home recent clock* full hide keyguard >
05-25 09:01:52.537 D/PowerKeeperEventLogManager( 2287): updatestatusbar value 0x0
05-25 09:01:52.587 D/PermissionCache(  395): checking android.permission.READ_FRAME_BUFFER for uid=10017 => granted (319 us)
05-25 09:01:52.607 I/RenderThread( 1960): Sleep for long time:9223372036854775807 ms
05-25 09:01:52.607 I/art     ( 1960): Note: end time exceeds epoch: 
05-25 09:01:52.617 I/RenderThread( 1960): Sleep for long time:9223372036854775807 ms
05-25 09:01:52.617 I/art     ( 1960): Note: end time exceeds epoch: 
05-25 09:01:52.617 I/RenderThread( 1960): Sleep for long time:9223372036854775807 ms
05-25 09:01:52.617 I/art     ( 1960): Note: end time exceeds epoch: 
05-25 09:01:52.637 V/RenderScript( 1960): 0x7f72d33000 Launching thread(s), CPUs 8
05-25 09:01:52.737 V/RenderScript( 1960): Successfully loaded runtime: libRSDriver_adreno.so
05-25 09:01:52.767 D/FancyDrawable( 1960): doResume:   [miui.maml.FancyDrawable@6c23684]
05-25 09:01:52.767 D/MultipleRenderable( 1960): setPause: false miui.maml.FancyDrawable@6c23684
05-25 09:01:52.767 D/RendererCore( 1960): self resume: miui.maml.RendererCore@36d826f8
05-25 09:01:52.767 D/ScreenElementRoot( 1960): resume
05-25 09:01:53.027 W/System.err( 3413): java.lang.ArrayIndexOutOfBoundsException: length=58; index=58
05-25 09:01:53.027 W/System.err( 3413): 	at com.lbe.security.service.provider.internal.AppOpsAdapter$1.getDefaultOp(AppOpsAdapter.java:279)
05-25 09:01:53.027 W/System.err( 3413): 	at com.android.internal.app.IOpsCallback$Stub.onTransact(IOpsCallback.java:68)
05-25 09:01:53.027 W/System.err( 3413): 	at android.os.Binder.execTransact(Binder.java:446)
05-25 09:01:53.697 I/Timeline( 1960): Timeline: Activity_launch_request time:166724035
05-25 09:01:53.697 D/AdClientRecord( 1997): Splash target was not initialized.
05-25 09:01:53.697 D/SystemAdController( 1997): Package:com.miui.bugreport is not in the list
05-25 09:01:53.697 D/SystemAdController( 1997): requestSplashScreen duration:3
05-25 09:01:53.727 D/DnsFallback(  432): query: tracking.miui.com
05-25 09:01:53.727 D/ScreenElementRoot( 1960): pause
05-25 09:01:53.727 D/ScreenElementRoot( 1960): pause
05-25 09:01:53.727 D/ScreenElementRoot( 1960): pause
05-25 09:01:53.727 I/RenderThread( 1960): RenderThread paused, waiting for signal
05-25 09:01:53.827 D/PowerKeeperEventLogManager( 2287): notifyForegroundCompomentChanged ComponentInfo{com.miui.bugreport/com.miui.bugreport.ui.MainActivity}
05-25 09:01:53.827 I/Timeline( 1015): Timeline: App_transition_ready time:166724166
05-25 09:01:53.847 D/miuisdk (24495): current sdk level is 3
05-25 09:01:53.857 I/XiaomiFirewall( 1624): firewall pkgName:com.miui.systemAdSolution, result:0
05-25 09:01:53.957 D/OpenGLRenderer(24495): Render dirty regions requested: true
05-25 09:01:53.957 D/Atlas   (24495): Validating map...
05-25 09:01:53.987 I/Adreno  (24495): QUALCOMM build                   : 89c810b, Id8ea0a2dc8
05-25 09:01:53.987 I/Adreno  (24495): Build Date                       : 07/30/15
05-25 09:01:53.987 I/Adreno  (24495): OpenGL ES Shader Compiler Version: E031.25.03.09
05-25 09:01:53.987 I/Adreno  (24495): Local Branch                     : 
05-25 09:01:53.987 I/Adreno  (24495): Remote Branch                    : 
05-25 09:01:53.987 I/Adreno  (24495): Remote Branch                    : 
05-25 09:01:53.987 I/Adreno  (24495): Reconstruct Branch               : 
05-25 09:01:53.997 I/OpenGLRenderer(24495): Initialized EGL, version 1.4
05-25 09:01:53.997 D/OpenGLRenderer(24495): Enabling debug mode 0
05-25 09:01:54.027 W/System.err( 3413): java.lang.ArrayIndexOutOfBoundsException: length=58; index=58
05-25 09:01:54.027 W/System.err( 3413): 	at com.lbe.security.service.provider.internal.AppOpsAdapter$1.getDefaultOp(AppOpsAdapter.java:279)
05-25 09:01:54.027 W/System.err( 3413): 	at com.android.internal.app.IOpsCallback$Stub.onTransact(IOpsCallback.java:68)
05-25 09:01:54.027 W/System.err( 3413): 	at android.os.Binder.execTransact(Binder.java:446)
05-25 09:01:54.067 I/ActivityManager( 1015): Displayed com.miui.bugreport/.ui.MainActivity: +335ms
05-25 09:01:54.077 I/Timeline(24495): Timeline: Activity_idle id: android.os.BinderProxy@3651e275 time:166724415
05-25 09:01:54.267 I/Timeline( 1015): Timeline: Activity_windows_visible id: ActivityRecord{184d072e u0 com.miui.bugreport/.ui.MainActivity t4111} time:166724606
05-25 09:01:54.277 I/Timeline( 1015): Timeline: App_transition_stopped time:166724610
05-25 09:01:54.567 D/wpa_supplicant( 1423): wlan0: Control interface command 'SIGNAL_POLL'
05-25 09:01:54.697 D/PowerKeeperEventLogManager( 2287): notifyForegroundCompomentChanged ComponentInfo{com.miui.home/com.miui.home.launcher.Launcher}
05-25 09:01:54.697 I/Timeline( 1015): Timeline: App_transition_ready time:166725038
05-25 09:01:54.717 I/Timeline( 1015): Timeline: App_transition_ready time:166725050
05-25 09:01:54.727 D/MultipleRenderable( 1960): add: miui.maml.FancyDrawable@21b97fcb
05-25 09:01:54.727 D/RendererCore( 1960): add: miui.maml.FancyDrawable@21b97fcb size:3
05-25 09:01:54.727 I/RenderThread( 1960): RenderThread resumed
05-25 09:01:54.727 D/ScreenElementRoot( 1960): resume
05-25 09:01:54.727 D/ScreenElementRoot( 1960): resume
05-25 09:01:54.727 D/ScreenElementRoot( 1960): resume
05-25 09:01:54.747 I/Timeline( 1015): Timeline: App_transition_ready time:166725082
05-25 09:01:54.807 I/Timeline( 1960): Timeline: Activity_idle id: android.os.BinderProxy@3492fa18 time:166725144
05-25 09:01:54.817 I/Timeline( 1015): Timeline: App_transition_ready time:166725154
05-25 09:01:54.827 D/FancyDrawable( 1960): doPause:   [miui.maml.FancyDrawable@21b97fcb]
05-25 09:01:54.827 D/MultipleRenderable( 1960): setPause: true miui.maml.FancyDrawable@21b97fcb
05-25 09:01:55.007 I/Timeline( 1015): Timeline: Activity_windows_visible id: ActivityRecord{1c386baa u0 com.miui.home/.launcher.Launcher t4045} time:166725342
05-25 09:01:55.007 I/KLO_Stability( 2813): [am_kill][1464138115]:[0,23982,com.tencent.mobileqq,15,empty #17]
05-25 09:01:55.007 I/Timeline( 1015): Timeline: App_transition_stopped time:166725347
05-25 09:01:55.037 W/System.err( 3413): java.lang.ArrayIndexOutOfBoundsException: length=58; index=58
05-25 09:01:55.037 W/System.err( 3413): 	at com.lbe.security.service.provider.internal.AppOpsAdapter$1.getDefaultOp(AppOpsAdapter.java:279)
05-25 09:01:55.037 W/System.err( 3413): 	at com.android.internal.app.IOpsCallback$Stub.onTransact(IOpsCallback.java:68)
05-25 09:01:55.037 W/System.err( 3413): 	at android.os.Binder.execTransact(Binder.java:446)
05-25 09:01:55.097 I/KLO_Stability( 2813): [am_proc_die][1464138115]:[0,23982,com.tencent.mobileqq]
05-25 09:01:55.097 I/KLO_Stability( 2813): key app die, p_name:com.tencent.mobileqq
05-25 09:01:55.517 I/Timeline( 1960): Timeline: Activity_launch_request time:166725853
05-25 09:01:55.517 D/AdClientRecord( 1997): Splash target was not initialized.
05-25 09:01:55.517 D/SystemAdController( 1997): Package:com.android.fileexplorer is not in the list
05-25 09:01:55.517 D/SystemAdController( 1997): requestSplashScreen duration:3
05-25 09:01:55.537 D/ScreenElementRoot( 1960): pause
05-25 09:01:55.537 D/ScreenElementRoot( 1960): pause
05-25 09:01:55.537 D/ScreenElementRoot( 1960): pause
05-25 09:01:55.537 I/RenderThread( 1960): RenderThread paused, waiting for signal
05-25 09:01:55.547 D/PowerKeeperEventLogManager( 2287): notifyForegroundCompomentChanged ComponentInfo{com.android.fileexplorer/com.android.fileexplorer.FileExplorerTabActivity}
05-25 09:01:55.547 I/Timeline( 1015): Timeline: App_transition_ready time:166725889
05-25 09:01:55.567 I/Timeline( 1015): Timeline: App_transition_ready time:166725904
05-25 09:01:55.597 I/Timeline( 1015): Timeline: App_transition_ready time:166725935
05-25 09:01:55.687 I/Analytics(24228): start session(com.android.fileexplorer)
05-25 09:01:55.697 I/Analytics(24228): end session(com.android.fileexplorer)
05-25 09:01:55.707 I/Analytics(24228): start session(com.android.fileexplorer)
05-25 09:01:55.717 I/Analytics(24228): end session(com.android.fileexplorer)
05-25 09:01:55.717 D/OpenGLRenderer(24228): Render dirty regions requested: true
05-25 09:01:55.737 D/Atlas   (24228): Validating map...
05-25 09:01:55.777 D/DnsFallback(  432): query: api.tw06.xlmc.sec.miui.com
05-25 09:01:55.787 W/Settings(24228): Setting airplane_mode_on has moved from android.provider.Settings.System to android.provider.Settings.Global, returning read-only value.
05-25 09:01:55.897 I/Adreno  (24228): QUALCOMM build                   : 89c810b, Id8ea0a2dc8
05-25 09:01:55.897 I/Adreno  (24228): Build Date                       : 07/30/15
05-25 09:01:55.897 I/Adreno  (24228): OpenGL ES Shader Compiler Version: E031.25.03.09
05-25 09:01:55.897 I/Adreno  (24228): Local Branch                     : 
05-25 09:01:55.897 I/Adreno  (24228): Remote Branch                    : 
05-25 09:01:55.897 I/Adreno  (24228): Remote Branch                    : 
05-25 09:01:55.897 I/Adreno  (24228): Reconstruct Branch               : 
05-25 09:01:55.897 I/OpenGLRenderer(24228): Initialized EGL, version 1.4
05-25 09:01:55.907 D/OpenGLRenderer(24228): Enabling debug mode 0
05-25 09:01:55.977 I/ActivityManager( 1015): Displayed com.android.fileexplorer/.FileExplorerTabActivity: +434ms
05-25 09:01:55.977 D/PhoneStatusBar( 1429): disable: 0x00000000 -> 0x00000040 (diff: 0x00000040)
05-25 09:01:55.977 D/PhoneStatusBar( 1429): disable: < expand icons alerts ticker system_info back home recent clock full hide keyguard >
05-25 09:01:55.977 D/PowerKeeperEventLogManager( 2287): updatestatusbar value 0x40
05-25 09:01:55.987 I/Timeline(24228): Timeline: Activity_idle id: android.os.BinderProxy@18409047 time:166726324
05-25 09:01:56.037 W/System.err( 3413): java.lang.ArrayIndexOutOfBoundsException: length=58; index=58
05-25 09:01:56.037 W/System.err( 3413): 	at com.lbe.security.service.provider.internal.AppOpsAdapter$1.getDefaultOp(AppOpsAdapter.java:279)
05-25 09:01:56.037 W/System.err( 3413): 	at com.android.internal.app.IOpsCallback$Stub.onTransact(IOpsCallback.java:68)
05-25 09:01:56.037 W/System.err( 3413): 	at android.os.Binder.execTransact(Binder.java:446)
05-25 09:01:56.047 I/Timeline( 1015): Timeline: Activity_windows_visible id: ActivityRecord{28a765b7 u0 com.android.fileexplorer/.FileExplorerTabActivity t4112} time:166726381
05-25 09:01:56.187 I/Timeline( 1015): Timeline: App_transition_stopped time:166726527
05-25 09:01:56.357 D/DnsFallback(  432): query: miwifi.com
05-25 09:01:56.357 I/SmbDeviceSearchRunnable(24228): start
05-25 09:01:56.357 I/XiaomiFirewall( 1624): firewall pkgName:com.android.fileexplorer, result:0
05-25 09:01:56.377 I/SmbDeviceSearchRunnable(24228): localIP: 10.192.248.91
05-25 09:01:56.397 I/SmbDeviceSearchRunnable(24228): begin to search!
05-25 09:01:56.407 D/DnsFallback(  432): query: localhost
05-25 09:01:56.427 D/DnsFallback(  432): query: 7xnusr.com1.z0.glb.clouddn.com
05-25 09:01:56.427 D/DnsFallback(  432): query: 7xnusr.com1.z0.glb.clouddn.com
05-25 09:01:56.427 D/DnsFallback(  432): query: 7xnusr.com1.z0.glb.clouddn.com
05-25 09:01:56.427 D/DnsFallback(  432): query: 7xlyy7.com1.z0.glb.clouddn.com
05-25 09:01:56.477 W/System.err( 3413): java.lang.ArrayIndexOutOfBoundsException: length=58; index=58
05-25 09:01:56.477 W/System.err( 3413): 	at com.lbe.security.service.provider.internal.AppOpsAdapter$1.getDefaultOp(AppOpsAdapter.java:279)
05-25 09:01:56.477 W/System.err( 3413): 	at com.android.internal.app.IOpsCallback$Stub.onTransact(IOpsCallback.java:68)
05-25 09:01:56.477 W/System.err( 3413): 	at android.os.Binder.execTransact(Binder.java:446)
05-25 09:01:56.617 I/SmbDeviceSearchRunnable(24228): test ip: 10.192.248.15
05-25 09:01:56.657 I/SmbDeviceSearchRunnable(24228): p.waitFor(): 0
05-25 09:01:56.657 I/SmbDeviceSearchRunnable(24228): try to list all domains: 10.192.248.15
05-25 09:01:56.667 I/System.out(24228): listDomain>>
05-25 09:01:56.667 I/System.out(24228): doNetServerEnum
05-25 09:01:56.667 I/System.out(24228): getFirstAddress>>
05-25 09:01:56.667 I/System.out(24228): getFirstAddress>>1
05-25 09:01:56.667 I/System.out(24228): getFirstAddress>> host10.192.248.15
05-25 09:01:56.667 I/System.out(24228): getFirstAddress>>3
05-25 09:01:56.667 I/System.out(24228): getAllByName: 10.192.248.15
05-25 09:01:56.667 I/System.out(24228): addresses.length: 1
05-25 09:01:56.667 I/System.out(24228): addresses.length: 1
05-25 09:01:56.667 I/System.out(24228): firstAddress: 10.192.248.15
05-25 09:01:56.707 I/MSM-irqbalance(  522): Decided to move IRQ65 from CPU0 to CPU1
05-25 09:01:56.707 E/WifiStateMachine( 1015): WifiStateMachine CMD_START_SCAN source -2 txSuccessRate=554.80 rxSuccessRate=560.48 targetRoamBSSID=32:0f:0e:20:60:90 RSSI=-55
05-25 09:01:56.717 W/System.err( 3413): java.lang.ArrayIndexOutOfBoundsException: length=58; index=58
05-25 09:01:56.717 W/System.err( 3413): 	at com.lbe.security.service.provider.internal.AppOpsAdapter$1.getDefaultOp(AppOpsAdapter.java:279)
05-25 09:01:56.717 W/System.err( 3413): 	at com.android.internal.app.IOpsCallback$Stub.onTransact(IOpsCallback.java:68)
05-25 09:01:56.717 W/System.err( 3413): 	at android.os.Binder.execTransact(Binder.java:446)
05-25 09:01:56.767 I/System.out(24228): numEntries: 2
05-25 09:01:56.767 I/System.out(24228): name: 100ME
05-25 09:01:56.767 I/System.out(24228): name: WORKGROUP
05-25 09:01:56.767 I/SmbDeviceSearchRunnable(24228): find domain: 100ME/
05-25 09:01:56.827 D/WhetstoneService( 1822): deal background too Frequently, ingore
05-25 09:01:56.837 W/IconCustomizer(24228): can't load transform_config.xml
05-25 09:01:56.837 E/BitmapFactory(24228): Unable to decode stream: java.io.FileNotFoundException: /data/system/customized_icons/com.yaya.mmbang.png: open failed: EACCES (Permission denied)
05-25 09:01:56.847 D/IconCustomizer(24228): Generate customized icon for com.yaya.mmbang.png
05-25 09:01:56.867 I/SmbDeviceSearchRunnable(24228): test ip: 10.192.248.11
05-25 09:01:56.897 I/themeservice(24228): add pending job /data/data/com.android.fileexplorer/cache/com.yaya.mmbang.png
05-25 09:01:56.897 I/themeservice(24228): binding service
05-25 09:01:56.907 I/SmbDeviceSearchRunnable(24228): p.waitFor(): 0
05-25 09:01:56.907 I/SmbDeviceSearchRunnable(24228): try to list domain: name(100ME/) ip(10.192.248.11)
05-25 09:01:56.907 I/System.out(24228): doEnum>>
05-25 09:01:56.907 I/System.out(24228): url.getHost(): 10.192.248.11
05-25 09:01:56.907 I/System.out(24228): share: null
05-25 09:01:56.907 I/System.out(24228): type:! 2
05-25 09:01:56.907 I/System.out(24228): doEnum 0
05-25 09:01:56.907 I/System.out(24228): getFirstAddress>>
05-25 09:01:56.907 I/System.out(24228): getFirstAddress>>1
05-25 09:01:56.907 I/System.out(24228): getFirstAddress>> host10.192.248.11
05-25 09:01:56.907 I/System.out(24228): getFirstAddress>>3
05-25 09:01:56.907 I/System.out(24228): getAllByName: 10.192.248.11
05-25 09:01:56.907 I/System.out(24228): addresses.length: 1
05-25 09:01:56.907 I/System.out(24228): addresses.length: 1
05-25 09:01:56.907 I/System.out(24228): firstAddress: 10.192.248.11
05-25 09:01:56.907 I/themeservice(24228): service connected
05-25 09:01:56.907 I/themeservice(24228): saving icon for /data/data/com.android.fileexplorer/cache/com.yaya.mmbang.png
05-25 09:01:56.907 I/themeservice(25303): saving icon remotely(24228) for /data/data/com.android.fileexplorer/cache/com.yaya.mmbang.png ALLOW: true
05-25 09:01:56.937 I/SmbDeviceSearchRunnable(24228): get ip for 100ME-GUOWEIWU/
05-25 09:01:56.967 I/SmbDeviceSearchRunnable(24228): test ip: 10.192.248.23
05-25 09:01:56.997 I/SmbDeviceSearchRunnable(24228): p.waitFor(): 0
05-25 09:01:56.997 I/SmbDeviceSearchRunnable(24228): get ip for DELL-PC/
05-25 09:01:57.017 W/ResourceType(24228): No package identifier when getting value for resource number 0x00000000
05-25 09:01:57.017 W/PackageManager(24228): Failure retrieving resources for com.miui.analytics: Resource ID #0x0
05-25 09:01:57.047 W/System.err( 3413): java.lang.ArrayIndexOutOfBoundsException: length=58; index=58
05-25 09:01:57.047 W/System.err( 3413): 	at com.lbe.security.service.provider.internal.AppOpsAdapter$1.getDefaultOp(AppOpsAdapter.java:279)
05-25 09:01:57.047 W/System.err( 3413): 	at com.android.internal.app.IOpsCallback$Stub.onTransact(IOpsCallback.java:68)
05-25 09:01:57.047 W/System.err( 3413): 	at android.os.Binder.execTransact(Binder.java:446)
05-25 09:01:57.067 I/SmbDeviceSearchRunnable(24228): test ip: 10.192.248.11
05-25 09:01:57.107 I/SmbDeviceSearchRunnable(24228): p.waitFor(): 0
05-25 09:01:57.107 I/SmbDeviceSearchRunnable(24228): finish to list domain: name(100ME/) ip(10.192.248.11)
05-25 09:01:57.107 I/SmbDeviceSearchRunnable(24228): find domain: WORKGROUP/
05-25 09:01:57.187 V/FileExplorer(24228): FileViewFragment FileViewFragment onPrepare option menu.
05-25 09:01:57.197 I/Analytics(24228): start session(com.android.fileexplorer)
05-25 09:01:57.207 I/Analytics(24228): end session(com.android.fileexplorer)
05-25 09:01:57.277 I/SmbDeviceSearchRunnable(24228): test ip: 10.192.248.15
05-25 09:01:57.307 I/SmbDeviceSearchRunnable(24228): p.waitFor(): 0
05-25 09:01:57.307 I/SmbDeviceSearchRunnable(24228): try to list domain: name(WORKGROUP/) ip(10.192.248.15)
05-25 09:01:57.307 I/System.out(24228): doEnum>>
05-25 09:01:57.307 I/System.out(24228): url.getHost(): 10.192.248.15
05-25 09:01:57.307 I/System.out(24228): share: null
05-25 09:01:57.307 I/System.out(24228): type:! 2
05-25 09:01:57.307 I/System.out(24228): doEnum 0
05-25 09:01:57.307 I/System.out(24228): getFirstAddress>>
05-25 09:01:57.307 I/System.out(24228): getFirstAddress>>1
05-25 09:01:57.307 I/System.out(24228): getFirstAddress>> host10.192.248.15
05-25 09:01:57.307 I/System.out(24228): getFirstAddress>>3
05-25 09:01:57.307 I/System.out(24228): getAllByName: 10.192.248.15
05-25 09:01:57.307 I/System.out(24228): addresses.length: 1
05-25 09:01:57.307 I/System.out(24228): addresses.length: 1
05-25 09:01:57.307 I/System.out(24228): firstAddress: 10.192.248.15
05-25 09:01:57.327 I/SmbDeviceSearchRunnable(24228): get ip for MBP-CJ/
05-25 09:01:57.507 W/Resources(24228): Converting to string: TypedValue{t=0x1/d=0x7f0b0003 a=-1 r=0x7f0b0003}
05-25 09:01:57.567 W/ProgressBarDelegate(24228): Unknown Drawable subclass, src=android.graphics.drawable.AnimatedRotateDrawable@5804938
05-25 09:01:57.567 D/wpa_supplicant( 1423): wlan0: Control interface command 'SIGNAL_POLL'
05-25 09:01:57.617 W/ProgressBarDelegate(24228): Unknown Drawable subclass, src=android.graphics.drawable.AnimatedRotateDrawable@2a03bc81
05-25 09:01:57.637 D/FileExplorer(24228): StorageHelper free: 47835959296
05-25 09:01:57.647 D/FileExplorer(24228): StorageHelper free: 47835959296
05-25 09:01:57.667 W/ProgressBarDelegate(24228): Unknown Drawable subclass, src=android.graphics.drawable.AnimatedRotateDrawable@2a03bc81
05-25 09:01:57.697 D/WhetstoneService( 1822): deal background too Frequently, ingore
05-25 09:01:57.907 D/FileExplorer(24228): StorageHelper free: 47835930624
05-25 09:01:57.907 V/FileExplorer(24228): FileViewFragment 281ms in refreshing /storage/emulated/0
05-25 09:01:57.917 I/themeservice(24228): unbinding service
05-25 09:01:58.037 D/FileExplorer(24228): StorageHelper free: 47835930624
05-25 09:01:58.057 W/System.err( 3413): java.lang.ArrayIndexOutOfBoundsException: length=58; index=58
05-25 09:01:58.057 W/System.err( 3413): 	at com.lbe.security.service.provider.internal.AppOpsAdapter$1.getDefaultOp(AppOpsAdapter.java:279)
05-25 09:01:58.057 W/System.err( 3413): 	at com.android.internal.app.IOpsCallback$Stub.onTransact(IOpsCallback.java:68)
05-25 09:01:58.057 W/System.err( 3413): 	at android.os.Binder.execTransact(Binder.java:446)
05-25 09:01:58.187 I/SQLiteAssetHelper(25603): successfully opened database parse.db
05-25 09:01:58.497 W/Settings(24271): Setting android_id has moved from android.provider.Settings.System to android.provider.Settings.Secure, returning read-only value.
05-25 09:01:58.547 D/WhetstoneService( 1822): deal background too Frequently, ingore
05-25 09:01:58.947 D/FileExplorer(24228): StorageHelper free: 47835930624
05-25 09:01:59.057 W/System.err( 3413): java.lang.ArrayIndexOutOfBoundsException: length=58; index=58
05-25 09:01:59.057 W/System.err( 3413): 	at com.lbe.security.service.provider.internal.AppOpsAdapter$1.getDefaultOp(AppOpsAdapter.java:279)
05-25 09:01:59.057 W/System.err( 3413): 	at com.android.internal.app.IOpsCallback$Stub.onTransact(IOpsCallback.java:68)
05-25 09:01:59.057 W/System.err( 3413): 	at android.os.Binder.execTransact(Binder.java:446)
05-25 09:01:59.367 I/XiaomiFirewall( 1624): firewall pkgName:com.android.fileexplorer, result:0
05-25 09:01:59.367 I/SmbDeviceSearchRunnable(24228): test ip: 10.192.248.35
05-25 09:01:59.417 I/SmbDeviceSearchRunnable(24228): p.waitFor(): 0
05-25 09:01:59.417 I/SmbDeviceSearchRunnable(24228): get ip for VINCENTSURFACE/
05-25 09:01:59.847 I/SmbDeviceSearchRunnable(24228): test ip: 10.192.248.15
05-25 09:01:59.907 I/SmbDeviceSearchRunnable(24228): p.waitFor(): 0
05-25 09:01:59.907 I/SmbDeviceSearchRunnable(24228): finish to list domain: name(WORKGROUP/) ip(10.192.248.15)
05-25 09:01:59.907 I/SmbDeviceSearchRunnable(24228): finish to list all domains: 10.192.248.15
05-25 09:01:59.907 V/SmbDeviceSearchManager(24228): Handle smb device search done***
05-25 09:01:59.907 D/DnsFallback(  432): query: miwifi.com
05-25 09:01:59.907 I/FileExplorer(24228): FileViewFragment smb ip: //10.192.248.23/	host: 100ME-GUOWEIWU
05-25 09:01:59.907 I/FileExplorer(24228): FileViewFragment smb ip: //10.192.248.11/	host: DELL-PC
05-25 09:01:59.907 I/FileExplorer(24228): FileViewFragment smb ip: //10.192.248.35/	host: MBP-CJ
05-25 09:01:59.907 I/FileExplorer(24228): FileViewFragment smb ip: //10.192.248.15/	host: VINCENTSURFACE
05-25 09:01:59.917 V/FileExplorer(24228): FileViewFragment FileViewFragment onPrepare option menu.
05-25 09:02:00.047 D/DnsFallback(  432): query: 7xlyy7.com1.z0.glb.clouddn.com
05-25 09:02:00.047 D/DnsFallback(  432): query: 7xlyy7.com1.z0.glb.clouddn.com
05-25 09:02:00.067 W/System.err( 3413): java.lang.ArrayIndexOutOfBoundsException: length=58; index=58
05-25 09:02:00.067 W/System.err( 3413): 	at com.lbe.security.service.provider.internal.AppOpsAdapter$1.getDefaultOp(AppOpsAdapter.java:279)
05-25 09:02:00.067 W/System.err( 3413): 	at com.android.internal.app.IOpsCallback$Stub.onTransact(IOpsCallback.java:68)
05-25 09:02:00.067 W/System.err( 3413): 	at android.os.Binder.execTransact(Binder.java:446)
05-25 09:02:00.117 D/DnsFallback(  432): query: 7xl9af.com1.z0.glb.clouddn.com
05-25 09:02:00.137 D/DnsFallback(  432): query: 7xl9af.com1.z0.glb.clouddn.com
