05-25 09:02:27.377 W/System.err( 3413): 	at android.os.Binder.execTransact(Binder.java:446)
05-25 09:02:27.667 D/wpa_supplicant( 1423): wlan0: Control interface command 'SIGNAL_POLL'
05-25 09:02:27.687 I/Analytics(24228): start session(com.android.fileexplorer)
05-25 09:02:27.687 I/Analytics(24228): end session(com.android.fileexplorer)
05-25 09:02:28.397 W/System.err( 3413): java.lang.ArrayIndexOutOfBoundsException: length=58; index=58
05-25 09:02:28.397 W/System.err( 3413): 	at com.lbe.security.service.provider.internal.AppOpsAdapter$1.getDefaultOp(AppOpsAdapter.java:279)
05-25 09:02:28.397 W/System.err( 3413): 	at com.android.internal.app.IOpsCallback$Stub.onTransact(IOpsCallback.java:68)
05-25 09:02:28.397 W/System.err( 3413): 	at android.os.Binder.execTransact(Binder.java:446)
05-25 09:02:29.407 W/System.err( 3413): java.lang.ArrayIndexOutOfBoundsException: length=58; index=58
05-25 09:02:29.407 W/System.err( 3413): 	at com.lbe.security.service.provider.internal.AppOpsAdapter$1.getDefaultOp(AppOpsAdapter.java:279)
05-25 09:02:29.407 W/System.err( 3413): 	at com.android.internal.app.IOpsCallback$Stub.onTransact(IOpsCallback.java:68)
05-25 09:02:29.407 W/System.err( 3413): 	at android.os.Binder.execTransact(Binder.java:446)
05-25 09:02:29.957 I/Timeline(24228): Timeline: Activity_launch_request time:166760298
05-25 09:02:29.967 D/SystemAdController( 1997): Activity:ActivityInfo{2da2a38e com.android.internal.app.ResolverActivity}is not the default one
05-25 09:02:29.967 D/AdClientRecord( 1997): Splash target was not initialized.
05-25 09:02:29.967 D/SystemAdController( 1997): Package:android is not in the list
05-25 09:02:29.967 D/SystemAdController( 1997): requestSplashScreen duration:0
05-25 09:02:30.017 W/InputEventReceiver(24228): Attempted to finish an input event but the input event receiver has already been disposed.
05-25 09:02:30.017 I/XiaomiFirewall( 1624): firewall pkgName:com.android.fileexplorer, result:0
05-25 09:02:30.027 D/PowerKeeperEventLogManager( 2287): notifyForegroundCompomentChanged ComponentInfo{android/com.android.internal.app.ResolverActivity}
05-25 09:02:30.027 I/Timeline( 1015): Timeline: App_transition_ready time:166760364
05-25 09:02:30.067 I/Timeline( 1015): Timeline: App_transition_ready time:166760408
05-25 09:02:30.077 I/Timeline( 1015): Timeline: App_transition_ready time:166760412
05-25 09:02:30.087 W/ResourceType(24729): No package identifier when getting value for resource number 0x00000000
05-25 09:02:30.087 W/PackageManager(24729): Failure retrieving resources for com.android.htmlviewer: Resource ID #0x0
05-25 09:02:30.127 I/Timeline( 1015): Timeline: App_transition_ready time:166760463
05-25 09:02:30.127 I/ActivityManager( 1015): Displayed android/com.android.internal.app.ResolverActivity: +113ms
05-25 09:02:30.167 I/Timeline(24729): Timeline: Activity_idle id: android.os.BinderProxy@23465ac time:166760502
05-25 09:02:30.357 I/Timeline( 1015): Timeline: Activity_windows_visible id: ActivityRecord{2cc72958 u0 android/com.android.internal.app.ResolverActivity t4115} time:166760694
05-25 09:02:30.367 I/Timeline( 1015): Timeline: App_transition_stopped time:166760700
05-25 09:02:30.417 W/System.err( 3413): java.lang.ArrayIndexOutOfBoundsException: length=58; index=58
05-25 09:02:30.417 W/System.err( 3413): 	at com.lbe.security.service.provider.internal.AppOpsAdapter$1.getDefaultOp(AppOpsAdapter.java:279)
05-25 09:02:30.417 W/System.err( 3413): 	at com.android.internal.app.IOpsCallback$Stub.onTransact(IOpsCallback.java:68)
05-25 09:02:30.417 W/System.err( 3413): 	at android.os.Binder.execTransact(Binder.java:446)
05-25 09:02:30.677 D/wpa_supplicant( 1423): wlan0: Control interface command 'SIGNAL_POLL'
05-25 09:02:31.437 W/System.err( 3413): java.lang.ArrayIndexOutOfBoundsException: length=58; index=58
05-25 09:02:31.437 W/System.err( 3413): 	at com.lbe.security.service.provider.internal.AppOpsAdapter$1.getDefaultOp(AppOpsAdapter.java:279)
05-25 09:02:31.437 W/System.err( 3413): 	at com.android.internal.app.IOpsCallback$Stub.onTransact(IOpsCallback.java:68)
05-25 09:02:31.437 W/System.err( 3413): 	at android.os.Binder.execTransact(Binder.java:446)
05-25 09:02:31.657 I/PackageManager( 1015):   Action: "android.intent.action.VIEW"
05-25 09:02:31.657 I/PackageManager( 1015):   Category: "android.intent.category.DEFAULT"
05-25 09:02:31.657 I/PackageManager( 1015):   Type: "text/plain"
05-25 09:02:31.667 I/Timeline(24729): Timeline: Activity_launch_request time:166762002
05-25 09:02:31.667 D/SystemAdController( 1997): Activity:ActivityInfo{9e917af com.tencent.mtt.external.reader.thirdcall.ThirdCallFileReaderActivity}is not the default one
05-25 09:02:31.667 D/AdClientRecord( 1997): Splash target was not initialized.
05-25 09:02:31.667 D/SystemAdController( 1997): Package:com.tencent.mtt is not in the list
05-25 09:02:31.667 D/SystemAdController( 1997): requestSplashScreen duration:0
05-25 09:02:31.697 D/PowerKeeperEventLogManager( 2287): notifyForegroundCompomentChanged ComponentInfo{com.tencent.mtt/com.tencent.mtt.external.reader.thirdcall.ThirdCallFileReaderActivity}
05-25 09:02:31.707 I/MSM-irqbalance(  522): Decided to move IRQ304 from CPU2 to CPU3
05-25 09:02:31.707 I/Timeline( 1015): Timeline: App_transition_ready time:166762042
05-25 09:02:31.797 D/SecShell(29840): READLINK ERROR
05-25 09:02:31.797 D/SecShell(29840): READLINK ERROR
05-25 09:02:31.807 D/SecShell(29840): READLINK ERROR
05-25 09:02:31.807 D/SecShell(29840): READLINK ERROR
05-25 09:02:31.847 W/System.err( 3413): java.lang.ArrayIndexOutOfBoundsException: length=58; index=58
05-25 09:02:31.847 W/System.err( 3413): 	at com.lbe.security.service.provider.internal.AppOpsAdapter$1.getDefaultOp(AppOpsAdapter.java:279)
05-25 09:02:31.847 W/System.err( 3413): 	at com.android.internal.app.IOpsCallback$Stub.onTransact(IOpsCallback.java:68)
05-25 09:02:31.847 W/System.err( 3413): 	at android.os.Binder.execTransact(Binder.java:446)
05-25 09:02:31.937 D/SecShell(29840): read file:/data/data/com.tencent.mtt/app_dynamic_jar_output/reader_impl_dex.jar
05-25 09:02:31.937 D/SecShell(29840): read file:/data/data/com.tencent.mtt/app_dynamic_jar_output/reader_impl_dex.jar
05-25 09:02:31.937 D/SecShell(29840): filename:/data/data/com.tencent.mtt/app_dynamic_jar_output/reader_impl_dex.dex 0 4096
05-25 09:02:31.937 D/SecShell(29840): mmap called!
05-25 09:02:31.937 D/SecShell(29840): filename:/data/data/com.tencent.mtt/app_dynamic_jar_output/reader_impl_dex.dex 0 4096
05-25 09:02:31.937 D/SecShell(29840): mmap called!
05-25 09:02:31.937 D/SecShell(29840): filename:/dev/ashmem 0 487424
05-25 09:02:31.937 D/SecShell(29840): mmap called!
05-25 09:02:31.937 D/SecShell(29840): filename:/data/data/com.tencent.mtt/app_dynamic_jar_output/reader_impl_dex.dex 0 253952
05-25 09:02:31.937 D/SecShell(29840): mmap called!
05-25 09:02:31.937 D/SecShell(29840): filename:/data/data/com.tencent.mtt/app_dynamic_jar_output/reader_impl_dex.dex 253952 229376
05-25 09:02:31.937 D/SecShell(29840): mmap called!
05-25 09:02:31.937 D/SecShell(29840): filename:/data/data/com.tencent.mtt/app_dynamic_jar_output/reader_impl_dex.dex 483328 4096
05-25 09:02:31.937 D/SecShell(29840): mmap called!
05-25 09:02:31.937 D/SecShell(29840): filename:/data/data/com.tencent.mtt/app_dynamic_jar_output/reader_impl_dex.dex 0 487424
05-25 09:02:31.937 D/SecShell(29840): mmap called!
05-25 09:02:31.937 D/SecShell(29840): read file:/data/data/com.tencent.mtt/app_dynamic_jar_output/reader_impl_dex.jar
05-25 09:02:31.937 D/SecShell(29840): read file:/data/data/com.tencent.mtt/app_dynamic_jar_output/reader_impl_dex.jar
05-25 09:02:32.007 D/SecShell(29840): filename:/dev/ashmem 0 28672
05-25 09:02:32.007 D/SecShell(29840): mmap called!
05-25 09:02:32.027 D/SecShell(29840): filename:/dev/ashmem 0 204800
05-25 09:02:32.027 D/SecShell(29840): mmap called!
05-25 09:02:32.027 D/SecShell(29840): filename:/dev/ashmem 0 204800
05-25 09:02:32.027 D/SecShell(29840): mmap called!
05-25 09:02:32.037 D/SecShell(29840): filename:/dev/ashmem 0 65536
05-25 09:02:32.037 D/SecShell(29840): mmap called!
05-25 09:02:32.057 D/SecShell(29794): READLINK ERROR
05-25 09:02:32.057 D/SecShell(29794): READLINK ERROR
05-25 09:02:32.067 D/SecShell(29840): READLINK ERROR
05-25 09:02:32.067 D/SecShell(29840): READLINK ERROR
05-25 09:02:32.067 D/SecShell(29840): filename:/dev/ashmem 0 40960
05-25 09:02:32.067 D/SecShell(29840): mmap called!
05-25 09:02:32.067 D/SecShell(29840): filename:/dev/ashmem 0 40960
05-25 09:02:32.067 D/SecShell(29840): mmap called!
05-25 09:02:32.097 D/SecShell(29840): filename:/dev/ashmem 0 36864
05-25 09:02:32.097 D/SecShell(29840): mmap called!
05-25 09:02:32.097 D/SecShell(29840): filename:/dev/ashmem 0 36864
05-25 09:02:32.097 D/SecShell(29840): mmap called!
05-25 09:02:32.137 D/SecShell(29840): READLINK ERROR
05-25 09:02:32.137 D/SecShell(29840): READLINK ERROR
05-25 09:02:32.137 D/OpenGLRenderer(29840): Render dirty regions requested: true
05-25 09:02:32.137 D/SecShell(29840): READLINK ERROR
05-25 09:02:32.147 D/SecShell(29840): read file:/data/data/com.tencent.mtt/app_plugins_cache/reader/mttreader.jar
05-25 09:02:32.147 D/SecShell(29840): read file:/data/data/com.tencent.mtt/app_plugins_cache/reader/mttreader.jar
05-25 09:02:32.177 I/dex2oat (24963): /system/bin/dex2oat --runtime-arg -classpath --runtime-arg  --instruction-set=arm --instruction-set-features=div,needfix_835769 --runtime-arg -Xrelocate --boot-image=/system/framework/boot.art --dex-file=/data/data/com.tencent.mtt/app_plugins_cache/reader/mttreader.jar --oat-fd=56 --oat-location=/data/data/com.tencent.mtt/app_dynamic_jar_output/mttreader.dex --runtime-arg -Xms64m --runtime-arg -Xmx512m
05-25 09:02:32.187 D/SecShell(29840): READLINK ERROR
05-25 09:02:32.287 D/SecShell(29840): READLINK ERROR
05-25 09:02:32.357 D/SecShell(29840): READLINK ERROR
05-25 09:02:32.397 I/dex2oat (24963): dex2oat took 220.586ms (threads: 8)
05-25 09:02:32.407 D/SecShell(29840): filename:/data/data/com.tencent.mtt/app_dynamic_jar_output/mttreader.dex 0 4096
05-25 09:02:32.407 D/SecShell(29840): mmap called!
05-25 09:02:32.407 D/SecShell(29840): filename:/data/data/com.tencent.mtt/app_dynamic_jar_output/mttreader.dex 0 4096
05-25 09:02:32.407 D/SecShell(29840): mmap called!
05-25 09:02:32.407 D/SecShell(29840): filename:/dev/ashmem 0 1130496
05-25 09:02:32.407 D/SecShell(29840): mmap called!
05-25 09:02:32.407 D/SecShell(29840): filename:/data/data/com.tencent.mtt/app_dynamic_jar_output/mttreader.dex 0 643072
05-25 09:02:32.407 D/SecShell(29840): mmap called!
05-25 09:02:32.407 D/SecShell(29840): filename:/data/data/com.tencent.mtt/app_dynamic_jar_output/mttreader.dex 643072 483328
05-25 09:02:32.407 D/SecShell(29840): mmap called!
05-25 09:02:32.407 D/SecShell(29840): filename:/data/data/com.tencent.mtt/app_dynamic_jar_output/mttreader.dex 1126400 4096
05-25 09:02:32.407 D/SecShell(29840): mmap called!
05-25 09:02:32.407 D/SecShell(29840): filename:/data/data/com.tencent.mtt/app_dynamic_jar_output/mttreader.dex 0 1130496
05-25 09:02:32.407 D/SecShell(29840): mmap called!
05-25 09:02:32.407 D/SecShell(29840): read file:/data/data/com.tencent.mtt/app_plugins_cache/reader/mttreader.jar
05-25 09:02:32.407 D/SecShell(29840): read file:/data/data/com.tencent.mtt/app_plugins_cache/reader/mttreader.jar
05-25 09:02:32.427 D/SecShell(29840): READLINK ERROR
05-25 09:02:32.427 D/SecShell(29840): READLINK ERROR
05-25 09:02:32.437 D/SecShell(29840): filename:/dev/ashmem 0 352256
05-25 09:02:32.437 D/SecShell(29840): mmap called!
05-25 09:02:32.437 D/SecShell(29840): filename:/dev/ashmem 0 147456
05-25 09:02:32.437 D/SecShell(29840): mmap called!
05-25 09:02:32.437 D/SecShell(29840): filename:/dev/ashmem 0 147456
05-25 09:02:32.437 D/SecShell(29840): mmap called!
05-25 09:02:32.437 W/System.err( 3413): java.lang.ArrayIndexOutOfBoundsException: length=58; index=58
05-25 09:02:32.437 W/System.err( 3413): 	at com.lbe.security.service.provider.internal.AppOpsAdapter$1.getDefaultOp(AppOpsAdapter.java:279)
05-25 09:02:32.437 W/System.err( 3413): 	at com.android.internal.app.IOpsCallback$Stub.onTransact(IOpsCallback.java:68)
05-25 09:02:32.437 W/System.err( 3413): 	at android.os.Binder.execTransact(Binder.java:446)
05-25 09:02:32.437 D/SecShell(29840): filename:/dev/ashmem 0 36864
05-25 09:02:32.437 D/SecShell(29840): mmap called!
05-25 09:02:32.447 D/SecShell(29840): read file:/data/data/com.tencent.mtt/app_dynamic_jar_output/com.tencent.mtt.novel.jar
05-25 09:02:32.447 D/SecShell(29840): read file:/data/data/com.tencent.mtt/app_dynamic_jar_output/com.tencent.mtt.novel.jar
05-25 09:02:32.457 D/SecShell(29840): READLINK ERROR
05-25 09:02:32.457 D/SecShell(29840): READLINK ERROR
05-25 09:02:32.457 I/XiaomiFirewall( 1624): firewall pkgName:com.tencent.mtt, result:0
05-25 09:02:32.477 I/dex2oat (24973): /system/bin/dex2oat --runtime-arg -classpath --runtime-arg  --instruction-set=arm --instruction-set-features=div,needfix_835769 --runtime-arg -Xrelocate --boot-image=/system/framework/boot.art --dex-file=/data/data/com.tencent.mtt/app_dynamic_jar_output/com.tencent.mtt.novel.jar --oat-fd=56 --oat-location=/data/data/com.tencent.mtt/app_dynamic_jar_output/com.tencent.mtt.novel.dex --runtime-arg -Xms64m --runtime-arg -Xmx512m
05-25 09:02:32.567 W/beacon  (29840): onUserAction return false, because eventName:[MTT_WUP_WATCH] is not allowed in server strategy!
05-25 09:02:32.577 W/beacon  (29840): onUserAction return false, because eventName:[MTT_WUP_WATCH] is not allowed in server strategy!
05-25 09:02:32.617 D/SecShell(29840): READLINK ERROR
05-25 09:02:32.617 D/SecShell(29840): READLINK ERROR
05-25 09:02:32.627 D/SecShell(29840): READLINK ERROR
05-25 09:02:32.637 D/SecShell(29840): READLINK ERROR
05-25 09:02:32.637 D/SecShell(29840): READLINK ERROR
05-25 09:02:32.657 D/SecShell(29840): READLINK ERROR
05-25 09:02:32.707 W/beacon  (29840): onUserAction return false, because eventName:[MTT_WUP_WATCH] is not allowed in server strategy!
05-25 09:02:32.717 W/beacon  (29840): onUserAction return false, because eventName:[MTT_WUP_WATCH] is not allowed in server strategy!
05-25 09:02:32.907 I/dex2oat (24973): dex2oat took 435.583ms (threads: 8)
05-25 09:02:32.917 D/SecShell(29840): filename:/data/data/com.tencent.mtt/app_dynamic_jar_output/com.tencent.mtt.novel.dex 0 4096
05-25 09:02:32.917 D/SecShell(29840): mmap called!
05-25 09:02:32.917 D/SecShell(29840): filename:/data/data/com.tencent.mtt/app_dynamic_jar_output/com.tencent.mtt.novel.dex 0 4096
05-25 09:02:32.917 D/SecShell(29840): mmap called!
05-25 09:02:32.917 D/SecShell(29840): filename:/dev/ashmem 0 2469888
05-25 09:02:32.917 D/SecShell(29840): mmap called!
05-25 09:02:32.927 D/SecShell(29840): filename:/data/data/com.tencent.mtt/app_dynamic_jar_output/com.tencent.mtt.novel.dex 0 1159168
05-25 09:02:32.927 D/SecShell(29840): mmap called!
05-25 09:02:32.927 D/SecShell(29840): filename:/data/data/com.tencent.mtt/app_dynamic_jar_output/com.tencent.mtt.novel.dex 1159168 1306624
05-25 09:02:32.927 D/SecShell(29840): mmap called!
05-25 09:02:32.927 D/SecShell(29840): filename:/data/data/com.tencent.mtt/app_dynamic_jar_output/com.tencent.mtt.novel.dex 2465792 4096
05-25 09:02:32.927 D/SecShell(29840): mmap called!
05-25 09:02:32.927 D/SecShell(29840): filename:/data/data/com.tencent.mtt/app_dynamic_jar_output/com.tencent.mtt.novel.dex 0 2469888
05-25 09:02:32.927 D/SecShell(29840): mmap called!
05-25 09:02:32.927 D/SecShell(29840): read file:/data/data/com.tencent.mtt/app_dynamic_jar_output/com.tencent.mtt.novel.jar
05-25 09:02:32.927 D/SecShell(29840): read file:/data/data/com.tencent.mtt/app_dynamic_jar_output/com.tencent.mtt.novel.jar
05-25 09:02:32.947 D/SecShell(29840): READLINK ERROR
05-25 09:02:32.947 D/SecShell(29840): READLINK ERROR
05-25 09:02:32.957 D/SecShell(29840): READLINK ERROR
05-25 09:02:32.957 D/SecShell(29840): READLINK ERROR
05-25 09:02:32.957 D/SecShell(29840): filename:/dev/ashmem 0 249856
05-25 09:02:32.957 D/SecShell(29840): mmap called!
05-25 09:02:32.957 D/SecShell(29840): filename:/dev/ashmem 0 319488
05-25 09:02:32.957 D/SecShell(29840): mmap called!
05-25 09:02:32.977 D/SecShell(29840): filename:/dev/ashmem 0 14749696
05-25 09:02:32.977 D/SecShell(29840): mmap called!
05-25 09:02:33.007 I/Choreographer(29840): Skipped 51 frames!  The application may be doing too much work on its main thread.
05-25 09:02:33.027 D/WhetstoneService( 1822): deal background too Frequently, ingore
05-25 09:02:33.027 I/Timeline( 1015): Timeline: App_transition_ready time:166763369
05-25 09:02:33.037 I/Timeline( 1015): Timeline: App_transition_ready time:166763379
05-25 09:02:33.047 I/Adreno  (29840): QUALCOMM build                   : 89c810b, Id8ea0a2dc8
05-25 09:02:33.047 I/Adreno  (29840): Build Date                       : 07/30/15
05-25 09:02:33.047 I/Adreno  (29840): OpenGL ES Shader Compiler Version: E031.25.03.09
05-25 09:02:33.047 I/Adreno  (29840): Local Branch                     : 
05-25 09:02:33.047 I/Adreno  (29840): Remote Branch                    : 
05-25 09:02:33.047 I/Adreno  (29840): Remote Branch                    : 
05-25 09:02:33.047 I/Adreno  (29840): Reconstruct Branch               : 
05-25 09:02:33.057 I/OpenGLRenderer(29840): Initialized EGL, version 1.4
05-25 09:02:33.067 D/OpenGLRenderer(29840): Enabling debug mode 0
05-25 09:02:33.117 D/SecShell(29840): READLINK ERROR
05-25 09:02:33.277 I/Timeline( 1015): Timeline: App_transition_ready time:166763619
05-25 09:02:33.287 D/PowerKeeperEventLogManager( 2287): updatestatusbar value 0x0
05-25 09:02:33.287 D/PhoneStatusBar( 1429): disable: 0x00000040 -> 0x00000000 (diff: 0x00000040)
05-25 09:02:33.287 D/PhoneStatusBar( 1429): disable: < expand icons alerts ticker system_info back home recent clock full hide keyguard >
05-25 09:02:33.297 I/ActivityManager( 1015): Displayed com.tencent.mtt/.external.reader.thirdcall.ThirdCallFileReaderActivity: +1s599ms
05-25 09:02:33.347 I/Timeline(29840): Timeline: Activity_idle id: android.os.BinderProxy@3b94d5a7 time:166763685
05-25 09:02:33.457 W/System.err( 3413): java.lang.ArrayIndexOutOfBoundsException: length=58; index=58
05-25 09:02:33.457 W/System.err( 3413): 	at com.lbe.security.service.provider.internal.AppOpsAdapter$1.getDefaultOp(AppOpsAdapter.java:279)
05-25 09:02:33.457 W/System.err( 3413): 	at com.android.internal.app.IOpsCallback$Stub.onTransact(IOpsCallback.java:68)
05-25 09:02:33.457 W/System.err( 3413): 	at android.os.Binder.execTransact(Binder.java:446)
05-25 09:02:33.537 I/Timeline( 1015): Timeline: Activity_windows_visible id: ActivityRecord{277390a5 u0 com.tencent.mtt/.external.reader.thirdcall.ThirdCallFileReaderActivity t4116} time:166763876
05-25 09:02:33.547 D/SystemAdController( 1997): activity destroyed:ActivityInfo{3dd097bc com.android.internal.app.ResolverActivity} not in mAllAppsInLauncher
05-25 09:02:33.687 D/wpa_supplicant( 1423): wlan0: Control interface command 'SIGNAL_POLL'
05-25 09:02:33.687 D/PhoneStatusBar( 1429): disable: 0x00000000 -> 0x00000100 (diff: 0x00000100)
05-25 09:02:33.687 I/Timeline( 1015): Timeline: App_transition_stopped time:166764029
05-25 09:02:33.697 D/PhoneStatusBar( 1429): disable: < expand icons alerts ticker system_info back home recent clock full HIDE* keyguard >
05-25 09:02:33.697 D/PowerKeeperEventLogManager( 2287): updatestatusbar value 0x100
05-25 09:02:33.697 D/PowerKeeperEventLogManager( 2287): notifyEnterFullScreen
05-25 09:02:34.477 W/System.err( 3413): java.lang.ArrayIndexOutOfBoundsException: length=58; index=58
05-25 09:02:34.477 W/System.err( 3413): 	at com.lbe.security.service.provider.internal.AppOpsAdapter$1.getDefaultOp(AppOpsAdapter.java:279)
05-25 09:02:34.477 W/System.err( 3413): 	at com.android.internal.app.IOpsCallback$Stub.onTransact(IOpsCallback.java:68)
05-25 09:02:34.477 W/System.err( 3413): 	at android.os.Binder.execTransact(Binder.java:446)
05-25 09:02:34.707 D/WhetstoneService( 1822): deal background too Frequently, ingore
05-25 09:02:35.487 W/System.err( 3413): java.lang.ArrayIndexOutOfBoundsException: length=58; index=58
05-25 09:02:35.487 W/System.err( 3413): 	at com.lbe.security.service.provider.internal.AppOpsAdapter$1.getDefaultOp(AppOpsAdapter.java:279)
05-25 09:02:35.487 W/System.err( 3413): 	at com.android.internal.app.IOpsCallback$Stub.onTransact(IOpsCallback.java:68)
05-25 09:02:35.487 W/System.err( 3413): 	at android.os.Binder.execTransact(Binder.java:446)
05-25 09:02:36.497 W/System.err( 3413): java.lang.ArrayIndexOutOfBoundsException: length=58; index=58
05-25 09:02:36.497 W/System.err( 3413): 	at com.lbe.security.service.provider.internal.AppOpsAdapter$1.getDefaultOp(AppOpsAdapter.java:279)
05-25 09:02:36.497 W/System.err( 3413): 	at com.android.internal.app.IOpsCallback$Stub.onTransact(IOpsCallback.java:68)
05-25 09:02:36.497 W/System.err( 3413): 	at android.os.Binder.execTransact(Binder.java:446)
05-25 09:02:36.707 I/MSM-irqbalance(  522): Decided to move IRQ51 from CPU0 to CPU3
05-25 09:02:36.717 D/wpa_supplicant( 1423): wlan0: Control interface command 'SIGNAL_POLL'
05-25 09:02:36.727 E/WifiStateMachine( 1015): WifiStateMachine CMD_START_SCAN source -2 txSuccessRate=15.60 rxSuccessRate=24.25 targetRoamBSSID=32:0f:0e:20:60:90 RSSI=-52
05-25 09:02:36.727 E/WifiStateMachine( 1015): WifiStateMachine starting scan for "iyaya_5.8"WPA_PSK with 5765,5805,5745,2437,5785
05-25 09:02:36.727 D/wpa_supplicant( 1423): wlan0: Control interface command 'SCAN TYPE=ONLY freq=5765,5805,5745,2437,5785'
05-25 09:02:36.727 D/wpa_supplicant( 1423): wlan0: Setting scan request: 0.000000 sec
05-25 09:02:36.727 D/wpa_supplicant( 1423): wlan0: Starting AP scan for wildcard SSID
05-25 09:02:36.727 D/wpa_supplicant( 1423): wlan0: Limit manual scan to specified channels
05-25 09:02:36.727 D/wpa_supplicant( 1423): wlan0: Add radio work 'scan'@0x7f7821e4c0
05-25 09:02:36.727 D/wpa_supplicant( 1423): wlan0: First radio work item in the queue - schedule start immediately
05-25 09:02:36.727 D/wpa_supplicant( 1423): wlan0: Starting radio work 'scan'@0x7f7821e4c0 after 0.000088 second wait
05-25 09:02:36.727 D/wpa_supplicant( 1423): wlan0: nl80211: scan request
05-25 09:02:36.727 D/wpa_supplicant( 1423): nl80211: Scan SSID - hexdump(len=0): [NULL]
05-25 09:02:36.727 D/wpa_supplicant( 1423): nl80211: Scan frequency 2437 MHz
05-25 09:02:36.727 D/wpa_supplicant( 1423): nl80211: Scan frequency 5745 MHz
05-25 09:02:36.727 D/wpa_supplicant( 1423): nl80211: Scan frequency 5765 MHz
05-25 09:02:36.727 D/wpa_supplicant( 1423): nl80211: Scan frequency 5785 MHz
05-25 09:02:36.727 D/wpa_supplicant( 1423): nl80211: Scan frequency 5805 MHz
05-25 09:02:36.727 D/wpa_supplicant( 1423): Scan requested (ret=0) - scan timeout 30 seconds
05-25 09:02:36.727 D/wpa_supplicant( 1423): nl80211: Event message available
05-25 09:02:36.727 D/wpa_supplicant( 1423): nl80211: Drv Event 33 (NL80211_CMD_TRIGGER_SCAN) received for wlan0
05-25 09:02:36.727 D/wpa_supplicant( 1423): wlan0: nl80211: Scan trigger
05-25 09:02:36.727 D/wpa_supplicant( 1423): wlan0: Event SCAN_STARTED (49) received
05-25 09:02:36.727 D/wpa_supplicant( 1423): wlan0: Own scan request started a scan in 0.000207 seconds
05-25 09:02:36.727 I/wpa_supplicant( 1423): wlan0: CTRL-EVENT-SCAN-STARTED 
05-25 09:02:36.727 D/wpa_supplicant( 1423): CTRL_IFACE monitor sent successfully to /data/misc/wifi/sockets/wpa_ctrl_482-9\x00
05-25 09:02:36.727 D/wpa_supplicant( 1423): CTRL_IFACE monitor sent successfully to /data/misc/wifi/sockets/wpa_ctrl_1015-2\x00
05-25 09:02:36.727 I/WifiHAL ( 1015): Poll result = 1
05-25 09:02:36.727 I/WifiHAL ( 1015): Found some events!!!
05-25 09:02:36.727 D/WifiHAL ( 1015): no_seq_check received
05-25 09:02:36.727 I/WifiHAL ( 1015): event received NL80211_CMD_TRIGGER_SCAN
05-25 09:02:36.727 I/WifiHAL ( 1015): event received NL80211_CMD_TRIGGER_SCAN, vendor_id = 0x0
05-25 09:02:36.727 I/WifiHAL ( 1015): event ignored!!
05-25 09:02:36.847 W/System.err( 3413): java.lang.ArrayIndexOutOfBoundsException: length=58; index=58
05-25 09:02:36.847 W/System.err( 3413): 	at com.lbe.security.service.provider.internal.AppOpsAdapter$1.getDefaultOp(AppOpsAdapter.java:279)
05-25 09:02:36.847 W/System.err( 3413): 	at com.android.internal.app.IOpsCallback$Stub.onTransact(IOpsCallback.java:68)
05-25 09:02:36.847 W/System.err( 3413): 	at android.os.Binder.execTransact(Binder.java:446)
05-25 09:02:36.887 W/System.err( 3413): java.lang.ArrayIndexOutOfBoundsException: length=58; index=58
05-25 09:02:36.887 W/System.err( 3413): 	at com.lbe.security.service.provider.internal.AppOpsAdapter$1.getDefaultOp(AppOpsAdapter.java:279)
05-25 09:02:36.887 W/System.err( 3413): 	at com.android.internal.app.IOpsCallback$Stub.onTransact(IOpsCallback.java:68)
05-25 09:02:36.887 W/System.err( 3413): 	at android.os.Binder.execTransact(Binder.java:446)
05-25 09:02:37.277 D/wpa_supplicant( 1423): nl80211: Event message available
05-25 09:02:37.277 D/wpa_supplicant( 1423): nl80211: Drv Event 34 (NL80211_CMD_NEW_SCAN_RESULTS) received for wlan0
05-25 09:02:37.277 D/wpa_supplicant( 1423): wlan0: nl80211: New scan results available
05-25 09:02:37.277 D/wpa_supplicant( 1423): nl80211: Scan included frequencies:
05-25 09:02:37.277 D/wpa_supplicant( 1423): wlan0: Event SCAN_RESULTS (3) received
05-25 09:02:37.277 D/wpa_supplicant( 1423): wlan0: Scan completed in 0.546813 seconds
05-25 09:02:37.277 D/wpa_supplicant( 1423): nl80211: Associated on 5745 MHz
05-25 09:02:37.277 D/wpa_supplicant( 1423): nl80211: Associated with 32:0f:0e:20:60:90
05-25 09:02:37.277 D/wpa_supplicant( 1423): nl80211: Received scan results (32 BSSes)
05-25 09:02:37.277 D/wpa_supplicant( 1423): nl80211: Scan results indicate BSS status with 32:0f:0e:20:60:90 as associated
05-25 09:02:37.277 D/wpa_supplicant( 1423): wlan0: BSS: Start scan result update 3957
05-25 09:02:37.277 D/wpa_supplicant( 1423): wlan0: BSS: Remove id 8240 BSSID 60:a4:4c:ef:2d:8c SSID 'default' due to no match in scan
05-25 09:02:37.277 D/wpa_supplicant( 1423): CTRL_IFACE monitor sent successfully to /data/misc/wifi/sockets/wpa_ctrl_482-9\x00
05-25 09:02:37.277 D/wpa_supplicant( 1423): CTRL_IFACE monitor sent successfully to /data/misc/wifi/sockets/wpa_ctrl_1015-2\x00
05-25 09:02:37.277 D/wpa_supplicant( 1423): BSS: last_scan_res_used=32/128
05-25 09:02:37.277 D/wpa_supplicant( 1423): wlan0: Scan-only results received
05-25 09:02:37.277 D/wpa_supplicant( 1423): CTRL_IFACE monitor sent successfully to /data/misc/wifi/sockets/wpa_ctrl_482-9\x00
05-25 09:02:37.277 D/wpa_supplicant( 1423): CTRL_IFACE monitor sent successfully to /data/misc/wifi/sockets/wpa_ctrl_1015-2\x00
05-25 09:02:37.277 D/wpa_supplicant( 1423): wlan0: Radio work 'scan'@0x7f7821e4c0 done in 0.551256 seconds
05-25 09:02:37.277 I/WifiHAL ( 1015): Poll result = 1
05-25 09:02:37.277 I/WifiHAL ( 1015): Found some events!!!
05-25 09:02:37.287 D/WifiHAL ( 1015): no_seq_check received
05-25 09:02:37.287 I/WifiHAL ( 1015): event received NL80211_CMD_NEW_SCAN_RESULTS
05-25 09:02:37.287 I/WifiHAL ( 1015): event received NL80211_CMD_NEW_SCAN_RESULTS, vendor_id = 0x0
05-25 09:02:37.287 I/WifiHAL ( 1015): event ignored!!
05-25 09:02:37.287 D/wpa_supplicant( 1423): wlan0: Control interface command 'BSS RANGE=0- MASK=0x23987'
05-25 09:02:37.297 D/wpa_supplicant( 1423): wlan0: Control interface command 'BSS RANGE=8277- MASK=0x23987'
05-25 09:02:37.327 D/wpa_supplicant( 1423): wlan0: Control interface command 'STATUS-NO_EVENTS'
05-25 09:02:37.507 W/System.err( 3413): java.lang.ArrayIndexOutOfBoundsException: length=58; index=58
05-25 09:02:37.507 W/System.err( 3413): 	at com.lbe.security.service.provider.internal.AppOpsAdapter$1.getDefaultOp(AppOpsAdapter.java:279)
05-25 09:02:37.507 W/System.err( 3413): 	at com.android.internal.app.IOpsCallback$Stub.onTransact(IOpsCallback.java:68)
05-25 09:02:37.507 W/System.err( 3413): 	at android.os.Binder.execTransact(Binder.java:446)
05-25 09:02:38.497 D/SecShell(29840): READLINK ERROR
05-25 09:02:38.527 W/System.err( 3413): java.lang.ArrayIndexOutOfBoundsException: length=58; index=58
05-25 09:02:38.527 W/System.err( 3413): 	at com.lbe.security.service.provider.internal.AppOpsAdapter$1.getDefaultOp(AppOpsAdapter.java:279)
05-25 09:02:38.527 W/System.err( 3413): 	at com.android.internal.app.IOpsCallback$Stub.onTransact(IOpsCallback.java:68)
05-25 09:02:38.527 W/System.err( 3413): 	at android.os.Binder.execTransact(Binder.java:446)
05-25 09:02:38.927 E/ws000   (24134): begin call prefClean
05-25 09:02:38.927 E/ws000   (24134): end call prefClean
05-25 09:02:38.927 W/IpcPrefManager(24134): happy, gracefully clean
05-25 09:02:39.427 I/art     (24134): System.exit called, status: 0
05-25 09:02:39.427 I/AndroidRuntime(24134): VM exiting with result code 0, cleanup skipped.
05-25 09:02:39.537 W/System.err( 3413): java.lang.ArrayIndexOutOfBoundsException: length=58; index=58
05-25 09:02:39.537 W/System.err( 3413): 	at com.lbe.security.service.provider.internal.AppOpsAdapter$1.getDefaultOp(AppOpsAdapter.java:279)
05-25 09:02:39.537 W/System.err( 3413): 	at com.android.internal.app.IOpsCallback$Stub.onTransact(IOpsCallback.java:68)
05-25 09:02:39.537 W/System.err( 3413): 	at android.os.Binder.execTransact(Binder.java:446)
05-25 09:02:39.727 D/wpa_supplicant( 1423): wlan0: Control interface command 'SIGNAL_POLL'
05-25 09:02:40.547 W/System.err( 3413): java.lang.ArrayIndexOutOfBoundsException: length=58; index=58
05-25 09:02:40.547 W/System.err( 3413): 	at com.lbe.security.service.provider.internal.AppOpsAdapter$1.getDefaultOp(AppOpsAdapter.java:279)
05-25 09:02:40.547 W/System.err( 3413): 	at com.android.internal.app.IOpsCallback$Stub.onTransact(IOpsCallback.java:68)
05-25 09:02:40.547 W/System.err( 3413): 	at android.os.Binder.execTransact(Binder.java:446)
05-25 09:02:41.557 W/System.err( 3413): java.lang.ArrayIndexOutOfBoundsException: length=58; index=58
05-25 09:02:41.557 W/System.err( 3413): 	at com.lbe.security.service.provider.internal.AppOpsAdapter$1.getDefaultOp(AppOpsAdapter.java:279)
05-25 09:02:41.557 W/System.err( 3413): 	at com.android.internal.app.IOpsCallback$Stub.onTransact(IOpsCallback.java:68)
05-25 09:02:41.557 W/System.err( 3413): 	at android.os.Binder.execTransact(Binder.java:446)
05-25 09:02:41.707 I/MSM-irqbalance(  522): Decided to move IRQ133 from CPU1 to CPU3
05-25 09:02:41.957 W/System.err( 3413): java.lang.ArrayIndexOutOfBoundsException: length=58; index=58
05-25 09:02:41.957 W/System.err( 3413): 	at com.lbe.security.service.provider.internal.AppOpsAdapter$1.getDefaultOp(AppOpsAdapter.java:279)
05-25 09:02:41.957 W/System.err( 3413): 	at com.android.internal.app.IOpsCallback$Stub.onTransact(IOpsCallback.java:68)
05-25 09:02:41.957 W/System.err( 3413): 	at android.os.Binder.execTransact(Binder.java:446)
05-25 09:02:42.567 W/System.err( 3413): java.lang.ArrayIndexOutOfBoundsException: length=58; index=58
05-25 09:02:42.567 W/System.err( 3413): 	at com.lbe.security.service.provider.internal.AppOpsAdapter$1.getDefaultOp(AppOpsAdapter.java:279)
05-25 09:02:42.567 W/System.err( 3413): 	at com.android.internal.app.IOpsCallback$Stub.onTransact(IOpsCallback.java:68)
05-25 09:02:42.567 W/System.err( 3413): 	at android.os.Binder.execTransact(Binder.java:446)
05-25 09:02:42.737 D/wpa_supplicant( 1423): wlan0: Control interface command 'SIGNAL_POLL'
05-25 09:02:42.747 D/Launcher.Model( 1960): Got boardcast:Intent { act=android.intent.action.PACKAGE_CHANGED dat=package:com.tencent.mtt flg=0x4000010 (has extras) }
05-25 09:02:42.757 D/AccountTypeManager( 2061): Registering external account type=com.tencent.mobileqq.account, packageName=com.tencent.mobileqq
05-25 09:02:42.767 W/ResourceType( 2061): For resource 0x7f020b99, entry index(2969) is beyond type entryCount(475)
05-25 09:02:42.767 W/ResourceType( 2061): Failure getting entry for 0x7f020b99 (t=1 e=2969) (error -75)
05-25 09:02:42.767 W/ResourceType( 2061): For resource 0x7f020b98, entry index(2968) is beyond type entryCount(475)
05-25 09:02:42.767 W/ResourceType( 2061): Failure getting entry for 0x7f020b98 (t=1 e=2968) (error -75)
05-25 09:02:42.777 D/AccountTypeManager( 2061): Registering external account type=com.sina.weibo.account, packageName=com.sina.weibo
05-25 09:02:42.777 I/InputReader( 1015): Reconfiguring input devices.  changes=0x00000010
05-25 09:02:42.777 D/Launcher.AllAppsList( 1960): Loaded application QQ at (3, 2) of screen 4 under container -100
05-25 09:02:42.787 W/ResourceType( 2061): For resource 0x7f020a0e, entry index(2574) is beyond type entryCount(475)
05-25 09:02:42.787 W/ResourceType( 2061): Failure getting entry for 0x7f020a0e (t=1 e=2574) (error -75)
05-25 09:02:42.787 W/ResourceType( 2061): For resource 0x7f020a0e, entry index(2574) is beyond type entryCount(475)
05-25 09:02:42.787 W/ResourceType( 2061): Failure getting entry for 0x7f020a0e (t=1 e=2574) (error -75)
05-25 09:02:42.787 W/ResourceType( 2061): For resource 0x7f020a0e, entry index(2574) is beyond type entryCount(475)
05-25 09:02:42.787 W/ResourceType( 2061): Failure getting entry for 0x7f020a0e (t=1 e=2574) (error -75)
05-25 09:02:42.787 D/AccountTypeManager( 2061): Registering external account type=com.tencent.mm.account, packageName=com.tencent.mm
05-25 09:02:42.797 I/AccountTypeManager( 2061): Loaded meta-data for 6 account types, 3 accounts in 46ms(wall) 7ms(cpu)
05-25 09:02:42.817 D/IconCustomizer( 1960): Content Ratio = 1.1666666
05-25 09:02:42.817 D/IconCustomizer( 1960): Generate customized icon for com.tencent.mtt.png
05-25 09:02:42.857 I/themeservice( 1960): add pending job /data/user/0/com.miui.home/cache/com.tencent.mtt.png
05-25 09:02:42.867 I/themeservice( 1960): binding service
05-25 09:02:42.877 I/themeservice( 1960): service connected
05-25 09:02:42.877 I/themeservice( 1960): saving icon for /data/user/0/com.miui.home/cache/com.tencent.mtt.png
05-25 09:02:42.877 I/themeservice(25303): saving icon remotely(1960) for /data/user/0/com.miui.home/cache/com.tencent.mtt.png ALLOW: true
05-25 09:02:43.577 W/System.err( 3413): java.lang.ArrayIndexOutOfBoundsException: length=58; index=58
05-25 09:02:43.577 W/System.err( 3413): 	at com.lbe.security.service.provider.internal.AppOpsAdapter$1.getDefaultOp(AppOpsAdapter.java:279)
05-25 09:02:43.577 W/System.err( 3413): 	at com.android.internal.app.IOpsCallback$Stub.onTransact(IOpsCallback.java:68)
05-25 09:02:43.577 W/System.err( 3413): 	at android.os.Binder.execTransact(Binder.java:446)
05-25 09:02:43.877 I/themeservice( 1960): unbinding service
05-25 09:02:44.587 W/System.err( 3413): java.lang.ArrayIndexOutOfBoundsException: length=58; index=58
05-25 09:02:44.587 W/System.err( 3413): 	at com.lbe.security.service.provider.internal.AppOpsAdapter$1.getDefaultOp(AppOpsAdapter.java:279)
05-25 09:02:44.587 W/System.err( 3413): 	at com.android.internal.app.IOpsCallback$Stub.onTransact(IOpsCallback.java:68)
05-25 09:02:44.587 W/System.err( 3413): 	at android.os.Binder.execTransact(Binder.java:446)
05-25 09:02:45.597 W/System.err( 3413): java.lang.ArrayIndexOutOfBoundsException: length=58; index=58
05-25 09:02:45.597 W/System.err( 3413): 	at com.lbe.security.service.provider.internal.AppOpsAdapter$1.getDefaultOp(AppOpsAdapter.java:279)
05-25 09:02:45.597 W/System.err( 3413): 	at com.android.internal.app.IOpsCallback$Stub.onTransact(IOpsCallback.java:68)
05-25 09:02:45.597 W/System.err( 3413): 	at android.os.Binder.execTransact(Binder.java:446)
05-25 09:02:45.767 D/wpa_supplicant( 1423): wlan0: Control interface command 'SIGNAL_POLL'
05-25 09:02:46.607 W/System.err( 3413): java.lang.ArrayIndexOutOfBoundsException: length=58; index=58
05-25 09:02:46.607 W/System.err( 3413): 	at com.lbe.security.service.provider.internal.AppOpsAdapter$1.getDefaultOp(AppOpsAdapter.java:279)
05-25 09:02:46.607 W/System.err( 3413): 	at com.android.internal.app.IOpsCallback$Stub.onTransact(IOpsCallback.java:68)
05-25 09:02:46.607 W/System.err( 3413): 	at android.os.Binder.execTransact(Binder.java:446)
05-25 09:02:46.717 I/MSM-irqbalance(  522): Decided to move IRQ224 from CPU1 to CPU3
05-25 09:02:46.927 W/System.err( 3413): java.lang.ArrayIndexOutOfBoundsException: length=58; index=58
05-25 09:02:46.927 W/System.err( 3413): 	at com.lbe.security.service.provider.internal.AppOpsAdapter$1.getDefaultOp(AppOpsAdapter.java:279)
05-25 09:02:46.937 W/System.err( 3413): 	at com.android.internal.app.IOpsCallback$Stub.onTransact(IOpsCallback.java:68)
05-25 09:02:46.937 W/System.err( 3413): 	at android.os.Binder.execTransact(Binder.java:446)
05-25 09:02:47.017 W/System.err( 3413): java.lang.ArrayIndexOutOfBoundsException: length=58; index=58
05-25 09:02:47.017 W/System.err( 3413): 	at com.lbe.security.service.provider.internal.AppOpsAdapter$1.getDefaultOp(AppOpsAdapter.java:279)
05-25 09:02:47.017 W/System.err( 3413): 	at com.android.internal.app.IOpsCallback$Stub.onTransact(IOpsCallback.java:68)
05-25 09:02:47.017 W/System.err( 3413): 	at android.os.Binder.execTransact(Binder.java:446)
05-25 09:02:47.617 W/System.err( 3413): java.lang.ArrayIndexOutOfBoundsException: length=58; index=58
05-25 09:02:47.617 W/System.err( 3413): 	at com.lbe.security.service.provider.internal.AppOpsAdapter$1.getDefaultOp(AppOpsAdapter.java:279)
05-25 09:02:47.617 W/System.err( 3413): 	at com.android.internal.app.IOpsCallback$Stub.onTransact(IOpsCallback.java:68)
05-25 09:02:47.617 W/System.err( 3413): 	at android.os.Binder.execTransact(Binder.java:446)
05-25 09:02:48.637 W/System.err( 3413): java.lang.ArrayIndexOutOfBoundsException: length=58; index=58
05-25 09:02:48.637 W/System.err( 3413): 	at com.lbe.security.service.provider.internal.AppOpsAdapter$1.getDefaultOp(AppOpsAdapter.java:279)
05-25 09:02:48.637 W/System.err( 3413): 	at com.android.internal.app.IOpsCallback$Stub.onTransact(IOpsCallback.java:68)
05-25 09:02:48.637 W/System.err( 3413): 	at android.os.Binder.execTransact(Binder.java:446)
05-25 09:02:48.787 D/wpa_supplicant( 1423): wlan0: Control interface command 'SIGNAL_POLL'
05-25 09:02:49.647 W/System.err( 3413): java.lang.ArrayIndexOutOfBoundsException: length=58; index=58
05-25 09:02:49.647 W/System.err( 3413): 	at com.lbe.security.service.provider.internal.AppOpsAdapter$1.getDefaultOp(AppOpsAdapter.java:279)
05-25 09:02:49.647 W/System.err( 3413): 	at com.android.internal.app.IOpsCallback$Stub.onTransact(IOpsCallback.java:68)
05-25 09:02:49.647 W/System.err( 3413): 	at android.os.Binder.execTransact(Binder.java:446)
05-25 09:02:49.927 I/libthemeutils(25043): Theme libthemeutil.so load success
05-25 09:02:49.957 I/ws000   (25043): runtime.process.name=com.qihoo360.mobilesafe:update
05-25 09:02:49.957 I/ws000   (25043): process ui=false persist=false persistUI=false crash=false contact=false barcode=false permm=false v=6.5.0.1069
05-25 09:02:49.977 I/NativeMainLoader(25043): load main so success
05-25 09:02:50.397 I/dex2oat (25085): /system/bin/dex2oat --runtime-arg -classpath --runtime-arg  --instruction-set=arm --instruction-set-features=div,needfix_835769 --runtime-arg -Xrelocate --boot-image=/system/framework/boot.art --dex-file=/data/data/com.qihoo360.mobilesafe/files/dp.jar --oat-fd=44 --oat-location=/data/data/com.qihoo360.mobilesafe/files/dp.dex --runtime-arg -Xms64m --runtime-arg -Xmx512m
05-25 09:02:50.407 W/Settings(25043): Setting android_id has moved from android.provider.Settings.System to android.provider.Settings.Secure, returning read-only value.
05-25 09:02:50.427 W/ProcessManager(25043): waitpid on failed exec failed: No child processes
05-25 09:02:50.457 I/dex2oat (25085): dex2oat took 56.487ms (threads: 8)
05-25 09:02:50.507 I/dex2oat (25098): /system/bin/dex2oat --runtime-arg -classpath --runtime-arg  --instruction-set=arm --instruction-set-features=div,needfix_835769 --runtime-arg -Xrelocate --boot-image=/system/framework/boot.art --dex-file=/data/data/com.qihoo360.mobilesafe/files/com.qihoo360.mobilesafe_update338091027_apm.jar --oat-fd=44 --oat-location=/data/data/com.qihoo360.mobilesafe/files/com.qihoo360.mobilesafe_update338091027_apm.dex --runtime-arg -Xms64m --runtime-arg -Xmx512m
05-25 09:02:50.567 I/dex2oat (25098): dex2oat took 57.676ms (threads: 8)
05-25 09:02:50.577 D/DnsFallback(  432): query: mvconf.f.360.cn
05-25 09:02:50.577 D/DnsFallback(  432): query: mvconf.f.360.cn
05-25 09:02:50.607 I/XiaomiFirewall( 1624): firewall pkgName:com.qihoo360.mobilesafe, result:0
05-25 09:02:50.657 W/System.err( 3413): java.lang.ArrayIndexOutOfBoundsException: length=58; index=58
05-25 09:02:50.657 W/System.err( 3413): 	at com.lbe.security.service.provider.internal.AppOpsAdapter$1.getDefaultOp(AppOpsAdapter.java:279)
05-25 09:02:50.657 W/System.err( 3413): 	at com.android.internal.app.IOpsCallback$Stub.onTransact(IOpsCallback.java:68)
05-25 09:02:50.657 W/System.err( 3413): 	at android.os.Binder.execTransact(Binder.java:446)
05-25 09:02:51.007 D/PhoneStatusBar( 1429): disable: 0x00000100 -> 0x00000000 (diff: 0x00000100)
05-25 09:02:51.007 D/PhoneStatusBar( 1429): disable: < expand icons alerts ticker system_info back home recent clock full hide* keyguard >
05-25 09:02:51.007 D/PowerKeeperEventLogManager( 2287): updatestatusbar value 0x0
05-25 09:02:51.007 D/PowerKeeperEventLogManager( 2287): notifyExitFullScreen
05-25 09:02:51.027 D/PowerKeeperEventLogManager( 2287): notifyForegroundCompomentChanged ComponentInfo{com.android.fileexplorer/com.android.fileexplorer.FileExplorerTabActivity}
05-25 09:02:51.027 I/Timeline( 1015): Timeline: App_transition_ready time:166781368
05-25 09:02:51.027 I/Timeline( 1015): Timeline: App_transition_stopped time:166781368
05-25 09:02:51.037 D/PhoneStatusBar( 1429): disable: 0x00000000 -> 0x00000040 (diff: 0x00000040)
05-25 09:02:51.037 D/PhoneStatusBar( 1429): disable: < expand icons alerts ticker system_info back home recent clock full hide keyguard >
05-25 09:02:51.037 D/PowerKeeperEventLogManager( 2287): updatestatusbar value 0x40
05-25 09:02:51.057 I/Analytics(24228): start session(com.android.fileexplorer)
05-25 09:02:51.057 I/Analytics(24228): end session(com.android.fileexplorer)
05-25 09:02:51.057 I/Analytics(24228): start session(com.android.fileexplorer)
05-25 09:02:51.067 I/Analytics(24228): end session(com.android.fileexplorer)
05-25 09:02:51.077 V/FileExplorer(24228): FileViewFragment 14ms in refreshing /storage/emulated/0/mmbang/log
05-25 09:02:51.117 I/Timeline(24228): Timeline: Activity_idle id: android.os.BinderProxy@18409047 time:166781453
05-25 09:02:51.117 D/SystemAdController( 1997): activity destroyed:ActivityInfo{37741345 com.tencent.mtt.external.reader.thirdcall.ThirdCallFileReaderActivity} not in mAllAppsInLauncher
05-25 09:02:51.127 D/SecShell(29840): READLINK ERROR
05-25 09:02:51.127 D/SecShell(29840): READLINK ERROR
05-25 09:02:51.137 D/SecShell(29840): READLINK ERROR
05-25 09:02:51.137 W/beacon  (29840):  err BF 3R! list size:3
05-25 09:02:51.147 D/SecShell(29840): READLINK ERROR
05-25 09:02:51.147 W/beacon  (29840): onUserAction return false, because eventName:[DEBUG_ACTION] is not allowed in server strategy!
05-25 09:02:51.147 W/beacon  (29840): onUserAction return false, because eventName:[DEBUG_ACTION] is not allowed in server strategy!
05-25 09:02:51.177 D/SecShell(29840): READLINK ERROR
05-25 09:02:51.227 D/SecShell(29840): READLINK ERROR
05-25 09:02:51.667 W/System.err( 3413): java.lang.ArrayIndexOutOfBoundsException: length=58; index=58
05-25 09:02:51.667 W/System.err( 3413): 	at com.lbe.security.service.provider.internal.AppOpsAdapter$1.getDefaultOp(AppOpsAdapter.java:279)
05-25 09:02:51.667 W/System.err( 3413): 	at com.android.internal.app.IOpsCallback$Stub.onTransact(IOpsCallback.java:68)
05-25 09:02:51.667 W/System.err( 3413): 	at android.os.Binder.execTransact(Binder.java:446)
05-25 09:02:51.797 D/wpa_supplicant( 1423): wlan0: Control interface command 'SIGNAL_POLL'
05-25 09:02:52.077 W/System.err( 3413): java.lang.ArrayIndexOutOfBoundsException: length=58; index=58
05-25 09:02:52.077 W/System.err( 3413): 	at com.lbe.security.service.provider.internal.AppOpsAdapter$1.getDefaultOp(AppOpsAdapter.java:279)
05-25 09:02:52.077 W/System.err( 3413): 	at com.android.internal.app.IOpsCallback$Stub.onTransact(IOpsCallback.java:68)
05-25 09:02:52.077 W/System.err( 3413): 	at android.os.Binder.execTransact(Binder.java:446)
05-25 09:02:52.687 W/System.err( 3413): java.lang.ArrayIndexOutOfBoundsException: length=58; index=58
05-25 09:02:52.687 W/System.err( 3413): 	at com.lbe.security.service.provider.internal.AppOpsAdapter$1.getDefaultOp(AppOpsAdapter.java:279)
05-25 09:02:52.687 W/System.err( 3413): 	at com.android.internal.app.IOpsCallback$Stub.onTransact(IOpsCallback.java:68)
05-25 09:02:52.687 W/System.err( 3413): 	at android.os.Binder.execTransact(Binder.java:446)
05-25 09:02:53.697 W/System.err( 3413): java.lang.ArrayIndexOutOfBoundsException: length=58; index=58
05-25 09:02:53.697 W/System.err( 3413): 	at com.lbe.security.service.provider.internal.AppOpsAdapter$1.getDefaultOp(AppOpsAdapter.java:279)
05-25 09:02:53.697 W/System.err( 3413): 	at com.android.internal.app.IOpsCallback$Stub.onTransact(IOpsCallback.java:68)
05-25 09:02:53.697 W/System.err( 3413): 	at android.os.Binder.execTransact(Binder.java:446)
05-25 09:02:54.027 D/WhetstoneService( 1822): deal background too Frequently, ingore
05-25 09:02:54.717 W/System.err( 3413): java.lang.ArrayIndexOutOfBoundsException: length=58; index=58
05-25 09:02:54.717 W/System.err( 3413): 	at com.lbe.security.service.provider.internal.AppOpsAdapter$1.getDefaultOp(AppOpsAdapter.java:279)
05-25 09:02:54.717 W/System.err( 3413): 	at com.android.internal.app.IOpsCallback$Stub.onTransact(IOpsCallback.java:68)
05-25 09:02:54.717 W/System.err( 3413): 	at android.os.Binder.execTransact(Binder.java:446)
05-25 09:02:54.807 D/wpa_supplicant( 1423): wlan0: Control interface command 'SIGNAL_POLL'
05-25 09:02:55.137 I/KLO_Power( 2813): power_sleep_requested event:wakelockCleared:0
05-25 09:02:55.307 D/SurfaceFlinger(  395): Set power mode=0, type=0 flinger=0x7f9f864000
05-25 09:02:55.307 D/qdhwcomposer(  395): hwc_setPowerMode: Setting mode 0 on display: 0
05-25 09:02:55.307 E/qdutils (  395): int qdutils::getHDMINode(): Failed to open fb node 2
05-25 09:02:55.307 E/qdutils (  395): int qdutils::getHDMINode(): Failed to find HDMI node
05-25 09:02:55.327 I/Sensors ( 1015): HAL: LightSensor::enable = 0
05-25 09:02:55.527 I/qdhwcomposer(  395): handle_blank_event: dpy:0 panel power state: 0
05-25 09:02:55.537 E/qdutils (  395): int qdutils::getHDMINode(): Failed to open fb node 2
05-25 09:02:55.537 E/qdutils (  395): int qdutils::getHDMINode(): Failed to find HDMI node
05-25 09:02:55.567 D/qdhwcomposer(  395): hwc_setPowerMode: Done setting mode 0 on display 0
05-25 09:02:55.567 D/SurfaceControl( 1015): Excessive delay in setPowerMode(): 256ms
05-25 09:02:55.577 I/KLO_Power( 2813): screen_toggled event:screen_state:0
05-25 09:02:55.577 I/KLO_Power( 2813): last_screen_toggle_on_time:1464138096, this toggle:1464138175
05-25 09:02:55.577 D/PowerKeeperEventLogManager( 2287): notifyScreenChange 0
05-25 09:02:55.577 I/QCOM PowerHAL( 1015): Display Off
05-25 09:02:55.607 V/LockPatternKeyguardView( 1429): Set visibility on com.android.keyguard.MiuiLockPatternKeyguardView$7@2c10cf1 to 0
05-25 09:02:55.607 I/XiaomiFirewall( 1624): firewall pkgName:com.android.fileexplorer, result:0
05-25 09:02:55.617 I/DateTimeVariableUpdater( 1429): init with accuracy:Minute
05-25 09:02:55.627 I/ScreenElementRoot( 1429): set scale: 1.3333334
05-25 09:02:55.647 I/KLO_Power( 2813): power_screen_broadcast_send event:wakelockCount:1
05-25 09:02:55.667 V/SRS_Proc(  437): ParamSet string: screen_state=off
05-25 09:02:55.667 D/audio_hw_primary(  437): adev_set_parameters: enter: screen_state=off
05-25 09:02:55.667 V/msm8974_platform(  437): platform_set_parameters: enter: screen_state=off
05-25 09:02:55.667 V/msm8974_platform(  437): platform_set_parameters: exit with code(0)
05-25 09:02:55.667 D/audio_hw_extn(  437): audio_extn_set_anc_parameters: anc_enabled:0
05-25 09:02:55.667 V/audio_hw_primary(  437): adev_set_parameters: exit with code(0)
05-25 09:02:55.667 E/audio_a2dp_hw(  437): adev_set_parameters: ERROR: set param called even when stream out is null
05-25 09:02:55.667 W/RectangleScreenElement( 1429): illegal number format of cornerRadius.
05-25 09:02:55.677 E/native  ( 1015): do suspend true
05-25 09:02:55.677 D/wpa_supplicant( 1423): wlan0: Control interface command 'DRIVER SETSUSPENDMODE 1'
05-25 09:02:55.677 D/wpa_supplicant( 1423): wpa_driver_nl80211_driver_cmd SETSUSPENDMODE 1 len = 0, 4096
05-25 09:02:55.687 I/ResourceManager( 1429): load image default_album.png
05-25 09:02:55.727 W/System.err( 3413): java.lang.ArrayIndexOutOfBoundsException: length=58; index=58
05-25 09:02:55.727 W/System.err( 3413): 	at com.lbe.security.service.provider.internal.AppOpsAdapter$1.getDefaultOp(AppOpsAdapter.java:279)
05-25 09:02:55.727 W/System.err( 3413): 	at com.android.internal.app.IOpsCallback$Stub.onTransact(IOpsCallback.java:68)
05-25 09:02:55.727 W/System.err( 3413): 	at android.os.Binder.execTransact(Binder.java:446)
05-25 09:02:55.777 D/ScreenElementRoot( 1429): load finished, spent 168 ms
05-25 09:02:55.777 D/ScreenElementRoot( 1429): init
05-25 09:02:55.777 I/NotifierManager( 1429): acquireNotifier:TimeChanged  miui.maml.data.DateTimeVariableUpdater@29555f57
05-25 09:02:55.787 I/ResourceManager( 1429): load image player_btn_n.png
05-25 09:02:55.787 I/ResourceManager( 1429): load image player_btn_prev.png
05-25 09:02:55.787 I/ResourceManager( 1429): load image player_btn_p.png
05-25 09:02:55.787 I/ResourceManager( 1429): load image player_btn_play.png
05-25 09:02:55.787 I/ResourceManager( 1429): load image player_btn_pause.png
05-25 09:02:55.787 I/ResourceManager( 1429): load image player_btn_next.png
05-25 09:02:55.797 D/MusicControlScreenElement( 1429): music state change: playing=false
05-25 09:02:55.947 D/ScreenElementRoot( 1429): resume
05-25 09:02:55.957 V/KeyguardViewManager( 1429): KGVM: Set visibility on com.android.keyguard.AbstractKeyguardViewManager$KeyguardViewHost{d1d156b G.E..... ......ID 0,0-1440,2560} to 33554432
05-25 09:02:55.967 D/ScreenElementRoot( 1429): pause
05-25 09:02:55.987 D/ScreenElementRoot( 1429): resume
