05-25 09:02:18.517 W/System.err(24774): 	at android.os.Handler.dispatchMessage(Handler.java:102)
05-25 09:02:18.517 W/System.err(24774): 	at android.os.Looper.loop(Looper.java:135)
05-25 09:02:18.517 W/System.err(24774): 	at android.os.HandlerThread.run(HandlerThread.java:61)
05-25 09:02:18.517 W/System.err(24774): 	Suppressed: java.lang.ClassNotFoundException: Didn't find class "com.duokan.reader.domain.umeng.MobclickAgentImpl" on path: DexPathList[[zip file "/data/app/com.duokan.reader-2/base.apk"],nativeLibraryDirectories=[/data/app/com.duokan.reader-2/lib/arm, /vendor/lib, /system/lib]]
05-25 09:02:18.517 W/System.err(24774): 		at dalvik.system.BaseDexClassLoader.findClass(BaseDexClassLoader.java:56)
05-25 09:02:18.517 W/System.err(24774): 		at java.lang.ClassLoader.loadClass(ClassLoader.java:511)
05-25 09:02:18.517 W/System.err(24774): 		at java.lang.ClassLoader.loadClass(ClassLoader.java:504)
05-25 09:02:18.517 W/System.err(24774): 		... 15 more
05-25 09:02:18.517 W/System.err(24774): 		Suppressed: java.lang.ClassNotFoundException: com.duokan.reader.domain.umeng.MobclickAgentImpl
05-25 09:02:18.517 W/System.err(24774): 			at java.lang.Class.classForName(Native Method)
05-25 09:02:18.517 W/System.err(24774): 			at java.lang.BootClassLoader.findClass(ClassLoader.java:781)
05-25 09:02:18.517 W/System.err(24774): 			at java.lang.BootClassLoader.loadClass(ClassLoader.java:841)
05-25 09:02:18.517 W/System.err(24774): 			at java.lang.ClassLoader.loadClass(ClassLoader.java:504)
05-25 09:02:18.517 W/System.err(24774): 			... 16 more
05-25 09:02:18.517 W/System.err(24774): 		Caused by: java.lang.NoClassDefFoundError: Class not found using the boot class loader; no stack available
05-25 09:02:18.517 W/System.err(24774): java.lang.NullPointerException: Attempt to invoke virtual method 'java.lang.Object java.lang.Class.newInstance()' on a null object reference
05-25 09:02:18.517 W/System.err(24774): 	at com.duokan.reader.UmengManager.initMobclickAgent(SourceFile:310)
05-25 09:02:18.517 W/System.err(24774): 	at com.duokan.reader.UmengManager.loadMobclickAgent(SourceFile:292)
05-25 09:02:18.517 W/System.err(24774): 	at com.duokan.reader.UmengManager.runWhenLoaded(SourceFile:280)
05-25 09:02:18.517 W/System.err(24774): 	at com.duokan.reader.UmengManager.onEvent(SourceFile:217)
05-25 09:02:18.517 W/System.err(24774): 	at com.duokan.reader.domain.cloud.push.u.a(SourceFile:220)
05-25 09:02:18.517 W/System.err(24774): 	at com.duokan.reader.domain.cloud.push.af.a(SourceFile:111)
05-25 09:02:18.517 W/System.err(24774): 	at com.duokan.reader.domain.cloud.push.DkPushMessageReceiver.onReceiveRegisterResult(SourceFile:137)
05-25 09:02:18.517 W/System.err(24774): 	at com.xiaomi.mipush.sdk.MessageHandleService.onHandleIntent(Unknown Source)
05-25 09:02:18.517 W/System.err(24774): 	at android.app.IntentService$ServiceHandler.handleMessage(IntentService.java:65)
05-25 09:02:18.517 W/System.err(24774): 	at android.os.Handler.dispatchMessage(Handler.java:102)
05-25 09:02:18.517 W/System.err(24774): 	at android.os.Looper.loop(Looper.java:135)
05-25 09:02:18.517 W/System.err(24774): 	at android.os.HandlerThread.run(HandlerThread.java:61)
05-25 09:02:18.527 W/PushService( 1526): 2016-05-25 09:02:18,537 - [WARN::PushService] - [Thread:48] try send mi push message. packagename:com.duokan.reader action:Command
05-25 09:02:18.587 W/PushService( 1526): 2016-05-25 09:02:18,588 - [WARN::PushService] - [Thread:48] receive a message, appid=1004465, msgid= xPBb1464138138036
05-25 09:02:18.587 W/PushService( 1526): 2016-05-25 09:02:18,591 - [WARN::PushService] - [Thread:48] receive a message, appid=1004465, msgid= xPBb1464138138036
05-25 09:02:18.617 D/com.duokan.reader.domain.cloud.push.ad(24774): [Thread:4651] receive an intent from server, action=com.xiaomi.mipush.RECEIVE_MESSAGE
05-25 09:02:18.627 D/com.duokan.reader.domain.cloud.push.ad(24774): [Thread:4651] processing a message, action=Notification
05-25 09:02:18.627 I/Timeline( 1015): Timeline: App_transition_ready time:166748968
05-25 09:02:18.637 D/wpa_supplicant( 1423): wlan0: Control interface command 'SIGNAL_POLL'
05-25 09:02:18.647 I/ActivityManager( 1015): Displayed com.duokan.reader/.DkReaderActivity: +928ms
05-25 09:02:18.647 I/Timeline( 1015): Timeline: Activity_windows_visible id: ActivityRecord{1d8e625a u0 com.duokan.reader/.DkReaderActivity t4114} time:166748986
05-25 09:02:18.657 D/com.duokan.reader.domain.cloud.push.ad(24774): [Thread:4657] receive an intent from server, action=com.xiaomi.mipush.RECEIVE_MESSAGE
05-25 09:02:18.657 I/Timeline(24774): Timeline: Activity_idle id: android.os.BinderProxy@4542d1f time:166748996
05-25 09:02:18.657 E/SQLiteLog(24774): (1) no such table: objects
05-25 09:02:18.657 W/System.err(24774): android.database.sqlite.SQLiteException: no such table: objects (code 1): , while compiling: SELECT name FROM objects
05-25 09:02:18.667 W/System.err(24774): 	at android.database.sqlite.SQLiteConnection.nativePrepareStatement(Native Method)
05-25 09:02:18.667 W/System.err(24774): 	at android.database.sqlite.SQLiteConnection.acquirePreparedStatement(SQLiteConnection.java:889)
05-25 09:02:18.667 W/System.err(24774): 	at android.database.sqlite.SQLiteConnection.prepare(SQLiteConnection.java:500)
05-25 09:02:18.667 W/System.err(24774): 	at android.database.sqlite.SQLiteSession.prepare(SQLiteSession.java:588)
05-25 09:02:18.667 W/System.err(24774): 	at android.database.sqlite.SQLiteProgram.<init>(SQLiteProgram.java:58)
05-25 09:02:18.667 W/System.err(24774): 	at android.database.sqlite.SQLiteQuery.<init>(SQLiteQuery.java:37)
05-25 09:02:18.667 W/System.err(24774): 	at android.database.sqlite.SQLiteDirectCursorDriver.query(SQLiteDirectCursorDriver.java:44)
05-25 09:02:18.667 W/System.err(24774): 	at android.database.sqlite.SQLiteDatabase.rawQueryWithFactory(SQLiteDatabase.java:1316)
05-25 09:02:18.667 W/System.err(24774): 	at android.database.sqlite.SQLiteDatabase.rawQuery(SQLiteDatabase.java:1255)
05-25 09:02:18.667 W/System.err(24774): 	at com.duokan.core.a.n.a(SourceFile:257)
05-25 09:02:18.667 W/System.err(24774): 	at com.duokan.core.a.a.a(SourceFile:279)
05-25 09:02:18.667 W/System.err(24774): 	at com.duokan.core.a.a.e(SourceFile:151)
05-25 09:02:18.667 W/System.err(24774): 	at com.duokan.reader.domain.bookshelf.BookOrderHelper.updateDatabase(SourceFile:45)
05-25 09:02:18.667 W/System.err(24774): 	at com.duokan.reader.domain.bookshelf.BookOrderHelper.<init>(SourceFile:32)
05-25 09:02:18.667 W/System.err(24774): 	at com.duokan.reader.domain.bookshelf.hk.<init>(SourceFile:477)
05-25 09:02:18.667 D/com.duokan.reader.domain.cloud.push.ad(24774): [Thread:4657] processing a message, action=Command
05-25 09:02:18.667 W/System.err(24774): 	at com.duokan.reader.domain.bookshelf.je.<init>(SourceFile:19)
05-25 09:02:18.667 W/System.err(24774): 	at com.duokan.reader.domain.bookshelf.bf.<init>(SourceFile:56)
05-25 09:02:18.667 W/System.err(24774): 	at com.duokan.reader.domain.bookshelf.av.<init>(SourceFile:30)
05-25 09:02:18.667 W/System.err(24774): 	at com.duokan.reader.domain.bookshelf.av.a(SourceFile:58)
05-25 09:02:18.667 W/System.err(24774): 	at com.duokan.reader.DkReader.onBackgroundInit(SourceFile:165)
05-25 09:02:18.667 W/System.err(24774): 	at com.duokan.reader.DkApp$InitTask.doInBackground(SourceFile:441)
05-25 09:02:18.667 W/System.err(24774): 	at com.duokan.reader.DkApp$InitTask.doInBackground(SourceFile:438)
05-25 09:02:18.667 W/System.err(24774): 	at android.os.AsyncTask$2.call(AsyncTask.java:288)
05-25 09:02:18.667 W/System.err(24774): 	at java.util.concurrent.FutureTask.run(FutureTask.java:237)
05-25 09:02:18.667 W/System.err(24774): 	at android.os.AsyncTask$SerialExecutor$1.run(AsyncTask.java:231)
05-25 09:02:18.667 W/System.err(24774): 	at java.util.concurrent.ThreadPoolExecutor.runWorker(ThreadPoolExecutor.java:1112)
05-25 09:02:18.667 D/SystemAdController( 1997): activity destroyed:ActivityInfo{1f3e3953 com.android.internal.app.ResolverActivity} not in mAllAppsInLauncher
05-25 09:02:18.667 W/System.err(24774): 	at java.util.concurrent.ThreadPoolExecutor$Worker.run(ThreadPoolExecutor.java:587)
05-25 09:02:18.667 W/System.err(24774): 	at java.lang.Thread.run(Thread.java:818)
05-25 09:02:18.677 D/com.duokan.reader.domain.cloud.push.DkPushMessageReceiver(24774): onCommandResult command={unset-alias}, resultCode={0}, reason={Removed by setting same alias:50867870104 com.duokan.reader}, category={null}, commandArguments={[4f743202e62d38acdb0d97c90e9c851c]}
05-25 09:02:18.677 D/com.duokan.reader.domain.cloud.push.DkPushMessageReceiver(24774): onCommandResult command={accept-time}, resultCode={0}, reason={null}, category={null}, commandArguments={[08:00, 23:00]}
05-25 09:02:18.677 D/com.duokan.reader.domain.cloud.push.ad(24774): [Thread:4657] receive an intent from server, action=com.xiaomi.mipush.RECEIVE_MESSAGE
05-25 09:02:18.677 D/com.duokan.reader.domain.cloud.push.ad(24774): [Thread:4657] processing a message, action=Command
05-25 09:02:18.677 I/XiaomiFirewall( 1624): firewall pkgName:com.android.fileexplorer, result:0
05-25 09:02:18.687 D/com.duokan.reader.domain.cloud.push.DkPushMessageReceiver(24774): onCommandResult command={set-alias}, resultCode={0}, reason={}, category={null}, commandArguments={[4f743202e62d38acdb0d97c90e9c851c]}
05-25 09:02:18.817 D/com.duokan.reader.domain.cloud.push.ad(24774): [Thread:1] Don't cancel subscribe for black_list is unsubscribed
05-25 09:02:18.847 D/DnsFallback(  432): query: www.duokan.com
05-25 09:02:18.847 I/XiaomiFirewall( 1624): firewall pkgName:com.duokan.reader, result:0
05-25 09:02:18.897 I/Timeline( 1015): Timeline: App_transition_stopped time:166749231
05-25 09:02:18.957 I/Timeline(24774): Timeline: Activity_launch_request time:166749291
05-25 09:02:18.967 D/SystemAdController( 1997): Activity:ActivityInfo{2c27e290 com.duokan.reader.DkMainActivity}is not the default one
05-25 09:02:18.967 D/AdClientRecord( 1997): Splash target was not initialized.
05-25 09:02:18.967 D/SystemAdController( 1997): Package:com.duokan.reader is not in the list
05-25 09:02:18.967 D/SystemAdController( 1997): requestSplashScreen duration:0
05-25 09:02:19.207 I/dex2oat (24850): /system/bin/dex2oat --runtime-arg -classpath --runtime-arg  --instruction-set=arm --instruction-set-features=div,needfix_835769 --runtime-arg -Xrelocate --boot-image=/system/framework/boot.art --dex-file=/data/data/com.duokan.reader/files/res.v13/lib/ext_lib.apk --oat-fd=38 --oat-location=/data/data/com.duokan.reader/cache/ext_lib.dex --runtime-arg -Xms64m --runtime-arg -Xmx512m
05-25 09:02:19.287 W/System.err( 3413): java.lang.ArrayIndexOutOfBoundsException: length=58; index=58
05-25 09:02:19.287 W/System.err( 3413): 	at com.lbe.security.service.provider.internal.AppOpsAdapter$1.getDefaultOp(AppOpsAdapter.java:279)
05-25 09:02:19.287 W/System.err( 3413): 	at com.android.internal.app.IOpsCallback$Stub.onTransact(IOpsCallback.java:68)
05-25 09:02:19.287 W/System.err( 3413): 	at android.os.Binder.execTransact(Binder.java:446)
05-25 09:02:19.287 D/PhoneStatusBar( 1429): updateNotification pkg=com.qihoo.appstore;id=10012
05-25 09:02:19.337 D/PhoneStatusBar( 1429): updateNotification pkg=com.qihoo.appstore;id=10012
05-25 09:02:19.387 I/art     ( 1494): Explicit concurrent mark sweep GC freed 45079(1935KB) AllocSpace objects, 0(0B) LOS objects, 35% free, 29MB/45MB, paused 728us total 50.014ms
05-25 09:02:19.477 D/PowerKeeperEventLogManager( 2287): notifyForegroundCompomentChanged ComponentInfo{com.duokan.reader/com.duokan.reader.DkMainActivity}
05-25 09:02:19.477 I/Timeline( 1015): Timeline: App_transition_ready time:166749816
05-25 09:02:19.797 I/dex2oat (24850): dex2oat took 589.228ms (threads: 8)
05-25 09:02:19.807 D/DnsFallback(  432): query: picture.duokan.com
05-25 09:02:19.847 I/Choreographer(24774): Skipped 51 frames!  The application may be doing too much work on its main thread.
05-25 09:02:19.847 I/MobclickAgent(24774): receive:Event(name:MIPUSH_V1, properties:{MIPUSH_V1=<bh string_value:mi_push_success>}, acc:1, ts:1464138139851)
05-25 09:02:19.857 I/Timeline( 1015): Timeline: App_transition_ready time:166750192
05-25 09:02:19.957 I/MobclickAgent(24774): receive:Session(id:146799BB300D74B1132465A0DD997985, start_time:1435742169466, end_time:1435742172808, duration:3342, pages:[Page(page_name:com.duokan.reader.DkMainActivity, duration:3369)])
05-25 09:02:20.247 I/XiaomiFirewall( 1624): firewall pkgName:com.duokan.reader, result:0
05-25 09:02:20.247 I/art     (24774): Background sticky concurrent mark sweep GC freed 44777(3MB) AllocSpace objects, 28(448KB) LOS objects, 14% free, 20MB/23MB, paused 5.498ms total 106.697ms
05-25 09:02:20.297 W/System.err( 3413): java.lang.ArrayIndexOutOfBoundsException: length=58; index=58
05-25 09:02:20.297 W/System.err( 3413): 	at com.lbe.security.service.provider.internal.AppOpsAdapter$1.getDefaultOp(AppOpsAdapter.java:279)
05-25 09:02:20.297 W/System.err( 3413): 	at com.android.internal.app.IOpsCallback$Stub.onTransact(IOpsCallback.java:68)
05-25 09:02:20.297 W/System.err( 3413): 	at android.os.Binder.execTransact(Binder.java:446)
05-25 09:02:20.347 I/WebViewFactory(24774): Loading com.google.android.webview version 37 (1602158-arm) (code 111201)
05-25 09:02:20.367 I/LibraryLoader(24774): Loading: webviewchromium
05-25 09:02:20.367 I/LibraryLoader(24774): Time to load native libraries: 2 ms (timestamps 703-705)
05-25 09:02:20.367 I/LibraryLoader(24774): Expected native library version number "",actual native library version number ""
05-25 09:02:20.377 W/art     (24774): Attempt to remove local handle scope entry from IRT, ignoring
05-25 09:02:20.587 V/WebViewChromiumFactoryProvider(24774): Binding Chromium to main looper Looper (main, tid 1) {25c4aa37}
05-25 09:02:20.587 I/LibraryLoader(24774): Expected native library version number "",actual native library version number ""
05-25 09:02:20.587 I/chromium(24774): [INFO:library_loader_hooks.cc(106)] Chromium logging enabled: level = 0, default verbosity = 0
05-25 09:02:20.587 I/BrowserStartupController(24774): Initializing chromium process, renderers=0
05-25 09:02:20.597 W/art     (24774): Attempt to remove local handle scope entry from IRT, ignoring
05-25 09:02:20.627 D/DnsFallback(  432): query: alog.umeng.com
05-25 09:02:20.637 W/chromium(24774): [WARNING:resource_bundle.cc(315)] locale_file_path.empty()
05-25 09:02:20.637 I/chromium(24774): [INFO:aw_browser_main_parts.cc(63)] Load from apk succesful, fd=89 off=873240 len=2961
05-25 09:02:20.647 I/chromium(24774): [INFO:aw_browser_main_parts.cc(78)] Loading webviewchromium.pak from, fd:90 off:229524 len:643667
05-25 09:02:20.657 D/BluetoothManagerService( 1015): Message: 20
05-25 09:02:20.657 D/BluetoothManagerService( 1015): Added callback: android.bluetooth.IBluetoothManagerCallback$Stub$Proxy@1a84dcae:true
05-25 09:02:20.667 D/BluetoothAdapter(24774): 505637796: getState() :  mService = null. Returning STATE_OFF
05-25 09:02:20.767 W/chromium(24774): [WARNING:proxy_service.cc(901)] PAC support disabled because there is no system implementation
05-25 09:02:20.767 W/chromium(24774): [WARNING:data_reduction_proxy_settings.cc(403)] SPDY proxy OFF at startup
05-25 09:02:20.787 W/art     (24774): Attempt to remove local handle scope entry from IRT, ignoring
05-25 09:02:20.797 W/AwContents(24774): onDetachedFromWindow called when already detached. Ignoring
05-25 09:02:20.797 D/EgretLoader(24774): EgretLoader(Context context)
05-25 09:02:20.797 D/EgretLoader(24774): The context is not activity
05-25 09:02:20.797 D/WhetstoneService( 1822): deal background too Frequently, ingore
05-25 09:02:20.847 W/art     (24774): Attempt to remove local handle scope entry from IRT, ignoring
05-25 09:02:20.847 W/art     (24774): Attempt to remove local handle scope entry from IRT, ignoring
05-25 09:02:20.867 I/Choreographer(24774): Skipped 39 frames!  The application may be doing too much work on its main thread.
05-25 09:02:20.967 I/Timeline( 1015): Timeline: App_transition_ready time:166751306
05-25 09:02:20.977 I/Timeline( 1015): Timeline: App_transition_ready time:166751313
05-25 09:02:21.037 I/MobclickAgent(24774): receive:Event(name:MIPUSH_V1, properties:{MIPUSH_V1=<bh string_value:dk_push_success>}, acc:1, ts:1464138141045)
05-25 09:02:21.057 I/logger  (24774): [EVENT][nav]handle an intent(action: android.intent.action.VIEW, uri: file:///storage/emulated/0/mmbang/log/crash_2016_05_24_21_05.log) //@Thread[main,5,main], 2016-05-25 09:02:21.063
05-25 09:02:21.067 W/Toast   (24774): From com.duokan.reader, go ahead.
05-25 09:02:21.077 I/Timeline( 1015): Timeline: App_transition_ready time:166751417
05-25 09:02:21.147 I/Timeline( 1015): Timeline: App_transition_ready time:166751481
05-25 09:02:21.147 D/PowerKeeperEventLogManager( 2287): updatestatusbar value 0x40
05-25 09:02:21.147 D/PhoneStatusBar( 1429): disable: 0x00000000 -> 0x00000040 (diff: 0x00000040)
05-25 09:02:21.147 D/PhoneStatusBar( 1429): disable: < expand icons alerts ticker system_info back home recent clock full hide keyguard >
05-25 09:02:21.157 I/ActivityManager( 1015): Displayed com.duokan.reader/.DkMainActivity: +1s678ms
05-25 09:02:21.157 I/Timeline( 1015): Timeline: Activity_windows_visible id: ActivityRecord{2b9df244 u0 com.duokan.reader/.DkMainActivity t4114} time:166751490
05-25 09:02:21.157 I/Timeline( 1015): Timeline: App_transition_stopped time:166751498
05-25 09:02:21.167 W/System.err( 3413): java.lang.ArrayIndexOutOfBoundsException: length=58; index=60
05-25 09:02:21.167 W/System.err( 3413): 	at com.lbe.security.service.provider.internal.AppOpsAdapter$1.getDefaultOp(AppOpsAdapter.java:279)
05-25 09:02:21.167 W/System.err( 3413): 	at com.android.internal.app.IOpsCallback$Stub.onTransact(IOpsCallback.java:68)
05-25 09:02:21.167 W/System.err( 3413): 	at android.os.Binder.execTransact(Binder.java:446)
05-25 09:02:21.217 W/chromium(24774): [WARNING:simple_index_file.cc(337)] Could not map Simple Index file.
05-25 09:02:21.217 D/DnsFallback(  432): query: www.duokan.com
05-25 09:02:21.297 W/System.err( 3413): java.lang.ArrayIndexOutOfBoundsException: length=58; index=58
05-25 09:02:21.297 W/System.err( 3413): 	at com.lbe.security.service.provider.internal.AppOpsAdapter$1.getDefaultOp(AppOpsAdapter.java:279)
05-25 09:02:21.297 W/System.err( 3413): 	at com.android.internal.app.IOpsCallback$Stub.onTransact(IOpsCallback.java:68)
05-25 09:02:21.297 W/System.err( 3413): 	at android.os.Binder.execTransact(Binder.java:446)
05-25 09:02:21.407 D/DnsFallback(  432): query: www.duokan.com
05-25 09:02:21.647 D/wpa_supplicant( 1423): wlan0: Control interface command 'SIGNAL_POLL'
05-25 09:02:21.707 I/MSM-irqbalance(  522): Decided to move IRQ216 from CPU0 to CPU3
05-25 09:02:21.747 W/System.err( 3413): java.lang.ArrayIndexOutOfBoundsException: length=58; index=58
05-25 09:02:21.747 W/System.err( 3413): 	at com.lbe.security.service.provider.internal.AppOpsAdapter$1.getDefaultOp(AppOpsAdapter.java:279)
05-25 09:02:21.747 W/System.err( 3413): 	at com.android.internal.app.IOpsCallback$Stub.onTransact(IOpsCallback.java:68)
05-25 09:02:21.747 W/System.err( 3413): 	at android.os.Binder.execTransact(Binder.java:446)
05-25 09:02:21.827 I/logger  (24774): [INFO][webview]Call native: {"0":"getClientInfo"}(src: https://www.duokan.com/www/duokan-phone-v2/dV8FJgOi.js, line: 1) //@Thread[main,5,main], 2016-05-25 09:02:21.832
05-25 09:02:21.827 I/chromium(24774): [INFO:CONSOLE(1)] "Call native: {"0":"getClientInfo"}", source: https://www.duokan.com/www/duokan-phone-v2/dV8FJgOi.js (1)
05-25 09:02:21.907 I/logger  (24774): [INFO][webview]Call native: {"0":"isWifiConnected"}(src: https://www.duokan.com/www/duokan-phone-v2/dV8FJgOi.js, line: 1) //@Thread[main,5,main], 2016-05-25 09:02:21.914
05-25 09:02:21.907 I/chromium(24774): [INFO:CONSOLE(1)] "Call native: {"0":"isWifiConnected"}", source: https://www.duokan.com/www/duokan-phone-v2/dV8FJgOi.js (1)
05-25 09:02:21.987 I/logger  (24774): [INFO][webview]Call native: {"0":"isMiui"}(src: https://www.duokan.com/www/duokan-phone-v2/dV8FJgOi.js, line: 1) //@Thread[main,5,main], 2016-05-25 09:02:21.996
05-25 09:02:21.987 I/chromium(24774): [INFO:CONSOLE(1)] "Call native: {"0":"isMiui"}", source: https://www.duokan.com/www/duokan-phone-v2/dV8FJgOi.js (1)
05-25 09:02:22.077 I/logger  (24774): [INFO][webview]Call native: {"0":"setListener","1":"wakeUp"}(src: https://www.duokan.com/www/duokan-phone-v2/dV8FJgOi.js, line: 1) //@Thread[main,5,main], 2016-05-25 09:02:22.082
05-25 09:02:22.077 I/chromium(24774): [INFO:CONSOLE(1)] "Call native: {"0":"setListener","1":"wakeUp"}", source: https://www.duokan.com/www/duokan-phone-v2/dV8FJgOi.js (1)
05-25 09:02:22.177 I/logger  (24774): [INFO][webview]Call native: {"0":"removeListener","1":"backPressed"}(src: https://www.duokan.com/www/duokan-phone-v2/dV8FJgOi.js, line: 1) //@Thread[main,5,main], 2016-05-25 09:02:22.184
05-25 09:02:22.177 I/chromium(24774): [INFO:CONSOLE(1)] "Call native: {"0":"removeListener","1":"backPressed"}", source: https://www.duokan.com/www/duokan-phone-v2/dV8FJgOi.js (1)
05-25 09:02:22.247 I/logger  (24774): [INFO][webview]Call native: {"0":"setTitle","1":""}(src: https://www.duokan.com/www/duokan-phone-v2/dV8FJgOi.js, line: 1) //@Thread[main,5,main], 2016-05-25 09:02:22.247
05-25 09:02:22.247 I/chromium(24774): [INFO:CONSOLE(1)] "Call native: {"0":"setTitle","1":""}", source: https://www.duokan.com/www/duokan-phone-v2/dV8FJgOi.js (1)
05-25 09:02:22.307 W/System.err( 3413): java.lang.ArrayIndexOutOfBoundsException: length=58; index=58
05-25 09:02:22.307 W/System.err( 3413): 	at com.lbe.security.service.provider.internal.AppOpsAdapter$1.getDefaultOp(AppOpsAdapter.java:279)
05-25 09:02:22.307 W/System.err( 3413): 	at com.android.internal.app.IOpsCallback$Stub.onTransact(IOpsCallback.java:68)
05-25 09:02:22.307 W/System.err( 3413): 	at android.os.Binder.execTransact(Binder.java:446)
05-25 09:02:22.307 I/logger  (24774): [INFO][webview]Call native: {"0":"getClientInfo"}(src: https://www.duokan.com/www/duokan-phone-v2/dV8FJgOi.js, line: 1) //@Thread[main,5,main], 2016-05-25 09:02:22.317
05-25 09:02:22.307 I/chromium(24774): [INFO:CONSOLE(1)] "Call native: {"0":"getClientInfo"}", source: https://www.duokan.com/www/duokan-phone-v2/dV8FJgOi.js (1)
05-25 09:02:22.337 I/XiaomiFirewall( 1624): firewall pkgName:com.duokan.reader, result:0
05-25 09:02:22.347 I/logger  (24774): [INFO][webview]Call native: {"0":"setUserType","1":2}(src: https://www.duokan.com/www/duokan-phone-v2/dV8FJgOi.js, line: 1) //@Thread[main,5,main], 2016-05-25 09:02:22.351
05-25 09:02:22.347 I/chromium(24774): [INFO:CONSOLE(1)] "Call native: {"0":"setUserType","1":2}", source: https://www.duokan.com/www/duokan-phone-v2/dV8FJgOi.js (1)
05-25 09:02:22.417 D/com.duokan.reader.ui.general.web.fs(24774): buildCallbackResult
05-25 09:02:22.507 I/logger  (24774): [INFO][webview]Call native: {"0":"getClientInfo"}(src: https://www.duokan.com/www/duokan-phone-v2/dV8FJgOi.js, line: 1) //@Thread[main,5,main], 2016-05-25 09:02:22.517
05-25 09:02:22.507 I/chromium(24774): [INFO:CONSOLE(1)] "Call native: {"0":"getClientInfo"}", source: https://www.duokan.com/www/duokan-phone-v2/dV8FJgOi.js (1)
05-25 09:02:22.537 W/UnimplementedWebViewApi(24774): Unimplemented WebView method onKeyDown called from: android.webkit.WebView.onKeyDown(WebView.java:2307)
05-25 09:02:22.587 W/Toast   (24774): From com.duokan.reader, go ahead.
05-25 09:02:22.607 D/DnsFallback(  432): query: image.read.duokan.com
05-25 09:02:22.607 I/logger  (24774): [INFO][webview]The page at 'https://www.duokan.com/hs/market' was loaded over HTTPS, but displayed insecure content from 'http://image.read.duokan.com/mfsv2/download/fdsc3/p01v3hgBgMWH/IYDOD2IsdxKmWD.jpg': this content should also be loaded over HTTPS.
05-25 09:02:22.607 I/logger  (24774): (src: https://www.duokan.com/hs/market, line: 0) //@Thread[main,5,main], 2016-05-25 09:02:22.615
05-25 09:02:22.607 I/chromium(24774): [INFO:CONSOLE(0)] "The page at 'https://www.duokan.com/hs/market' was loaded over HTTPS, but displayed insecure content from 'http://image.read.duokan.com/mfsv2/download/fdsc3/p01v3hgBgMWH/IYDOD2IsdxKmWD.jpg': this content should also be loaded over HTTPS.
05-25 09:02:22.607 I/chromium(24774): ", source: https://www.duokan.com/hs/market (0)
05-25 09:02:22.607 I/logger  (24774): [INFO][webview]The page at 'https://www.duokan.com/hs/market' was loaded over HTTPS, but displayed insecure content from 'http://image.read.duokan.com/mfsv2/download/fdsc3/p01Htj7DFoN7/h83LYFndncL9Xz.jpg': this content should also be loaded over HTTPS.
05-25 09:02:22.607 I/logger  (24774): (src: https://www.duokan.com/hs/market, line: 0) //@Thread[main,5,main], 2016-05-25 09:02:22.616
05-25 09:02:22.607 I/chromium(24774): [INFO:CONSOLE(0)] "The page at 'https://www.duokan.com/hs/market' was loaded over HTTPS, but displayed insecure content from 'http://image.read.duokan.com/mfsv2/download/fdsc3/p01Htj7DFoN7/h83LYFndncL9Xz.jpg': this content should also be loaded over HTTPS.
05-25 09:02:22.607 I/chromium(24774): ", source: https://www.duokan.com/hs/market (0)
05-25 09:02:22.627 I/logger  (24774): [INFO][webview]The page at 'https://www.duokan.com/hs/market' was loaded over HTTPS, but displayed insecure content from 'http://image.read.duokan.com/mfsv2/download/s010/p01pz5NtyRI0/2ENONnvOg23NXM.png': this content should also be loaded over HTTPS.
05-25 09:02:22.627 I/logger  (24774): (src: https://www.duokan.com/hs/market, line: 0) //@Thread[main,5,main], 2016-05-25 09:02:22.632
05-25 09:02:22.627 I/chromium(24774): [INFO:CONSOLE(0)] "The page at 'https://www.duokan.com/hs/market' was loaded over HTTPS, but displayed insecure content from 'http://image.read.duokan.com/mfsv2/download/s010/p01pz5NtyRI0/2ENONnvOg23NXM.png': this content should also be loaded over HTTPS.
05-25 09:02:22.627 I/chromium(24774): ", source: https://www.duokan.com/hs/market (0)
05-25 09:02:22.627 I/logger  (24774): [INFO][webview]The page at 'https://www.duokan.com/hs/market' was loaded over HTTPS, but displayed insecure content from 'http://image.read.duokan.com/mfsv2/download/s010/p010kK7M5VyH/8kPz9nKvRXyu1k.png': this content should also be loaded over HTTPS.
05-25 09:02:22.627 I/logger  (24774): (src: https://www.duokan.com/hs/market, line: 0) //@Thread[main,5,main], 2016-05-25 09:02:22.632
05-25 09:02:22.627 I/chromium(24774): [INFO:CONSOLE(0)] "The page at 'https://www.duokan.com/hs/market' was loaded over HTTPS, but displayed insecure content from 'http://image.read.duokan.com/mfsv2/download/s010/p010kK7M5VyH/8kPz9nKvRXyu1k.png': this content should also be loaded over HTTPS.
05-25 09:02:22.627 I/chromium(24774): ", source: https://www.duokan.com/hs/market (0)
05-25 09:02:22.627 I/logger  (24774): [INFO][webview]The page at 'https://www.duokan.com/hs/market' was loaded over HTTPS, but displayed insecure content from 'http://image.read.duokan.com/mfsv2/download/s010/p01lq7mbkaEJ/OGlv1em8buXDgB.png': this content should also be loaded over HTTPS.
05-25 09:02:22.627 I/logger  (24774): (src: https://www.duokan.com/hs/market, line: 0) //@Thread[main,5,main], 2016-05-25 09:02:22.633
05-25 09:02:22.627 I/chromium(24774): [INFO:CONSOLE(0)] "The page at 'https://www.duokan.com/hs/market' was loaded over HTTPS, but displayed insecure content from 'http://image.read.duokan.com/mfsv2/download/s010/p01lq7mbkaEJ/OGlv1em8buXDgB.png': this content should also be loaded over HTTPS.
05-25 09:02:22.627 I/chromium(24774): ", source: https://www.duokan.com/hs/market (0)
05-25 09:02:22.627 I/logger  (24774): [INFO][webview]The page at 'https://www.duokan.com/hs/market' was loaded over HTTPS, but displayed insecure content from 'http://image.read.duokan.com/mfsv2/download/s010/p01LWZmXGCpy/aSrSq6Llgt9PqE.png': this content should also be loaded over HTTPS.
05-25 09:02:22.627 I/logger  (24774): (src: https://www.duokan.com/hs/market, line: 0) //@Thread[main,5,main], 2016-05-25 09:02:22.633
05-25 09:02:22.627 I/chromium(24774): [INFO:CONSOLE(0)] "The page at 'https://www.duokan.com/hs/market' was loaded over HTTPS, but displayed insecure content from 'http://image.read.duokan.com/mfsv2/download/s010/p01LWZmXGCpy/aSrSq6Llgt9PqE.png': this content should also be loaded over HTTPS.
05-25 09:02:22.627 I/chromium(24774): ", source: https://www.duokan.com/hs/market (0)
05-25 09:02:22.627 I/logger  (24774): [INFO][webview]The page at 'https://www.duokan.com/hs/market' was loaded over HTTPS, but displayed insecure content from 'http://image.read.duokan.com/mfsv2/download/s010/p01XUgg2kIdq/EQXJ9gbYnEkGKz.png': this content should also be loaded over HTTPS.
05-25 09:02:22.627 I/logger  (24774): (src: https://www.duokan.com/hs/market, line: 0) //@Thread[main,5,main], 2016-05-25 09:02:22.633
05-25 09:02:22.627 I/chromium(24774): [INFO:CONSOLE(0)] "The page at 'https://www.duokan.com/hs/market' was loaded over HTTPS, but displayed insecure content from 'http://image.read.duokan.com/mfsv2/download/s010/p01XUgg2kIdq/EQXJ9gbYnEkGKz.png': this content should also be loaded over HTTPS.
05-25 09:02:22.627 I/chromium(24774): ", source: https://www.duokan.com/hs/market (0)
05-25 09:02:22.657 I/logger  (24774): [INFO][webview]The page at 'https://www.duokan.com/hs/market' was loaded over HTTPS, but displayed insecure content from 'http://image.read.duokan.com/mfsv2/download/fdsc3/p01uHA58wujy/1iF2TaSLOcnKZK.png': this content should also be loaded over HTTPS.
05-25 09:02:22.657 I/logger  (24774): (src: https://www.duokan.com/hs/market, line: 0) //@Thread[main,5,main], 2016-05-25 09:02:22.665
05-25 09:02:22.657 I/chromium(24774): [INFO:CONSOLE(0)] "The page at 'https://www.duokan.com/hs/market' was loaded over HTTPS, but displayed insecure content from 'http://image.read.duokan.com/mfsv2/download/fdsc3/p01uHA58wujy/1iF2TaSLOcnKZK.png': this content should also be loaded over HTTPS.
05-25 09:02:22.657 I/chromium(24774): ", source: https://www.duokan.com/hs/market (0)
05-25 09:02:22.677 I/logger  (24774): [INFO][webview]The page at 'https://www.duokan.com/hs/market' was loaded over HTTPS, but displayed insecure content from 'http://image.read.duokan.com/mfsv2/download/fdsc3/p01v3hgBgMWH/IYDOD2IsdxKmWD.jpg': this content should also be loaded over HTTPS.
05-25 09:02:22.677 I/logger  (24774): (src: https://www.duokan.com/hs/market, line: 0) //@Thread[main,5,main], 2016-05-25 09:02:22.680
05-25 09:02:22.677 I/chromium(24774): [INFO:CONSOLE(0)] "The page at 'https://www.duokan.com/hs/market' was loaded over HTTPS, but displayed insecure content from 'http://image.read.duokan.com/mfsv2/download/fdsc3/p01v3hgBgMWH/IYDOD2IsdxKmWD.jpg': this content should also be loaded over HTTPS.
05-25 09:02:22.677 I/chromium(24774): ", source: https://www.duokan.com/hs/market (0)
05-25 09:02:22.677 I/logger  (24774): [INFO][webview]The page at 'https://www.duokan.com/hs/market' was loaded over HTTPS, but displayed insecure content from 'http://image.read.duokan.com/mfsv2/download/fdsc3/p01Htj7DFoN7/h83LYFndncL9Xz.jpg': this content should also be loaded over HTTPS.
05-25 09:02:22.677 I/logger  (24774): (src: https://www.duokan.com/hs/market, line: 0) //@Thread[main,5,main], 2016-05-25 09:02:22.681
05-25 09:02:22.677 I/chromium(24774): [INFO:CONSOLE(0)] "The page at 'https://www.duokan.com/hs/market' was loaded over HTTPS, but displayed insecure content from 'http://image.read.duokan.com/mfsv2/download/fdsc3/p01Htj7DFoN7/h83LYFndncL9Xz.jpg': this content should also be loaded over HTTPS.
05-25 09:02:22.677 I/chromium(24774): ", source: https://www.duokan.com/hs/market (0)
05-25 09:02:22.697 I/logger  (24774): [INFO][webview]parse(src: https://www.duokan.com/www/duokan-phone-v2/dV8FJgOi.js, line: 1) //@Thread[main,5,main], 2016-05-25 09:02:22.698
05-25 09:02:22.697 I/chromium(24774): [INFO:CONSOLE(1)] "parse", source: https://www.duokan.com/www/duokan-phone-v2/dV8FJgOi.js (1)
05-25 09:02:22.707 I/logger  (24774): [INFO][webview]Call native: {"0":"pageLoading","1":true}(src: https://www.duokan.com/www/duokan-phone-v2/dV8FJgOi.js, line: 1) //@Thread[main,5,main], 2016-05-25 09:02:22.715
05-25 09:02:22.707 I/chromium(24774): [INFO:CONSOLE(1)] "Call native: {"0":"pageLoading","1":true}", source: https://www.duokan.com/www/duokan-phone-v2/dV8FJgOi.js (1)
05-25 09:02:22.727 I/Timeline(24774): Timeline: Activity_idle id: android.os.BinderProxy@facb49f time:166753063
05-25 09:02:22.887 I/logger  (24774): [INFO][webview]Call native: {"0":"pageLoading","1":false}(src: https://www.duokan.com/www/duokan-phone-v2/dV8FJgOi.js, line: 1) //@Thread[main,5,main], 2016-05-25 09:02:22.895
05-25 09:02:22.887 I/chromium(24774): [INFO:CONSOLE(1)] "Call native: {"0":"pageLoading","1":false}", source: https://www.duokan.com/www/duokan-phone-v2/dV8FJgOi.js (1)
05-25 09:02:22.907 I/logger  (24774): [INFO][webview]Call native: {"0":"pageLoading","1":false}(src: https://www.duokan.com/www/duokan-phone-v2/dV8FJgOi.js, line: 1) //@Thread[main,5,main], 2016-05-25 09:02:22.910
05-25 09:02:22.907 I/chromium(24774): [INFO:CONSOLE(1)] "Call native: {"0":"pageLoading","1":false}", source: https://www.duokan.com/www/duokan-phone-v2/dV8FJgOi.js (1)
05-25 09:02:22.907 D/DnsFallback(  432): query: update.duokan.com
05-25 09:02:22.947 I/logger  (24774): [INFO][webview]The page at 'https://www.duokan.com/hs/market' was loaded over HTTPS, but displayed insecure content from 'http://image.read.duokan.com/mfsv2/download/fdsc3/p011y6Io3c2t/qNGsLXrD6VFYcb.jpg': this content should also be loaded over HTTPS.
05-25 09:02:22.947 I/logger  (24774): (src: https://www.duokan.com/hs/market, line: 0) //@Thread[main,5,main], 2016-05-25 09:02:22.949
05-25 09:02:22.947 I/chromium(24774): [INFO:CONSOLE(0)] "The page at 'https://www.duokan.com/hs/market' was loaded over HTTPS, but displayed insecure content from 'http://image.read.duokan.com/mfsv2/download/fdsc3/p011y6Io3c2t/qNGsLXrD6VFYcb.jpg': this content should also be loaded over HTTPS.
05-25 09:02:22.947 I/chromium(24774): ", source: https://www.duokan.com/hs/market (0)
05-25 09:02:22.957 I/logger  (24774): [INFO][webview]The page at 'https://www.duokan.com/hs/market' was loaded over HTTPS, but displayed insecure content from 'http://image.read.duokan.com/mfsv2/download/fdsc3/p01bwjYkVnzH/2gsHRbRzDYGp8a.jpg': this content should also be loaded over HTTPS.
05-25 09:02:22.957 I/logger  (24774): (src: https://www.duokan.com/hs/market, line: 0) //@Thread[main,5,main], 2016-05-25 09:02:22.964
05-25 09:02:22.957 I/chromium(24774): [INFO:CONSOLE(0)] "The page at 'https://www.duokan.com/hs/market' was loaded over HTTPS, but displayed insecure content from 'http://image.read.duokan.com/mfsv2/download/fdsc3/p01bwjYkVnzH/2gsHRbRzDYGp8a.jpg': this content should also be loaded over HTTPS.
05-25 09:02:22.957 I/chromium(24774): ", source: https://www.duokan.com/hs/market (0)
05-25 09:02:22.957 I/logger  (24774): [INFO][webview]The page at 'https://www.duokan.com/hs/market' was loaded over HTTPS, but displayed insecure content from 'http://image.read.duokan.com/mfsv2/download/fdsc3/p01pom9AxB7j/p5hFiIRLrLoTV6.jpg': this content should also be loaded over HTTPS.
05-25 09:02:22.957 I/logger  (24774): (src: https://www.duokan.com/hs/market, line: 0) //@Thread[main,5,main], 2016-05-25 09:02:22.965
05-25 09:02:22.957 I/chromium(24774): [INFO:CONSOLE(0)] "The page at 'https://www.duokan.com/hs/market' was loaded over HTTPS, but displayed insecure content from 'http://image.read.duokan.com/mfsv2/download/fdsc3/p01pom9AxB7j/p5hFiIRLrLoTV6.jpg': this content should also be loaded over HTTPS.
05-25 09:02:22.957 I/chromium(24774): ", source: https://www.duokan.com/hs/market (0)
05-25 09:02:22.957 I/logger  (24774): [INFO][webview]The page at 'https://www.duokan.com/hs/market' was loaded over HTTPS, but displayed insecure content from 'http://image.read.duokan.com/mfsv2/download/fdsc3/p01y6bTVjAWv/kCDUgiwFmprNq3.jpg': this content should also be loaded over HTTPS.
05-25 09:02:22.957 I/logger  (24774): (src: https://www.duokan.com/hs/market, line: 0) //@Thread[main,5,main], 2016-05-25 09:02:22.965
05-25 09:02:22.957 I/chromium(24774): [INFO:CONSOLE(0)] "The page at 'https://www.duokan.com/hs/market' was loaded over HTTPS, but displayed insecure content from 'http://image.read.duokan.com/mfsv2/download/fdsc3/p01y6bTVjAWv/kCDUgiwFmprNq3.jpg': this content should also be loaded over HTTPS.
05-25 09:02:22.957 I/chromium(24774): ", source: https://www.duokan.com/hs/market (0)
05-25 09:02:22.957 I/logger  (24774): [INFO][webview]Call native: {"0":"queryBook","1":"c25da93b633b443fa3485e8d0ece27a4"}(src: https://www.duokan.com/www/duokan-phone-v2/dV8FJgOi.js, line: 1) //@Thread[main,5,main], 2016-05-25 09:02:22.965
05-25 09:02:22.957 I/chromium(24774): [INFO:CONSOLE(1)] "Call native: {"0":"queryBook","1":"c25da93b633b443fa3485e8d0ece27a4"}", source: https://www.duokan.com/www/duokan-phone-v2/dV8FJgOi.js (1)
05-25 09:02:23.047 I/logger  (24774): [INFO][webview]Call native: {"0":"pageLoading","1":false}(src: https://www.duokan.com/www/duokan-phone-v2/dV8FJgOi.js, line: 1) //@Thread[main,5,main], 2016-05-25 09:02:23.050
05-25 09:02:23.047 I/chromium(24774): [INFO:CONSOLE(1)] "Call native: {"0":"pageLoading","1":false}", source: https://www.duokan.com/www/duokan-phone-v2/dV8FJgOi.js (1)
05-25 09:02:23.157 I/logger  (24774): [INFO][webview]Call native: {"0":"pageLoading","1":false}(src: https://www.duokan.com/www/duokan-phone-v2/dV8FJgOi.js, line: 1) //@Thread[main,5,main], 2016-05-25 09:02:23.165
05-25 09:02:23.157 I/chromium(24774): [INFO:CONSOLE(1)] "Call native: {"0":"pageLoading","1":false}", source: https://www.duokan.com/www/duokan-phone-v2/dV8FJgOi.js (1)
05-25 09:02:23.187 I/chromium(24774): [INFO:SkUtilsArm.cpp(179)] Device supports ARM NEON instructions!
05-25 09:02:23.187 I/chromium(24774): 
05-25 09:02:23.197 D/DnsFallback(  432): query: cover.read.duokan.com
05-25 09:02:23.207 I/logger  (24774): [INFO][webview]The page at 'https://www.duokan.com/hs/market' was loaded over HTTPS, but displayed insecure content from 'http://cover.read.duokan.com/mfsv2/download/fdsc3/p018JfdElmhO/t2ONlAR9bY2Yo3.jpg!s': this content should also be loaded over HTTPS.
05-25 09:02:23.207 I/logger  (24774): (src: https://www.duokan.com/hs/market, line: 0) //@Thread[main,5,main], 2016-05-25 09:02:23.210
05-25 09:02:23.207 I/chromium(24774): [INFO:CONSOLE(0)] "The page at 'https://www.duokan.com/hs/market' was loaded over HTTPS, but displayed insecure content from 'http://cover.read.duokan.com/mfsv2/download/fdsc3/p018JfdElmhO/t2ONlAR9bY2Yo3.jpg!s': this content should also be loaded over HTTPS.
05-25 09:02:23.207 I/chromium(24774): ", source: https://www.duokan.com/hs/market (0)
05-25 09:02:23.207 I/logger  (24774): [INFO][webview]The page at 'https://www.duokan.com/hs/market' was loaded over HTTPS, but displayed insecure content from 'http://cover.read.duokan.com/mfsv2/download/fdsc3/p01cddGxv70C/OGOVj4Q6BJGxJn.jpg!s': this content should also be loaded over HTTPS.
05-25 09:02:23.207 I/logger  (24774): (src: https://www.duokan.com/hs/market, line: 0) //@Thread[main,5,main], 2016-05-25 09:02:23.215
05-25 09:02:23.207 I/chromium(24774): [INFO:CONSOLE(0)] "The page at 'https://www.duokan.com/hs/market' was loaded over HTTPS, but displayed insecure content from 'http://cover.read.duokan.com/mfsv2/download/fdsc3/p01cddGxv70C/OGOVj4Q6BJGxJn.jpg!s': this content should also be loaded over HTTPS.
05-25 09:02:23.207 I/chromium(24774): ", source: https://www.duokan.com/hs/market (0)
05-25 09:02:23.207 I/logger  (24774): [INFO][webview]The page at 'https://www.duokan.com/hs/market' was loaded over HTTPS, but displayed insecure content from 'http://cover.read.duokan.com/mfsv2/download/s010/p01Wp3AS4hlg/jnoBAS50QrgwYb.jpg!s': this content should also be loaded over HTTPS.
05-25 09:02:23.207 I/logger  (24774): (src: https://www.duokan.com/hs/market, line: 0) //@Thread[main,5,main], 2016-05-25 09:02:23.216
05-25 09:02:23.207 I/chromium(24774): [INFO:CONSOLE(0)] "The page at 'https://www.duokan.com/hs/market' was loaded over HTTPS, but displayed insecure content from 'http://cover.read.duokan.com/mfsv2/download/s010/p01Wp3AS4hlg/jnoBAS50QrgwYb.jpg!s': this content should also be loaded over HTTPS.
05-25 09:02:23.207 I/chromium(24774): ", source: https://www.duokan.com/hs/market (0)
05-25 09:02:23.207 I/logger  (24774): [INFO][webview]The page at 'https://www.duokan.com/hs/market' was loaded over HTTPS, but displayed insecure content from 'http://cover.read.duokan.com/mfsv2/download/fdsc3/p014uNsYCnCY/tvsIncdOUDfhOS.jpg!s': this content should also be loaded over HTTPS.
05-25 09:02:23.207 I/logger  (24774): (src: https://www.duokan.com/hs/market, line: 0) //@Thread[main,5,main], 2016-05-25 09:02:23.217
05-25 09:02:23.207 I/chromium(24774): [INFO:CONSOLE(0)] "The page at 'https://www.duokan.com/hs/market' was loaded over HTTPS, but displayed insecure content from 'http://cover.read.duokan.com/mfsv2/download/fdsc3/p014uNsYCnCY/tvsIncdOUDfhOS.jpg!s': this content should also be loaded over HTTPS.
05-25 09:02:23.207 I/chromium(24774): ", source: https://www.duokan.com/hs/market (0)
05-25 09:02:23.207 I/logger  (24774): [INFO][webview]The page at 'https://www.duokan.com/hs/market' was loaded over HTTPS, but displayed insecure content from 'http://cover.read.duokan.com/mfsv2/download/fdsc3/p01cDPdIDeKk/O5zxc568FVlvrd.jpg!s': this content should also be loaded over HTTPS.
05-25 09:02:23.207 I/logger  (24774): (src: https://www.duokan.com/hs/market, line: 0) //@Thread[main,5,main], 2016-05-25 09:02:23.217
05-25 09:02:23.207 I/chromium(24774): [INFO:CONSOLE(0)] "The page at 'https://www.duokan.com/hs/market' was loaded over HTTPS, but displayed insecure content from 'http://cover.read.duokan.com/mfsv2/download/fdsc3/p01cDPdIDeKk/O5zxc568FVlvrd.jpg!s': this content should also be loaded over HTTPS.
05-25 09:02:23.207 I/chromium(24774): ", source: https://www.duokan.com/hs/market (0)
05-25 09:02:23.217 I/logger  (24774): [INFO][webview]The page at 'https://www.duokan.com/hs/market' was loaded over HTTPS, but displayed insecure content from 'http://cover.read.duokan.com/mfsv2/download/fdsc3/p01UOMaDgXw2/DXtAcmLVJrDG8n.jpg!s': this content should also be loaded over HTTPS.
05-25 09:02:23.217 I/logger  (24774): (src: https://www.duokan.com/hs/market, line: 0) //@Thread[main,5,main], 2016-05-25 09:02:23.218
05-25 09:02:23.217 I/chromium(24774): [INFO:CONSOLE(0)] "The page at 'https://www.duokan.com/hs/market' was loaded over HTTPS, but displayed insecure content from 'http://cover.read.duokan.com/mfsv2/download/fdsc3/p01UOMaDgXw2/DXtAcmLVJrDG8n.jpg!s': this content should also be loaded over HTTPS.
05-25 09:02:23.217 I/chromium(24774): ", source: https://www.duokan.com/hs/market (0)
05-25 09:02:23.217 I/logger  (24774): [INFO][webview]The page at 'https://www.duokan.com/hs/market' was loaded over HTTPS, but displayed insecure content from 'http://cover.read.duokan.com/mfsv2/download/fdsc3/p01wUV3X5HSe/35glogHvoA9FQY.jpg!s': this content should also be loaded over HTTPS.
05-25 09:02:23.217 I/logger  (24774): (src: https://www.duokan.com/hs/market, line: 0) //@Thread[main,5,main], 2016-05-25 09:02:23.219
05-25 09:02:23.217 I/chromium(24774): [INFO:CONSOLE(0)] "The page at 'https://www.duokan.com/hs/market' was loaded over HTTPS, but displayed insecure content from 'http://cover.read.duokan.com/mfsv2/download/fdsc3/p01wUV3X5HSe/35glogHvoA9FQY.jpg!s': this content should also be loaded over HTTPS.
05-25 09:02:23.217 I/chromium(24774): ", source: https://www.duokan.com/hs/market (0)
05-25 09:02:23.327 W/System.err( 3413): java.lang.ArrayIndexOutOfBoundsException: length=58; index=58
05-25 09:02:23.327 W/System.err( 3413): 	at com.lbe.security.service.provider.internal.AppOpsAdapter$1.getDefaultOp(AppOpsAdapter.java:279)
05-25 09:02:23.327 W/System.err( 3413): 	at com.android.internal.app.IOpsCallback$Stub.onTransact(IOpsCallback.java:68)
05-25 09:02:23.327 W/System.err( 3413): 	at android.os.Binder.execTransact(Binder.java:446)
05-25 09:02:23.557 W/UnimplementedWebViewApi(24774): Unimplemented WebView method onKeyDown called from: android.webkit.WebView.onKeyDown(WebView.java:2307)
05-25 09:02:23.697 D/PowerKeeperEventLogManager( 2287): notifyForegroundCompomentChanged ComponentInfo{com.android.fileexplorer/com.android.fileexplorer.FileExplorerTabActivity}
05-25 09:02:23.697 I/Timeline( 1015): Timeline: App_transition_ready time:166754037
05-25 09:02:23.707 I/Timeline( 1015): Timeline: App_transition_ready time:166754044
05-25 09:02:23.717 I/Timeline( 1015): Timeline: App_transition_ready time:166754050
05-25 09:02:23.717 I/Analytics(24228): start session(com.android.fileexplorer)
05-25 09:02:23.717 I/Analytics(24228): end session(com.android.fileexplorer)
05-25 09:02:23.727 I/Analytics(24228): start session(com.android.fileexplorer)
05-25 09:02:23.737 I/Analytics(24228): end session(com.android.fileexplorer)
05-25 09:02:23.747 D/PowerKeeperEventLogManager( 2287): updatestatusbar value 0x0
05-25 09:02:23.747 D/PhoneStatusBar( 1429): disable: 0x00000040 -> 0x00000000 (diff: 0x00000040)
05-25 09:02:23.747 D/PhoneStatusBar( 1429): disable: < expand icons alerts ticker system_info back home recent clock full hide keyguard >
05-25 09:02:23.747 I/Timeline( 1015): Timeline: App_transition_ready time:166754085
05-25 09:02:23.767 V/FileExplorer(24228): FileViewFragment 30ms in refreshing /storage/emulated/0/mmbang/log
05-25 09:02:23.767 W/IInputConnectionWrapper(24774): showStatusIcon on inactive InputConnection
05-25 09:02:23.787 I/Timeline( 1015): Timeline: App_transition_ready time:166754124
05-25 09:02:23.787 D/PhoneStatusBar( 1429): disable: 0x00000000 -> 0x00000040 (diff: 0x00000040)
05-25 09:02:23.787 D/PhoneStatusBar( 1429): disable: < expand icons alerts ticker system_info back home recent clock full hide keyguard >
05-25 09:02:23.787 D/PowerKeeperEventLogManager( 2287): updatestatusbar value 0x40
05-25 09:02:23.797 I/Timeline(24228): Timeline: Activity_idle id: android.os.BinderProxy@18409047 time:166754136
05-25 09:02:24.167 V/FileExplorer(24228): FileViewFragment *** up_level path: /storage/emulated/0/mmbang/log
05-25 09:02:24.197 I/XiaomiFirewall( 1624): firewall pkgName:com.duokan.reader, result:0
05-25 09:02:24.227 V/FileExplorer(24228): FileViewFragment 59ms in refreshing /storage/emulated/0/mmbang
05-25 09:02:24.327 W/System.err( 3413): java.lang.ArrayIndexOutOfBoundsException: length=58; index=58
05-25 09:02:24.327 W/System.err( 3413): 	at com.lbe.security.service.provider.internal.AppOpsAdapter$1.getDefaultOp(AppOpsAdapter.java:279)
05-25 09:02:24.327 W/System.err( 3413): 	at com.android.internal.app.IOpsCallback$Stub.onTransact(IOpsCallback.java:68)
05-25 09:02:24.327 W/System.err( 3413): 	at android.os.Binder.execTransact(Binder.java:446)
05-25 09:02:24.547 I/Timeline( 1015): Timeline: Activity_windows_visible id: ActivityRecord{28a765b7 u0 com.android.fileexplorer/.FileExplorerTabActivity t4112} time:166754888
05-25 09:02:24.557 D/SystemAdController( 1997): activity destroyed:ActivityInfo{3f638789 com.duokan.reader.DkMainActivity} not in mAllAppsInLauncher
05-25 09:02:24.567 I/Timeline( 1015): Timeline: App_transition_stopped time:166754907
05-25 09:02:24.657 D/wpa_supplicant( 1423): wlan0: Control interface command 'SIGNAL_POLL'
05-25 09:02:24.687 I/art     (24774): Explicit concurrent mark sweep GC freed 7707(529KB) AllocSpace objects, 3(48KB) LOS objects, 39% free, 22MB/36MB, paused 4.266ms total 123.358ms
05-25 09:02:24.827 W/ScreenOrientationListener(24774): Removing an inexistent observer!
05-25 09:02:25.347 W/System.err( 3413): java.lang.ArrayIndexOutOfBoundsException: length=58; index=58
05-25 09:02:25.347 W/System.err( 3413): 	at com.lbe.security.service.provider.internal.AppOpsAdapter$1.getDefaultOp(AppOpsAdapter.java:279)
05-25 09:02:25.347 W/System.err( 3413): 	at com.android.internal.app.IOpsCallback$Stub.onTransact(IOpsCallback.java:68)
05-25 09:02:25.347 W/System.err( 3413): 	at android.os.Binder.execTransact(Binder.java:446)
05-25 09:02:26.097 I/XiaomiFirewall( 1624): firewall pkgName:com.duokan.reader, result:0
05-25 09:02:26.357 W/System.err( 3413): java.lang.ArrayIndexOutOfBoundsException: length=58; index=58
05-25 09:02:26.357 W/System.err( 3413): 	at com.lbe.security.service.provider.internal.AppOpsAdapter$1.getDefaultOp(AppOpsAdapter.java:279)
05-25 09:02:26.357 W/System.err( 3413): 	at com.android.internal.app.IOpsCallback$Stub.onTransact(IOpsCallback.java:68)
05-25 09:02:26.357 W/System.err( 3413): 	at android.os.Binder.execTransact(Binder.java:446)
05-25 09:02:26.697 D/WhetstoneService( 1822): deal background too Frequently, ingore
05-25 09:02:26.707 I/MSM-irqbalance(  522): Decided to move IRQ222 from CPU0 to CPU3
05-25 09:02:26.707 V/FileExplorer(24228): FileViewFragment 30ms in refreshing /storage/emulated/0/mmbang/log
05-25 09:02:26.797 W/System.err( 3413): java.lang.ArrayIndexOutOfBoundsException: length=58; index=58
05-25 09:02:26.797 W/System.err( 3413): 	at com.lbe.security.service.provider.internal.AppOpsAdapter$1.getDefaultOp(AppOpsAdapter.java:279)
05-25 09:02:26.797 W/System.err( 3413): 	at com.android.internal.app.IOpsCallback$Stub.onTransact(IOpsCallback.java:68)
05-25 09:02:26.797 W/System.err( 3413): 	at android.os.Binder.execTransact(Binder.java:446)
05-25 09:02:26.837 W/System.err( 3413): java.lang.ArrayIndexOutOfBoundsException: length=58; index=58
05-25 09:02:26.837 W/System.err( 3413): 	at com.lbe.security.service.provider.internal.AppOpsAdapter$1.getDefaultOp(AppOpsAdapter.java:279)
05-25 09:02:26.837 W/System.err( 3413): 	at com.android.internal.app.IOpsCallback$Stub.onTransact(IOpsCallback.java:68)
05-25 09:02:26.837 W/System.err( 3413): 	at android.os.Binder.execTransact(Binder.java:446)
05-25 09:02:27.377 W/System.err( 3413): java.lang.ArrayIndexOutOfBoundsException: length=58; index=58
05-25 09:02:27.377 W/System.err( 3413): 	at com.lbe.security.service.provider.internal.AppOpsAdapter$1.getDefaultOp(AppOpsAdapter.java:279)
05-25 09:02:27.377 W/System.err( 3413): 	at com.android.internal.app.IOpsCallback$Stub.onTransact(IOpsCallback.java:68)
