05-25 09:02:00.137 D/DnsFallback(  432): query: 7xl9af.com1.z0.glb.clouddn.com
05-25 09:02:00.577 D/wpa_supplicant( 1423): wlan0: Control interface command 'SIGNAL_POLL'
05-25 09:02:01.077 W/System.err( 3413): java.lang.ArrayIndexOutOfBoundsException: length=58; index=58
05-25 09:02:01.077 W/System.err( 3413): 	at com.lbe.security.service.provider.internal.AppOpsAdapter$1.getDefaultOp(AppOpsAdapter.java:279)
05-25 09:02:01.077 W/System.err( 3413): 	at com.android.internal.app.IOpsCallback$Stub.onTransact(IOpsCallback.java:68)
05-25 09:02:01.077 W/System.err( 3413): 	at android.os.Binder.execTransact(Binder.java:446)
05-25 09:02:01.517 W/System.err( 3413): java.lang.ArrayIndexOutOfBoundsException: length=58; index=58
05-25 09:02:01.517 W/System.err( 3413): 	at com.lbe.security.service.provider.internal.AppOpsAdapter$1.getDefaultOp(AppOpsAdapter.java:279)
05-25 09:02:01.517 W/System.err( 3413): 	at com.android.internal.app.IOpsCallback$Stub.onTransact(IOpsCallback.java:68)
05-25 09:02:01.517 W/System.err( 3413): 	at android.os.Binder.execTransact(Binder.java:446)
05-25 09:02:01.707 I/MSM-irqbalance(  522): Decided to move IRQ240 from CPU0 to CPU1
05-25 09:02:02.087 W/System.err( 3413): java.lang.ArrayIndexOutOfBoundsException: length=58; index=58
05-25 09:02:02.087 W/System.err( 3413): 	at com.lbe.security.service.provider.internal.AppOpsAdapter$1.getDefaultOp(AppOpsAdapter.java:279)
05-25 09:02:02.087 W/System.err( 3413): 	at com.android.internal.app.IOpsCallback$Stub.onTransact(IOpsCallback.java:68)
05-25 09:02:02.087 W/System.err( 3413): 	at android.os.Binder.execTransact(Binder.java:446)
05-25 09:02:03.097 W/System.err( 3413): java.lang.ArrayIndexOutOfBoundsException: length=58; index=58
05-25 09:02:03.097 W/System.err( 3413): 	at com.lbe.security.service.provider.internal.AppOpsAdapter$1.getDefaultOp(AppOpsAdapter.java:279)
05-25 09:02:03.097 W/System.err( 3413): 	at com.android.internal.app.IOpsCallback$Stub.onTransact(IOpsCallback.java:68)
05-25 09:02:03.097 W/System.err( 3413): 	at android.os.Binder.execTransact(Binder.java:446)
05-25 09:02:03.587 D/wpa_supplicant( 1423): wlan0: Control interface command 'SIGNAL_POLL'
05-25 09:02:04.107 W/System.err( 3413): java.lang.ArrayIndexOutOfBoundsException: length=58; index=58
05-25 09:02:04.107 W/System.err( 3413): 	at com.lbe.security.service.provider.internal.AppOpsAdapter$1.getDefaultOp(AppOpsAdapter.java:279)
05-25 09:02:04.107 W/System.err( 3413): 	at com.android.internal.app.IOpsCallback$Stub.onTransact(IOpsCallback.java:68)
05-25 09:02:04.107 W/System.err( 3413): 	at android.os.Binder.execTransact(Binder.java:446)
05-25 09:02:05.117 W/System.err( 3413): java.lang.ArrayIndexOutOfBoundsException: length=58; index=58
05-25 09:02:05.117 W/System.err( 3413): 	at com.lbe.security.service.provider.internal.AppOpsAdapter$1.getDefaultOp(AppOpsAdapter.java:279)
05-25 09:02:05.117 W/System.err( 3413): 	at com.android.internal.app.IOpsCallback$Stub.onTransact(IOpsCallback.java:68)
05-25 09:02:05.117 W/System.err( 3413): 	at android.os.Binder.execTransact(Binder.java:446)
05-25 09:02:06.127 W/System.err( 3413): java.lang.ArrayIndexOutOfBoundsException: length=58; index=58
05-25 09:02:06.127 W/System.err( 3413): 	at com.lbe.security.service.provider.internal.AppOpsAdapter$1.getDefaultOp(AppOpsAdapter.java:279)
05-25 09:02:06.127 W/System.err( 3413): 	at com.android.internal.app.IOpsCallback$Stub.onTransact(IOpsCallback.java:68)
05-25 09:02:06.127 W/System.err( 3413): 	at android.os.Binder.execTransact(Binder.java:446)
05-25 09:02:06.567 W/System.err( 3413): java.lang.ArrayIndexOutOfBoundsException: length=58; index=58
05-25 09:02:06.567 W/System.err( 3413): 	at com.lbe.security.service.provider.internal.AppOpsAdapter$1.getDefaultOp(AppOpsAdapter.java:279)
05-25 09:02:06.567 W/System.err( 3413): 	at com.android.internal.app.IOpsCallback$Stub.onTransact(IOpsCallback.java:68)
05-25 09:02:06.567 W/System.err( 3413): 	at android.os.Binder.execTransact(Binder.java:446)
05-25 09:02:06.597 D/wpa_supplicant( 1423): wlan0: Control interface command 'SIGNAL_POLL'
05-25 09:02:06.707 I/MSM-irqbalance(  522): Decided to move IRQ133 from CPU0 to CPU1
05-25 09:02:06.737 V/FileExplorer(24228): FileViewFragment 91ms in refreshing /storage/emulated/0/mmbang
05-25 09:02:06.757 W/System.err( 3413): java.lang.ArrayIndexOutOfBoundsException: length=58; index=58
05-25 09:02:06.757 W/System.err( 3413): 	at com.lbe.security.service.provider.internal.AppOpsAdapter$1.getDefaultOp(AppOpsAdapter.java:279)
05-25 09:02:06.757 W/System.err( 3413): 	at com.android.internal.app.IOpsCallback$Stub.onTransact(IOpsCallback.java:68)
05-25 09:02:06.757 W/System.err( 3413): 	at android.os.Binder.execTransact(Binder.java:446)
05-25 09:02:07.087 W/IdleConnectionHandler(23914): Removing a connection that never existed!
05-25 09:02:07.097 W/MessageQueue(24977): Handler (cfm) {f6d01e9} sending message to a Handler on a dead thread
05-25 09:02:07.097 W/MessageQueue(24977): java.lang.IllegalStateException: Handler (cfm) {f6d01e9} sending message to a Handler on a dead thread
05-25 09:02:07.097 W/MessageQueue(24977): 	at android.os.MessageQueue.enqueueMessage(MessageQueue.java:325)
05-25 09:02:07.097 W/MessageQueue(24977): 	at android.os.Handler.enqueueMessage(Handler.java:631)
05-25 09:02:07.097 W/MessageQueue(24977): 	at android.os.Handler.sendMessageAtTime(Handler.java:600)
05-25 09:02:07.097 W/MessageQueue(24977): 	at android.os.Handler.sendMessageDelayed(Handler.java:570)
05-25 09:02:07.097 W/MessageQueue(24977): 	at android.os.Handler.sendEmptyMessageDelayed(Handler.java:534)
05-25 09:02:07.097 W/MessageQueue(24977): 	at cfm.handleMessage(360MobileSafe:171)
05-25 09:02:07.097 W/MessageQueue(24977): 	at android.os.Handler.dispatchMessage(Handler.java:102)
05-25 09:02:07.097 W/MessageQueue(24977): 	at android.os.Looper.loop(Looper.java:135)
05-25 09:02:07.097 W/MessageQueue(24977): 	at android.os.HandlerThread.run(HandlerThread.java:61)
05-25 09:02:07.107 D/engine crash check(23813): onDestroy begin
05-25 09:02:07.107 D/engine crash check(23813): onDestroy end
05-25 09:02:07.127 W/System.err( 3413): java.lang.ArrayIndexOutOfBoundsException: length=58; index=58
05-25 09:02:07.127 W/System.err( 3413): 	at com.lbe.security.service.provider.internal.AppOpsAdapter$1.getDefaultOp(AppOpsAdapter.java:279)
05-25 09:02:07.127 W/System.err( 3413): 	at com.android.internal.app.IOpsCallback$Stub.onTransact(IOpsCallback.java:68)
05-25 09:02:07.127 W/System.err( 3413): 	at android.os.Binder.execTransact(Binder.java:446)
05-25 09:02:07.447 W/IdleConnectionHandler(23914): Removing a connection that never existed!
05-25 09:02:08.137 W/System.err( 3413): java.lang.ArrayIndexOutOfBoundsException: length=58; index=58
05-25 09:02:08.137 W/System.err( 3413): 	at com.lbe.security.service.provider.internal.AppOpsAdapter$1.getDefaultOp(AppOpsAdapter.java:279)
05-25 09:02:08.137 W/System.err( 3413): 	at com.android.internal.app.IOpsCallback$Stub.onTransact(IOpsCallback.java:68)
05-25 09:02:08.147 W/System.err( 3413): 	at android.os.Binder.execTransact(Binder.java:446)
05-25 09:02:08.227 V/FileExplorer(24228): FileViewFragment 14ms in refreshing /storage/emulated/0/mmbang/log
05-25 09:02:08.257 I/dex2oat (24686): /system/bin/dex2oat --runtime-arg -classpath --runtime-arg  --instruction-set=arm --instruction-set-features=div,needfix_835769 --runtime-arg -Xrelocate --boot-image=/system/framework/boot.art --dex-file=/data/data/com.qihoo360.mobilesafe/files/com.qihoo360.mobilesafe_report338091027_apm.jar --oat-fd=48 --oat-location=/data/data/com.qihoo360.mobilesafe/files/com.qihoo360.mobilesafe_report338091027_apm.dex --runtime-arg -Xms64m --runtime-arg -Xmx512m
05-25 09:02:08.327 I/dex2oat (24686): dex2oat took 68.424ms (threads: 8)
05-25 09:02:08.357 D/DnsFallback(  432): query: m.s.360.cn
05-25 09:02:08.367 I/XiaomiFirewall( 1624): firewall pkgName:com.qihoo360.mobilesafe, result:0
05-25 09:02:08.667 I/TDLog   (17925): Post data to server...
05-25 09:02:08.687 I/TDLog   (17925): server return success:true
05-25 09:02:09.107 D/engine crash check(23813): exit
05-25 09:02:09.117 E/ws000   (23728): begin call prefClean
05-25 09:02:09.117 E/ws000   (23728): end call prefClean
05-25 09:02:09.127 W/IpcPrefManager(23728): happy, gracefully clean
05-25 09:02:09.127 E/ws000   (23813): begin call prefClean
05-25 09:02:09.137 E/ws000   (23813): end call prefClean
05-25 09:02:09.137 W/IpcPrefManager(23813): happy, gracefully clean
05-25 09:02:09.157 W/System.err( 3413): java.lang.ArrayIndexOutOfBoundsException: length=58; index=58
05-25 09:02:09.157 W/System.err( 3413): 	at com.lbe.security.service.provider.internal.AppOpsAdapter$1.getDefaultOp(AppOpsAdapter.java:279)
05-25 09:02:09.157 W/System.err( 3413): 	at com.android.internal.app.IOpsCallback$Stub.onTransact(IOpsCallback.java:68)
05-25 09:02:09.157 W/System.err( 3413): 	at android.os.Binder.execTransact(Binder.java:446)
05-25 09:02:09.607 D/wpa_supplicant( 1423): wlan0: Control interface command 'SIGNAL_POLL'
05-25 09:02:09.627 I/art     (23728): System.exit called, status: 0
05-25 09:02:09.627 I/AndroidRuntime(23728): VM exiting with result code 0, cleanup skipped.
05-25 09:02:09.637 I/art     (23813): System.exit called, status: 0
05-25 09:02:09.637 I/AndroidRuntime(23813): VM exiting with result code 0, cleanup skipped.
05-25 09:02:10.107 I/XiaomiFirewall( 1624): firewall pkgName:com.qihoo360.mobilesafe, result:0
05-25 09:02:10.177 W/System.err( 3413): java.lang.ArrayIndexOutOfBoundsException: length=58; index=58
05-25 09:02:10.177 W/System.err( 3413): 	at com.lbe.security.service.provider.internal.AppOpsAdapter$1.getDefaultOp(AppOpsAdapter.java:279)
05-25 09:02:10.177 W/System.err( 3413): 	at com.android.internal.app.IOpsCallback$Stub.onTransact(IOpsCallback.java:68)
05-25 09:02:10.177 W/System.err( 3413): 	at android.os.Binder.execTransact(Binder.java:446)
05-25 09:02:10.397 D/DnsFallback(  432): query: m.s.360.cn
05-25 09:02:11.197 W/System.err( 3413): java.lang.ArrayIndexOutOfBoundsException: length=58; index=58
05-25 09:02:11.197 W/System.err( 3413): 	at com.lbe.security.service.provider.internal.AppOpsAdapter$1.getDefaultOp(AppOpsAdapter.java:279)
05-25 09:02:11.197 W/System.err( 3413): 	at com.android.internal.app.IOpsCallback$Stub.onTransact(IOpsCallback.java:68)
05-25 09:02:11.197 W/System.err( 3413): 	at android.os.Binder.execTransact(Binder.java:446)
05-25 09:02:11.607 W/System.err( 3413): java.lang.ArrayIndexOutOfBoundsException: length=58; index=58
05-25 09:02:11.617 W/System.err( 3413): 	at com.lbe.security.service.provider.internal.AppOpsAdapter$1.getDefaultOp(AppOpsAdapter.java:279)
05-25 09:02:11.617 W/System.err( 3413): 	at com.android.internal.app.IOpsCallback$Stub.onTransact(IOpsCallback.java:68)
05-25 09:02:11.617 W/System.err( 3413): 	at android.os.Binder.execTransact(Binder.java:446)
05-25 09:02:11.707 I/MSM-irqbalance(  522): Decided to move IRQ215 from CPU0 to CPU1
05-25 09:02:12.207 W/System.err( 3413): java.lang.ArrayIndexOutOfBoundsException: length=58; index=58
05-25 09:02:12.207 W/System.err( 3413): 	at com.lbe.security.service.provider.internal.AppOpsAdapter$1.getDefaultOp(AppOpsAdapter.java:279)
05-25 09:02:12.207 W/System.err( 3413): 	at com.android.internal.app.IOpsCallback$Stub.onTransact(IOpsCallback.java:68)
05-25 09:02:12.207 W/System.err( 3413): 	at android.os.Binder.execTransact(Binder.java:446)
05-25 09:02:12.617 D/wpa_supplicant( 1423): wlan0: Control interface command 'SIGNAL_POLL'
05-25 09:02:12.947 I/Analytics(24228): start session(com.android.fileexplorer)
05-25 09:02:12.947 I/Analytics(24228): end session(com.android.fileexplorer)
05-25 09:02:13.217 W/System.err( 3413): java.lang.ArrayIndexOutOfBoundsException: length=58; index=58
05-25 09:02:13.217 W/System.err( 3413): 	at com.lbe.security.service.provider.internal.AppOpsAdapter$1.getDefaultOp(AppOpsAdapter.java:279)
05-25 09:02:13.217 W/System.err( 3413): 	at com.android.internal.app.IOpsCallback$Stub.onTransact(IOpsCallback.java:68)
05-25 09:02:13.217 W/System.err( 3413): 	at android.os.Binder.execTransact(Binder.java:446)
05-25 09:02:14.237 W/System.err( 3413): java.lang.ArrayIndexOutOfBoundsException: length=58; index=58
05-25 09:02:14.237 W/System.err( 3413): 	at com.lbe.security.service.provider.internal.AppOpsAdapter$1.getDefaultOp(AppOpsAdapter.java:279)
05-25 09:02:14.237 W/System.err( 3413): 	at com.android.internal.app.IOpsCallback$Stub.onTransact(IOpsCallback.java:68)
05-25 09:02:14.237 W/System.err( 3413): 	at android.os.Binder.execTransact(Binder.java:446)
05-25 09:02:15.237 I/Timeline(24228): Timeline: Activity_launch_request time:166745573
05-25 09:02:15.237 D/SystemAdController( 1997): Activity:ActivityInfo{2517f8d com.android.internal.app.ResolverActivity}is not the default one
05-25 09:02:15.237 D/AdClientRecord( 1997): Splash target was not initialized.
05-25 09:02:15.237 D/SystemAdController( 1997): Package:android is not in the list
05-25 09:02:15.237 D/SystemAdController( 1997): requestSplashScreen duration:0
05-25 09:02:15.247 W/System.err( 3413): java.lang.ArrayIndexOutOfBoundsException: length=58; index=58
05-25 09:02:15.247 W/System.err( 3413): 	at com.lbe.security.service.provider.internal.AppOpsAdapter$1.getDefaultOp(AppOpsAdapter.java:279)
05-25 09:02:15.247 W/System.err( 3413): 	at com.android.internal.app.IOpsCallback$Stub.onTransact(IOpsCallback.java:68)
05-25 09:02:15.247 W/System.err( 3413): 	at android.os.Binder.execTransact(Binder.java:446)
05-25 09:02:15.287 I/XiaomiFirewall( 1624): firewall pkgName:com.android.fileexplorer, result:0
05-25 09:02:15.327 I/art     (  456): Explicit concurrent mark sweep GC freed 709(30KB) AllocSpace objects, 0(0B) LOS objects, 39% free, 24MB/40MB, paused 81us total 16.752ms
05-25 09:02:15.337 I/art     (  456): Explicit concurrent mark sweep GC freed 5(160B) AllocSpace objects, 0(0B) LOS objects, 39% free, 24MB/40MB, paused 80us total 12.941ms
05-25 09:02:15.337 D/PowerKeeperEventLogManager( 2287): notifyForegroundCompomentChanged ComponentInfo{android/com.android.internal.app.ResolverActivity}
05-25 09:02:15.337 I/Timeline( 1015): Timeline: App_transition_ready time:166745678
05-25 09:02:15.347 I/art     (  456): Explicit concurrent mark sweep GC freed 5(160B) AllocSpace objects, 0(0B) LOS objects, 39% free, 24MB/40MB, paused 85us total 12.789ms
05-25 09:02:15.367 D/DnsFallback(  432): query: etl.xlmc.sandai.net
05-25 09:02:15.467 W/IconCustomizer(24729): can't load transform_config.xml
05-25 09:02:15.477 D/IconCustomizer(24729): Generate customized icon for com.tencent.mobileqq.png
05-25 09:02:15.477 I/Timeline( 1015): Timeline: App_transition_ready time:166745813
05-25 09:02:15.477 I/Timeline( 1015): Timeline: App_transition_ready time:166745816
05-25 09:02:15.497 I/Timeline( 1015): Timeline: App_transition_ready time:166745834
05-25 09:02:15.497 I/themeservice(24729): add pending job /data/system/cache/com.tencent.mobileqq.png
05-25 09:02:15.497 I/Timeline( 1015): Timeline: App_transition_ready time:166745838
05-25 09:02:15.507 I/themeservice(24729): binding service
05-25 09:02:15.507 I/themeservice(24729): service connected
05-25 09:02:15.507 I/themeservice(24729): saving icon for /data/system/cache/com.tencent.mobileqq.png
05-25 09:02:15.517 I/themeservice(25303): saving icon remotely(24729) for /data/system/cache/com.tencent.mobileqq.png ALLOW: true
05-25 09:02:15.517 I/Timeline( 1015): Timeline: App_transition_ready time:166745853
05-25 09:02:15.517 I/ActivityManager( 1015): Displayed android/com.android.internal.app.ResolverActivity: +241ms
05-25 09:02:15.547 W/ResourceType(24729): No package identifier when getting value for resource number 0x00000000
05-25 09:02:15.547 W/PackageManager(24729): Failure retrieving resources for com.android.htmlviewer: Resource ID #0x0
05-25 09:02:15.597 I/Timeline(24729): Timeline: Activity_idle id: android.os.BinderProxy@219a0afa time:166745931
05-25 09:02:15.627 D/wpa_supplicant( 1423): wlan0: Control interface command 'SIGNAL_POLL'
05-25 09:02:15.747 I/Timeline( 1015): Timeline: Activity_windows_visible id: ActivityRecord{1bf9a623 u0 android/com.android.internal.app.ResolverActivity t4113} time:166746083
05-25 09:02:15.757 I/Timeline( 1015): Timeline: App_transition_stopped time:166746091
05-25 09:02:16.257 W/System.err( 3413): java.lang.ArrayIndexOutOfBoundsException: length=58; index=58
05-25 09:02:16.257 W/System.err( 3413): 	at com.lbe.security.service.provider.internal.AppOpsAdapter$1.getDefaultOp(AppOpsAdapter.java:279)
05-25 09:02:16.257 W/System.err( 3413): 	at com.android.internal.app.IOpsCallback$Stub.onTransact(IOpsCallback.java:68)
05-25 09:02:16.257 W/System.err( 3413): 	at android.os.Binder.execTransact(Binder.java:446)
05-25 09:02:16.507 D/SecShell(29840): start get packageName
05-25 09:02:16.507 D/SecShell(29840): end get packageName
05-25 09:02:16.517 I/themeservice(24729): unbinding service
05-25 09:02:16.697 W/System.err( 3413): java.lang.ArrayIndexOutOfBoundsException: length=58; index=58
05-25 09:02:16.697 W/System.err( 3413): 	at com.lbe.security.service.provider.internal.AppOpsAdapter$1.getDefaultOp(AppOpsAdapter.java:279)
05-25 09:02:16.697 W/System.err( 3413): 	at com.android.internal.app.IOpsCallback$Stub.onTransact(IOpsCallback.java:68)
05-25 09:02:16.697 W/System.err( 3413): 	at android.os.Binder.execTransact(Binder.java:446)
05-25 09:02:16.707 I/MSM-irqbalance(  522): Decided to move IRQ224 from CPU0 to CPU1
05-25 09:02:16.707 E/WifiStateMachine( 1015): WifiStateMachine CMD_START_SCAN source -2 txSuccessRate=30.66 rxSuccessRate=29.07 targetRoamBSSID=32:0f:0e:20:60:90 RSSI=-53
05-25 09:02:16.707 E/WifiStateMachine( 1015): WifiStateMachine starting scan for "iyaya_5.8"WPA_PSK with 5765,5805,5745,2437,5785
05-25 09:02:16.707 D/wpa_supplicant( 1423): wlan0: Control interface command 'SCAN TYPE=ONLY freq=5765,5805,5745,2437,5785'
05-25 09:02:16.707 D/wpa_supplicant( 1423): wlan0: Setting scan request: 0.000000 sec
05-25 09:02:16.707 D/wpa_supplicant( 1423): wlan0: Starting AP scan for wildcard SSID
05-25 09:02:16.707 D/wpa_supplicant( 1423): wlan0: Limit manual scan to specified channels
05-25 09:02:16.707 D/wpa_supplicant( 1423): wlan0: Add radio work 'scan'@0x7f7821e420
05-25 09:02:16.707 D/wpa_supplicant( 1423): wlan0: First radio work item in the queue - schedule start immediately
05-25 09:02:16.707 D/wpa_supplicant( 1423): wlan0: Starting radio work 'scan'@0x7f7821e420 after 0.000036 second wait
05-25 09:02:16.707 D/wpa_supplicant( 1423): wlan0: nl80211: scan request
05-25 09:02:16.707 D/wpa_supplicant( 1423): nl80211: Scan SSID - hexdump(len=0): [NULL]
05-25 09:02:16.707 D/wpa_supplicant( 1423): nl80211: Scan frequency 2437 MHz
05-25 09:02:16.707 D/wpa_supplicant( 1423): nl80211: Scan frequency 5745 MHz
05-25 09:02:16.707 D/wpa_supplicant( 1423): nl80211: Scan frequency 5765 MHz
05-25 09:02:16.707 D/wpa_supplicant( 1423): nl80211: Scan frequency 5785 MHz
05-25 09:02:16.707 D/wpa_supplicant( 1423): nl80211: Scan frequency 5805 MHz
05-25 09:02:16.707 D/wpa_supplicant( 1423): Scan requested (ret=0) - scan timeout 30 seconds
05-25 09:02:16.707 D/wpa_supplicant( 1423): nl80211: Event message available
05-25 09:02:16.707 D/wpa_supplicant( 1423): nl80211: Drv Event 33 (NL80211_CMD_TRIGGER_SCAN) received for wlan0
05-25 09:02:16.707 D/wpa_supplicant( 1423): wlan0: nl80211: Scan trigger
05-25 09:02:16.707 D/wpa_supplicant( 1423): wlan0: Event SCAN_STARTED (49) received
05-25 09:02:16.707 D/wpa_supplicant( 1423): wlan0: Own scan request started a scan in 0.000102 seconds
05-25 09:02:16.707 I/wpa_supplicant( 1423): wlan0: CTRL-EVENT-SCAN-STARTED 
05-25 09:02:16.707 D/wpa_supplicant( 1423): CTRL_IFACE monitor sent successfully to /data/misc/wifi/sockets/wpa_ctrl_482-9\x00
05-25 09:02:16.707 D/wpa_supplicant( 1423): CTRL_IFACE monitor sent successfully to /data/misc/wifi/sockets/wpa_ctrl_1015-2\x00
05-25 09:02:16.707 I/WifiHAL ( 1015): Poll result = 1
05-25 09:02:16.707 I/WifiHAL ( 1015): Found some events!!!
05-25 09:02:16.707 D/WifiHAL ( 1015): no_seq_check received
05-25 09:02:16.707 I/WifiHAL ( 1015): event received NL80211_CMD_TRIGGER_SCAN
05-25 09:02:16.707 I/WifiHAL ( 1015): event received NL80211_CMD_TRIGGER_SCAN, vendor_id = 0x0
05-25 09:02:16.707 I/WifiHAL ( 1015): event ignored!!
05-25 09:02:16.787 W/System.err( 3413): java.lang.ArrayIndexOutOfBoundsException: length=58; index=58
05-25 09:02:16.787 W/System.err( 3413): 	at com.lbe.security.service.provider.internal.AppOpsAdapter$1.getDefaultOp(AppOpsAdapter.java:279)
05-25 09:02:16.787 W/System.err( 3413): 	at com.android.internal.app.IOpsCallback$Stub.onTransact(IOpsCallback.java:68)
05-25 09:02:16.787 W/System.err( 3413): 	at android.os.Binder.execTransact(Binder.java:446)
05-25 09:02:17.117 I/ResourceHelperService(24166): killBackgroundProcesses
05-25 09:02:17.137 I/KLO_Stability( 2813): [am_kill][1464138137]:[0,24166,com.miui.networkassistant:shandow,11,kill background]
05-25 09:02:17.277 W/System.err( 3413): java.lang.ArrayIndexOutOfBoundsException: length=58; index=58
05-25 09:02:17.277 W/System.err( 3413): 	at com.lbe.security.service.provider.internal.AppOpsAdapter$1.getDefaultOp(AppOpsAdapter.java:279)
05-25 09:02:17.277 W/System.err( 3413): 	at com.android.internal.app.IOpsCallback$Stub.onTransact(IOpsCallback.java:68)
05-25 09:02:17.277 W/System.err( 3413): 	at android.os.Binder.execTransact(Binder.java:446)
05-25 09:02:17.287 D/wpa_supplicant( 1423): nl80211: Event message available
05-25 09:02:17.287 D/wpa_supplicant( 1423): nl80211: Drv Event 34 (NL80211_CMD_NEW_SCAN_RESULTS) received for wlan0
05-25 09:02:17.287 D/wpa_supplicant( 1423): wlan0: nl80211: New scan results available
05-25 09:02:17.287 D/wpa_supplicant( 1423): nl80211: Scan included frequencies:
05-25 09:02:17.287 D/wpa_supplicant( 1423): wlan0: Event SCAN_RESULTS (3) received
05-25 09:02:17.287 D/wpa_supplicant( 1423): wlan0: Scan completed in 0.574750 seconds
05-25 09:02:17.287 D/wpa_supplicant( 1423): nl80211: Associated on 5745 MHz
05-25 09:02:17.287 D/wpa_supplicant( 1423): nl80211: Associated with 32:0f:0e:20:60:90
05-25 09:02:17.287 D/wpa_supplicant( 1423): nl80211: Received scan results (30 BSSes)
05-25 09:02:17.287 D/wpa_supplicant( 1423): nl80211: Scan results indicate BSS status with 32:0f:0e:20:60:90 as associated
05-25 09:02:17.287 D/wpa_supplicant( 1423): wlan0: BSS: Start scan result update 3956
05-25 09:02:17.287 D/wpa_supplicant( 1423): wlan0: BSS: Add new id 8279 BSSID c0:61:18:00:62:60 SSID 'TP-LINK_6260'
05-25 09:02:17.287 D/wpa_supplicant( 1423): CTRL_IFACE monitor sent successfully to /data/misc/wifi/sockets/wpa_ctrl_482-9\x00
05-25 09:02:17.287 D/wpa_supplicant( 1423): CTRL_IFACE monitor sent successfully to /data/misc/wifi/sockets/wpa_ctrl_1015-2\x00
05-25 09:02:17.287 D/wpa_supplicant( 1423): wlan0: BSS: Add new id 8280 BSSID 12:0f:0e:20:65:78 SSID 'iyaya_5.8'
05-25 09:02:17.287 D/wpa_supplicant( 1423): CTRL_IFACE monitor sent successfully to /data/misc/wifi/sockets/wpa_ctrl_482-9\x00
05-25 09:02:17.287 D/wpa_supplicant( 1423): CTRL_IFACE monitor sent successfully to /data/misc/wifi/sockets/wpa_ctrl_1015-2\x00
05-25 09:02:17.287 D/wpa_supplicant( 1423): BSS: last_scan_res_used=30/128
05-25 09:02:17.287 D/wpa_supplicant( 1423): wlan0: Scan-only results received
05-25 09:02:17.287 D/wpa_supplicant( 1423): CTRL_IFACE monitor sent successfully to /data/misc/wifi/sockets/wpa_ctrl_482-9\x00
05-25 09:02:17.287 D/wpa_supplicant( 1423): CTRL_IFACE monitor sent successfully to /data/misc/wifi/sockets/wpa_ctrl_1015-2\x00
05-25 09:02:17.287 D/wpa_supplicant( 1423): wlan0: Radio work 'scan'@0x7f7821e420 done in 0.579230 seconds
05-25 09:02:17.287 I/WifiHAL ( 1015): Poll result = 1
05-25 09:02:17.287 I/WifiHAL ( 1015): Found some events!!!
05-25 09:02:17.287 D/WifiHAL ( 1015): no_seq_check received
05-25 09:02:17.287 I/WifiHAL ( 1015): event received NL80211_CMD_NEW_SCAN_RESULTS
05-25 09:02:17.287 I/WifiHAL ( 1015): event received NL80211_CMD_NEW_SCAN_RESULTS, vendor_id = 0x0
05-25 09:02:17.287 I/WifiHAL ( 1015): event ignored!!
05-25 09:02:17.297 D/wpa_supplicant( 1423): wlan0: Control interface command 'BSS RANGE=0- MASK=0x23987'
05-25 09:02:17.307 D/wpa_supplicant( 1423): wlan0: Control interface command 'BSS RANGE=8275- MASK=0x23987'
05-25 09:02:17.327 D/wpa_supplicant( 1423): wlan0: Control interface command 'STATUS-NO_EVENTS'
05-25 09:02:17.667 I/PackageManager( 1015):   Action: "android.intent.action.VIEW"
05-25 09:02:17.667 I/PackageManager( 1015):   Category: "android.intent.category.DEFAULT"
05-25 09:02:17.667 I/PackageManager( 1015):   Type: "text/plain"
05-25 09:02:17.687 I/Timeline(24729): Timeline: Activity_launch_request time:166748020
05-25 09:02:17.687 D/SystemAdController( 1997): Activity:ActivityInfo{59e7542 com.duokan.reader.DkReaderActivity}is not the default one
05-25 09:02:17.687 D/AdClientRecord( 1997): Splash target was not initialized.
05-25 09:02:17.687 D/SystemAdController( 1997): Package:com.duokan.reader is not in the list
05-25 09:02:17.687 D/SystemAdController( 1997): requestSplashScreen duration:0
05-25 09:02:17.797 D/PowerKeeperEventLogManager( 2287): notifyForegroundCompomentChanged ComponentInfo{com.duokan.reader/com.duokan.reader.DkReaderActivity}
05-25 09:02:17.797 I/Timeline( 1015): Timeline: App_transition_ready time:166748137
05-25 09:02:17.817 I/libthemeutils(24774): Theme libthemeutil.so load success
05-25 09:02:17.817 I/Timeline( 1015): Timeline: App_transition_ready time:166748154
05-25 09:02:17.907 I/logger  (24774): [INFO][app]version code: 440160518 //@Thread[main,5,main], 2016-05-25 09:02:17.908
05-25 09:02:17.907 W/System.err(24774): java.lang.ClassNotFoundException: Didn't find class "com.duokan.reader.domain.umeng.MobclickAgentImpl" on path: DexPathList[[],nativeLibraryDirectories=[/vendor/lib, /system/lib]]
05-25 09:02:17.907 W/System.err(24774): 	at dalvik.system.BaseDexClassLoader.findClass(BaseDexClassLoader.java:56)
05-25 09:02:17.907 W/System.err(24774): 	at java.lang.ClassLoader.loadClass(ClassLoader.java:511)
05-25 09:02:17.907 W/System.err(24774): 	at java.lang.ClassLoader.loadClass(ClassLoader.java:469)
05-25 09:02:17.907 W/System.err(24774): 	at com.duokan.reader.ReaderEnv.loadExtendClass(SourceFile:713)
05-25 09:02:17.907 W/System.err(24774): 	at com.duokan.reader.ReaderEnv.loadExtendClass(SourceFile:698)
05-25 09:02:17.907 W/System.err(24774): 	at com.duokan.reader.UmengManager.initMobclickAgent(SourceFile:309)
05-25 09:02:17.907 W/System.err(24774): 	at com.duokan.reader.UmengManager.<init>(SourceFile:47)
05-25 09:02:17.907 W/System.err(24774): 	at com.duokan.reader.UmengManager.startup(SourceFile:67)
05-25 09:02:17.907 W/System.err(24774): 	at com.duokan.reader.DkApp.onCreate(SourceFile:284)
05-25 09:02:17.907 W/System.err(24774): 	at android.app.Instrumentation.callApplicationOnCreate(Instrumentation.java:1011)
05-25 09:02:17.907 W/System.err(24774): 	at android.app.ActivityThread.handleBindApplication(ActivityThread.java:4545)
05-25 09:02:17.907 W/System.err(24774): 	at android.app.ActivityThread.access$1500(ActivityThread.java:147)
05-25 09:02:17.907 W/System.err(24774): 	at android.app.ActivityThread$H.handleMessage(ActivityThread.java:1353)
05-25 09:02:17.907 W/System.err(24774): 	at android.os.Handler.dispatchMessage(Handler.java:102)
05-25 09:02:17.907 W/System.err(24774): 	at android.os.Looper.loop(Looper.java:135)
05-25 09:02:17.907 W/System.err(24774): 	at android.app.ActivityThread.main(ActivityThread.java:5250)
05-25 09:02:17.907 W/System.err(24774): 	at java.lang.reflect.Method.invoke(Native Method)
05-25 09:02:17.907 W/System.err(24774): 	at java.lang.reflect.Method.invoke(Method.java:372)
05-25 09:02:17.907 W/System.err(24774): 	at com.android.internal.os.ZygoteInit$MethodAndArgsCaller.run(ZygoteInit.java:911)
05-25 09:02:17.907 W/System.err(24774): 	at com.android.internal.os.ZygoteInit.main(ZygoteInit.java:706)
05-25 09:02:17.907 W/System.err(24774): 	Suppressed: java.lang.ClassNotFoundException: Didn't find class "com.duokan.reader.domain.umeng.MobclickAgentImpl" on path: DexPathList[[zip file "/data/app/com.duokan.reader-2/base.apk"],nativeLibraryDirectories=[/data/app/com.duokan.reader-2/lib/arm, /vendor/lib, /system/lib]]
05-25 09:02:17.907 W/System.err(24774): 		at dalvik.system.BaseDexClassLoader.findClass(BaseDexClassLoader.java:56)
05-25 09:02:17.907 W/System.err(24774): 		at java.lang.ClassLoader.loadClass(ClassLoader.java:511)
05-25 09:02:17.907 W/System.err(24774): 		at java.lang.ClassLoader.loadClass(ClassLoader.java:504)
05-25 09:02:17.907 W/System.err(24774): 		... 18 more
05-25 09:02:17.907 W/System.err(24774): 		Suppressed: java.lang.ClassNotFoundException: com.duokan.reader.domain.umeng.MobclickAgentImpl
05-25 09:02:17.907 W/System.err(24774): 			at java.lang.Class.classForName(Native Method)
05-25 09:02:17.907 W/System.err(24774): 			at java.lang.BootClassLoader.findClass(ClassLoader.java:781)
05-25 09:02:17.907 W/System.err(24774): 			at java.lang.BootClassLoader.loadClass(ClassLoader.java:841)
05-25 09:02:17.907 W/System.err(24774): 			at java.lang.ClassLoader.loadClass(ClassLoader.java:504)
05-25 09:02:17.907 W/System.err(24774): 			... 19 more
05-25 09:02:17.907 W/System.err(24774): 		Caused by: java.lang.NoClassDefFoundError: Class not found using the boot class loader; no stack available
05-25 09:02:17.907 W/System.err(24774): java.lang.NullPointerException: Attempt to invoke virtual method 'java.lang.Object java.lang.Class.newInstance()' on a null object reference
05-25 09:02:17.907 W/System.err(24774): 	at com.duokan.reader.UmengManager.initMobclickAgent(SourceFile:310)
05-25 09:02:17.907 W/System.err(24774): 	at com.duokan.reader.UmengManager.<init>(SourceFile:47)
05-25 09:02:17.907 W/System.err(24774): 	at com.duokan.reader.UmengManager.startup(SourceFile:67)
05-25 09:02:17.907 W/System.err(24774): 	at com.duokan.reader.DkApp.onCreate(SourceFile:284)
05-25 09:02:17.907 W/System.err(24774): 	at android.app.Instrumentation.callApplicationOnCreate(Instrumentation.java:1011)
05-25 09:02:17.907 W/System.err(24774): 	at android.app.ActivityThread.handleBindApplication(ActivityThread.java:4545)
05-25 09:02:17.907 W/System.err(24774): 	at android.app.ActivityThread.access$1500(ActivityThread.java:147)
05-25 09:02:17.907 W/System.err(24774): 	at android.app.ActivityThread$H.handleMessage(ActivityThread.java:1353)
05-25 09:02:17.907 W/System.err(24774): 	at android.os.Handler.dispatchMessage(Handler.java:102)
05-25 09:02:17.907 W/System.err(24774): 	at android.os.Looper.loop(Looper.java:135)
05-25 09:02:17.907 W/System.err(24774): 	at android.app.ActivityThread.main(ActivityThread.java:5250)
05-25 09:02:17.907 W/System.err(24774): 	at java.lang.reflect.Method.invoke(Native Method)
05-25 09:02:17.907 W/System.err(24774): 	at java.lang.reflect.Method.invoke(Method.java:372)
05-25 09:02:17.907 W/System.err(24774): 	at com.android.internal.os.ZygoteInit$MethodAndArgsCaller.run(ZygoteInit.java:911)
05-25 09:02:17.907 W/System.err(24774): 	at com.android.internal.os.ZygoteInit.main(ZygoteInit.java:706)
05-25 09:02:18.047 I/logger  (24774): [INFO][job]the manager service is scheduled //@Thread[main,5,main], 2016-05-25 09:02:18.056
05-25 09:02:18.087 W/System.err(24774): java.lang.ClassNotFoundException: Didn't find class "com.duokan.reader.domain.umeng.MobclickAgentImpl" on path: DexPathList[[],nativeLibraryDirectories=[/vendor/lib, /system/lib]]
05-25 09:02:18.087 W/System.err(24774): 	at dalvik.system.BaseDexClassLoader.findClass(BaseDexClassLoader.java:56)
05-25 09:02:18.087 W/System.err(24774): 	at java.lang.ClassLoader.loadClass(ClassLoader.java:511)
05-25 09:02:18.087 W/System.err(24774): 	at java.lang.ClassLoader.loadClass(ClassLoader.java:469)
05-25 09:02:18.087 W/System.err(24774): 	at com.duokan.reader.ReaderEnv.loadExtendClass(SourceFile:713)
05-25 09:02:18.087 W/System.err(24774): 	at com.duokan.reader.ReaderEnv.loadExtendClass(SourceFile:698)
05-25 09:02:18.087 W/System.err(24774): 	at com.duokan.reader.UmengManager.initMobclickAgent(SourceFile:309)
05-25 09:02:18.087 W/System.err(24774): 	at com.duokan.reader.UmengManager.loadMobclickAgent(SourceFile:292)
05-25 09:02:18.087 W/System.err(24774): 	at com.duokan.reader.UmengManager.runWhenLoaded(SourceFile:280)
05-25 09:02:18.087 W/System.err(24774): 	at com.duokan.reader.UmengManager.onEvent(SourceFile:217)
05-25 09:02:18.087 W/System.err(24774): 	at com.duokan.reader.DkApp.onCreate(SourceFile:319)
05-25 09:02:18.087 W/System.err(24774): 	at android.app.Instrumentation.callApplicationOnCreate(Instrumentation.java:1011)
05-25 09:02:18.087 W/System.err(24774): 	at android.app.ActivityThread.handleBindApplication(ActivityThread.java:4545)
05-25 09:02:18.087 W/System.err(24774): 	at android.app.ActivityThread.access$1500(ActivityThread.java:147)
05-25 09:02:18.087 W/System.err(24774): 	at android.app.ActivityThread$H.handleMessage(ActivityThread.java:1353)
05-25 09:02:18.087 W/System.err(24774): 	at android.os.Handler.dispatchMessage(Handler.java:102)
05-25 09:02:18.087 W/System.err(24774): 	at android.os.Looper.loop(Looper.java:135)
05-25 09:02:18.087 W/System.err(24774): 	at android.app.ActivityThread.main(ActivityThread.java:5250)
05-25 09:02:18.087 W/System.err(24774): 	at java.lang.reflect.Method.invoke(Native Method)
05-25 09:02:18.097 W/System.err(24774): 	at java.lang.reflect.Method.invoke(Method.java:372)
05-25 09:02:18.097 W/System.err(24774): 	at com.android.internal.os.ZygoteInit$MethodAndArgsCaller.run(ZygoteInit.java:911)
05-25 09:02:18.097 W/System.err(24774): 	at com.android.internal.os.ZygoteInit.main(ZygoteInit.java:706)
05-25 09:02:18.097 W/System.err(24774): 	Suppressed: java.lang.ClassNotFoundException: Didn't find class "com.duokan.reader.domain.umeng.MobclickAgentImpl" on path: DexPathList[[zip file "/data/app/com.duokan.reader-2/base.apk"],nativeLibraryDirectories=[/data/app/com.duokan.reader-2/lib/arm, /vendor/lib, /system/lib]]
05-25 09:02:18.097 W/System.err(24774): 		at dalvik.system.BaseDexClassLoader.findClass(BaseDexClassLoader.java:56)
05-25 09:02:18.097 W/System.err(24774): 		at java.lang.ClassLoader.loadClass(ClassLoader.java:511)
05-25 09:02:18.097 W/System.err(24774): 		at java.lang.ClassLoader.loadClass(ClassLoader.java:504)
05-25 09:02:18.097 W/System.err(24774): 		... 19 more
05-25 09:02:18.097 W/System.err(24774): 		Suppressed: java.lang.ClassNotFoundException: com.duokan.reader.domain.umeng.MobclickAgentImpl
05-25 09:02:18.097 W/System.err(24774): 			at java.lang.Class.classForName(Native Method)
05-25 09:02:18.097 W/System.err(24774): 			at java.lang.BootClassLoader.findClass(ClassLoader.java:781)
05-25 09:02:18.097 W/System.err(24774): 			at java.lang.BootClassLoader.loadClass(ClassLoader.java:841)
05-25 09:02:18.097 W/System.err(24774): 			at java.lang.ClassLoader.loadClass(ClassLoader.java:504)
05-25 09:02:18.097 W/System.err(24774): 			... 20 more
05-25 09:02:18.097 W/System.err(24774): 		Caused by: java.lang.NoClassDefFoundError: Class not found using the boot class loader; no stack available
05-25 09:02:18.097 W/PushService( 1526): 2016-05-25 09:02:18,099 - [WARN::PushService] - [Thread:48] try send mi push message. packagename:com.duokan.reader action:Notification
05-25 09:02:18.097 W/System.err(24774): java.lang.NullPointerException: Attempt to invoke virtual method 'java.lang.Object java.lang.Class.newInstance()' on a null object reference
05-25 09:02:18.097 W/System.err(24774): 	at com.duokan.reader.UmengManager.initMobclickAgent(SourceFile:310)
05-25 09:02:18.097 W/System.err(24774): 	at com.duokan.reader.UmengManager.loadMobclickAgent(SourceFile:292)
05-25 09:02:18.097 W/System.err(24774): 	at com.duokan.reader.UmengManager.runWhenLoaded(SourceFile:280)
05-25 09:02:18.097 W/System.err(24774): 	at com.duokan.reader.UmengManager.onEvent(SourceFile:217)
05-25 09:02:18.097 W/System.err(24774): 	at com.duokan.reader.DkApp.onCreate(SourceFile:319)
05-25 09:02:18.097 W/System.err(24774): 	at android.app.Instrumentation.callApplicationOnCreate(Instrumentation.java:1011)
05-25 09:02:18.097 W/System.err(24774): 	at android.app.ActivityThread.handleBindApplication(ActivityThread.java:4545)
05-25 09:02:18.097 W/System.err(24774): 	at android.app.ActivityThread.access$1500(ActivityThread.java:147)
05-25 09:02:18.097 W/System.err(24774): 	at android.app.ActivityThread$H.handleMessage(ActivityThread.java:1353)
05-25 09:02:18.097 W/System.err(24774): 	at android.os.Handler.dispatchMessage(Handler.java:102)
05-25 09:02:18.097 W/System.err(24774): 	at android.os.Looper.loop(Looper.java:135)
05-25 09:02:18.097 W/System.err(24774): 	at android.app.ActivityThread.main(ActivityThread.java:5250)
05-25 09:02:18.097 W/System.err(24774): 	at java.lang.reflect.Method.invoke(Native Method)
05-25 09:02:18.097 W/System.err(24774): 	at java.lang.reflect.Method.invoke(Method.java:372)
05-25 09:02:18.097 W/System.err(24774): 	at com.android.internal.os.ZygoteInit$MethodAndArgsCaller.run(ZygoteInit.java:911)
05-25 09:02:18.097 W/System.err(24774): 	at com.android.internal.os.ZygoteInit.main(ZygoteInit.java:706)
05-25 09:02:18.107 W/PushService( 1526): 2016-05-25 09:02:18,114 - [WARN::PushService] - [Thread:48] try send mi push message. packagename:com.duokan.reader action:Notification
05-25 09:02:18.117 W/PushService( 1526): 2016-05-25 09:02:18,125 - [WARN::PushService] - [Thread:48] try send mi push message. packagename:com.duokan.reader action:Notification
05-25 09:02:18.137 W/linker  (24774): libdkkernel.so has text relocations. This is wasting memory and prevents security hardening. Please fix.
05-25 09:02:18.197 W/PushService( 1526): 2016-05-25 09:02:18,153 - [WARN::PushService] - [Thread:48] receive a message, appid=1004465, msgid= BJIg1464138138033
05-25 09:02:18.207 W/PushService( 1526): 2016-05-25 09:02:18,217 - [WARN::PushService] - [Thread:48] receive a message, appid=1004465, msgid= 5PNw1464138138034
05-25 09:02:18.277 I/art     (24774): Background sticky concurrent mark sweep GC freed 15515(1077KB) AllocSpace objects, 15(1248KB) LOS objects, 0% free, 13MB/13MB, paused 33.463ms total 76.580ms
05-25 09:02:18.277 W/System.err( 3413): java.lang.ArrayIndexOutOfBoundsException: length=58; index=58
05-25 09:02:18.277 W/System.err( 3413): 	at com.lbe.security.service.provider.internal.AppOpsAdapter$1.getDefaultOp(AppOpsAdapter.java:279)
05-25 09:02:18.277 W/System.err( 3413): 	at com.android.internal.app.IOpsCallback$Stub.onTransact(IOpsCallback.java:68)
05-25 09:02:18.277 W/System.err( 3413): 	at android.os.Binder.execTransact(Binder.java:446)
05-25 09:02:18.327 W/System.err(24774): java.lang.ClassNotFoundException: Didn't find class "com.duokan.reader.domain.umeng.MobclickAgentImpl" on path: DexPathList[[],nativeLibraryDirectories=[/vendor/lib, /system/lib]]
05-25 09:02:18.327 W/System.err(24774): 	at dalvik.system.BaseDexClassLoader.findClass(BaseDexClassLoader.java:56)
05-25 09:02:18.327 W/System.err(24774): 	at java.lang.ClassLoader.loadClass(ClassLoader.java:511)
05-25 09:02:18.327 W/System.err(24774): 	at java.lang.ClassLoader.loadClass(ClassLoader.java:469)
05-25 09:02:18.327 W/System.err(24774): 	at com.duokan.reader.ReaderEnv.loadExtendClass(SourceFile:713)
05-25 09:02:18.327 W/System.err(24774): 	at com.duokan.reader.ReaderEnv.loadExtendClass(SourceFile:698)
05-25 09:02:18.327 W/System.err(24774): 	at com.duokan.reader.UmengManager.initMobclickAgent(SourceFile:309)
05-25 09:02:18.327 W/System.err(24774): 	at com.duokan.reader.UmengManager.loadMobclickAgent(SourceFile:292)
05-25 09:02:18.327 W/System.err(24774): 	at com.duokan.reader.UmengManager.runWhenLoaded(SourceFile:280)
05-25 09:02:18.327 W/System.err(24774): 	at com.duokan.reader.UmengManager.onActivityResumed(SourceFile:262)
05-25 09:02:18.327 W/System.err(24774): 	at com.duokan.core.app.ManagedApp.onActivityResumed(SourceFile:308)
05-25 09:02:18.327 W/System.err(24774): 	at com.duokan.reader.DkApp.onActivityResumed(SourceFile:337)
05-25 09:02:18.327 W/System.err(24774): 	at com.duokan.core.app.u.onActivityResumed(SourceFile:50)
05-25 09:02:18.327 W/System.err(24774): 	at android.app.Application.dispatchActivityResumed(Application.java:212)
05-25 09:02:18.327 W/System.err(24774): 	at android.app.Activity.onResume(Activity.java:1247)
05-25 09:02:18.327 W/System.err(24774): 	at com.duokan.core.app.m.onResume(SourceFile:328)
05-25 09:02:18.327 W/System.err(24774): 	at android.app.Instrumentation.callActivityOnResume(Instrumentation.java:1241)
05-25 09:02:18.327 W/System.err(24774): 	at android.app.Activity.performResume(Activity.java:6071)
05-25 09:02:18.327 W/System.err(24774): 	at android.app.ActivityThread.performResumeActivity(ActivityThread.java:2959)
05-25 09:02:18.327 W/System.err(24774): 	at android.app.ActivityThread.handleResumeActivity(ActivityThread.java:3001)
05-25 09:02:18.327 W/System.err(24774): 	at android.app.ActivityThread.handleLaunchActivity(ActivityThread.java:2377)
05-25 09:02:18.327 W/System.err(24774): 	at android.app.ActivityThread.access$800(ActivityThread.java:147)
05-25 09:02:18.327 W/System.err(24774): 	at android.app.ActivityThread$H.handleMessage(ActivityThread.java:1292)
05-25 09:02:18.327 W/System.err(24774): 	at android.os.Handler.dispatchMessage(Handler.java:102)
05-25 09:02:18.327 W/System.err(24774): 	at android.os.Looper.loop(Looper.java:135)
05-25 09:02:18.327 W/System.err(24774): 	at android.app.ActivityThread.main(ActivityThread.java:5250)
05-25 09:02:18.327 W/System.err(24774): 	at java.lang.reflect.Method.invoke(Native Method)
05-25 09:02:18.327 W/System.err(24774): 	at java.lang.reflect.Method.invoke(Method.java:372)
05-25 09:02:18.327 W/System.err(24774): 	at com.android.internal.os.ZygoteInit$MethodAndArgsCaller.run(ZygoteInit.java:911)
05-25 09:02:18.327 W/System.err(24774): 	at com.android.internal.os.ZygoteInit.main(ZygoteInit.java:706)
05-25 09:02:18.327 W/System.err(24774): 	Suppressed: java.lang.ClassNotFoundException: Didn't find class "com.duokan.reader.domain.umeng.MobclickAgentImpl" on path: DexPathList[[zip file "/data/app/com.duokan.reader-2/base.apk"],nativeLibraryDirectories=[/data/app/com.duokan.reader-2/lib/arm, /vendor/lib, /system/lib]]
05-25 09:02:18.327 W/System.err(24774): 		at dalvik.system.BaseDexClassLoader.findClass(BaseDexClassLoader.java:56)
05-25 09:02:18.327 W/System.err(24774): 		at java.lang.ClassLoader.loadClass(ClassLoader.java:511)
05-25 09:02:18.327 W/System.err(24774): 		at java.lang.ClassLoader.loadClass(ClassLoader.java:504)
05-25 09:02:18.327 W/System.err(24774): 		... 27 more
05-25 09:02:18.327 W/System.err(24774): 		Suppressed: java.lang.ClassNotFoundException: com.duokan.reader.domain.umeng.MobclickAgentImpl
05-25 09:02:18.327 W/System.err(24774): 			at java.lang.Class.classForName(Native Method)
05-25 09:02:18.327 W/System.err(24774): 			at java.lang.BootClassLoader.findClass(ClassLoader.java:781)
05-25 09:02:18.327 W/System.err(24774): 			at java.lang.BootClassLoader.loadClass(ClassLoader.java:841)
05-25 09:02:18.327 W/System.err(24774): 			at java.lang.ClassLoader.loadClass(ClassLoader.java:504)
05-25 09:02:18.327 W/System.err(24774): 			... 28 more
05-25 09:02:18.327 W/System.err(24774): 		Caused by: java.lang.NoClassDefFoundError: Class not found using the boot class loader; no stack available
05-25 09:02:18.327 W/System.err(24774): java.lang.NullPointerException: Attempt to invoke virtual method 'java.lang.Object java.lang.Class.newInstance()' on a null object reference
05-25 09:02:18.327 W/System.err(24774): 	at com.duokan.reader.UmengManager.initMobclickAgent(SourceFile:310)
05-25 09:02:18.327 W/System.err(24774): 	at com.duokan.reader.UmengManager.loadMobclickAgent(SourceFile:292)
05-25 09:02:18.327 W/System.err(24774): 	at com.duokan.reader.UmengManager.runWhenLoaded(SourceFile:280)
05-25 09:02:18.327 W/System.err(24774): 	at com.duokan.reader.UmengManager.onActivityResumed(SourceFile:262)
05-25 09:02:18.327 W/System.err(24774): 	at com.duokan.core.app.ManagedApp.onActivityResumed(SourceFile:308)
05-25 09:02:18.327 W/System.err(24774): 	at com.duokan.reader.DkApp.onActivityResumed(SourceFile:337)
05-25 09:02:18.327 W/System.err(24774): 	at com.duokan.core.app.u.onActivityResumed(SourceFile:50)
05-25 09:02:18.327 W/System.err(24774): 	at android.app.Application.dispatchActivityResumed(Application.java:212)
05-25 09:02:18.327 W/System.err(24774): 	at android.app.Activity.onResume(Activity.java:1247)
05-25 09:02:18.327 W/System.err(24774): 	at com.duokan.core.app.m.onResume(SourceFile:328)
05-25 09:02:18.327 W/System.err(24774): 	at android.app.Instrumentation.callActivityOnResume(Instrumentation.java:1241)
05-25 09:02:18.327 W/System.err(24774): 	at android.app.Activity.performResume(Activity.java:6071)
05-25 09:02:18.327 W/System.err(24774): 	at android.app.ActivityThread.performResumeActivity(ActivityThread.java:2959)
05-25 09:02:18.327 W/System.err(24774): 	at android.app.ActivityThread.handleResumeActivity(ActivityThread.java:3001)
05-25 09:02:18.327 W/System.err(24774): 	at android.app.ActivityThread.handleLaunchActivity(ActivityThread.java:2377)
05-25 09:02:18.327 W/System.err(24774): 	at android.app.ActivityThread.access$800(ActivityThread.java:147)
05-25 09:02:18.327 W/System.err(24774): 	at android.app.ActivityThread$H.handleMessage(ActivityThread.java:1292)
05-25 09:02:18.327 W/System.err(24774): 	at android.os.Handler.dispatchMessage(Handler.java:102)
05-25 09:02:18.327 W/System.err(24774): 	at android.os.Looper.loop(Looper.java:135)
05-25 09:02:18.327 W/System.err(24774): 	at android.app.ActivityThread.main(ActivityThread.java:5250)
05-25 09:02:18.327 W/System.err(24774): 	at java.lang.reflect.Method.invoke(Native Method)
05-25 09:02:18.327 W/System.err(24774): 	at java.lang.reflect.Method.invoke(Method.java:372)
05-25 09:02:18.327 W/System.err(24774): 	at com.android.internal.os.ZygoteInit$MethodAndArgsCaller.run(ZygoteInit.java:911)
05-25 09:02:18.327 W/System.err(24774): 	at com.android.internal.os.ZygoteInit.main(ZygoteInit.java:706)
05-25 09:02:18.337 D/WhetstoneService( 1822): deal background too Frequently, ingore
05-25 09:02:18.357 D/OpenGLRenderer(24774): Render dirty regions requested: true
05-25 09:02:18.367 I/logger  (24774): [EVENT][net]network connected(wifi) //@Thread[main,5,main], 2016-05-25 09:02:18.372
05-25 09:02:18.397 D/PowerKeeperEventLogManager( 2287): updatestatusbar value 0x0
05-25 09:02:18.397 D/PhoneStatusBar( 1429): disable: 0x00000040 -> 0x00000000 (diff: 0x00000040)
05-25 09:02:18.397 D/PhoneStatusBar( 1429): disable: < expand icons alerts ticker system_info back home recent clock full hide keyguard >
05-25 09:02:18.407 I/Timeline( 1015): Timeline: App_transition_ready time:166748740
05-25 09:02:18.407 I/Timeline( 1015): Timeline: App_transition_ready time:166748747
05-25 09:02:18.417 I/Adreno  (24774): QUALCOMM build                   : 89c810b, Id8ea0a2dc8
05-25 09:02:18.417 I/Adreno  (24774): Build Date                       : 07/30/15
05-25 09:02:18.417 I/Adreno  (24774): OpenGL ES Shader Compiler Version: E031.25.03.09
05-25 09:02:18.417 I/Adreno  (24774): Local Branch                     : 
05-25 09:02:18.417 I/Adreno  (24774): Remote Branch                    : 
05-25 09:02:18.417 I/Adreno  (24774): Remote Branch                    : 
05-25 09:02:18.417 I/Adreno  (24774): Reconstruct Branch               : 
05-25 09:02:18.437 I/OpenGLRenderer(24774): Initialized EGL, version 1.4
05-25 09:02:18.447 D/OpenGLRenderer(24774): Enabling debug mode 0
05-25 09:02:18.467 D/com.duokan.reader.domain.cloud.push.ad(24774): [Thread:4651] receive an intent from server, action=com.xiaomi.mipush.RECEIVE_MESSAGE
05-25 09:02:18.497 D/com.duokan.reader.domain.cloud.push.ad(24774): [Thread:4651] processing a message, action=Notification
05-25 09:02:18.517 D/com.duokan.reader.domain.cloud.push.DkPushMessageReceiver(24774): onCommandResult command={register}, resultCode={0}, reason={null}, category={null}, commandArguments={[PBPVc7T8FBG7uiQhRTtFqxAZPuWO3TitkfZFFcZ8vhS4rer8ZeWyNFCqvT71tQiLf9UcEN6NiRZsxHzEh59TX8y1uyqGRjD1Rbek0/paB2o=]}
05-25 09:02:18.517 D/com.duokan.reader.domain.cloud.push.DkPushMessageReceiver(24774): onReceiveRegisterResult command={register}, resultCode={0}, reason={null}, category={null}, commandArguments={[PBPVc7T8FBG7uiQhRTtFqxAZPuWO3TitkfZFFcZ8vhS4rer8ZeWyNFCqvT71tQiLf9UcEN6NiRZsxHzEh59TX8y1uyqGRjD1Rbek0/paB2o=]}
05-25 09:02:18.517 W/System.err(24774): java.lang.ClassNotFoundException: Didn't find class "com.duokan.reader.domain.umeng.MobclickAgentImpl" on path: DexPathList[[],nativeLibraryDirectories=[/vendor/lib, /system/lib]]
05-25 09:02:18.517 W/System.err(24774): 	at dalvik.system.BaseDexClassLoader.findClass(BaseDexClassLoader.java:56)
05-25 09:02:18.517 W/System.err(24774): 	at java.lang.ClassLoader.loadClass(ClassLoader.java:511)
05-25 09:02:18.517 W/System.err(24774): 	at java.lang.ClassLoader.loadClass(ClassLoader.java:469)
05-25 09:02:18.517 W/System.err(24774): 	at com.duokan.reader.ReaderEnv.loadExtendClass(SourceFile:713)
05-25 09:02:18.517 W/System.err(24774): 	at com.duokan.reader.ReaderEnv.loadExtendClass(SourceFile:698)
05-25 09:02:18.517 W/System.err(24774): 	at com.duokan.reader.UmengManager.initMobclickAgent(SourceFile:309)
05-25 09:02:18.517 W/System.err(24774): 	at com.duokan.reader.UmengManager.loadMobclickAgent(SourceFile:292)
05-25 09:02:18.517 W/System.err(24774): 	at com.duokan.reader.UmengManager.runWhenLoaded(SourceFile:280)
05-25 09:02:18.517 W/System.err(24774): 	at com.duokan.reader.UmengManager.onEvent(SourceFile:217)
05-25 09:02:18.517 W/System.err(24774): 	at com.duokan.reader.domain.cloud.push.u.a(SourceFile:220)
05-25 09:02:18.517 W/System.err(24774): 	at com.duokan.reader.domain.cloud.push.af.a(SourceFile:111)
05-25 09:02:18.517 W/System.err(24774): 	at com.duokan.reader.domain.cloud.push.DkPushMessageReceiver.onReceiveRegisterResult(SourceFile:137)
05-25 09:02:18.517 W/System.err(24774): 	at com.xiaomi.mipush.sdk.MessageHandleService.onHandleIntent(Unknown Source)
05-25 09:02:18.517 W/System.err(24774): 	at android.app.IntentService$ServiceHandler.handleMessage(IntentService.java:65)
