05-18 19:15:15.304 I/art     (13567): Explicit concurrent mark sweep GC freed 4453(198KB) AllocSpace objects, 0(0B) LOS objects, 16% free, 83MB/99MB, paused 3.446ms total 31.815ms
05-18 19:15:15.354 I/art     (13567): Explicit concurrent mark sweep GC freed 3(96B) AllocSpace objects, 0(0B) LOS objects, 16% free, 83MB/99MB, paused 1.181ms total 30.660ms
05-18 19:15:15.404 I/art     (13567): Explicit concurrent mark sweep GC freed 5(160B) AllocSpace objects, 0(0B) LOS objects, 16% free, 83MB/99MB, paused 1.715ms total 32.249ms
05-18 19:15:15.514 I/art     (13567): Explicit concurrent mark sweep GC freed 3(96B) AllocSpace objects, 0(0B) LOS objects, 16% free, 83MB/99MB, paused 2.995ms total 55.233ms
05-18 19:15:15.554 W/System.err( 3032): java.lang.ArrayIndexOutOfBoundsException: length=58; index=58
05-18 19:15:15.554 W/System.err( 3032): 	at com.lbe.security.service.provider.internal.AppOpsAdapter$1.getDefaultOp(AppOpsAdapter.java:279)
05-18 19:15:15.554 W/System.err( 3032): 	at com.android.internal.app.IOpsCallback$Stub.onTransact(IOpsCallback.java:68)
05-18 19:15:15.554 W/System.err( 3032): 	at android.os.Binder.execTransact(Binder.java:446)
05-18 19:15:15.724 I/art     (13567): Explicit concurrent mark sweep GC freed 1634(98KB) AllocSpace objects, 1(16KB) LOS objects, 16% free, 83MB/99MB, paused 1.966ms total 50.067ms
05-18 19:15:15.784 I/art     (13567): Explicit concurrent mark sweep GC freed 82(3KB) AllocSpace objects, 0(0B) LOS objects, 16% free, 83MB/99MB, paused 904us total 31.415ms
05-18 19:15:15.834 I/XiaomiFirewall( 1547): firewall pkgName:com.yaya.mmbang, result:0
05-18 19:15:15.834 I/art     (13567): Explicit concurrent mark sweep GC freed 47(2752B) AllocSpace objects, 0(0B) LOS objects, 16% free, 83MB/99MB, paused 1.459ms total 34.005ms
05-18 19:15:15.864 D/DnsFallback(  450): query: oto.mmbang.net
05-18 19:15:15.874 D/yaya_template_(13567): onPageFinished, url=http://oto.mmbang.net/?from=groupmessage&isappinstalled=0#GuideList-Panel
05-18 19:15:15.944 I/art     (13567): Explicit concurrent mark sweep GC freed 113(6KB) AllocSpace objects, 0(0B) LOS objects, 16% free, 83MB/99MB, paused 1.199ms total 69.400ms
05-18 19:15:16.014 I/art     (13567): Explicit concurrent mark sweep GC freed 18(640B) AllocSpace objects, 0(0B) LOS objects, 16% free, 83MB/99MB, paused 8.068ms total 39.451ms
05-18 19:15:16.244 D/AdClientRecord( 2028): Splash target was not initialized.
05-18 19:15:16.244 D/SystemAdController( 2028): Package:com.android.email is not in the list
05-18 19:15:16.244 D/SystemAdController( 2028): requestSplashScreen duration:2
05-18 19:15:16.334 I/art     (13567): Explicit concurrent mark sweep GC freed 1246(76KB) AllocSpace objects, 1(16KB) LOS objects, 16% free, 83MB/99MB, paused 2.675ms total 96.809ms
05-18 19:15:16.334 I/art     (13567): WaitForGcToComplete blocked for 27.726ms for cause Explicit
05-18 19:15:16.434 I/art     (13567): Explicit concurrent mark sweep GC freed 24(856B) AllocSpace objects, 0(0B) LOS objects, 16% free, 83MB/99MB, paused 1.944ms total 97.348ms
05-18 19:15:16.434 I/art     (13567): WaitForGcToComplete blocked for 66.042ms for cause Explicit
05-18 19:15:16.514 I/art     (13567): Explicit concurrent mark sweep GC freed 3(96B) AllocSpace objects, 0(0B) LOS objects, 16% free, 83MB/99MB, paused 1.074ms total 79.478ms
05-18 19:15:16.514 I/art     (13567): WaitForGcToComplete blocked for 39.323ms for cause Explicit
05-18 19:15:16.564 W/System.err( 3032): java.lang.ArrayIndexOutOfBoundsException: length=58; index=58
05-18 19:15:16.564 W/System.err( 3032): 	at com.lbe.security.service.provider.internal.AppOpsAdapter$1.getDefaultOp(AppOpsAdapter.java:279)
05-18 19:15:16.564 W/System.err( 3032): 	at com.android.internal.app.IOpsCallback$Stub.onTransact(IOpsCallback.java:68)
05-18 19:15:16.564 W/System.err( 3032): 	at android.os.Binder.execTransact(Binder.java:446)
05-18 19:15:16.594 I/art     (13567): Explicit concurrent mark sweep GC freed 523(32KB) AllocSpace objects, 0(0B) LOS objects, 16% free, 83MB/99MB, paused 1.303ms total 79.762ms
05-18 19:15:16.594 I/art     (13567): WaitForGcToComplete blocked for 54.065ms for cause Explicit
05-18 19:15:16.664 I/art     (13567): Explicit concurrent mark sweep GC freed 36(1128B) AllocSpace objects, 0(0B) LOS objects, 16% free, 83MB/99MB, paused 1.077ms total 67.437ms
05-18 19:15:16.664 I/art     (13567): WaitForGcToComplete blocked for 40.355ms for cause Explicit
05-18 19:15:16.734 I/art     (13567): Explicit concurrent mark sweep GC freed 3(96B) AllocSpace objects, 0(0B) LOS objects, 16% free, 83MB/99MB, paused 1.102ms total 75.698ms
05-18 19:15:16.734 I/art     (13567): WaitForGcToComplete blocked for 47.969ms for cause Explicit
05-18 19:15:16.784 I/Timeline(13567): Timeline: Activity_launch_request time:91778660
05-18 19:15:16.784 D/SystemAdController( 2028): Activity:ActivityInfo{35ec91de com.yaya.mmbang.base.UrlCtrlActivity}is not the default one
05-18 19:15:16.784 D/AdClientRecord( 2028): Splash target was not initialized.
05-18 19:15:16.784 D/SystemAdController( 2028): Package:com.yaya.mmbang is not in the list
05-18 19:15:16.784 D/SystemAdController( 2028): requestSplashScreen duration:1
05-18 19:15:16.794 I/yaya_template_mWebView.loadUrl(ss):(13567): javascript:new NativeApi().raiseEvent('onLeave', 'onLeave Event');
05-18 19:15:16.794 I/TDLog   (13567): onPause# activity.MainActivity
05-18 19:15:16.804 D/PowerKeeperEventLogManager( 2279): notifyForegroundCompomentChanged ComponentInfo{com.yaya.mmbang/com.yaya.mmbang.base.UrlCtrlActivity}
05-18 19:15:16.804 I/Timeline( 1021): Timeline: App_transition_ready time:91778685
05-18 19:15:16.804 I/art     (13567): Explicit concurrent mark sweep GC freed 180(21KB) AllocSpace objects, 1(16KB) LOS objects, 16% free, 83MB/99MB, paused 1.400ms total 68.784ms
05-18 19:15:16.804 I/art     (13567): WaitForGcToComplete blocked for 39.661ms for cause Explicit
05-18 19:15:16.814 I/yaya_template_BaseSpmActivity(13567): onCreate current acitvity is com.yaya.mmbang.base.UrlCtrlActivity
05-18 19:15:16.824 D/yaya_template_UrlCtrlUtil(13567): UrlCtrlUtil, target_url=com.iyaya.mmbang://app/webview/navigate/http%3A%2F%2Foto.mmbang.net%2Farticle%2Fguide%3Fid%3D10
05-18 19:15:16.824 D/yaya_template_url=(13567): http://oto.mmbang.net/article/guide?id=10
05-18 19:15:16.824 I/Timeline(13567): Timeline: Activity_launch_request time:91778705
05-18 19:15:16.834 D/SystemAdController( 2028): Activity:ActivityInfo{39dfefbf com.yaya.mmbang.activity.WebViewLinkActivity}is not the default one
05-18 19:15:16.834 D/AdClientRecord( 2028): Splash target was not initialized.
05-18 19:15:16.834 D/SystemAdController( 2028): Package:com.yaya.mmbang is not in the list
05-18 19:15:16.834 D/SystemAdController( 2028): requestSplashScreen duration:3
05-18 19:15:16.844 D/PowerKeeperEventLogManager( 2279): notifyForegroundCompomentChanged ComponentInfo{com.yaya.mmbang/com.yaya.mmbang.activity.WebViewLinkActivity}
05-18 19:15:16.844 I/Timeline( 1021): Timeline: App_transition_ready time:91778729
05-18 19:15:16.854 D/SystemAdController( 2028): activity destroyed:ActivityInfo{c1f768c com.yaya.mmbang.base.UrlCtrlActivity} not in mAllAppsInLauncher
05-18 19:15:16.854 I/yaya_template_BaseSpmActivity(13567): onCreate current acitvity is com.yaya.mmbang.activity.WebViewLinkActivity
05-18 19:15:16.854 E/yaya_template_MMBLocationManager(13567): timeout : 30000, canUseCache : true , needCity : false
05-18 19:15:16.864 E/MMBBaseLocationClient(13567): 开始检查缓存~~
05-18 19:15:16.864 E/yaya_template_BaseBDLocationActivity(13567): onCoordinateSuccess coordinate.latitude : 31.199536 , coordinate.longitude : 121.582443
05-18 19:15:16.874 I/art     (13567): Explicit concurrent mark sweep GC freed 1107(115KB) AllocSpace objects, 4(64KB) LOS objects, 16% free, 83MB/99MB, paused 1.531ms total 70.116ms
05-18 19:15:16.874 I/art     (13567): WaitForGcToComplete blocked for 41.274ms for cause Explicit
05-18 19:15:16.884 E/yaya_template_BaseBDLocationActivity(13567): onGeoAddressSuccess addressLocation : coordinate:bjf@160d1ee4 country: province: city:上海 district: formattedAddress:
05-18 19:15:16.884 E/MMBBaseLocationClient(13567): 缓存命中 : coordinate:bjf@160d1ee4 country: province: city:上海 district: formattedAddress:
05-18 19:15:16.904 W/art     (13567): Attempt to remove local handle scope entry from IRT, ignoring
05-18 19:15:16.914 W/AwContents(13567): onDetachedFromWindow called when already detached. Ignoring
05-18 19:15:16.914 D/EgretLoader(13567): EgretLoader(Context context)
05-18 19:15:16.914 D/EgretLoader(13567): The context is not activity
05-18 19:15:16.924 W/art     (13567): Attempt to remove local handle scope entry from IRT, ignoring
05-18 19:15:16.934 I/TDLog   (13567): onResume# activity.WebViewLinkActivity
05-18 19:15:16.954 I/art     (13567): Explicit concurrent mark sweep GC freed 1044(73KB) AllocSpace objects, 4(195KB) LOS objects, 15% free, 84MB/100MB, paused 1.241ms total 73.705ms
05-18 19:15:16.954 I/art     (13567): WaitForGcToComplete blocked for 42.068ms for cause Explicit
05-18 19:15:17.034 I/art     (13567): Explicit concurrent mark sweep GC freed 1569(89KB) AllocSpace objects, 1(16KB) LOS objects, 15% free, 84MB/100MB, paused 1.739ms total 84.842ms
05-18 19:15:17.044 I/yaya_template_com.yaya.mmbang.base.UrlCtrlActivity(13567): onDestroy
05-18 19:15:17.044 I/Timeline( 1021): Timeline: App_transition_ready time:91778928
05-18 19:15:17.064 I/Timeline( 1021): Timeline: App_transition_ready time:91778941
05-18 19:15:17.064 I/Timeline( 1021): Timeline: App_transition_ready time:91778945
05-18 19:15:17.124 I/Timeline( 1021): Timeline: App_transition_ready time:91779009
05-18 19:15:17.134 I/XiaomiFirewall( 1547): firewall pkgName:com.yaya.mmbang, result:0
05-18 19:15:17.144 I/ActivityManager( 1021): Displayed com.yaya.mmbang/.activity.WebViewLinkActivity: +299ms (total +345ms)
05-18 19:15:17.144 I/System.out(13567): onPageStarted, url=http://oto.mmbang.net/article/guide?id=10
05-18 19:15:17.174 I/Timeline(13567): Timeline: Activity_idle id: android.os.BinderProxy@2672f82d time:91779057
05-18 19:15:17.204 I/TDLog   (13567): Post data to server...
05-18 19:15:17.274 I/TDLog   (13567): server return success:true
05-18 19:15:17.304 I/art     (13567): Explicit concurrent mark sweep GC freed 4288(276KB) AllocSpace objects, 5(139KB) LOS objects, 15% free, 84MB/100MB, paused 1.863ms total 65.515ms
05-18 19:15:17.304 I/art     (13567): WaitForGcToComplete blocked for 52.072ms for cause Explicit
05-18 19:15:17.394 D/yaya_template_(13567): onPageFinished, url=http://oto.mmbang.net/article/guide?id=10
05-18 19:15:17.414 I/art     (13567): Explicit concurrent mark sweep GC freed 1009(61KB) AllocSpace objects, 1(50KB) LOS objects, 15% free, 84MB/100MB, paused 1.632ms total 108.851ms
05-18 19:15:17.414 I/art     (13567): WaitForGcToComplete blocked for 66.288ms for cause Explicit
05-18 19:15:17.454 W/System.err( 3032): java.lang.ArrayIndexOutOfBoundsException: length=58; index=58
05-18 19:15:17.454 W/System.err( 3032): 	at com.lbe.security.service.provider.internal.AppOpsAdapter$1.getDefaultOp(AppOpsAdapter.java:279)
05-18 19:15:17.454 W/System.err( 3032): 	at com.android.internal.app.IOpsCallback$Stub.onTransact(IOpsCallback.java:68)
05-18 19:15:17.454 W/System.err( 3032): 	at android.os.Binder.execTransact(Binder.java:446)
05-18 19:15:17.464 I/Timeline( 1021): Timeline: Activity_windows_visible id: ActivityRecord{232a0f95 u0 com.yaya.mmbang/.activity.WebViewLinkActivity t3885} time:91779344
05-18 19:15:17.464 I/Timeline( 1021): Timeline: App_transition_stopped time:91779347
05-18 19:15:17.514 I/art     (13567): Explicit concurrent mark sweep GC freed 1669(88KB) AllocSpace objects, 3(101KB) LOS objects, 15% free, 84MB/100MB, paused 3.045ms total 99.441ms
05-18 19:15:17.514 I/art     (13567): WaitForGcToComplete blocked for 58.414ms for cause Explicit
05-18 19:15:17.564 W/System.err( 3032): java.lang.ArrayIndexOutOfBoundsException: length=58; index=58
05-18 19:15:17.574 W/System.err( 3032): 	at com.lbe.security.service.provider.internal.AppOpsAdapter$1.getDefaultOp(AppOpsAdapter.java:279)
05-18 19:15:17.574 W/System.err( 3032): 	at com.android.internal.app.IOpsCallback$Stub.onTransact(IOpsCallback.java:68)
05-18 19:15:17.574 W/System.err( 3032): 	at android.os.Binder.execTransact(Binder.java:446)
05-18 19:15:17.614 I/art     (13567): Explicit concurrent mark sweep GC freed 3975(239KB) AllocSpace objects, 0(0B) LOS objects, 15% free, 84MB/100MB, paused 1.561ms total 102.759ms
05-18 19:15:17.614 I/art     (13567): WaitForGcToComplete blocked for 57.164ms for cause Explicit
05-18 19:15:17.714 E/WifiStateMachine( 1021): WifiStateMachine CMD_START_SCAN source -2 txSuccessRate=0.00 rxSuccessRate=0.00 targetRoamBSSID=any RSSI=-66
05-18 19:15:17.714 E/WifiStateMachine( 1021): WifiStateMachine starting scan for "waiguoyueliang_5G"WPA_PSK with 5745
05-18 19:15:17.714 D/wpa_supplicant(10355): wlan0: Control interface command 'SCAN TYPE=ONLY freq=5745'
05-18 19:15:17.714 D/wpa_supplicant(10355): wlan0: Setting scan request: 0.000000 sec
05-18 19:15:17.714 D/wpa_supplicant(10355): wlan0: Starting AP scan for wildcard SSID
05-18 19:15:17.714 D/wpa_supplicant(10355): wlan0: Limit manual scan to specified channels
05-18 19:15:17.714 D/wpa_supplicant(10355): wlan0: Add radio work 'scan'@0x7f86e1e420
05-18 19:15:17.714 D/wpa_supplicant(10355): wlan0: First radio work item in the queue - schedule start immediately
05-18 19:15:17.714 D/wpa_supplicant(10355): wlan0: Starting radio work 'scan'@0x7f86e1e420 after 0.000024 second wait
05-18 19:15:17.714 D/wpa_supplicant(10355): wlan0: nl80211: scan request
05-18 19:15:17.714 D/wpa_supplicant(10355): nl80211: Scan SSID - hexdump(len=0): [NULL]
05-18 19:15:17.714 D/wpa_supplicant(10355): nl80211: Scan frequency 5745 MHz
05-18 19:15:17.714 D/wpa_supplicant(10355): Scan requested (ret=0) - scan timeout 30 seconds
05-18 19:15:17.714 D/wpa_supplicant(10355): nl80211: Event message available
05-18 19:15:17.714 D/wpa_supplicant(10355): nl80211: Drv Event 33 (NL80211_CMD_TRIGGER_SCAN) received for wlan0
05-18 19:15:17.714 D/wpa_supplicant(10355): wlan0: nl80211: Scan trigger
05-18 19:15:17.714 D/wpa_supplicant(10355): wlan0: Event SCAN_STARTED (49) received
05-18 19:15:17.714 D/wpa_supplicant(10355): wlan0: Own scan request started a scan in 0.000074 seconds
05-18 19:15:17.714 I/wpa_supplicant(10355): wlan0: CTRL-EVENT-SCAN-STARTED 
05-18 19:15:17.714 D/wpa_supplicant(10355): CTRL_IFACE monitor sent successfully to /data/misc/wifi/sockets/wpa_ctrl_485-31\x00
05-18 19:15:17.714 D/wpa_supplicant(10355): CTRL_IFACE monitor sent successfully to /data/misc/wifi/sockets/wpa_ctrl_1021-8\x00
05-18 19:15:17.714 I/WifiHAL ( 1021): Poll result = 1
05-18 19:15:17.714 I/WifiHAL ( 1021): Found some events!!!
05-18 19:15:17.714 D/WifiHAL ( 1021): no_seq_check received
05-18 19:15:17.714 I/WifiHAL ( 1021): event received NL80211_CMD_TRIGGER_SCAN
05-18 19:15:17.714 I/WifiHAL ( 1021): event received NL80211_CMD_TRIGGER_SCAN, vendor_id = 0x0
05-18 19:15:17.714 I/WifiHAL ( 1021): event ignored!!
05-18 19:15:17.714 I/art     (13567): Explicit concurrent mark sweep GC freed 43(1416B) AllocSpace objects, 0(0B) LOS objects, 15% free, 84MB/100MB, paused 1.976ms total 100.683ms
05-18 19:15:17.714 I/art     (13567): WaitForGcToComplete blocked for 58.501ms for cause Explicit
05-18 19:15:17.824 I/art     (13567): Explicit concurrent mark sweep GC freed 7(224B) AllocSpace objects, 0(0B) LOS objects, 15% free, 84MB/100MB, paused 1.497ms total 104.223ms
05-18 19:15:17.824 I/art     (13567): WaitForGcToComplete blocked for 60.260ms for cause Explicit
05-18 19:15:17.854 D/wpa_supplicant(10355): wlan0: Control interface command 'SIGNAL_POLL'
05-18 19:15:17.854 D/ConnectivityManager.CallbackHandler( 1429): CM callback handler got msg 524290
05-18 19:15:17.854 D/SecurityController( 1429): onAvailable 117 : [ Transports: WIFI Capabilities: INTERNET&NOT_RESTRICTED&TRUSTED&NOT_VPN LinkUpBandwidth>=1048576Kbps LinkDnBandwidth>=1048576Kbps]
05-18 19:15:17.854 D/wpa_supplicant(10355): nl80211: Event message available
05-18 19:15:17.854 D/wpa_supplicant(10355): nl80211: Drv Event 34 (NL80211_CMD_NEW_SCAN_RESULTS) received for wlan0
05-18 19:15:17.854 D/wpa_supplicant(10355): wlan0: nl80211: New scan results available
05-18 19:15:17.854 D/wpa_supplicant(10355): nl80211: Scan included frequencies:
05-18 19:15:17.854 D/wpa_supplicant(10355): wlan0: Event SCAN_RESULTS (3) received
05-18 19:15:17.854 D/wpa_supplicant(10355): wlan0: Scan completed in 0.145752 seconds
05-18 19:15:17.854 D/wpa_supplicant(10355): nl80211: Associated on 5745 MHz
05-18 19:15:17.854 D/wpa_supplicant(10355): nl80211: Associated with d0:ee:07:20:53:2c
05-18 19:15:17.854 D/wpa_supplicant(10355): nl80211: Received scan results (33 BSSes)
05-18 19:15:17.854 D/wpa_supplicant(10355): nl80211: Scan results indicate BSS status with d0:ee:07:20:53:2c as associated
05-18 19:15:17.854 D/wpa_supplicant(10355): wlan0: BSS: Start scan result update 336
05-18 19:15:17.854 I/WifiHAL ( 1021): Poll result = 1
05-18 19:15:17.854 I/WifiHAL ( 1021): Found some events!!!
05-18 19:15:17.854 D/WifiHAL ( 1021): no_seq_check received
05-18 19:15:17.864 I/WifiHAL ( 1021): event received NL80211_CMD_NEW_SCAN_RESULTS
05-18 19:15:17.864 I/WifiHAL ( 1021): event received NL80211_CMD_NEW_SCAN_RESULTS, vendor_id = 0x0
05-18 19:15:17.864 I/WifiHAL ( 1021): event ignored!!
05-18 19:15:17.864 D/wpa_supplicant(10355): wlan0: BSS: Remove id 865 BSSID 32:0f:0e:20:60:90 SSID 'iyaya_5.8' due to no match in scan
05-18 19:15:17.864 D/wpa_supplicant(10355): CTRL_IFACE monitor sent successfully to /data/misc/wifi/sockets/wpa_ctrl_485-31\x00
05-18 19:15:17.864 D/wpa_supplicant(10355): CTRL_IFACE monitor sent successfully to /data/misc/wifi/sockets/wpa_ctrl_1021-8\x00
05-18 19:15:17.864 D/wpa_supplicant(10355): wlan0: BSS: Remove id 858 BSSID 12:0e:0e:20:65:26 SSID 'iyaya_guest' due to no match in scan
05-18 19:15:17.864 D/wpa_supplicant(10355): CTRL_IFACE monitor sent successfully to /data/misc/wifi/sockets/wpa_ctrl_485-31\x00
05-18 19:15:17.864 D/wpa_supplicant(10355): CTRL_IFACE monitor sent successfully to /data/misc/wifi/sockets/wpa_ctrl_1021-8\x00
05-18 19:15:17.864 D/wpa_supplicant(10355): wlan0: BSS: Remove id 849 BSSID e8:cd:2d:2a:26:40 SSID 'WS860s' due to no match in scan
05-18 19:15:17.864 D/wpa_supplicant(10355): CTRL_IFACE monitor sent successfully to /data/misc/wifi/sockets/wpa_ctrl_485-31\x00
05-18 19:15:17.864 D/wpa_supplicant(10355): CTRL_IFACE monitor sent successfully to /data/misc/wifi/sockets/wpa_ctrl_1021-8\x00
05-18 19:15:17.864 D/wpa_supplicant(10355): wlan0: BSS: Remove id 860 BSSID 6c:e8:73:45:88:ae SSID 'TL-WR941N' due to no match in scan
05-18 19:15:17.864 D/wpa_supplicant(10355): CTRL_IFACE monitor sent successfully to /data/misc/wifi/sockets/wpa_ctrl_485-31\x00
05-18 19:15:17.864 D/wpa_supplicant(10355): CTRL_IFACE monitor sent successfully to /data/misc/wifi/sockets/wpa_ctrl_1021-8\x00
05-18 19:15:17.864 D/wpa_supplicant(10355): wlan0: BSS: Remove id 847 BSSID c8:3a:35:1f:3e:68 SSID 'sk_test_test' due to no match in scan
05-18 19:15:17.864 D/wpa_supplicant(10355): CTRL_IFACE monitor sent successfully to /data/misc/wifi/sockets/wpa_ctrl_485-31\x00
05-18 19:15:17.864 D/wpa_supplicant(10355): CTRL_IFACE monitor sent successfully to /data/misc/wifi/sockets/wpa_ctrl_1021-8\x00
05-18 19:15:17.864 D/wpa_supplicant(10355): BSS: last_scan_res_used=33/64
05-18 19:15:17.864 D/wpa_supplicant(10355): wlan0: Scan-only results received
05-18 19:15:17.864 D/wpa_supplicant(10355): CTRL_IFACE monitor sent successfully to /data/misc/wifi/sockets/wpa_ctrl_485-31\x00
05-18 19:15:17.864 D/wpa_supplicant(10355): CTRL_IFACE monitor sent successfully to /data/misc/wifi/sockets/wpa_ctrl_1021-8\x00
05-18 19:15:17.864 D/wpa_supplicant(10355): wlan0: Radio work 'scan'@0x7f86e1e420 done in 0.148510 seconds
05-18 19:15:17.864 D/wpa_supplicant(10355): wlan0: Control interface command 'BSS RANGE=0- MASK=0x23987'
05-18 19:15:17.864 D/wpa_supplicant(10355): wlan0: Control interface command 'BSS RANGE=862- MASK=0x23987'
05-18 19:15:17.874 D/wpa_supplicant(10355): wlan0: Control interface command 'STATUS-NO_EVENTS'
05-18 19:15:17.924 I/art     (13567): Explicit concurrent mark sweep GC freed 5(192B) AllocSpace objects, 0(0B) LOS objects, 15% free, 84MB/100MB, paused 1.530ms total 97.108ms
05-18 19:15:17.924 I/art     (13567): WaitForGcToComplete blocked for 55.279ms for cause Explicit
05-18 19:15:18.014 I/art     (13567): Explicit concurrent mark sweep GC freed 3(96B) AllocSpace objects, 0(0B) LOS objects, 15% free, 84MB/100MB, paused 1.732ms total 98.401ms
05-18 19:15:18.024 I/art     (13567): WaitForGcToComplete blocked for 56.674ms for cause Explicit
05-18 19:15:18.124 I/art     (13567): Explicit concurrent mark sweep GC freed 10(240B) AllocSpace objects, 0(0B) LOS objects, 15% free, 84MB/100MB, paused 1.429ms total 102.382ms
05-18 19:15:18.124 I/art     (13567): WaitForGcToComplete blocked for 59.534ms for cause Explicit
05-18 19:15:18.174 I/MSM-irqbalance(  791): Decided to move IRQ224 from CPU1 to CPU3
05-18 19:15:18.224 I/art     (13567): Explicit concurrent mark sweep GC freed 1096(56KB) AllocSpace objects, 0(0B) LOS objects, 15% free, 84MB/100MB, paused 1.676ms total 101.271ms
05-18 19:15:18.374 I/art     (13567): Explicit concurrent mark sweep GC freed 1140(82KB) AllocSpace objects, 2(32KB) LOS objects, 15% free, 84MB/100MB, paused 2.040ms total 68.103ms
05-18 19:15:18.474 I/art     (13567): Explicit concurrent mark sweep GC freed 40(2432B) AllocSpace objects, 0(0B) LOS objects, 15% free, 84MB/100MB, paused 1.411ms total 79.582ms
05-18 19:15:18.474 I/art     (13567): WaitForGcToComplete blocked for 57.865ms for cause Explicit
05-18 19:15:18.574 W/System.err( 3032): java.lang.ArrayIndexOutOfBoundsException: length=58; index=58
05-18 19:15:18.574 W/System.err( 3032): 	at com.lbe.security.service.provider.internal.AppOpsAdapter$1.getDefaultOp(AppOpsAdapter.java:279)
05-18 19:15:18.574 W/System.err( 3032): 	at com.android.internal.app.IOpsCallback$Stub.onTransact(IOpsCallback.java:68)
05-18 19:15:18.574 W/System.err( 3032): 	at android.os.Binder.execTransact(Binder.java:446)
05-18 19:15:18.584 I/art     (13567): Explicit concurrent mark sweep GC freed 537(33KB) AllocSpace objects, 0(0B) LOS objects, 15% free, 84MB/100MB, paused 8.046ms total 109.797ms
05-18 19:15:18.584 I/art     (13567): WaitForGcToComplete blocked for 83.291ms for cause Explicit
05-18 19:15:18.694 I/art     (13567): Explicit concurrent mark sweep GC freed 19(616B) AllocSpace objects, 0(0B) LOS objects, 15% free, 84MB/100MB, paused 2.194ms total 106.976ms
05-18 19:15:18.694 I/art     (13567): WaitForGcToComplete blocked for 173.154ms for cause Explicit
05-18 19:15:18.804 I/art     (13567): Explicit concurrent mark sweep GC freed 14(384B) AllocSpace objects, 0(0B) LOS objects, 15% free, 84MB/100MB, paused 2.714ms total 113.755ms
05-18 19:15:18.804 I/art     (13567): WaitForGcToComplete blocked for 179.119ms for cause Explicit
05-18 19:15:18.914 I/art     (13567): Explicit concurrent mark sweep GC freed 6(176B) AllocSpace objects, 0(0B) LOS objects, 15% free, 84MB/100MB, paused 1.617ms total 108.007ms
05-18 19:15:18.914 I/art     (13567): WaitForGcToComplete blocked for 176.023ms for cause Explicit
05-18 19:15:19.014 I/art     (13567): Explicit concurrent mark sweep GC freed 3(96B) AllocSpace objects, 0(0B) LOS objects, 15% free, 84MB/100MB, paused 1.585ms total 103.926ms
05-18 19:15:19.014 I/art     (13567): WaitForGcToComplete blocked for 163.247ms for cause Explicit
05-18 19:15:19.114 I/art     (13567): Explicit concurrent mark sweep GC freed 10(240B) AllocSpace objects, 0(0B) LOS objects, 15% free, 84MB/100MB, paused 1.626ms total 99.215ms
05-18 19:15:19.114 I/art     (13567): WaitForGcToComplete blocked for 157.334ms for cause Explicit
05-18 19:15:19.214 I/art     (13567): Explicit concurrent mark sweep GC freed 3(96B) AllocSpace objects, 0(0B) LOS objects, 15% free, 84MB/100MB, paused 1.758ms total 101.647ms
05-18 19:15:19.214 I/art     (13567): WaitForGcToComplete blocked for 159.549ms for cause Explicit
05-18 19:15:19.314 I/Timeline(25117): Timeline: Activity_launch_request time:91781195
05-18 19:15:19.324 D/AdClientRecord( 2028): Splash target was not initialized.
05-18 19:15:19.324 D/SystemAdController( 2028): Package:com.yaya.mmbang is not in the list
05-18 19:15:19.324 D/SystemAdController( 2028): requestSplashScreen duration:3
05-18 19:15:19.334 I/art     (13567): Explicit concurrent mark sweep GC freed 7(176B) AllocSpace objects, 0(0B) LOS objects, 15% free, 84MB/100MB, paused 2.496ms total 112.930ms
05-18 19:15:19.334 I/art     (13567): WaitForGcToComplete blocked for 172.135ms for cause Explicit
05-18 19:15:19.434 I/art     (13567): Explicit concurrent mark sweep GC freed 4(1120B) AllocSpace objects, 0(0B) LOS objects, 15% free, 84MB/100MB, paused 1.724ms total 106.934ms
05-18 19:15:19.434 I/art     (13567): WaitForGcToComplete blocked for 172.315ms for cause Explicit
05-18 19:15:19.544 I/art     (13567): Explicit concurrent mark sweep GC freed 3(96B) AllocSpace objects, 0(0B) LOS objects, 15% free, 84MB/100MB, paused 1.580ms total 105.712ms
05-18 19:15:19.544 I/art     (13567): WaitForGcToComplete blocked for 168.838ms for cause Explicit
05-18 19:15:19.584 W/System.err( 3032): java.lang.ArrayIndexOutOfBoundsException: length=58; index=58
05-18 19:15:19.584 W/System.err( 3032): 	at com.lbe.security.service.provider.internal.AppOpsAdapter$1.getDefaultOp(AppOpsAdapter.java:279)
05-18 19:15:19.584 W/System.err( 3032): 	at com.android.internal.app.IOpsCallback$Stub.onTransact(IOpsCallback.java:68)
05-18 19:15:19.584 W/System.err( 3032): 	at android.os.Binder.execTransact(Binder.java:446)
05-18 19:15:19.664 I/art     (13567): Explicit concurrent mark sweep GC freed 1623(83KB) AllocSpace objects, 0(0B) LOS objects, 15% free, 84MB/100MB, paused 2.047ms total 119.469ms
05-18 19:15:19.664 I/art     (13567): WaitForGcToComplete blocked for 275.147ms for cause Explicit
05-18 19:15:19.784 I/art     (13567): Explicit concurrent mark sweep GC freed 46(14KB) AllocSpace objects, 1(16KB) LOS objects, 15% free, 84MB/100MB, paused 1.959ms total 116.690ms
05-18 19:15:19.784 I/art     (13567): WaitForGcToComplete blocked for 297.026ms for cause Explicit
05-18 19:15:19.894 I/art     (13567): Explicit concurrent mark sweep GC freed 27(1864B) AllocSpace objects, 0(0B) LOS objects, 15% free, 84MB/100MB, paused 1.890ms total 113ms
05-18 19:15:19.894 I/art     (13567): WaitForGcToComplete blocked for 179.129ms for cause Explicit
05-18 19:15:20.014 I/art     (13567): Explicit concurrent mark sweep GC freed 1085(51KB) AllocSpace objects, 0(0B) LOS objects, 15% free, 84MB/100MB, paused 1.930ms total 119.458ms
05-18 19:15:20.014 I/art     (13567): WaitForGcToComplete blocked for 216.618ms for cause Explicit
05-18 19:15:20.144 I/art     (13567): Explicit concurrent mark sweep GC freed 1122(65KB) AllocSpace objects, 1(16KB) LOS objects, 15% free, 84MB/100MB, paused 2.218ms total 124.937ms
05-18 19:15:20.144 I/art     (13567): WaitForGcToComplete blocked for 313.056ms for cause Explicit
05-18 19:15:20.184 W/System.err( 3032): java.lang.ArrayIndexOutOfBoundsException: length=58; index=58
05-18 19:15:20.184 W/System.err( 3032): 	at com.lbe.security.service.provider.internal.AppOpsAdapter$1.getDefaultOp(AppOpsAdapter.java:279)
05-18 19:15:20.184 W/System.err( 3032): 	at com.android.internal.app.IOpsCallback$Stub.onTransact(IOpsCallback.java:68)
05-18 19:15:20.184 W/System.err( 3032): 	at android.os.Binder.execTransact(Binder.java:446)
05-18 19:15:20.254 I/art     (13567): Explicit concurrent mark sweep GC freed 45(15KB) AllocSpace objects, 1(16KB) LOS objects, 15% free, 84MB/100MB, paused 1.892ms total 113.160ms
05-18 19:15:20.254 I/art     (13567): WaitForGcToComplete blocked for 80.967ms for cause Explicit
05-18 19:15:20.374 I/art     (13567): Explicit concurrent mark sweep GC freed 27(968B) AllocSpace objects, 0(0B) LOS objects, 15% free, 84MB/100MB, paused 2.195ms total 120.445ms
05-18 19:15:20.504 I/art     (13567): Explicit concurrent mark sweep GC freed 3(96B) AllocSpace objects, 0(0B) LOS objects, 15% free, 84MB/100MB, paused 15.305ms total 114.896ms
05-18 19:15:20.504 I/art     (13567): WaitForGcToComplete blocked for 255.587ms for cause Explicit
05-18 19:15:20.594 W/System.err( 3032): java.lang.ArrayIndexOutOfBoundsException: length=58; index=58
05-18 19:15:20.594 W/System.err( 3032): 	at com.lbe.security.service.provider.internal.AppOpsAdapter$1.getDefaultOp(AppOpsAdapter.java:279)
05-18 19:15:20.594 W/System.err( 3032): 	at com.android.internal.app.IOpsCallback$Stub.onTransact(IOpsCallback.java:68)
05-18 19:15:20.594 W/System.err( 3032): 	at android.os.Binder.execTransact(Binder.java:446)
05-18 19:15:20.614 I/art     (13567): Explicit concurrent mark sweep GC freed 532(33KB) AllocSpace objects, 0(0B) LOS objects, 15% free, 84MB/100MB, paused 2.308ms total 112.349ms
05-18 19:15:20.614 I/art     (13567): WaitForGcToComplete blocked for 370.114ms for cause HeapTrim
05-18 19:15:20.624 I/art     (13567): WaitForGcToComplete blocked for 118.280ms for cause Explicit
05-18 19:15:20.734 I/art     (13567): Explicit concurrent mark sweep GC freed 31(1048B) AllocSpace objects, 0(0B) LOS objects, 15% free, 84MB/100MB, paused 1.920ms total 115.605ms
05-18 19:15:20.734 I/art     (13567): WaitForGcToComplete blocked for 310.390ms for cause Explicit
05-18 19:15:20.854 I/art     (13567): Explicit concurrent mark sweep GC freed 6(144B) AllocSpace objects, 0(0B) LOS objects, 15% free, 84MB/100MB, paused 1.878ms total 118.982ms
05-18 19:15:20.854 I/art     (13567): WaitForGcToComplete blocked for 302.874ms for cause Explicit
05-18 19:15:20.854 D/wpa_supplicant(10355): wlan0: Control interface command 'SIGNAL_POLL'
05-18 19:15:20.964 I/art     (13567): Explicit concurrent mark sweep GC freed 5(256B) AllocSpace objects, 0(0B) LOS objects, 15% free, 84MB/100MB, paused 2.098ms total 110.842ms
05-18 19:15:20.964 I/art     (13567): WaitForGcToComplete blocked for 301.294ms for cause Explicit
05-18 19:15:21.094 I/art     (13567): Explicit concurrent mark sweep GC freed 6(224B) AllocSpace objects, 0(0B) LOS objects, 15% free, 84MB/100MB, paused 2.058ms total 123.503ms
05-18 19:15:21.094 I/art     (13567): WaitForGcToComplete blocked for 305.834ms for cause Explicit
05-18 19:15:21.214 I/art     (13567): Explicit concurrent mark sweep GC freed 8(176B) AllocSpace objects, 0(0B) LOS objects, 15% free, 84MB/100MB, paused 7.435ms total 120.550ms
05-18 19:15:21.214 I/art     (13567): WaitForGcToComplete blocked for 312.362ms for cause Explicit
05-18 19:15:21.324 I/art     (13567): Explicit concurrent mark sweep GC freed 7(176B) AllocSpace objects, 0(0B) LOS objects, 15% free, 84MB/100MB, paused 2.347ms total 109.546ms
05-18 19:15:21.324 I/art     (13567): WaitForGcToComplete blocked for 301.000ms for cause Explicit
05-18 19:15:21.444 I/art     (13567): Explicit concurrent mark sweep GC freed 6(176B) AllocSpace objects, 0(0B) LOS objects, 15% free, 84MB/100MB, paused 1.930ms total 118.384ms
05-18 19:15:21.444 I/art     (13567): WaitForGcToComplete blocked for 299.378ms for cause Explicit
05-18 19:15:21.564 I/art     (13567): Explicit concurrent mark sweep GC freed 1588(81KB) AllocSpace objects, 0(0B) LOS objects, 15% free, 84MB/100MB, paused 1.861ms total 126.674ms
05-18 19:15:21.564 I/art     (13567): WaitForGcToComplete blocked for 314.898ms for cause Explicit
05-18 19:15:21.604 W/System.err( 3032): java.lang.ArrayIndexOutOfBoundsException: length=58; index=58
05-18 19:15:21.604 W/System.err( 3032): 	at com.lbe.security.service.provider.internal.AppOpsAdapter$1.getDefaultOp(AppOpsAdapter.java:279)
05-18 19:15:21.604 W/System.err( 3032): 	at com.android.internal.app.IOpsCallback$Stub.onTransact(IOpsCallback.java:68)
05-18 19:15:21.604 W/System.err( 3032): 	at android.os.Binder.execTransact(Binder.java:446)
05-18 19:15:21.704 I/art     (13567): Explicit concurrent mark sweep GC freed 73(15KB) AllocSpace objects, 1(16KB) LOS objects, 15% free, 84MB/100MB, paused 2.380ms total 131.468ms
05-18 19:15:21.704 I/art     (13567): WaitForGcToComplete blocked for 329.547ms for cause Explicit
05-18 19:15:21.824 I/art     (13567): Explicit concurrent mark sweep GC freed 43(2424B) AllocSpace objects, 0(0B) LOS objects, 15% free, 84MB/100MB, paused 2.724ms total 122.684ms
05-18 19:15:21.824 I/art     (13567): WaitForGcToComplete blocked for 328.508ms for cause Explicit
05-18 19:15:21.954 I/art     (13567): Explicit concurrent mark sweep GC freed 10(368B) AllocSpace objects, 0(0B) LOS objects, 15% free, 84MB/100MB, paused 2.139ms total 125.456ms
05-18 19:15:21.954 I/art     (13567): WaitForGcToComplete blocked for 323.305ms for cause Explicit
05-18 19:15:22.074 I/art     (13567): Explicit concurrent mark sweep GC freed 5(160B) AllocSpace objects, 0(0B) LOS objects, 15% free, 84MB/100MB, paused 1.837ms total 121.754ms
05-18 19:15:22.074 I/art     (13567): WaitForGcToComplete blocked for 322.254ms for cause Explicit
05-18 19:15:22.204 I/art     (13567): Explicit concurrent mark sweep GC freed 1095(53KB) AllocSpace objects, 0(0B) LOS objects, 15% free, 84MB/100MB, paused 1.981ms total 135.929ms
05-18 19:15:22.214 I/art     (13567): WaitForGcToComplete blocked for 456.532ms for cause Explicit
05-18 19:15:22.324 I/art     (13567): Explicit concurrent mark sweep GC freed 28(14KB) AllocSpace objects, 1(16KB) LOS objects, 15% free, 84MB/100MB, paused 2.065ms total 107.768ms
05-18 19:15:22.324 I/art     (13567): WaitForGcToComplete blocked for 443.829ms for cause Explicit
05-18 19:15:22.444 I/art     (13567): Explicit concurrent mark sweep GC freed 27(872B) AllocSpace objects, 0(0B) LOS objects, 15% free, 84MB/100MB, paused 2.186ms total 120.693ms
05-18 19:15:22.444 I/art     (13567): WaitForGcToComplete blocked for 444.022ms for cause Explicit
05-18 19:15:22.574 I/art     (13567): Explicit concurrent mark sweep GC freed 1103(54KB) AllocSpace objects, 0(0B) LOS objects, 15% free, 84MB/100MB, paused 2.298ms total 126.029ms
05-18 19:15:22.574 I/art     (13567): WaitForGcToComplete blocked for 319.720ms for cause Explicit
05-18 19:15:22.614 W/System.err( 3032): java.lang.ArrayIndexOutOfBoundsException: length=58; index=58
05-18 19:15:22.614 W/System.err( 3032): 	at com.lbe.security.service.provider.internal.AppOpsAdapter$1.getDefaultOp(AppOpsAdapter.java:279)
05-18 19:15:22.614 W/System.err( 3032): 	at com.android.internal.app.IOpsCallback$Stub.onTransact(IOpsCallback.java:68)
05-18 19:15:22.614 W/System.err( 3032): 	at android.os.Binder.execTransact(Binder.java:446)
05-18 19:15:22.684 I/art     (13567): Explicit concurrent mark sweep GC freed 558(45KB) AllocSpace objects, 1(16KB) LOS objects, 15% free, 84MB/100MB, paused 1.948ms total 113.967ms
05-18 19:15:22.694 I/art     (13567): WaitForGcToComplete blocked for 315.912ms for cause Explicit
05-18 19:15:22.804 I/art     (13567): Explicit concurrent mark sweep GC freed 1119(52KB) AllocSpace objects, 0(0B) LOS objects, 15% free, 84MB/100MB, paused 1.841ms total 118.688ms
05-18 19:15:22.804 I/art     (13567): WaitForGcToComplete blocked for 240.743ms for cause Explicit
05-18 19:15:22.934 I/art     (13567): Explicit concurrent mark sweep GC freed 25(14KB) AllocSpace objects, 1(16KB) LOS objects, 15% free, 84MB/100MB, paused 2.284ms total 125.700ms
05-18 19:15:22.934 I/art     (13567): WaitForGcToComplete blocked for 326.125ms for cause Explicit
05-18 19:15:23.054 I/art     (13567): Explicit concurrent mark sweep GC freed 25(1944B) AllocSpace objects, 0(0B) LOS objects, 15% free, 84MB/100MB, paused 2.425ms total 119.947ms
05-18 19:15:23.054 I/art     (13567): WaitForGcToComplete blocked for 435.001ms for cause Explicit
05-18 19:15:23.174 I/MSM-irqbalance(  791): Decided to move IRQ215 from CPU1 to CPU3
05-18 19:15:23.184 I/art     (13567): Explicit concurrent mark sweep GC freed 17(624B) AllocSpace objects, 0(0B) LOS objects, 15% free, 84MB/100MB, paused 2.058ms total 127.637ms
05-18 19:15:23.184 I/art     (13567): WaitForGcToComplete blocked for 325.876ms for cause Explicit
05-18 19:15:23.304 I/art     (13567): Explicit concurrent mark sweep GC freed 9(336B) AllocSpace objects, 0(0B) LOS objects, 15% free, 84MB/100MB, paused 2.031ms total 122.844ms
05-18 19:15:23.304 I/art     (13567): WaitForGcToComplete blocked for 322.488ms for cause Explicit
05-18 19:15:23.434 I/art     (13567): Explicit concurrent mark sweep GC freed 3(96B) AllocSpace objects, 0(0B) LOS objects, 15% free, 84MB/100MB, paused 2.395ms total 123.259ms
05-18 19:15:23.434 I/art     (13567): WaitForGcToComplete blocked for 421.230ms for cause Explicit
05-18 19:15:23.554 I/art     (13567): Explicit concurrent mark sweep GC freed 3(96B) AllocSpace objects, 0(0B) LOS objects, 15% free, 84MB/100MB, paused 2.074ms total 120.174ms
05-18 19:15:23.554 I/art     (13567): WaitForGcToComplete blocked for 444.045ms for cause Explicit
05-18 19:15:23.614 W/System.err( 3032): java.lang.ArrayIndexOutOfBoundsException: length=58; index=58
05-18 19:15:23.624 W/System.err( 3032): 	at com.lbe.security.service.provider.internal.AppOpsAdapter$1.getDefaultOp(AppOpsAdapter.java:279)
05-18 19:15:23.624 W/System.err( 3032): 	at com.android.internal.app.IOpsCallback$Stub.onTransact(IOpsCallback.java:68)
05-18 19:15:23.624 W/System.err( 3032): 	at android.os.Binder.execTransact(Binder.java:446)
05-18 19:15:23.674 I/art     (13567): Explicit concurrent mark sweep GC freed 525(29KB) AllocSpace objects, 0(0B) LOS objects, 15% free, 84MB/100MB, paused 1.770ms total 118.914ms
05-18 19:15:23.674 I/art     (13567): WaitForGcToComplete blocked for 437.803ms for cause Explicit
05-18 19:15:23.794 I/art     (13567): Explicit concurrent mark sweep GC freed 35(2120B) AllocSpace objects, 0(0B) LOS objects, 15% free, 84MB/100MB, paused 2.433ms total 119.646ms
05-18 19:15:23.794 I/art     (13567): WaitForGcToComplete blocked for 430.972ms for cause Explicit
05-18 19:15:23.864 D/wpa_supplicant(10355): wlan0: Control interface command 'SIGNAL_POLL'
05-18 19:15:23.874 D/ConnectivityManager.CallbackHandler( 1429): CM callback handler got msg 524290
05-18 19:15:23.874 D/SecurityController( 1429): onAvailable 117 : [ Transports: WIFI Capabilities: INTERNET&NOT_RESTRICTED&TRUSTED&NOT_VPN LinkUpBandwidth>=1048576Kbps LinkDnBandwidth>=1048576Kbps]
05-18 19:15:23.904 I/art     (13567): Explicit concurrent mark sweep GC freed 3(96B) AllocSpace objects, 0(0B) LOS objects, 15% free, 84MB/100MB, paused 2.435ms total 112.452ms
05-18 19:15:23.904 I/art     (13567): WaitForGcToComplete blocked for 304.525ms for cause Explicit
05-18 19:15:24.034 I/art     (13567): Explicit concurrent mark sweep GC freed 6(272B) AllocSpace objects, 0(0B) LOS objects, 15% free, 84MB/100MB, paused 2.099ms total 125.765ms
05-18 19:15:24.034 I/art     (13567): WaitForGcToComplete blocked for 546.948ms for cause Explicit
05-18 19:15:24.144 I/art     (13567): Explicit concurrent mark sweep GC freed 11(304B) AllocSpace objects, 0(0B) LOS objects, 15% free, 84MB/100MB, paused 1.712ms total 113.895ms
05-18 19:15:24.144 I/art     (13567): WaitForGcToComplete blocked for 427.884ms for cause Explicit
05-18 19:15:24.264 I/art     (13567): Explicit concurrent mark sweep GC freed 3(96B) AllocSpace objects, 0(0B) LOS objects, 15% free, 84MB/100MB, paused 2.048ms total 116.201ms
05-18 19:15:24.264 I/art     (13567): WaitForGcToComplete blocked for 542.367ms for cause Explicit
05-18 19:15:24.304 D/PhoneStatusBar( 1429): updateNotification pkg=com.qihoo.appstore;id=10012
05-18 19:15:24.324 D/SizeAdaptiveLayout( 1429): com.android.internal.widget.SizeAdaptiveLayout{284ced06 V.E..... ......ID 0,0-1260,232 #7f0800c1 app:id/adaptive}child view android.widget.RelativeLayout{319cefc7 V.E..... ......ID 0,0-1260,256} measured out of bounds at 231px clamped to 232px
05-18 19:15:24.334 D/PhoneStatusBar( 1429): updateNotification pkg=com.qihoo.appstore;id=10012
05-18 19:15:24.394 I/art     (13567): Explicit concurrent mark sweep GC freed 7(176B) AllocSpace objects, 0(0B) LOS objects, 15% free, 84MB/100MB, paused 2.226ms total 131.627ms
05-18 19:15:24.394 I/art     (13567): WaitForGcToComplete blocked for 560.289ms for cause Explicit
05-18 19:15:24.434 I/art     ( 1429): Background partial concurrent mark sweep GC freed 199033(7MB) AllocSpace objects, 34(14MB) LOS objects, 13% free, 99MB/115MB, paused 2.396ms total 116.337ms
05-18 19:15:24.464 D/SizeAdaptiveLayout( 1429): com.android.internal.widget.SizeAdaptiveLayout{284ced06 V.E..... ......ID 0,0-1260,232 #7f0800c1 app:id/adaptive}child view android.widget.RelativeLayout{319cefc7 V.E..... ......ID 0,0-1260,256} measured out of bounds at 231px clamped to 232px
05-18 19:15:24.504 I/art     (13567): Explicit concurrent mark sweep GC freed 4(112B) AllocSpace objects, 0(0B) LOS objects, 15% free, 84MB/100MB, paused 4.683ms total 105.680ms
05-18 19:15:24.504 I/art     (13567): WaitForGcToComplete blocked for 424.547ms for cause Explicit
05-18 19:15:24.624 W/System.err( 3032): java.lang.ArrayIndexOutOfBoundsException: length=58; index=58
05-18 19:15:24.634 W/System.err( 3032): 	at com.lbe.security.service.provider.internal.AppOpsAdapter$1.getDefaultOp(AppOpsAdapter.java:279)
05-18 19:15:24.634 W/System.err( 3032): 	at com.android.internal.app.IOpsCallback$Stub.onTransact(IOpsCallback.java:68)
05-18 19:15:24.634 W/System.err( 3032): 	at android.os.Binder.execTransact(Binder.java:446)
05-18 19:15:24.644 I/art     (13567): Explicit concurrent mark sweep GC freed 1619(83KB) AllocSpace objects, 0(0B) LOS objects, 15% free, 84MB/100MB, paused 2.289ms total 136.527ms
05-18 19:15:24.644 I/art     (13567): WaitForGcToComplete blocked for 445.672ms for cause Explicit
05-18 19:15:24.754 I/art     (13567): Explicit concurrent mark sweep GC freed 49(15KB) AllocSpace objects, 1(16KB) LOS objects, 15% free, 84MB/100MB, paused 2.083ms total 115.048ms
05-18 19:15:24.754 I/art     (13567): WaitForGcToComplete blocked for 445.882ms for cause Explicit
05-18 19:15:24.864 I/art     (13567): Explicit concurrent mark sweep GC freed 24(1784B) AllocSpace objects, 0(0B) LOS objects, 15% free, 84MB/100MB, paused 1.886ms total 110.116ms
05-18 19:15:24.864 I/art     (13567): WaitForGcToComplete blocked for 423.324ms for cause Explicit
05-18 19:15:24.974 I/art     (13567): Explicit concurrent mark sweep GC freed 3(96B) AllocSpace objects, 0(0B) LOS objects, 15% free, 84MB/100MB, paused 1.979ms total 110.642ms
05-18 19:15:24.974 I/art     (13567): WaitForGcToComplete blocked for 1.020s for cause Explicit
05-18 19:15:25.094 I/art     (13567): Explicit concurrent mark sweep GC freed 8(336B) AllocSpace objects, 0(0B) LOS objects, 15% free, 84MB/100MB, paused 1.942ms total 117.045ms
05-18 19:15:25.094 I/art     (13567): WaitForGcToComplete blocked for 407.241ms for cause Explicit
05-18 19:15:25.214 I/art     (13567): Explicit concurrent mark sweep GC freed 1095(53KB) AllocSpace objects, 0(0B) LOS objects, 15% free, 84MB/100MB, paused 2.242ms total 121.856ms
05-18 19:15:25.224 I/art     (13567): WaitForGcToComplete blocked for 515.916ms for cause Explicit
05-18 19:15:25.314 W/System.err( 3032): java.lang.ArrayIndexOutOfBoundsException: length=58; index=58
05-18 19:15:25.314 W/System.err( 3032): 	at com.lbe.security.service.provider.internal.AppOpsAdapter$1.getDefaultOp(AppOpsAdapter.java:279)
05-18 19:15:25.314 W/System.err( 3032): 	at com.android.internal.app.IOpsCallback$Stub.onTransact(IOpsCallback.java:68)
05-18 19:15:25.314 W/System.err( 3032): 	at android.os.Binder.execTransact(Binder.java:446)
05-18 19:15:25.344 I/art     (13567): Explicit concurrent mark sweep GC freed 29(14KB) AllocSpace objects, 1(16KB) LOS objects, 15% free, 84MB/100MB, paused 2.287ms total 121.815ms
05-18 19:15:25.344 I/art     (13567): WaitForGcToComplete blocked for 548.165ms for cause Explicit
05-18 19:15:25.464 I/art     (13567): Explicit concurrent mark sweep GC freed 21(1736B) AllocSpace objects, 0(0B) LOS objects, 15% free, 84MB/100MB, paused 2.368ms total 118.041ms
05-18 19:15:25.464 I/art     (13567): WaitForGcToComplete blocked for 660.859ms for cause Explicit
05-18 19:15:25.554 W/UnimplementedWebViewApi(13567): Unimplemented WebView method onKeyMultiple called from: android.webkit.WebView.onKeyMultiple(WebView.java:2317)
05-18 19:15:25.554 W/UnimplementedWebViewApi(13567): Unimplemented WebView method onKeyDown called from: android.webkit.WebView.onKeyDown(WebView.java:2307)
05-18 19:15:25.594 I/art     (13567): Explicit concurrent mark sweep GC freed 829(39KB) AllocSpace objects, 0(0B) LOS objects, 15% free, 84MB/100MB, paused 1.902ms total 128.866ms
05-18 19:15:25.594 I/art     (13567): WaitForGcToComplete blocked for 680.909ms for cause Explicit
05-18 19:15:25.664 W/System.err( 3032): java.lang.ArrayIndexOutOfBoundsException: length=58; index=58
05-18 19:15:25.664 W/System.err( 3032): 	at com.lbe.security.service.provider.internal.AppOpsAdapter$1.getDefaultOp(AppOpsAdapter.java:279)
05-18 19:15:25.664 W/System.err( 3032): 	at com.android.internal.app.IOpsCallback$Stub.onTransact(IOpsCallback.java:68)
05-18 19:15:25.664 W/System.err( 3032): 	at android.os.Binder.execTransact(Binder.java:446)
05-18 19:15:25.714 I/art     (13567): Explicit concurrent mark sweep GC freed 1623(81KB) AllocSpace objects, 0(0B) LOS objects, 15% free, 84MB/100MB, paused 2.473ms total 116.078ms
05-18 19:15:25.714 I/art     (13567): WaitForGcToComplete blocked for 685.676ms for cause Explicit
05-18 19:15:25.834 I/art     (13567): Explicit concurrent mark sweep GC freed 40(14KB) AllocSpace objects, 1(16KB) LOS objects, 15% free, 84MB/100MB, paused 1.851ms total 125.239ms
05-18 19:15:25.834 I/art     (13567): WaitForGcToComplete blocked for 563.481ms for cause Explicit
05-18 19:15:25.964 I/art     (13567): Explicit concurrent mark sweep GC freed 1130(55KB) AllocSpace objects, 0(0B) LOS objects, 15% free, 84MB/100MB, paused 2.864ms total 130.197ms
05-18 19:15:25.964 I/art     (13567): WaitForGcToComplete blocked for 597.510ms for cause Explicit
05-18 19:15:26.104 I/art     (13567): Explicit concurrent mark sweep GC freed 1128(65KB) AllocSpace objects, 1(16KB) LOS objects, 15% free, 84MB/100MB, paused 2.596ms total 130.965ms
05-18 19:15:26.104 I/art     (13567): WaitForGcToComplete blocked for 703.600ms for cause Explicit
05-18 19:15:26.184 I/Analytics( 1429): start session(com.android.systemui)
05-18 19:15:26.184 I/Analytics( 1429): end session(com.android.systemui)
05-18 19:15:26.244 I/art     (13567): Explicit concurrent mark sweep GC freed 52(15KB) AllocSpace objects, 1(16KB) LOS objects, 15% free, 84MB/100MB, paused 2.086ms total 146.181ms
05-18 19:15:26.244 I/art     (13567): WaitForGcToComplete blocked for 727.899ms for cause Explicit
05-18 19:15:26.374 I/art     (13567): Explicit concurrent mark sweep GC freed 27(1976B) AllocSpace objects, 0(0B) LOS objects, 15% free, 84MB/100MB, paused 3.445ms total 131.138ms
05-18 19:15:26.384 I/art     (13567): WaitForGcToComplete blocked for 621.539ms for cause Explicit
05-18 19:15:26.504 I/art     (13567): Explicit concurrent mark sweep GC freed 3(96B) AllocSpace objects, 0(0B) LOS objects, 15% free, 84MB/100MB, paused 2.006ms total 128.700ms
05-18 19:15:26.514 I/art     (13567): WaitForGcToComplete blocked for 613.507ms for cause Explicit
05-18 19:15:26.644 I/art     (13567): Explicit concurrent mark sweep GC freed 11(304B) AllocSpace objects, 0(0B) LOS objects, 15% free, 84MB/100MB, paused 2.531ms total 136.524ms
05-18 19:15:26.644 I/art     (13567): WaitForGcToComplete blocked for 496.521ms for cause Explicit
05-18 19:15:26.704 W/System.err( 3032): java.lang.ArrayIndexOutOfBoundsException: length=58; index=58
05-18 19:15:26.714 W/System.err( 3032): 	at com.lbe.security.service.provider.internal.AppOpsAdapter$1.getDefaultOp(AppOpsAdapter.java:279)
05-18 19:15:26.714 W/System.err( 3032): 	at com.android.internal.app.IOpsCallback$Stub.onTransact(IOpsCallback.java:68)
05-18 19:15:26.714 W/System.err( 3032): 	at android.os.Binder.execTransact(Binder.java:446)
05-18 19:15:26.774 I/art     (13567): Explicit concurrent mark sweep GC freed 519(29KB) AllocSpace objects, 0(0B) LOS objects, 15% free, 84MB/100MB, paused 1.822ms total 125.605ms
05-18 19:15:26.774 I/art     (13567): WaitForGcToComplete blocked for 616.146ms for cause Explicit
05-18 19:15:26.874 D/wpa_supplicant(10355): wlan0: Control interface command 'SIGNAL_POLL'
05-18 19:15:26.884 I/art     (13567): Explicit concurrent mark sweep GC freed 40(3KB) AllocSpace objects, 0(0B) LOS objects, 15% free, 84MB/100MB, paused 2.212ms total 115.933ms
05-18 19:15:26.894 I/art     (13567): WaitForGcToComplete blocked for 638.871ms for cause Explicit
05-18 19:15:27.014 I/art     (13567): Explicit concurrent mark sweep GC freed 4(1120B) AllocSpace objects, 0(0B) LOS objects, 15% free, 84MB/100MB, paused 1.874ms total 121.420ms
05-18 19:15:27.014 I/art     (13567): WaitForGcToComplete blocked for 714.114ms for cause Explicit
05-18 19:15:27.134 I/art     (13567): Explicit concurrent mark sweep GC freed 11(304B) AllocSpace objects, 0(0B) LOS objects, 15% free, 84MB/100MB, paused 1.974ms total 124.054ms
05-18 19:15:27.134 I/art     (13567): WaitForGcToComplete blocked for 706.846ms for cause Explicit
05-18 19:15:27.264 I/art     (13567): Explicit concurrent mark sweep GC freed 7(416B) AllocSpace objects, 0(0B) LOS objects, 15% free, 84MB/100MB, paused 1.861ms total 126.636ms
05-18 19:15:27.264 I/art     (13567): WaitForGcToComplete blocked for 704.054ms for cause Explicit
05-18 19:15:27.384 I/art     (13567): Explicit concurrent mark sweep GC freed 7(176B) AllocSpace objects, 0(0B) LOS objects, 15% free, 84MB/100MB, paused 1.864ms total 120.413ms
05-18 19:15:27.384 I/art     (13567): WaitForGcToComplete blocked for 620.982ms for cause Explicit
05-18 19:15:27.464 W/System.err( 3032): java.lang.ArrayIndexOutOfBoundsException: length=58; index=58
05-18 19:15:27.464 W/System.err( 3032): 	at com.lbe.security.service.provider.internal.AppOpsAdapter$1.getDefaultOp(AppOpsAdapter.java:279)
