05-18 19:17:00.044 D/SizeAdaptiveLayout( 1429): com.android.internal.widget.SizeAdaptiveLayout{1ba746c4 V.E..... ......ID 0,0-1260,232 #7f0800c1 app:id/adaptive}child view android.widget.FrameLayout{3d6109ad V.E..... ......ID 0,0-1260,231 #1020330 android:id/status_bar_latest_event_content} measured out of bounds at 231px clamped to 232px
05-18 19:17:00.054 D/SizeAdaptiveLayout( 1429): com.android.internal.widget.SizeAdaptiveLayout{177750cf V.E..... ......ID 0,0-1260,232 #7f0800c1 app:id/adaptive}child view android.widget.FrameLayout{2786aa5c V.E..... ......ID 0,0-1260,231 #1020330 android:id/status_bar_latest_event_content} measured out of bounds at 231px clamped to 232px
05-18 19:17:00.174 W/System.err( 3032): java.lang.ArrayIndexOutOfBoundsException: length=58; index=58
05-18 19:17:00.174 W/System.err( 3032): 	at com.lbe.security.service.provider.internal.AppOpsAdapter$1.getDefaultOp(AppOpsAdapter.java:279)
05-18 19:17:00.174 W/System.err( 3032): 	at com.android.internal.app.IOpsCallback$Stub.onTransact(IOpsCallback.java:68)
05-18 19:17:00.174 W/System.err( 3032): 	at android.os.Binder.execTransact(Binder.java:446)
05-18 19:17:00.284 D/wpa_supplicant(10355): wlan0: Control interface command 'SIGNAL_POLL'
05-18 19:17:01.184 W/System.err( 3032): java.lang.ArrayIndexOutOfBoundsException: length=58; index=58
05-18 19:17:01.184 W/System.err( 3032): 	at com.lbe.security.service.provider.internal.AppOpsAdapter$1.getDefaultOp(AppOpsAdapter.java:279)
05-18 19:17:01.184 W/System.err( 3032): 	at com.android.internal.app.IOpsCallback$Stub.onTransact(IOpsCallback.java:68)
05-18 19:17:01.184 W/System.err( 3032): 	at android.os.Binder.execTransact(Binder.java:446)
05-18 19:17:01.744 W/System.err( 3032): java.lang.ArrayIndexOutOfBoundsException: length=58; index=58
05-18 19:17:01.754 W/System.err( 3032): 	at com.lbe.security.service.provider.internal.AppOpsAdapter$1.getDefaultOp(AppOpsAdapter.java:279)
05-18 19:17:01.754 W/System.err( 3032): 	at com.android.internal.app.IOpsCallback$Stub.onTransact(IOpsCallback.java:68)
05-18 19:17:01.754 W/System.err( 3032): 	at android.os.Binder.execTransact(Binder.java:446)
05-18 19:17:02.204 W/System.err( 3032): java.lang.ArrayIndexOutOfBoundsException: length=58; index=58
05-18 19:17:02.214 W/System.err( 3032): 	at com.lbe.security.service.provider.internal.AppOpsAdapter$1.getDefaultOp(AppOpsAdapter.java:279)
05-18 19:17:02.214 W/System.err( 3032): 	at com.android.internal.app.IOpsCallback$Stub.onTransact(IOpsCallback.java:68)
05-18 19:17:02.214 W/System.err( 3032): 	at android.os.Binder.execTransact(Binder.java:446)
05-18 19:17:02.594 D/wpa_supplicant(10355): nl80211: Event message available
05-18 19:17:02.594 D/wpa_supplicant(10355): nl80211: Drv Event 34 (NL80211_CMD_NEW_SCAN_RESULTS) received for wlan0
05-18 19:17:02.594 D/wpa_supplicant(10355): wlan0: nl80211: New scan results available
05-18 19:17:02.594 D/wpa_supplicant(10355): nl80211: Scan included frequencies:
05-18 19:17:02.594 D/wpa_supplicant(10355): wlan0: Event SCAN_RESULTS (3) received
05-18 19:17:02.594 D/wpa_supplicant(10355): wlan0: Scan completed in 2.937879 seconds
05-18 19:17:02.594 D/wpa_supplicant(10355): nl80211: Associated on 5745 MHz
05-18 19:17:02.594 D/wpa_supplicant(10355): nl80211: Associated with d0:ee:07:20:53:2c
05-18 19:17:02.594 D/wpa_supplicant(10355): nl80211: Received scan results (32 BSSes)
05-18 19:17:02.594 D/wpa_supplicant(10355): nl80211: Scan results indicate BSS status with d0:ee:07:20:53:2c as associated
05-18 19:17:02.594 D/wpa_supplicant(10355): wlan0: BSS: Start scan result update 345
05-18 19:17:02.594 D/wpa_supplicant(10355): wlan0: BSS: Add new id 888 BSSID 8c:ab:8e:0a:e3:c4 SSID 'PHICOMM_0AE3C4'
05-18 19:17:02.594 D/wpa_supplicant(10355): CTRL_IFACE monitor sent successfully to /data/misc/wifi/sockets/wpa_ctrl_485-31\x00
05-18 19:17:02.594 D/wpa_supplicant(10355): CTRL_IFACE monitor sent successfully to /data/misc/wifi/sockets/wpa_ctrl_1021-8\x00
05-18 19:17:02.594 D/wpa_supplicant(10355): wlan0: BSS: Remove id 866 BSSID 2c:5d:93:0a:91:88 SSID 'wifi-2' due to no match in scan
05-18 19:17:02.594 D/wpa_supplicant(10355): CTRL_IFACE monitor sent successfully to /data/misc/wifi/sockets/wpa_ctrl_485-31\x00
05-18 19:17:02.594 D/wpa_supplicant(10355): CTRL_IFACE monitor sent successfully to /data/misc/wifi/sockets/wpa_ctrl_1021-8\x00
05-18 19:17:02.594 D/wpa_supplicant(10355): wlan0: BSS: Remove id 835 BSSID 10:0f:0e:20:65:78 SSID 'iyaya_guest5.8' due to no match in scan
05-18 19:17:02.594 D/wpa_supplicant(10355): CTRL_IFACE monitor sent successfully to /data/misc/wifi/sockets/wpa_ctrl_485-31\x00
05-18 19:17:02.594 D/wpa_supplicant(10355): CTRL_IFACE monitor sent successfully to /data/misc/wifi/sockets/wpa_ctrl_1021-8\x00
05-18 19:17:02.594 D/wpa_supplicant(10355): BSS: last_scan_res_used=32/64
05-18 19:17:02.594 D/wpa_supplicant(10355): wlan0: Scan-only results received
05-18 19:17:02.594 D/wpa_supplicant(10355): CTRL_IFACE monitor sent successfully to /data/misc/wifi/sockets/wpa_ctrl_485-31\x00
05-18 19:17:02.594 D/wpa_supplicant(10355): CTRL_IFACE monitor sent successfully to /data/misc/wifi/sockets/wpa_ctrl_1021-8\x00
05-18 19:17:02.594 D/wpa_supplicant(10355): wlan0: Radio work 'scan'@0x7f86e1e3d0 done in 2.946867 seconds
05-18 19:17:02.594 I/WifiHAL ( 1021): Poll result = 1
05-18 19:17:02.594 I/WifiHAL ( 1021): Found some events!!!
05-18 19:17:02.594 D/WifiHAL ( 1021): no_seq_check received
05-18 19:17:02.594 I/WifiHAL ( 1021): event received NL80211_CMD_NEW_SCAN_RESULTS
05-18 19:17:02.594 I/WifiHAL ( 1021): event received NL80211_CMD_NEW_SCAN_RESULTS, vendor_id = 0x0
05-18 19:17:02.594 I/WifiHAL ( 1021): event ignored!!
05-18 19:17:02.604 D/wpa_supplicant(10355): wlan0: Control interface command 'BSS RANGE=0- MASK=0x23987'
05-18 19:17:02.614 D/wpa_supplicant(10355): wlan0: Control interface command 'BSS RANGE=877- MASK=0x23987'
05-18 19:17:02.644 D/wpa_supplicant(10355): wlan0: Control interface command 'STATUS-NO_EVENTS'
05-18 19:17:02.654 D/LBSSystemMonitorService( 1021): handleMessage what - 4
05-18 19:17:02.654 D/Wiper_jni( 1021): Send Network Location.
05-18 19:17:02.664 I/ApplicationHelper(17707): on trim memory, level=80
05-18 19:17:02.674 W/MusicApplication(17707): onTrimMemory is called, level=80
05-18 19:17:02.674 V/MSAPMReceiver(16489): Got intent:android.net.wifi.SCAN_RESULTS
05-18 19:17:02.674 V/MSAPMReceiver(16489): Got intent SCAN_RESULTS
05-18 19:17:02.674 V/MSAPM   (16489): notify_scan_results_available
05-18 19:17:02.674 E/MSAPM   (16489): Handler not yet initialized. Can't send!
05-18 19:17:03.174 I/MSM-irqbalance(  791): Decided to move IRQ115 from CPU1 to CPU3
05-18 19:17:03.224 W/System.err( 3032): java.lang.ArrayIndexOutOfBoundsException: length=58; index=58
05-18 19:17:03.234 W/System.err( 3032): 	at com.lbe.security.service.provider.internal.AppOpsAdapter$1.getDefaultOp(AppOpsAdapter.java:279)
05-18 19:17:03.234 W/System.err( 3032): 	at com.android.internal.app.IOpsCallback$Stub.onTransact(IOpsCallback.java:68)
05-18 19:17:03.234 W/System.err( 3032): 	at android.os.Binder.execTransact(Binder.java:446)
05-18 19:17:03.294 D/wpa_supplicant(10355): wlan0: Control interface command 'SIGNAL_POLL'
05-18 19:17:04.244 W/System.err( 3032): java.lang.ArrayIndexOutOfBoundsException: length=58; index=58
05-18 19:17:04.244 W/System.err( 3032): 	at com.lbe.security.service.provider.internal.AppOpsAdapter$1.getDefaultOp(AppOpsAdapter.java:279)
05-18 19:17:04.244 W/System.err( 3032): 	at com.android.internal.app.IOpsCallback$Stub.onTransact(IOpsCallback.java:68)
05-18 19:17:04.244 W/System.err( 3032): 	at android.os.Binder.execTransact(Binder.java:446)
05-18 19:17:05.254 W/System.err( 3032): java.lang.ArrayIndexOutOfBoundsException: length=58; index=58
05-18 19:17:05.254 W/System.err( 3032): 	at com.lbe.security.service.provider.internal.AppOpsAdapter$1.getDefaultOp(AppOpsAdapter.java:279)
05-18 19:17:05.254 W/System.err( 3032): 	at com.android.internal.app.IOpsCallback$Stub.onTransact(IOpsCallback.java:68)
05-18 19:17:05.254 W/System.err( 3032): 	at android.os.Binder.execTransact(Binder.java:446)
05-18 19:17:06.274 W/System.err( 3032): java.lang.ArrayIndexOutOfBoundsException: length=58; index=58
05-18 19:17:06.274 W/System.err( 3032): 	at com.lbe.security.service.provider.internal.AppOpsAdapter$1.getDefaultOp(AppOpsAdapter.java:279)
05-18 19:17:06.284 W/System.err( 3032): 	at com.android.internal.app.IOpsCallback$Stub.onTransact(IOpsCallback.java:68)
05-18 19:17:06.284 W/System.err( 3032): 	at android.os.Binder.execTransact(Binder.java:446)
05-18 19:17:06.304 D/wpa_supplicant(10355): wlan0: Control interface command 'SIGNAL_POLL'
05-18 19:17:06.814 W/System.err( 3032): java.lang.ArrayIndexOutOfBoundsException: length=58; index=58
05-18 19:17:06.814 W/System.err( 3032): 	at com.lbe.security.service.provider.internal.AppOpsAdapter$1.getDefaultOp(AppOpsAdapter.java:279)
05-18 19:17:06.814 W/System.err( 3032): 	at com.android.internal.app.IOpsCallback$Stub.onTransact(IOpsCallback.java:68)
05-18 19:17:06.814 W/System.err( 3032): 	at android.os.Binder.execTransact(Binder.java:446)
05-18 19:17:07.294 W/System.err( 3032): java.lang.ArrayIndexOutOfBoundsException: length=58; index=58
05-18 19:17:07.304 W/System.err( 3032): 	at com.lbe.security.service.provider.internal.AppOpsAdapter$1.getDefaultOp(AppOpsAdapter.java:279)
05-18 19:17:07.304 W/System.err( 3032): 	at com.android.internal.app.IOpsCallback$Stub.onTransact(IOpsCallback.java:68)
05-18 19:17:07.304 W/System.err( 3032): 	at android.os.Binder.execTransact(Binder.java:446)
05-18 19:17:07.974 W/System.err( 3032): java.lang.ArrayIndexOutOfBoundsException: length=58; index=58
05-18 19:17:07.974 W/System.err( 3032): 	at com.lbe.security.service.provider.internal.AppOpsAdapter$1.getDefaultOp(AppOpsAdapter.java:279)
05-18 19:17:07.984 W/System.err( 3032): 	at com.android.internal.app.IOpsCallback$Stub.onTransact(IOpsCallback.java:68)
05-18 19:17:07.984 W/System.err( 3032): 	at android.os.Binder.execTransact(Binder.java:446)
05-18 19:17:08.174 I/MSM-irqbalance(  791): Decided to move IRQ304 from CPU1 to CPU3
05-18 19:17:08.314 W/System.err( 3032): java.lang.ArrayIndexOutOfBoundsException: length=58; index=58
05-18 19:17:08.314 W/System.err( 3032): 	at com.lbe.security.service.provider.internal.AppOpsAdapter$1.getDefaultOp(AppOpsAdapter.java:279)
05-18 19:17:08.314 W/System.err( 3032): 	at com.android.internal.app.IOpsCallback$Stub.onTransact(IOpsCallback.java:68)
05-18 19:17:08.314 W/System.err( 3032): 	at android.os.Binder.execTransact(Binder.java:446)
05-18 19:17:09.314 D/wpa_supplicant(10355): wlan0: Control interface command 'SIGNAL_POLL'
05-18 19:17:09.334 W/System.err( 3032): java.lang.ArrayIndexOutOfBoundsException: length=58; index=58
05-18 19:17:09.334 W/System.err( 3032): 	at com.lbe.security.service.provider.internal.AppOpsAdapter$1.getDefaultOp(AppOpsAdapter.java:279)
05-18 19:17:09.334 W/System.err( 3032): 	at com.android.internal.app.IOpsCallback$Stub.onTransact(IOpsCallback.java:68)
05-18 19:17:09.334 W/System.err( 3032): 	at android.os.Binder.execTransact(Binder.java:446)
05-18 19:17:10.344 W/System.err( 3032): java.lang.ArrayIndexOutOfBoundsException: length=58; index=58
05-18 19:17:10.344 W/System.err( 3032): 	at com.lbe.security.service.provider.internal.AppOpsAdapter$1.getDefaultOp(AppOpsAdapter.java:279)
05-18 19:17:10.354 W/System.err( 3032): 	at com.android.internal.app.IOpsCallback$Stub.onTransact(IOpsCallback.java:68)
05-18 19:17:10.354 W/System.err( 3032): 	at android.os.Binder.execTransact(Binder.java:446)
05-18 19:17:11.364 W/System.err( 3032): java.lang.ArrayIndexOutOfBoundsException: length=58; index=58
05-18 19:17:11.374 W/System.err( 3032): 	at com.lbe.security.service.provider.internal.AppOpsAdapter$1.getDefaultOp(AppOpsAdapter.java:279)
05-18 19:17:11.374 W/System.err( 3032): 	at com.android.internal.app.IOpsCallback$Stub.onTransact(IOpsCallback.java:68)
05-18 19:17:11.374 W/System.err( 3032): 	at android.os.Binder.execTransact(Binder.java:446)
05-18 19:17:11.894 W/System.err( 3032): java.lang.ArrayIndexOutOfBoundsException: length=58; index=58
05-18 19:17:11.894 W/System.err( 3032): 	at com.lbe.security.service.provider.internal.AppOpsAdapter$1.getDefaultOp(AppOpsAdapter.java:279)
05-18 19:17:11.894 W/System.err( 3032): 	at com.android.internal.app.IOpsCallback$Stub.onTransact(IOpsCallback.java:68)
05-18 19:17:11.894 W/System.err( 3032): 	at android.os.Binder.execTransact(Binder.java:446)
05-18 19:17:12.334 D/wpa_supplicant(10355): wlan0: Control interface command 'SIGNAL_POLL'
05-18 19:17:12.384 W/System.err( 3032): java.lang.ArrayIndexOutOfBoundsException: length=58; index=58
05-18 19:17:12.384 W/System.err( 3032): 	at com.lbe.security.service.provider.internal.AppOpsAdapter$1.getDefaultOp(AppOpsAdapter.java:279)
05-18 19:17:12.384 W/System.err( 3032): 	at com.android.internal.app.IOpsCallback$Stub.onTransact(IOpsCallback.java:68)
05-18 19:17:12.384 W/System.err( 3032): 	at android.os.Binder.execTransact(Binder.java:446)
05-18 19:17:13.174 I/MSM-irqbalance(  791): Decided to move IRQ222 from CPU1 to CPU3
05-18 19:17:13.394 W/System.err( 3032): java.lang.ArrayIndexOutOfBoundsException: length=58; index=58
05-18 19:17:13.394 W/System.err( 3032): 	at com.lbe.security.service.provider.internal.AppOpsAdapter$1.getDefaultOp(AppOpsAdapter.java:279)
05-18 19:17:13.394 W/System.err( 3032): 	at com.android.internal.app.IOpsCallback$Stub.onTransact(IOpsCallback.java:68)
05-18 19:17:13.394 W/System.err( 3032): 	at android.os.Binder.execTransact(Binder.java:446)
05-18 19:17:14.404 W/System.err( 3032): java.lang.ArrayIndexOutOfBoundsException: length=58; index=58
05-18 19:17:14.414 W/System.err( 3032): 	at com.lbe.security.service.provider.internal.AppOpsAdapter$1.getDefaultOp(AppOpsAdapter.java:279)
05-18 19:17:14.414 W/System.err( 3032): 	at com.android.internal.app.IOpsCallback$Stub.onTransact(IOpsCallback.java:68)
05-18 19:17:14.414 W/System.err( 3032): 	at android.os.Binder.execTransact(Binder.java:446)
05-18 19:17:15.134 I/art     (26232): WaitForGcToComplete blocked for 31.753ms for cause HomogeneousSpaceCompact
05-18 19:17:15.344 D/wpa_supplicant(10355): wlan0: Control interface command 'SIGNAL_POLL'
05-18 19:17:15.364 D/StatusBar.NetworkController( 1429): slot=-10;action=android.net.wifi.RSSI_CHANGED
05-18 19:17:15.364 D/StatusBar.NetworkController( 1429): updateNetworkName mNetworkName[0]=只能拨打紧急呼救电话 mTempNetworkName[0] = 只能拨打紧急呼救电话
05-18 19:17:15.364 D/StatusBar.NetworkController( 1429): updateNetworkName mNetworkName[1]=无服务 mTempNetworkName[1] = 无服务
05-18 19:17:15.424 W/System.err( 3032): java.lang.ArrayIndexOutOfBoundsException: length=58; index=58
05-18 19:17:15.424 W/System.err( 3032): 	at com.lbe.security.service.provider.internal.AppOpsAdapter$1.getDefaultOp(AppOpsAdapter.java:279)
05-18 19:17:15.424 W/System.err( 3032): 	at com.android.internal.app.IOpsCallback$Stub.onTransact(IOpsCallback.java:68)
05-18 19:17:15.424 W/System.err( 3032): 	at android.os.Binder.execTransact(Binder.java:446)
05-18 19:17:16.444 W/System.err( 3032): java.lang.ArrayIndexOutOfBoundsException: length=58; index=58
05-18 19:17:16.444 W/System.err( 3032): 	at com.lbe.security.service.provider.internal.AppOpsAdapter$1.getDefaultOp(AppOpsAdapter.java:279)
05-18 19:17:16.444 W/System.err( 3032): 	at com.android.internal.app.IOpsCallback$Stub.onTransact(IOpsCallback.java:68)
05-18 19:17:16.444 W/System.err( 3032): 	at android.os.Binder.execTransact(Binder.java:446)
05-18 19:17:16.974 W/System.err( 3032): java.lang.ArrayIndexOutOfBoundsException: length=58; index=58
05-18 19:17:16.974 W/System.err( 3032): 	at com.lbe.security.service.provider.internal.AppOpsAdapter$1.getDefaultOp(AppOpsAdapter.java:279)
05-18 19:17:16.974 W/System.err( 3032): 	at com.android.internal.app.IOpsCallback$Stub.onTransact(IOpsCallback.java:68)
05-18 19:17:16.974 W/System.err( 3032): 	at android.os.Binder.execTransact(Binder.java:446)
05-18 19:17:17.464 W/System.err( 3032): java.lang.ArrayIndexOutOfBoundsException: length=58; index=58
05-18 19:17:17.464 W/System.err( 3032): 	at com.lbe.security.service.provider.internal.AppOpsAdapter$1.getDefaultOp(AppOpsAdapter.java:279)
05-18 19:17:17.464 W/System.err( 3032): 	at com.android.internal.app.IOpsCallback$Stub.onTransact(IOpsCallback.java:68)
05-18 19:17:17.464 W/System.err( 3032): 	at android.os.Binder.execTransact(Binder.java:446)
05-18 19:17:17.714 E/WifiStateMachine( 1021): WifiStateMachine CMD_START_SCAN source -2 txSuccessRate=0.60 rxSuccessRate=0.57 targetRoamBSSID=any RSSI=-65
05-18 19:17:17.714 D/wpa_supplicant(10355): wlan0: Control interface command 'SCAN TYPE=ONLY'
05-18 19:17:17.714 D/wpa_supplicant(10355): wlan0: Setting scan request: 0.000000 sec
05-18 19:17:17.714 D/wpa_supplicant(10355): wlan0: Starting AP scan for wildcard SSID
05-18 19:17:17.714 D/wpa_supplicant(10355): wlan0: Add radio work 'scan'@0x7f86e1e420
05-18 19:17:17.714 D/wpa_supplicant(10355): wlan0: First radio work item in the queue - schedule start immediately
05-18 19:17:17.714 D/wpa_supplicant(10355): wlan0: Starting radio work 'scan'@0x7f86e1e420 after 0.000038 second wait
05-18 19:17:17.714 D/wpa_supplicant(10355): wlan0: nl80211: scan request
05-18 19:17:17.714 D/wpa_supplicant(10355): nl80211: Scan SSID - hexdump(len=0): [NULL]
05-18 19:17:17.714 D/wpa_supplicant(10355): Scan requested (ret=0) - scan timeout 30 seconds
05-18 19:17:17.714 D/wpa_supplicant(10355): nl80211: Event message available
05-18 19:17:17.714 D/wpa_supplicant(10355): nl80211: Drv Event 33 (NL80211_CMD_TRIGGER_SCAN) received for wlan0
05-18 19:17:17.714 D/wpa_supplicant(10355): wlan0: nl80211: Scan trigger
05-18 19:17:17.714 D/wpa_supplicant(10355): wlan0: Event SCAN_STARTED (49) received
05-18 19:17:17.714 D/wpa_supplicant(10355): wlan0: Own scan request started a scan in 0.000091 seconds
05-18 19:17:17.714 I/wpa_supplicant(10355): wlan0: CTRL-EVENT-SCAN-STARTED 
05-18 19:17:17.714 D/wpa_supplicant(10355): CTRL_IFACE monitor sent successfully to /data/misc/wifi/sockets/wpa_ctrl_485-31\x00
05-18 19:17:17.714 D/wpa_supplicant(10355): CTRL_IFACE monitor sent successfully to /data/misc/wifi/sockets/wpa_ctrl_1021-8\x00
05-18 19:17:17.714 I/WifiHAL ( 1021): Poll result = 1
05-18 19:17:17.714 I/WifiHAL ( 1021): Found some events!!!
05-18 19:17:17.714 D/WifiHAL ( 1021): no_seq_check received
05-18 19:17:17.714 I/WifiHAL ( 1021): event received NL80211_CMD_TRIGGER_SCAN
05-18 19:17:17.714 I/WifiHAL ( 1021): event received NL80211_CMD_TRIGGER_SCAN, vendor_id = 0x0
05-18 19:17:17.714 I/WifiHAL ( 1021): event ignored!!
05-18 19:17:18.024 W/System.err( 3032): java.lang.ArrayIndexOutOfBoundsException: length=58; index=58
05-18 19:17:18.024 W/System.err( 3032): 	at com.lbe.security.service.provider.internal.AppOpsAdapter$1.getDefaultOp(AppOpsAdapter.java:279)
05-18 19:17:18.024 W/System.err( 3032): 	at com.android.internal.app.IOpsCallback$Stub.onTransact(IOpsCallback.java:68)
05-18 19:17:18.024 W/System.err( 3032): 	at android.os.Binder.execTransact(Binder.java:446)
05-18 19:17:18.174 I/MSM-irqbalance(  791): Decided to move IRQ65 from CPU1 to CPU3
05-18 19:17:18.364 D/wpa_supplicant(10355): wlan0: Control interface command 'SIGNAL_POLL'
05-18 19:17:18.374 D/StatusBar.NetworkController( 1429): slot=-10;action=android.net.wifi.RSSI_CHANGED
05-18 19:17:18.384 D/StatusBar.NetworkController( 1429): updateNetworkName mNetworkName[0]=只能拨打紧急呼救电话 mTempNetworkName[0] = 只能拨打紧急呼救电话
05-18 19:17:18.394 D/StatusBar.NetworkController( 1429): updateNetworkName mNetworkName[1]=无服务 mTempNetworkName[1] = 无服务
05-18 19:17:18.474 W/System.err( 3032): java.lang.ArrayIndexOutOfBoundsException: length=58; index=58
05-18 19:17:18.484 W/System.err( 3032): 	at com.lbe.security.service.provider.internal.AppOpsAdapter$1.getDefaultOp(AppOpsAdapter.java:279)
05-18 19:17:18.484 W/System.err( 3032): 	at com.android.internal.app.IOpsCallback$Stub.onTransact(IOpsCallback.java:68)
05-18 19:17:18.484 W/System.err( 3032): 	at android.os.Binder.execTransact(Binder.java:446)
05-18 19:17:19.494 W/System.err( 3032): java.lang.ArrayIndexOutOfBoundsException: length=58; index=58
05-18 19:17:19.494 W/System.err( 3032): 	at com.lbe.security.service.provider.internal.AppOpsAdapter$1.getDefaultOp(AppOpsAdapter.java:279)
05-18 19:17:19.494 W/System.err( 3032): 	at com.android.internal.app.IOpsCallback$Stub.onTransact(IOpsCallback.java:68)
05-18 19:17:19.494 W/System.err( 3032): 	at android.os.Binder.execTransact(Binder.java:446)
05-18 19:17:20.514 W/System.err( 3032): java.lang.ArrayIndexOutOfBoundsException: length=58; index=58
05-18 19:17:20.524 W/System.err( 3032): 	at com.lbe.security.service.provider.internal.AppOpsAdapter$1.getDefaultOp(AppOpsAdapter.java:279)
05-18 19:17:20.524 W/System.err( 3032): 	at com.android.internal.app.IOpsCallback$Stub.onTransact(IOpsCallback.java:68)
05-18 19:17:20.524 W/System.err( 3032): 	at android.os.Binder.execTransact(Binder.java:446)
05-18 19:17:20.604 I/WifiHAL ( 1021): Poll result = 1
05-18 19:17:20.604 I/WifiHAL ( 1021): Found some events!!!
05-18 19:17:20.604 D/WifiHAL ( 1021): no_seq_check received
05-18 19:17:20.604 I/WifiHAL ( 1021): event received NL80211_CMD_NEW_SCAN_RESULTS
05-18 19:17:20.604 I/WifiHAL ( 1021): event received NL80211_CMD_NEW_SCAN_RESULTS, vendor_id = 0x0
05-18 19:17:20.604 I/WifiHAL ( 1021): event ignored!!
05-18 19:17:20.604 D/wpa_supplicant(10355): nl80211: Event message available
05-18 19:17:20.604 D/wpa_supplicant(10355): nl80211: Drv Event 34 (NL80211_CMD_NEW_SCAN_RESULTS) received for wlan0
05-18 19:17:20.604 D/wpa_supplicant(10355): wlan0: nl80211: New scan results available
05-18 19:17:20.604 D/wpa_supplicant(10355): nl80211: Scan included frequencies:
05-18 19:17:20.604 D/wpa_supplicant(10355): wlan0: Event SCAN_RESULTS (3) received
05-18 19:17:20.604 D/wpa_supplicant(10355): wlan0: Scan completed in 2.892189 seconds
05-18 19:17:20.604 D/wpa_supplicant(10355): nl80211: Associated on 5745 MHz
05-18 19:17:20.604 D/wpa_supplicant(10355): nl80211: Associated with d0:ee:07:20:53:2c
05-18 19:17:20.604 D/wpa_supplicant(10355): nl80211: Received scan results (36 BSSes)
05-18 19:17:20.604 D/wpa_supplicant(10355): nl80211: Scan results indicate BSS status with d0:ee:07:20:53:2c as associated
05-18 19:17:20.604 D/wpa_supplicant(10355): wlan0: BSS: Start scan result update 346
05-18 19:17:20.604 D/wpa_supplicant(10355): wlan0: BSS: Add new id 889 BSSID 2c:5d:93:0a:91:88 SSID 'wifi-2'
05-18 19:17:20.604 D/wpa_supplicant(10355): CTRL_IFACE monitor sent successfully to /data/misc/wifi/sockets/wpa_ctrl_485-31\x00
05-18 19:17:20.604 D/wpa_supplicant(10355): CTRL_IFACE monitor sent successfully to /data/misc/wifi/sockets/wpa_ctrl_1021-8\x00
05-18 19:17:20.604 D/wpa_supplicant(10355): wlan0: BSS: Add new id 890 BSSID 22:0f:0e:20:65:78 SSID 'iyaya'
05-18 19:17:20.604 D/wpa_supplicant(10355): CTRL_IFACE monitor sent successfully to /data/misc/wifi/sockets/wpa_ctrl_485-31\x00
05-18 19:17:20.604 D/wpa_supplicant(10355): CTRL_IFACE monitor sent successfully to /data/misc/wifi/sockets/wpa_ctrl_1021-8\x00
05-18 19:17:20.604 D/wpa_supplicant(10355): wlan0: BSS: Remove id 873 BSSID ac:9e:17:7e:31:40 SSID '#!/bin/test' due to no match in scan
05-18 19:17:20.604 D/wpa_supplicant(10355): CTRL_IFACE monitor sent successfully to /data/misc/wifi/sockets/wpa_ctrl_485-31\x00
05-18 19:17:20.614 D/wpa_supplicant(10355): CTRL_IFACE monitor sent successfully to /data/misc/wifi/sockets/wpa_ctrl_1021-8\x00
05-18 19:17:20.614 D/wpa_supplicant(10355): wlan0: BSS: Remove id 876 BSSID d0:03:4b:d4:bd:62 SSID 'appleAirport' due to no match in scan
05-18 19:17:20.614 D/wpa_supplicant(10355): CTRL_IFACE monitor sent successfully to /data/misc/wifi/sockets/wpa_ctrl_485-31\x00
05-18 19:17:20.614 D/wpa_supplicant(10355): CTRL_IFACE monitor sent successfully to /data/misc/wifi/sockets/wpa_ctrl_1021-8\x00
05-18 19:17:20.614 D/wpa_supplicant(10355): wlan0: BSS: Remove id 878 BSSID c8:3a:35:1f:3e:68 SSID 'sk_test_test' due to no match in scan
05-18 19:17:20.614 D/wpa_supplicant(10355): CTRL_IFACE monitor sent successfully to /data/misc/wifi/sockets/wpa_ctrl_485-31\x00
05-18 19:17:20.614 D/wpa_supplicant(10355): CTRL_IFACE monitor sent successfully to /data/misc/wifi/sockets/wpa_ctrl_1021-8\x00
05-18 19:17:20.614 D/wpa_supplicant(10355): BSS: last_scan_res_used=36/64
05-18 19:17:20.614 D/wpa_supplicant(10355): wlan0: Scan-only results received
05-18 19:17:20.614 D/wpa_supplicant(10355): CTRL_IFACE monitor sent successfully to /data/misc/wifi/sockets/wpa_ctrl_485-31\x00
05-18 19:17:20.614 D/wpa_supplicant(10355): CTRL_IFACE monitor sent successfully to /data/misc/wifi/sockets/wpa_ctrl_1021-8\x00
05-18 19:17:20.614 D/wpa_supplicant(10355): wlan0: Radio work 'scan'@0x7f86e1e420 done in 2.894458 seconds
05-18 19:17:20.614 D/wpa_supplicant(10355): wlan0: Control interface command 'BSS RANGE=0- MASK=0x23987'
05-18 19:17:20.614 D/wpa_supplicant(10355): wlan0: Control interface command 'BSS RANGE=880- MASK=0x23987'
05-18 19:17:20.634 D/wpa_supplicant(10355): wlan0: Control interface command 'STATUS-NO_EVENTS'
05-18 19:17:20.644 D/LBSSystemMonitorService( 1021): handleMessage what - 4
05-18 19:17:20.644 D/Wiper_jni( 1021): Send Network Location.
05-18 19:17:20.654 I/ApplicationHelper(17707): on trim memory, level=80
05-18 19:17:20.654 V/MSAPMReceiver(16489): Got intent:android.net.wifi.SCAN_RESULTS
05-18 19:17:20.654 V/MSAPMReceiver(16489): Got intent SCAN_RESULTS
05-18 19:17:20.654 V/MSAPM   (16489): notify_scan_results_available
05-18 19:17:20.654 W/MusicApplication(17707): onTrimMemory is called, level=80
05-18 19:17:20.654 E/MSAPM   (16489): Handler not yet initialized. Can't send!
05-18 19:17:21.374 D/wpa_supplicant(10355): wlan0: Control interface command 'SIGNAL_POLL'
05-18 19:17:21.534 W/System.err( 3032): java.lang.ArrayIndexOutOfBoundsException: length=58; index=58
05-18 19:17:21.534 W/System.err( 3032): 	at com.lbe.security.service.provider.internal.AppOpsAdapter$1.getDefaultOp(AppOpsAdapter.java:279)
05-18 19:17:21.534 W/System.err( 3032): 	at com.android.internal.app.IOpsCallback$Stub.onTransact(IOpsCallback.java:68)
05-18 19:17:21.534 W/System.err( 3032): 	at android.os.Binder.execTransact(Binder.java:446)
05-18 19:17:22.054 W/System.err( 3032): java.lang.ArrayIndexOutOfBoundsException: length=58; index=58
05-18 19:17:22.054 W/System.err( 3032): 	at com.lbe.security.service.provider.internal.AppOpsAdapter$1.getDefaultOp(AppOpsAdapter.java:279)
05-18 19:17:22.054 W/System.err( 3032): 	at com.android.internal.app.IOpsCallback$Stub.onTransact(IOpsCallback.java:68)
05-18 19:17:22.054 W/System.err( 3032): 	at android.os.Binder.execTransact(Binder.java:446)
05-18 19:17:22.544 W/System.err( 3032): java.lang.ArrayIndexOutOfBoundsException: length=58; index=58
05-18 19:17:22.544 W/System.err( 3032): 	at com.lbe.security.service.provider.internal.AppOpsAdapter$1.getDefaultOp(AppOpsAdapter.java:279)
05-18 19:17:22.544 W/System.err( 3032): 	at com.android.internal.app.IOpsCallback$Stub.onTransact(IOpsCallback.java:68)
05-18 19:17:22.544 W/System.err( 3032): 	at android.os.Binder.execTransact(Binder.java:446)
05-18 19:17:23.554 W/System.err( 3032): java.lang.ArrayIndexOutOfBoundsException: length=58; index=58
05-18 19:17:23.554 W/System.err( 3032): 	at com.lbe.security.service.provider.internal.AppOpsAdapter$1.getDefaultOp(AppOpsAdapter.java:279)
05-18 19:17:23.554 W/System.err( 3032): 	at com.android.internal.app.IOpsCallback$Stub.onTransact(IOpsCallback.java:68)
05-18 19:17:23.564 W/System.err( 3032): 	at android.os.Binder.execTransact(Binder.java:446)
05-18 19:17:24.334 D/PhoneStatusBar( 1429): updateNotification pkg=com.qihoo.appstore;id=10012
05-18 19:17:24.354 D/SizeAdaptiveLayout( 1429): com.android.internal.widget.SizeAdaptiveLayout{284ced06 V.E..... ......ID 0,0-1260,232 #7f0800c1 app:id/adaptive}child view android.widget.RelativeLayout{319cefc7 V.E..... ......ID 0,0-1260,256} measured out of bounds at 231px clamped to 232px
05-18 19:17:24.364 D/PhoneStatusBar( 1429): updateNotification pkg=com.qihoo.appstore;id=10012
05-18 19:17:24.384 D/SizeAdaptiveLayout( 1429): com.android.internal.widget.SizeAdaptiveLayout{284ced06 V.E..... ......ID 0,0-1260,232 #7f0800c1 app:id/adaptive}child view android.widget.RelativeLayout{319cefc7 V.E..... ......ID 0,0-1260,256} measured out of bounds at 231px clamped to 232px
05-18 19:17:24.394 D/wpa_supplicant(10355): wlan0: Control interface command 'SIGNAL_POLL'
05-18 19:17:24.574 W/System.err( 3032): java.lang.ArrayIndexOutOfBoundsException: length=58; index=58
05-18 19:17:24.574 W/System.err( 3032): 	at com.lbe.security.service.provider.internal.AppOpsAdapter$1.getDefaultOp(AppOpsAdapter.java:279)
05-18 19:17:24.584 W/System.err( 3032): 	at com.android.internal.app.IOpsCallback$Stub.onTransact(IOpsCallback.java:68)
05-18 19:17:24.584 W/System.err( 3032): 	at android.os.Binder.execTransact(Binder.java:446)
05-18 19:17:25.604 W/System.err( 3032): java.lang.ArrayIndexOutOfBoundsException: length=58; index=58
05-18 19:17:25.604 W/System.err( 3032): 	at com.lbe.security.service.provider.internal.AppOpsAdapter$1.getDefaultOp(AppOpsAdapter.java:279)
05-18 19:17:25.604 W/System.err( 3032): 	at com.android.internal.app.IOpsCallback$Stub.onTransact(IOpsCallback.java:68)
05-18 19:17:25.604 W/System.err( 3032): 	at android.os.Binder.execTransact(Binder.java:446)
05-18 19:17:26.614 W/System.err( 3032): java.lang.ArrayIndexOutOfBoundsException: length=58; index=58
05-18 19:17:26.624 W/System.err( 3032): 	at com.lbe.security.service.provider.internal.AppOpsAdapter$1.getDefaultOp(AppOpsAdapter.java:279)
05-18 19:17:26.624 W/System.err( 3032): 	at com.android.internal.app.IOpsCallback$Stub.onTransact(IOpsCallback.java:68)
05-18 19:17:26.624 W/System.err( 3032): 	at android.os.Binder.execTransact(Binder.java:446)
05-18 19:17:27.144 W/System.err( 3032): java.lang.ArrayIndexOutOfBoundsException: length=58; index=58
05-18 19:17:27.144 W/System.err( 3032): 	at com.lbe.security.service.provider.internal.AppOpsAdapter$1.getDefaultOp(AppOpsAdapter.java:279)
05-18 19:17:27.144 W/System.err( 3032): 	at com.android.internal.app.IOpsCallback$Stub.onTransact(IOpsCallback.java:68)
05-18 19:17:27.144 W/System.err( 3032): 	at android.os.Binder.execTransact(Binder.java:446)
05-18 19:17:27.394 D/wpa_supplicant(10355): wlan0: Control interface command 'SIGNAL_POLL'
05-18 19:17:27.404 D/StatusBar.NetworkController( 1429): slot=-10;action=android.net.wifi.RSSI_CHANGED
05-18 19:17:27.414 D/StatusBar.NetworkController( 1429): updateNetworkName mNetworkName[0]=只能拨打紧急呼救电话 mTempNetworkName[0] = 只能拨打紧急呼救电话
05-18 19:17:27.414 D/StatusBar.NetworkController( 1429): updateNetworkName mNetworkName[1]=无服务 mTempNetworkName[1] = 无服务
05-18 19:17:27.644 W/System.err( 3032): java.lang.ArrayIndexOutOfBoundsException: length=58; index=58
05-18 19:17:27.644 W/System.err( 3032): 	at com.lbe.security.service.provider.internal.AppOpsAdapter$1.getDefaultOp(AppOpsAdapter.java:279)
05-18 19:17:27.644 W/System.err( 3032): 	at com.android.internal.app.IOpsCallback$Stub.onTransact(IOpsCallback.java:68)
05-18 19:17:27.644 W/System.err( 3032): 	at android.os.Binder.execTransact(Binder.java:446)
05-18 19:17:28.064 W/System.err( 3032): java.lang.ArrayIndexOutOfBoundsException: length=58; index=58
05-18 19:17:28.064 W/System.err( 3032): 	at com.lbe.security.service.provider.internal.AppOpsAdapter$1.getDefaultOp(AppOpsAdapter.java:279)
05-18 19:17:28.064 W/System.err( 3032): 	at com.android.internal.app.IOpsCallback$Stub.onTransact(IOpsCallback.java:68)
05-18 19:17:28.074 W/System.err( 3032): 	at android.os.Binder.execTransact(Binder.java:446)
05-18 19:17:28.664 W/System.err( 3032): java.lang.ArrayIndexOutOfBoundsException: length=58; index=58
05-18 19:17:28.664 W/System.err( 3032): 	at com.lbe.security.service.provider.internal.AppOpsAdapter$1.getDefaultOp(AppOpsAdapter.java:279)
05-18 19:17:28.664 W/System.err( 3032): 	at com.android.internal.app.IOpsCallback$Stub.onTransact(IOpsCallback.java:68)
05-18 19:17:28.674 W/System.err( 3032): 	at android.os.Binder.execTransact(Binder.java:446)
05-18 19:17:29.684 W/System.err( 3032): java.lang.ArrayIndexOutOfBoundsException: length=58; index=58
05-18 19:17:29.684 W/System.err( 3032): 	at com.lbe.security.service.provider.internal.AppOpsAdapter$1.getDefaultOp(AppOpsAdapter.java:279)
05-18 19:17:29.694 W/System.err( 3032): 	at com.android.internal.app.IOpsCallback$Stub.onTransact(IOpsCallback.java:68)
05-18 19:17:29.694 W/System.err( 3032): 	at android.os.Binder.execTransact(Binder.java:446)
05-18 19:17:30.404 D/wpa_supplicant(10355): wlan0: Control interface command 'SIGNAL_POLL'
05-18 19:17:30.704 W/System.err( 3032): java.lang.ArrayIndexOutOfBoundsException: length=58; index=58
05-18 19:17:30.704 W/System.err( 3032): 	at com.lbe.security.service.provider.internal.AppOpsAdapter$1.getDefaultOp(AppOpsAdapter.java:279)
05-18 19:17:30.704 W/System.err( 3032): 	at com.android.internal.app.IOpsCallback$Stub.onTransact(IOpsCallback.java:68)
05-18 19:17:30.704 W/System.err( 3032): 	at android.os.Binder.execTransact(Binder.java:446)
05-18 19:17:31.714 W/System.err( 3032): java.lang.ArrayIndexOutOfBoundsException: length=58; index=58
05-18 19:17:31.724 W/System.err( 3032): 	at com.lbe.security.service.provider.internal.AppOpsAdapter$1.getDefaultOp(AppOpsAdapter.java:279)
05-18 19:17:31.724 W/System.err( 3032): 	at com.android.internal.app.IOpsCallback$Stub.onTransact(IOpsCallback.java:68)
05-18 19:17:31.724 W/System.err( 3032): 	at android.os.Binder.execTransact(Binder.java:446)
05-18 19:17:32.204 W/System.err( 3032): java.lang.ArrayIndexOutOfBoundsException: length=58; index=58
05-18 19:17:32.204 W/System.err( 3032): 	at com.lbe.security.service.provider.internal.AppOpsAdapter$1.getDefaultOp(AppOpsAdapter.java:279)
05-18 19:17:32.204 W/System.err( 3032): 	at com.android.internal.app.IOpsCallback$Stub.onTransact(IOpsCallback.java:68)
05-18 19:17:32.204 W/System.err( 3032): 	at android.os.Binder.execTransact(Binder.java:446)
05-18 19:17:32.744 W/System.err( 3032): java.lang.ArrayIndexOutOfBoundsException: length=58; index=58
05-18 19:17:32.744 W/System.err( 3032): 	at com.lbe.security.service.provider.internal.AppOpsAdapter$1.getDefaultOp(AppOpsAdapter.java:279)
05-18 19:17:32.744 W/System.err( 3032): 	at com.android.internal.app.IOpsCallback$Stub.onTransact(IOpsCallback.java:68)
05-18 19:17:32.744 W/System.err( 3032): 	at android.os.Binder.execTransact(Binder.java:446)
05-18 19:17:33.414 D/wpa_supplicant(10355): wlan0: Control interface command 'SIGNAL_POLL'
05-18 19:17:33.764 W/System.err( 3032): java.lang.ArrayIndexOutOfBoundsException: length=58; index=58
05-18 19:17:33.764 W/System.err( 3032): 	at com.lbe.security.service.provider.internal.AppOpsAdapter$1.getDefaultOp(AppOpsAdapter.java:279)
05-18 19:17:33.774 W/System.err( 3032): 	at com.android.internal.app.IOpsCallback$Stub.onTransact(IOpsCallback.java:68)
05-18 19:17:33.774 W/System.err( 3032): 	at android.os.Binder.execTransact(Binder.java:446)
05-18 19:17:34.794 W/System.err( 3032): java.lang.ArrayIndexOutOfBoundsException: length=58; index=58
05-18 19:17:34.794 W/System.err( 3032): 	at com.lbe.security.service.provider.internal.AppOpsAdapter$1.getDefaultOp(AppOpsAdapter.java:279)
05-18 19:17:34.794 W/System.err( 3032): 	at com.android.internal.app.IOpsCallback$Stub.onTransact(IOpsCallback.java:68)
05-18 19:17:34.794 W/System.err( 3032): 	at android.os.Binder.execTransact(Binder.java:446)
05-18 19:17:35.814 W/System.err( 3032): java.lang.ArrayIndexOutOfBoundsException: length=58; index=58
05-18 19:17:35.814 W/System.err( 3032): 	at com.lbe.security.service.provider.internal.AppOpsAdapter$1.getDefaultOp(AppOpsAdapter.java:279)
05-18 19:17:35.814 W/System.err( 3032): 	at com.android.internal.app.IOpsCallback$Stub.onTransact(IOpsCallback.java:68)
05-18 19:17:35.814 W/System.err( 3032): 	at android.os.Binder.execTransact(Binder.java:446)
05-18 19:17:36.434 D/wpa_supplicant(10355): wlan0: Control interface command 'SIGNAL_POLL'
05-18 19:17:36.444 D/StatusBar.NetworkController( 1429): slot=-10;action=android.net.wifi.RSSI_CHANGED
05-18 19:17:36.454 D/StatusBar.NetworkController( 1429): updateNetworkName mNetworkName[0]=只能拨打紧急呼救电话 mTempNetworkName[0] = 只能拨打紧急呼救电话
05-18 19:17:36.464 D/StatusBar.NetworkController( 1429): updateNetworkName mNetworkName[1]=无服务 mTempNetworkName[1] = 无服务
05-18 19:17:36.834 W/System.err( 3032): java.lang.ArrayIndexOutOfBoundsException: length=58; index=58
05-18 19:17:36.834 W/System.err( 3032): 	at com.lbe.security.service.provider.internal.AppOpsAdapter$1.getDefaultOp(AppOpsAdapter.java:279)
05-18 19:17:36.834 W/System.err( 3032): 	at com.android.internal.app.IOpsCallback$Stub.onTransact(IOpsCallback.java:68)
05-18 19:17:36.834 W/System.err( 3032): 	at android.os.Binder.execTransact(Binder.java:446)
05-18 19:17:37.264 W/System.err( 3032): java.lang.ArrayIndexOutOfBoundsException: length=58; index=58
05-18 19:17:37.264 W/System.err( 3032): 	at com.lbe.security.service.provider.internal.AppOpsAdapter$1.getDefaultOp(AppOpsAdapter.java:279)
05-18 19:17:37.264 W/System.err( 3032): 	at com.android.internal.app.IOpsCallback$Stub.onTransact(IOpsCallback.java:68)
05-18 19:17:37.264 W/System.err( 3032): 	at android.os.Binder.execTransact(Binder.java:446)
05-18 19:17:37.714 E/WifiStateMachine( 1021): WifiStateMachine CMD_START_SCAN source -2 txSuccessRate=0.00 rxSuccessRate=0.00 targetRoamBSSID=any RSSI=-67
05-18 19:17:37.714 E/WifiStateMachine( 1021): WifiStateMachine starting scan for "waiguoyueliang_5G"WPA_PSK with 5745
05-18 19:17:37.714 D/wpa_supplicant(10355): wlan0: Control interface command 'SCAN TYPE=ONLY freq=5745'
05-18 19:17:37.714 D/wpa_supplicant(10355): wlan0: Setting scan request: 0.000000 sec
05-18 19:17:37.714 D/wpa_supplicant(10355): wlan0: Starting AP scan for wildcard SSID
05-18 19:17:37.714 D/wpa_supplicant(10355): wlan0: Limit manual scan to specified channels
05-18 19:17:37.714 D/wpa_supplicant(10355): wlan0: Add radio work 'scan'@0x7f86e1e3d0
05-18 19:17:37.714 D/wpa_supplicant(10355): wlan0: First radio work item in the queue - schedule start immediately
05-18 19:17:37.714 D/wpa_supplicant(10355): wlan0: Starting radio work 'scan'@0x7f86e1e3d0 after 0.000039 second wait
05-18 19:17:37.714 D/wpa_supplicant(10355): wlan0: nl80211: scan request
05-18 19:17:37.714 D/wpa_supplicant(10355): nl80211: Scan SSID - hexdump(len=0): [NULL]
05-18 19:17:37.714 D/wpa_supplicant(10355): nl80211: Scan frequency 5745 MHz
05-18 19:17:37.714 D/wpa_supplicant(10355): Scan requested (ret=0) - scan timeout 30 seconds
05-18 19:17:37.714 D/wpa_supplicant(10355): nl80211: Event message available
05-18 19:17:37.714 D/wpa_supplicant(10355): nl80211: Drv Event 33 (NL80211_CMD_TRIGGER_SCAN) received for wlan0
05-18 19:17:37.714 D/wpa_supplicant(10355): wlan0: nl80211: Scan trigger
05-18 19:17:37.714 I/WifiHAL ( 1021): Poll result = 1
05-18 19:17:37.714 I/WifiHAL ( 1021): Found some events!!!
05-18 19:17:37.714 D/wpa_supplicant(10355): wlan0: Event SCAN_STARTED (49) received
05-18 19:17:37.714 D/wpa_supplicant(10355): wlan0: Own scan request started a scan in 0.000099 seconds
05-18 19:17:37.714 D/WifiHAL ( 1021): no_seq_check received
05-18 19:17:37.714 I/wpa_supplicant(10355): wlan0: CTRL-EVENT-SCAN-STARTED 
05-18 19:17:37.714 I/WifiHAL ( 1021): event received NL80211_CMD_TRIGGER_SCAN
05-18 19:17:37.714 I/WifiHAL ( 1021): event received NL80211_CMD_TRIGGER_SCAN, vendor_id = 0x0
05-18 19:17:37.714 I/WifiHAL ( 1021): event ignored!!
05-18 19:17:37.714 D/wpa_supplicant(10355): CTRL_IFACE monitor sent successfully to /data/misc/wifi/sockets/wpa_ctrl_485-31\x00
05-18 19:17:37.714 D/wpa_supplicant(10355): CTRL_IFACE monitor sent successfully to /data/misc/wifi/sockets/wpa_ctrl_1021-8\x00
05-18 19:17:37.854 W/System.err( 3032): java.lang.ArrayIndexOutOfBoundsException: length=58; index=58
05-18 19:17:37.864 W/System.err( 3032): 	at com.lbe.security.service.provider.internal.AppOpsAdapter$1.getDefaultOp(AppOpsAdapter.java:279)
05-18 19:17:37.864 I/WifiHAL ( 1021): Poll result = 1
05-18 19:17:37.864 I/WifiHAL ( 1021): Found some events!!!
05-18 19:17:37.864 D/WifiHAL ( 1021): no_seq_check received
05-18 19:17:37.864 I/WifiHAL ( 1021): event received NL80211_CMD_NEW_SCAN_RESULTS
05-18 19:17:37.864 I/WifiHAL ( 1021): event received NL80211_CMD_NEW_SCAN_RESULTS, vendor_id = 0x0
05-18 19:17:37.864 I/WifiHAL ( 1021): event ignored!!
05-18 19:17:37.864 D/wpa_supplicant(10355): nl80211: Event message available
05-18 19:17:37.864 D/wpa_supplicant(10355): nl80211: Drv Event 34 (NL80211_CMD_NEW_SCAN_RESULTS) received for wlan0
05-18 19:17:37.864 D/wpa_supplicant(10355): wlan0: nl80211: New scan results available
05-18 19:17:37.864 D/wpa_supplicant(10355): nl80211: Scan included frequencies:
05-18 19:17:37.864 D/wpa_supplicant(10355): wlan0: Event SCAN_RESULTS (3) received
05-18 19:17:37.864 D/wpa_supplicant(10355): wlan0: Scan completed in 0.151908 seconds
05-18 19:17:37.864 D/wpa_supplicant(10355): nl80211: Associated on 5745 MHz
05-18 19:17:37.864 D/wpa_supplicant(10355): nl80211: Associated with d0:ee:07:20:53:2c
05-18 19:17:37.864 D/wpa_supplicant(10355): nl80211: Received scan results (36 BSSes)
05-18 19:17:37.864 D/wpa_supplicant(10355): nl80211: Scan results indicate BSS status with d0:ee:07:20:53:2c as associated
05-18 19:17:37.864 D/wpa_supplicant(10355): wlan0: BSS: Start scan result update 347
05-18 19:17:37.864 D/wpa_supplicant(10355): wlan0: BSS: Remove id 881 BSSID 1a:fe:34:f1:85:60 SSID 'ESP_MESH_HEADER_1_F18560' due to no match in scan
05-18 19:17:37.864 D/wpa_supplicant(10355): CTRL_IFACE monitor sent successfully to /data/misc/wifi/sockets/wpa_ctrl_485-31\x00
05-18 19:17:37.874 D/wpa_supplicant(10355): CTRL_IFACE monitor sent successfully to /data/misc/wifi/sockets/wpa_ctrl_1021-8\x00
05-18 19:17:37.874 D/wpa_supplicant(10355): BSS: last_scan_res_used=36/64
05-18 19:17:37.874 D/wpa_supplicant(10355): wlan0: Scan-only results received
05-18 19:17:37.874 W/System.err( 3032): 	at com.android.internal.app.IOpsCallback$Stub.onTransact(IOpsCallback.java:68)
05-18 19:17:37.874 W/System.err( 3032): 	at android.os.Binder.execTransact(Binder.java:446)
05-18 19:17:37.874 D/wpa_supplicant(10355): CTRL_IFACE monitor sent successfully to /data/misc/wifi/sockets/wpa_ctrl_485-31\x00
05-18 19:17:37.874 D/wpa_supplicant(10355): CTRL_IFACE monitor sent successfully to /data/misc/wifi/sockets/wpa_ctrl_1021-8\x00
05-18 19:17:37.874 D/wpa_supplicant(10355): wlan0: Radio work 'scan'@0x7f86e1e3d0 done in 0.157302 seconds
05-18 19:17:37.874 D/wpa_supplicant(10355): wlan0: Control interface command 'BSS RANGE=0- MASK=0x23987'
05-18 19:17:37.884 D/wpa_supplicant(10355): wlan0: Control interface command 'BSS RANGE=880- MASK=0x23987'
05-18 19:17:37.904 D/wpa_supplicant(10355): wlan0: Control interface command 'STATUS-NO_EVENTS'
05-18 19:17:38.114 W/System.err( 3032): java.lang.ArrayIndexOutOfBoundsException: length=58; index=58
05-18 19:17:38.114 W/System.err( 3032): 	at com.lbe.security.service.provider.internal.AppOpsAdapter$1.getDefaultOp(AppOpsAdapter.java:279)
05-18 19:17:38.114 W/System.err( 3032): 	at com.android.internal.app.IOpsCallback$Stub.onTransact(IOpsCallback.java:68)
05-18 19:17:38.114 W/System.err( 3032): 	at android.os.Binder.execTransact(Binder.java:446)
05-18 19:17:38.894 W/System.err( 3032): java.lang.ArrayIndexOutOfBoundsException: length=58; index=58
05-18 19:17:38.894 W/System.err( 3032): 	at com.lbe.security.service.provider.internal.AppOpsAdapter$1.getDefaultOp(AppOpsAdapter.java:279)
05-18 19:17:38.894 W/System.err( 3032): 	at com.android.internal.app.IOpsCallback$Stub.onTransact(IOpsCallback.java:68)
05-18 19:17:38.894 W/System.err( 3032): 	at android.os.Binder.execTransact(Binder.java:446)
05-18 19:17:39.444 D/wpa_supplicant(10355): wlan0: Control interface command 'SIGNAL_POLL'
05-18 19:17:39.454 D/StatusBar.NetworkController( 1429): slot=-10;action=android.net.wifi.RSSI_CHANGED
05-18 19:17:39.464 D/StatusBar.NetworkController( 1429): updateNetworkName mNetworkName[0]=只能拨打紧急呼救电话 mTempNetworkName[0] = 只能拨打紧急呼救电话
05-18 19:17:39.474 D/StatusBar.NetworkController( 1429): updateNetworkName mNetworkName[1]=无服务 mTempNetworkName[1] = 无服务
05-18 19:17:39.914 W/System.err( 3032): java.lang.ArrayIndexOutOfBoundsException: length=58; index=58
05-18 19:17:39.924 W/System.err( 3032): 	at com.lbe.security.service.provider.internal.AppOpsAdapter$1.getDefaultOp(AppOpsAdapter.java:279)
05-18 19:17:39.924 W/System.err( 3032): 	at com.android.internal.app.IOpsCallback$Stub.onTransact(IOpsCallback.java:68)
05-18 19:17:39.924 W/System.err( 3032): 	at android.os.Binder.execTransact(Binder.java:446)
05-18 19:17:40.664 E/WifiStateMachine( 1021): WifiStateMachine CMD_START_SCAN source 10854 txSuccessRate=1.00 rxSuccessRate=0.50 targetRoamBSSID=any RSSI=-66
05-18 19:17:40.664 D/wpa_supplicant(10355): wlan0: Control interface command 'SCAN TYPE=ONLY'
05-18 19:17:40.664 D/wpa_supplicant(10355): wlan0: Setting scan request: 0.000000 sec
05-18 19:17:40.664 D/wpa_supplicant(10355): wlan0: Starting AP scan for wildcard SSID
05-18 19:17:40.664 D/wpa_supplicant(10355): wlan0: Add radio work 'scan'@0x7f86e1e420
05-18 19:17:40.664 D/wpa_supplicant(10355): wlan0: First radio work item in the queue - schedule start immediately
05-18 19:17:40.664 D/wpa_supplicant(10355): wlan0: Starting radio work 'scan'@0x7f86e1e420 after 0.000038 second wait
05-18 19:17:40.664 D/wpa_supplicant(10355): wlan0: nl80211: scan request
05-18 19:17:40.664 D/wpa_supplicant(10355): nl80211: Scan SSID - hexdump(len=0): [NULL]
05-18 19:17:40.664 D/wpa_supplicant(10355): Scan requested (ret=0) - scan timeout 30 seconds
05-18 19:17:40.664 D/wpa_supplicant(10355): nl80211: Event message available
05-18 19:17:40.664 D/wpa_supplicant(10355): nl80211: Drv Event 33 (NL80211_CMD_TRIGGER_SCAN) received for wlan0
05-18 19:17:40.664 D/wpa_supplicant(10355): wlan0: nl80211: Scan trigger
05-18 19:17:40.664 D/wpa_supplicant(10355): wlan0: Event SCAN_STARTED (49) received
05-18 19:17:40.664 D/wpa_supplicant(10355): wlan0: Own scan request started a scan in 0.000199 seconds
05-18 19:17:40.664 I/wpa_supplicant(10355): wlan0: CTRL-EVENT-SCAN-STARTED 
05-18 19:17:40.664 D/wpa_supplicant(10355): CTRL_IFACE monitor sent successfully to /data/misc/wifi/sockets/wpa_ctrl_485-31\x00
05-18 19:17:40.664 D/wpa_supplicant(10355): CTRL_IFACE monitor sent successfully to /data/misc/wifi/sockets/wpa_ctrl_1021-8\x00
05-18 19:17:40.664 I/WifiHAL ( 1021): Poll result = 1
05-18 19:17:40.664 I/WifiHAL ( 1021): Found some events!!!
05-18 19:17:40.664 D/WifiHAL ( 1021): no_seq_check received
05-18 19:17:40.664 I/WifiHAL ( 1021): event received NL80211_CMD_TRIGGER_SCAN
05-18 19:17:40.664 I/WifiHAL ( 1021): event received NL80211_CMD_TRIGGER_SCAN, vendor_id = 0x0
05-18 19:17:40.664 I/WifiHAL ( 1021): event ignored!!
05-18 19:17:40.674 E/WifiStateMachine( 1021): WifiStateMachine CMD_START_SCAN source 10123 txSuccessRate=1.00 rxSuccessRate=0.50 targetRoamBSSID=any RSSI=-66
05-18 19:17:40.674 D/wpa_supplicant(10355): wlan0: Control interface command 'SCAN TYPE=ONLY'
05-18 19:17:40.674 D/wpa_supplicant(10355): Pending scan scheduled - reject new request
05-18 19:17:40.934 W/System.err( 3032): java.lang.ArrayIndexOutOfBoundsException: length=58; index=58
05-18 19:17:40.934 W/System.err( 3032): 	at com.lbe.security.service.provider.internal.AppOpsAdapter$1.getDefaultOp(AppOpsAdapter.java:279)
05-18 19:17:40.934 W/System.err( 3032): 	at com.android.internal.app.IOpsCallback$Stub.onTransact(IOpsCallback.java:68)
05-18 19:17:40.934 W/System.err( 3032): 	at android.os.Binder.execTransact(Binder.java:446)
05-18 19:17:41.954 W/System.err( 3032): java.lang.ArrayIndexOutOfBoundsException: length=58; index=58
05-18 19:17:41.954 W/System.err( 3032): 	at com.lbe.security.service.provider.internal.AppOpsAdapter$1.getDefaultOp(AppOpsAdapter.java:279)
05-18 19:17:41.954 W/System.err( 3032): 	at com.android.internal.app.IOpsCallback$Stub.onTransact(IOpsCallback.java:68)
05-18 19:17:41.954 W/System.err( 3032): 	at android.os.Binder.execTransact(Binder.java:446)
05-18 19:17:42.354 W/System.err( 3032): java.lang.ArrayIndexOutOfBoundsException: length=58; index=58
05-18 19:17:42.354 W/System.err( 3032): 	at com.lbe.security.service.provider.internal.AppOpsAdapter$1.getDefaultOp(AppOpsAdapter.java:279)
05-18 19:17:42.354 W/System.err( 3032): 	at com.android.internal.app.IOpsCallback$Stub.onTransact(IOpsCallback.java:68)
05-18 19:17:42.354 W/System.err( 3032): 	at android.os.Binder.execTransact(Binder.java:446)
05-18 19:17:42.464 D/wpa_supplicant(10355): wlan0: Control interface command 'SIGNAL_POLL'
05-18 19:17:42.474 D/StatusBar.NetworkController( 1429): slot=-10;action=android.net.wifi.RSSI_CHANGED
05-18 19:17:42.474 D/StatusBar.NetworkController( 1429): updateNetworkName mNetworkName[0]=只能拨打紧急呼救电话 mTempNetworkName[0] = 只能拨打紧急呼救电话
05-18 19:17:42.484 D/StatusBar.NetworkController( 1429): updateNetworkName mNetworkName[1]=无服务 mTempNetworkName[1] = 无服务
05-18 19:17:42.974 W/System.err( 3032): java.lang.ArrayIndexOutOfBoundsException: length=58; index=58
05-18 19:17:42.984 W/System.err( 3032): 	at com.lbe.security.service.provider.internal.AppOpsAdapter$1.getDefaultOp(AppOpsAdapter.java:279)
05-18 19:17:42.984 W/System.err( 3032): 	at com.android.internal.app.IOpsCallback$Stub.onTransact(IOpsCallback.java:68)
05-18 19:17:42.984 W/System.err( 3032): 	at android.os.Binder.execTransact(Binder.java:446)
05-18 19:17:43.174 I/MSM-irqbalance(  791): Decided to move IRQ65 from CPU3 to CPU1
05-18 19:17:43.554 I/WifiHAL ( 1021): Poll result = 1
05-18 19:17:43.554 D/wpa_supplicant(10355): nl80211: Event message available
05-18 19:17:43.554 D/wpa_supplicant(10355): nl80211: Drv Event 34 (NL80211_CMD_NEW_SCAN_RESULTS) received for wlan0
05-18 19:17:43.554 D/wpa_supplicant(10355): wlan0: nl80211: New scan results available
05-18 19:17:43.554 D/wpa_supplicant(10355): nl80211: Scan included frequencies:
05-18 19:17:43.554 D/wpa_supplicant(10355): wlan0: Event SCAN_RESULTS (3) received
05-18 19:17:43.554 D/wpa_supplicant(10355): wlan0: Scan completed in 2.891816 seconds
