--------- beginning of main
05-18 19:14:00.784 W/System.err( 3032): 	at com.android.internal.app.IOpsCallback$Stub.onTransact(IOpsCallback.java:68)
05-18 19:14:00.784 W/System.err( 3032): 	at android.os.Binder.execTransact(Binder.java:446)
05-18 19:14:01.344 D/wpa_supplicant(10355): nl80211: Event message available
05-18 19:14:01.344 D/wpa_supplicant(10355): nl80211: Drv Event 34 (NL80211_CMD_NEW_SCAN_RESULTS) received for wlan0
05-18 19:14:01.344 D/wpa_supplicant(10355): wlan0: nl80211: New scan results available
05-18 19:14:01.344 I/WifiHAL ( 1021): Poll result = 1
05-18 19:14:01.344 I/WifiHAL ( 1021): Found some events!!!
05-18 19:14:01.344 D/wpa_supplicant(10355): nl80211: Scan included frequencies:
05-18 19:14:01.344 D/wpa_supplicant(10355): wlan0: Event SCAN_RESULTS (3) received
05-18 19:14:01.344 D/WifiHAL ( 1021): no_seq_check received
05-18 19:14:01.344 D/wpa_supplicant(10355): wlan0: Scan completed in 2.868733 seconds
05-18 19:14:01.344 I/WifiHAL ( 1021): event received NL80211_CMD_NEW_SCAN_RESULTS
05-18 19:14:01.344 I/WifiHAL ( 1021): event received NL80211_CMD_NEW_SCAN_RESULTS, vendor_id = 0x0
05-18 19:14:01.344 I/WifiHAL ( 1021): event ignored!!
05-18 19:14:01.344 D/wpa_supplicant(10355): nl80211: Associated on 5745 MHz
05-18 19:14:01.344 D/wpa_supplicant(10355): nl80211: Associated with d0:ee:07:20:53:2c
05-18 19:14:01.344 D/wpa_supplicant(10355): nl80211: Received scan results (33 BSSes)
05-18 19:14:01.344 D/wpa_supplicant(10355): nl80211: Scan results indicate BSS status with d0:ee:07:20:53:2c as associated
05-18 19:14:01.344 D/wpa_supplicant(10355): wlan0: BSS: Start scan result update 329
05-18 19:14:01.344 D/wpa_supplicant(10355): wlan0: BSS: Add new id 858 BSSID 12:0e:0e:20:65:26 SSID 'iyaya_guest'
05-18 19:14:01.344 D/wpa_supplicant(10355): CTRL_IFACE monitor sent successfully to /data/misc/wifi/sockets/wpa_ctrl_485-31\x00
05-18 19:14:01.344 D/wpa_supplicant(10355): CTRL_IFACE monitor sent successfully to /data/misc/wifi/sockets/wpa_ctrl_1021-8\x00
05-18 19:14:01.344 D/wpa_supplicant(10355): wlan0: BSS: Add new id 859 BSSID c8:d7:19:d9:e8:22 SSID 'wifi-1'
05-18 19:14:01.344 D/wpa_supplicant(10355): CTRL_IFACE monitor sent successfully to /data/misc/wifi/sockets/wpa_ctrl_485-31\x00
05-18 19:14:01.344 D/wpa_supplicant(10355): CTRL_IFACE monitor sent successfully to /data/misc/wifi/sockets/wpa_ctrl_1021-8\x00
05-18 19:14:01.344 D/wpa_supplicant(10355): wlan0: BSS: Add new id 860 BSSID 6c:e8:73:45:88:ae SSID 'TL-WR941N'
05-18 19:14:01.344 D/wpa_supplicant(10355): CTRL_IFACE monitor sent successfully to /data/misc/wifi/sockets/wpa_ctrl_485-31\x00
05-18 19:14:01.344 D/wpa_supplicant(10355): CTRL_IFACE monitor sent successfully to /data/misc/wifi/sockets/wpa_ctrl_1021-8\x00
05-18 19:14:01.344 D/wpa_supplicant(10355): BSS: last_scan_res_used=33/64
05-18 19:14:01.344 D/wpa_supplicant(10355): wlan0: Scan-only results received
05-18 19:14:01.344 D/wpa_supplicant(10355): CTRL_IFACE monitor sent successfully to /data/misc/wifi/sockets/wpa_ctrl_485-31\x00
05-18 19:14:01.344 D/wpa_supplicant(10355): CTRL_IFACE monitor sent successfully to /data/misc/wifi/sockets/wpa_ctrl_1021-8\x00
05-18 19:14:01.344 D/wpa_supplicant(10355): wlan0: Radio work 'scan'@0x7f86e1e3d0 done in 2.872013 seconds
05-18 19:14:01.344 D/wpa_supplicant(10355): wlan0: Control interface command 'BSS RANGE=0- MASK=0x23987'
05-18 19:14:01.344 D/wpa_supplicant(10355): wlan0: Control interface command 'BSS RANGE=851- MASK=0x23987'
05-18 19:14:01.364 D/wpa_supplicant(10355): wlan0: Control interface command 'STATUS-NO_EVENTS'
05-18 19:14:01.384 D/LBSSystemMonitorService( 1021): handleMessage what - 4
05-18 19:14:01.384 D/Wiper_jni( 1021): Send Network Location.
05-18 19:14:01.394 V/MSAPMReceiver(16489): Got intent:android.net.wifi.SCAN_RESULTS
05-18 19:14:01.394 V/MSAPMReceiver(16489): Got intent SCAN_RESULTS
05-18 19:14:01.394 V/MSAPM   (16489): notify_scan_results_available
05-18 19:14:01.394 E/MSAPM   (16489): Handler not yet initialized. Can't send!
05-18 19:14:01.794 W/System.err( 3032): java.lang.ArrayIndexOutOfBoundsException: length=58; index=58
05-18 19:14:01.794 W/System.err( 3032): 	at com.lbe.security.service.provider.internal.AppOpsAdapter$1.getDefaultOp(AppOpsAdapter.java:279)
05-18 19:14:01.794 W/System.err( 3032): 	at com.android.internal.app.IOpsCallback$Stub.onTransact(IOpsCallback.java:68)
05-18 19:14:01.794 W/System.err( 3032): 	at android.os.Binder.execTransact(Binder.java:446)
05-18 19:14:02.514 D/wpa_supplicant(10355): wlan0: Control interface command 'SIGNAL_POLL'
05-18 19:14:02.524 D/StatusBar.NetworkController( 1429): slot=-10;action=android.net.wifi.RSSI_CHANGED
05-18 19:14:02.524 D/StatusBar.NetworkController( 1429): updateNetworkName mNetworkName[0]=只能拨打紧急呼救电话 mTempNetworkName[0] = 只能拨打紧急呼救电话
05-18 19:14:02.534 D/StatusBar.NetworkController( 1429): updateNetworkName mNetworkName[1]=无服务 mTempNetworkName[1] = 无服务
05-18 19:14:02.814 W/System.err( 3032): java.lang.ArrayIndexOutOfBoundsException: length=58; index=58
05-18 19:14:02.814 W/System.err( 3032): 	at com.lbe.security.service.provider.internal.AppOpsAdapter$1.getDefaultOp(AppOpsAdapter.java:279)
05-18 19:14:02.814 W/System.err( 3032): 	at com.android.internal.app.IOpsCallback$Stub.onTransact(IOpsCallback.java:68)
05-18 19:14:02.814 W/System.err( 3032): 	at android.os.Binder.execTransact(Binder.java:446)
05-18 19:14:03.174 I/MSM-irqbalance(  791): Decided to move IRQ65 from CPU1 to CPU3
05-18 19:14:03.814 W/System.err( 3032): java.lang.ArrayIndexOutOfBoundsException: length=58; index=58
05-18 19:14:03.814 W/System.err( 3032): 	at com.lbe.security.service.provider.internal.AppOpsAdapter$1.getDefaultOp(AppOpsAdapter.java:279)
05-18 19:14:03.814 W/System.err( 3032): 	at com.android.internal.app.IOpsCallback$Stub.onTransact(IOpsCallback.java:68)
05-18 19:14:03.814 W/System.err( 3032): 	at android.os.Binder.execTransact(Binder.java:446)
05-18 19:14:04.104 W/System.err( 3032): java.lang.ArrayIndexOutOfBoundsException: length=58; index=58
05-18 19:14:04.104 W/System.err( 3032): 	at com.lbe.security.service.provider.internal.AppOpsAdapter$1.getDefaultOp(AppOpsAdapter.java:279)
05-18 19:14:04.104 W/System.err( 3032): 	at com.android.internal.app.IOpsCallback$Stub.onTransact(IOpsCallback.java:68)
05-18 19:14:04.104 W/System.err( 3032): 	at android.os.Binder.execTransact(Binder.java:446)
05-18 19:14:04.824 W/System.err( 3032): java.lang.ArrayIndexOutOfBoundsException: length=58; index=58
05-18 19:14:04.824 W/System.err( 3032): 	at com.lbe.security.service.provider.internal.AppOpsAdapter$1.getDefaultOp(AppOpsAdapter.java:279)
05-18 19:14:04.824 W/System.err( 3032): 	at com.android.internal.app.IOpsCallback$Stub.onTransact(IOpsCallback.java:68)
05-18 19:14:04.824 W/System.err( 3032): 	at android.os.Binder.execTransact(Binder.java:446)
05-18 19:14:05.524 D/wpa_supplicant(10355): wlan0: Control interface command 'SIGNAL_POLL'
05-18 19:14:05.844 W/System.err( 3032): java.lang.ArrayIndexOutOfBoundsException: length=58; index=58
05-18 19:14:05.844 W/System.err( 3032): 	at com.lbe.security.service.provider.internal.AppOpsAdapter$1.getDefaultOp(AppOpsAdapter.java:279)
05-18 19:14:05.844 W/System.err( 3032): 	at com.android.internal.app.IOpsCallback$Stub.onTransact(IOpsCallback.java:68)
05-18 19:14:05.844 W/System.err( 3032): 	at android.os.Binder.execTransact(Binder.java:446)
05-18 19:14:06.854 W/System.err( 3032): java.lang.ArrayIndexOutOfBoundsException: length=58; index=58
05-18 19:14:06.854 W/System.err( 3032): 	at com.lbe.security.service.provider.internal.AppOpsAdapter$1.getDefaultOp(AppOpsAdapter.java:279)
05-18 19:14:06.854 W/System.err( 3032): 	at com.android.internal.app.IOpsCallback$Stub.onTransact(IOpsCallback.java:68)
05-18 19:14:06.854 W/System.err( 3032): 	at android.os.Binder.execTransact(Binder.java:446)
05-18 19:14:07.054 W/System.err( 3032): java.lang.ArrayIndexOutOfBoundsException: length=58; index=58
05-18 19:14:07.054 W/System.err( 3032): 	at com.lbe.security.service.provider.internal.AppOpsAdapter$1.getDefaultOp(AppOpsAdapter.java:279)
05-18 19:14:07.054 W/System.err( 3032): 	at com.android.internal.app.IOpsCallback$Stub.onTransact(IOpsCallback.java:68)
05-18 19:14:07.054 W/System.err( 3032): 	at android.os.Binder.execTransact(Binder.java:446)
05-18 19:14:07.874 W/System.err( 3032): java.lang.ArrayIndexOutOfBoundsException: length=58; index=58
05-18 19:14:07.874 W/System.err( 3032): 	at com.lbe.security.service.provider.internal.AppOpsAdapter$1.getDefaultOp(AppOpsAdapter.java:279)
05-18 19:14:07.874 W/System.err( 3032): 	at com.android.internal.app.IOpsCallback$Stub.onTransact(IOpsCallback.java:68)
05-18 19:14:07.874 W/System.err( 3032): 	at android.os.Binder.execTransact(Binder.java:446)
05-18 19:14:08.174 I/MSM-irqbalance(  791): Decided to move IRQ115 from CPU1 to CPU3
05-18 19:14:08.534 D/wpa_supplicant(10355): wlan0: Control interface command 'SIGNAL_POLL'
05-18 19:14:08.544 D/StatusBar.NetworkController( 1429): slot=-10;action=android.net.wifi.RSSI_CHANGED
05-18 19:14:08.554 D/StatusBar.NetworkController( 1429): updateNetworkName mNetworkName[0]=只能拨打紧急呼救电话 mTempNetworkName[0] = 只能拨打紧急呼救电话
05-18 19:14:08.554 D/StatusBar.NetworkController( 1429): updateNetworkName mNetworkName[1]=无服务 mTempNetworkName[1] = 无服务
05-18 19:14:08.874 W/System.err( 3032): java.lang.ArrayIndexOutOfBoundsException: length=58; index=58
05-18 19:14:08.874 W/System.err( 3032): 	at com.lbe.security.service.provider.internal.AppOpsAdapter$1.getDefaultOp(AppOpsAdapter.java:279)
05-18 19:14:08.874 W/System.err( 3032): 	at com.android.internal.app.IOpsCallback$Stub.onTransact(IOpsCallback.java:68)
05-18 19:14:08.874 W/System.err( 3032): 	at android.os.Binder.execTransact(Binder.java:446)
05-18 19:14:09.194 W/System.err( 3032): java.lang.ArrayIndexOutOfBoundsException: length=58; index=58
05-18 19:14:09.194 W/System.err( 3032): 	at com.lbe.security.service.provider.internal.AppOpsAdapter$1.getDefaultOp(AppOpsAdapter.java:279)
05-18 19:14:09.194 W/System.err( 3032): 	at com.android.internal.app.IOpsCallback$Stub.onTransact(IOpsCallback.java:68)
05-18 19:14:09.194 W/System.err( 3032): 	at android.os.Binder.execTransact(Binder.java:446)
05-18 19:14:09.884 W/System.err( 3032): java.lang.ArrayIndexOutOfBoundsException: length=58; index=58
05-18 19:14:09.884 W/System.err( 3032): 	at com.lbe.security.service.provider.internal.AppOpsAdapter$1.getDefaultOp(AppOpsAdapter.java:279)
05-18 19:14:09.884 W/System.err( 3032): 	at com.android.internal.app.IOpsCallback$Stub.onTransact(IOpsCallback.java:68)
05-18 19:14:09.884 W/System.err( 3032): 	at android.os.Binder.execTransact(Binder.java:446)
05-18 19:14:10.904 W/System.err( 3032): java.lang.ArrayIndexOutOfBoundsException: length=58; index=58
05-18 19:14:10.904 W/System.err( 3032): 	at com.lbe.security.service.provider.internal.AppOpsAdapter$1.getDefaultOp(AppOpsAdapter.java:279)
05-18 19:14:10.904 W/System.err( 3032): 	at com.android.internal.app.IOpsCallback$Stub.onTransact(IOpsCallback.java:68)
05-18 19:14:10.904 W/System.err( 3032): 	at android.os.Binder.execTransact(Binder.java:446)
05-18 19:14:11.554 D/wpa_supplicant(10355): wlan0: Control interface command 'SIGNAL_POLL'
05-18 19:14:11.914 W/System.err( 3032): java.lang.ArrayIndexOutOfBoundsException: length=58; index=58
05-18 19:14:11.914 W/System.err( 3032): 	at com.lbe.security.service.provider.internal.AppOpsAdapter$1.getDefaultOp(AppOpsAdapter.java:279)
05-18 19:14:11.914 W/System.err( 3032): 	at com.android.internal.app.IOpsCallback$Stub.onTransact(IOpsCallback.java:68)
05-18 19:14:11.914 W/System.err( 3032): 	at android.os.Binder.execTransact(Binder.java:446)
05-18 19:14:12.924 W/System.err( 3032): java.lang.ArrayIndexOutOfBoundsException: length=58; index=58
05-18 19:14:12.924 W/System.err( 3032): 	at com.lbe.security.service.provider.internal.AppOpsAdapter$1.getDefaultOp(AppOpsAdapter.java:279)
05-18 19:14:12.924 W/System.err( 3032): 	at com.android.internal.app.IOpsCallback$Stub.onTransact(IOpsCallback.java:68)
05-18 19:14:12.924 W/System.err( 3032): 	at android.os.Binder.execTransact(Binder.java:446)
05-18 19:14:13.174 I/MSM-irqbalance(  791): Decided to move IRQ222 from CPU1 to CPU3
05-18 19:14:13.934 W/System.err( 3032): java.lang.ArrayIndexOutOfBoundsException: length=58; index=58
05-18 19:14:13.934 W/System.err( 3032): 	at com.lbe.security.service.provider.internal.AppOpsAdapter$1.getDefaultOp(AppOpsAdapter.java:279)
05-18 19:14:13.934 W/System.err( 3032): 	at com.android.internal.app.IOpsCallback$Stub.onTransact(IOpsCallback.java:68)
05-18 19:14:13.934 W/System.err( 3032): 	at android.os.Binder.execTransact(Binder.java:446)
05-18 19:14:14.254 W/System.err( 3032): java.lang.ArrayIndexOutOfBoundsException: length=58; index=58
05-18 19:14:14.254 W/System.err( 3032): 	at com.lbe.security.service.provider.internal.AppOpsAdapter$1.getDefaultOp(AppOpsAdapter.java:279)
05-18 19:14:14.254 W/System.err( 3032): 	at com.android.internal.app.IOpsCallback$Stub.onTransact(IOpsCallback.java:68)
05-18 19:14:14.254 W/System.err( 3032): 	at android.os.Binder.execTransact(Binder.java:446)
05-18 19:14:14.564 D/wpa_supplicant(10355): wlan0: Control interface command 'SIGNAL_POLL'
05-18 19:14:14.954 W/System.err( 3032): java.lang.ArrayIndexOutOfBoundsException: length=58; index=58
05-18 19:14:14.954 W/System.err( 3032): 	at com.lbe.security.service.provider.internal.AppOpsAdapter$1.getDefaultOp(AppOpsAdapter.java:279)
05-18 19:14:14.954 W/System.err( 3032): 	at com.android.internal.app.IOpsCallback$Stub.onTransact(IOpsCallback.java:68)
05-18 19:14:14.954 W/System.err( 3032): 	at android.os.Binder.execTransact(Binder.java:446)
05-18 19:14:15.964 W/System.err( 3032): java.lang.ArrayIndexOutOfBoundsException: length=58; index=58
05-18 19:14:15.964 W/System.err( 3032): 	at com.lbe.security.service.provider.internal.AppOpsAdapter$1.getDefaultOp(AppOpsAdapter.java:279)
05-18 19:14:15.964 W/System.err( 3032): 	at com.android.internal.app.IOpsCallback$Stub.onTransact(IOpsCallback.java:68)
05-18 19:14:15.964 W/System.err( 3032): 	at android.os.Binder.execTransact(Binder.java:446)
05-18 19:14:16.974 W/System.err( 3032): java.lang.ArrayIndexOutOfBoundsException: length=58; index=58
05-18 19:14:16.974 W/System.err( 3032): 	at com.lbe.security.service.provider.internal.AppOpsAdapter$1.getDefaultOp(AppOpsAdapter.java:279)
05-18 19:14:16.974 W/System.err( 3032): 	at com.android.internal.app.IOpsCallback$Stub.onTransact(IOpsCallback.java:68)
05-18 19:14:16.974 W/System.err( 3032): 	at android.os.Binder.execTransact(Binder.java:446)
05-18 19:14:17.114 W/System.err( 3032): java.lang.ArrayIndexOutOfBoundsException: length=58; index=58
05-18 19:14:17.114 W/System.err( 3032): 	at com.lbe.security.service.provider.internal.AppOpsAdapter$1.getDefaultOp(AppOpsAdapter.java:279)
05-18 19:14:17.114 W/System.err( 3032): 	at com.android.internal.app.IOpsCallback$Stub.onTransact(IOpsCallback.java:68)
05-18 19:14:17.114 W/System.err( 3032): 	at android.os.Binder.execTransact(Binder.java:446)
05-18 19:14:17.574 D/wpa_supplicant(10355): wlan0: Control interface command 'SIGNAL_POLL'
05-18 19:14:17.584 D/StatusBar.NetworkController( 1429): slot=-10;action=android.net.wifi.RSSI_CHANGED
05-18 19:14:17.594 D/StatusBar.NetworkController( 1429): updateNetworkName mNetworkName[0]=只能拨打紧急呼救电话 mTempNetworkName[0] = 只能拨打紧急呼救电话
05-18 19:14:17.594 D/StatusBar.NetworkController( 1429): updateNetworkName mNetworkName[1]=无服务 mTempNetworkName[1] = 无服务
05-18 19:14:17.774 I/NotificationService(17707): action=com.miui.player.notification_popup, notificationId=4
05-18 19:14:17.784 I/NotificationService(17707): start to check notification
05-18 19:14:17.784 I/LocalAudioChecker(17707): check local audios update
05-18 19:14:17.794 I/LocalAudioChecker(17707): Schedule LocalAudioChecker.
05-18 19:14:17.794 I/FileScannerService(17707): onCreate
05-18 19:14:17.804 I/LocalAudioChecker(17707): notification at 1463574045689
05-18 19:14:17.804 I/NotificationHelperBase(17707): NotificationId =4, set alarm at Wed May 18 20:20:45 GMT+08:00 2016
05-18 19:14:17.814 I/FileScanner-JNI(17707): nativeSetup
05-18 19:14:17.884 E/WifiStateMachine( 1021): WifiStateMachine CMD_START_SCAN source -2 txSuccessRate=0.01 rxSuccessRate=0.00 targetRoamBSSID=any RSSI=-67
05-18 19:14:17.884 E/WifiStateMachine( 1021): WifiStateMachine starting scan for "waiguoyueliang_5G"WPA_PSK with 5745
05-18 19:14:17.884 D/wpa_supplicant(10355): wlan0: Control interface command 'SCAN TYPE=ONLY freq=5745'
05-18 19:14:17.884 D/wpa_supplicant(10355): wlan0: Setting scan request: 0.000000 sec
05-18 19:14:17.884 D/wpa_supplicant(10355): wlan0: Starting AP scan for wildcard SSID
05-18 19:14:17.884 D/wpa_supplicant(10355): wlan0: Limit manual scan to specified channels
05-18 19:14:17.884 D/wpa_supplicant(10355): wlan0: Add radio work 'scan'@0x7f86e1e420
05-18 19:14:17.884 D/wpa_supplicant(10355): wlan0: First radio work item in the queue - schedule start immediately
05-18 19:14:17.884 D/wpa_supplicant(10355): wlan0: Starting radio work 'scan'@0x7f86e1e420 after 0.000028 second wait
05-18 19:14:17.884 D/wpa_supplicant(10355): wlan0: nl80211: scan request
05-18 19:14:17.884 D/wpa_supplicant(10355): nl80211: Scan SSID - hexdump(len=0): [NULL]
05-18 19:14:17.884 D/wpa_supplicant(10355): nl80211: Scan frequency 5745 MHz
05-18 19:14:17.884 D/wpa_supplicant(10355): Scan requested (ret=0) - scan timeout 30 seconds
05-18 19:14:17.884 D/wpa_supplicant(10355): nl80211: Event message available
05-18 19:14:17.884 D/wpa_supplicant(10355): nl80211: Drv Event 33 (NL80211_CMD_TRIGGER_SCAN) received for wlan0
05-18 19:14:17.884 D/wpa_supplicant(10355): wlan0: nl80211: Scan trigger
05-18 19:14:17.884 D/wpa_supplicant(10355): wlan0: Event SCAN_STARTED (49) received
05-18 19:14:17.884 D/wpa_supplicant(10355): wlan0: Own scan request started a scan in 0.000092 seconds
05-18 19:14:17.884 I/wpa_supplicant(10355): wlan0: CTRL-EVENT-SCAN-STARTED 
05-18 19:14:17.884 D/wpa_supplicant(10355): CTRL_IFACE monitor sent successfully to /data/misc/wifi/sockets/wpa_ctrl_485-31\x00
05-18 19:14:17.884 I/WifiHAL ( 1021): Poll result = 1
05-18 19:14:17.884 I/WifiHAL ( 1021): Found some events!!!
05-18 19:14:17.884 D/WifiHAL ( 1021): no_seq_check received
05-18 19:14:17.884 D/wpa_supplicant(10355): CTRL_IFACE monitor sent successfully to /data/misc/wifi/sockets/wpa_ctrl_1021-8\x00
05-18 19:14:17.884 I/WifiHAL ( 1021): event received NL80211_CMD_TRIGGER_SCAN
05-18 19:14:17.884 I/WifiHAL ( 1021): event received NL80211_CMD_TRIGGER_SCAN, vendor_id = 0x0
05-18 19:14:17.884 I/WifiHAL ( 1021): event ignored!!
05-18 19:14:17.974 I/FileScannerImpl-java(17707): preScan cost 154ms
05-18 19:14:17.974 I/FileScanner-JNI(17707): processDirectory
05-18 19:14:17.984 W/System.err( 3032): java.lang.ArrayIndexOutOfBoundsException: length=58; index=58
05-18 19:14:17.984 W/System.err( 3032): 	at com.lbe.security.service.provider.internal.AppOpsAdapter$1.getDefaultOp(AppOpsAdapter.java:279)
05-18 19:14:17.984 W/System.err( 3032): 	at com.android.internal.app.IOpsCallback$Stub.onTransact(IOpsCallback.java:68)
05-18 19:14:17.984 W/System.err( 3032): 	at android.os.Binder.execTransact(Binder.java:446)
05-18 19:14:18.054 D/wpa_supplicant(10355): nl80211: Event message available
05-18 19:14:18.054 D/wpa_supplicant(10355): nl80211: Drv Event 34 (NL80211_CMD_NEW_SCAN_RESULTS) received for wlan0
05-18 19:14:18.054 D/wpa_supplicant(10355): wlan0: nl80211: New scan results available
05-18 19:14:18.054 D/wpa_supplicant(10355): nl80211: Scan included frequencies:
05-18 19:14:18.054 D/wpa_supplicant(10355): wlan0: Event SCAN_RESULTS (3) received
05-18 19:14:18.054 D/wpa_supplicant(10355): wlan0: Scan completed in 0.169358 seconds
05-18 19:14:18.054 D/wpa_supplicant(10355): nl80211: Associated on 5745 MHz
05-18 19:14:18.054 D/wpa_supplicant(10355): nl80211: Associated with d0:ee:07:20:53:2c
05-18 19:14:18.054 D/wpa_supplicant(10355): nl80211: Received scan results (33 BSSes)
05-18 19:14:18.054 D/wpa_supplicant(10355): nl80211: Scan results indicate BSS status with d0:ee:07:20:53:2c as associated
05-18 19:14:18.054 D/wpa_supplicant(10355): wlan0: BSS: Start scan result update 330
05-18 19:14:18.054 D/wpa_supplicant(10355): wlan0: BSS: Remove id 854 BSSID 22:0f:0e:20:60:90 SSID 'iyaya_guest' due to no match in scan
05-18 19:14:18.054 D/wpa_supplicant(10355): CTRL_IFACE monitor sent successfully to /data/misc/wifi/sockets/wpa_ctrl_485-31\x00
05-18 19:14:18.054 D/wpa_supplicant(10355): CTRL_IFACE monitor sent successfully to /data/misc/wifi/sockets/wpa_ctrl_1021-8\x00
05-18 19:14:18.054 D/wpa_supplicant(10355): wlan0: BSS: Remove id 853 BSSID 32:0f:0e:20:60:90 SSID 'iyaya_5.8' due to no match in scan
05-18 19:14:18.054 D/wpa_supplicant(10355): CTRL_IFACE monitor sent successfully to /data/misc/wifi/sockets/wpa_ctrl_485-31\x00
05-18 19:14:18.054 D/wpa_supplicant(10355): CTRL_IFACE monitor sent successfully to /data/misc/wifi/sockets/wpa_ctrl_1021-8\x00
05-18 19:14:18.054 D/wpa_supplicant(10355): wlan0: BSS: Remove id 841 BSSID 08:10:79:94:bc:d4 SSID 'NETTEST_AP_1' due to no match in scan
05-18 19:14:18.054 D/wpa_supplicant(10355): CTRL_IFACE monitor sent successfully to /data/misc/wifi/sockets/wpa_ctrl_485-31\x00
05-18 19:14:18.054 D/wpa_supplicant(10355): CTRL_IFACE monitor sent successfully to /data/misc/wifi/sockets/wpa_ctrl_1021-8\x00
05-18 19:14:18.054 D/wpa_supplicant(10355): BSS: last_scan_res_used=33/64
05-18 19:14:18.054 D/wpa_supplicant(10355): wlan0: Scan-only results received
05-18 19:14:18.054 D/wpa_supplicant(10355): CTRL_IFACE monitor sent successfully to /data/misc/wifi/sockets/wpa_ctrl_485-31\x00
05-18 19:14:18.054 D/wpa_supplicant(10355): CTRL_IFACE monitor sent successfully to /data/misc/wifi/sockets/wpa_ctrl_1021-8\x00
05-18 19:14:18.054 D/wpa_supplicant(10355): wlan0: Radio work 'scan'@0x7f86e1e420 done in 0.170764 seconds
05-18 19:14:18.054 I/WifiHAL ( 1021): Poll result = 1
05-18 19:14:18.054 I/WifiHAL ( 1021): Found some events!!!
05-18 19:14:18.054 D/WifiHAL ( 1021): no_seq_check received
05-18 19:14:18.054 I/WifiHAL ( 1021): event received NL80211_CMD_NEW_SCAN_RESULTS
05-18 19:14:18.054 I/WifiHAL ( 1021): event received NL80211_CMD_NEW_SCAN_RESULTS, vendor_id = 0x0
05-18 19:14:18.054 I/WifiHAL ( 1021): event ignored!!
05-18 19:14:18.054 D/wpa_supplicant(10355): wlan0: Control interface command 'BSS RANGE=0- MASK=0x23987'
05-18 19:14:18.054 D/wpa_supplicant(10355): wlan0: Control interface command 'BSS RANGE=852- MASK=0x23987'
05-18 19:14:18.064 D/wpa_supplicant(10355): wlan0: Control interface command 'STATUS-NO_EVENTS'
05-18 19:14:18.994 W/System.err( 3032): java.lang.ArrayIndexOutOfBoundsException: length=58; index=58
05-18 19:14:18.994 W/System.err( 3032): 	at com.lbe.security.service.provider.internal.AppOpsAdapter$1.getDefaultOp(AppOpsAdapter.java:279)
05-18 19:14:18.994 W/System.err( 3032): 	at com.android.internal.app.IOpsCallback$Stub.onTransact(IOpsCallback.java:68)
05-18 19:14:18.994 W/System.err( 3032): 	at android.os.Binder.execTransact(Binder.java:446)
05-18 19:14:19.334 W/System.err( 3032): java.lang.ArrayIndexOutOfBoundsException: length=58; index=58
05-18 19:14:19.334 W/System.err( 3032): 	at com.lbe.security.service.provider.internal.AppOpsAdapter$1.getDefaultOp(AppOpsAdapter.java:279)
05-18 19:14:19.334 W/System.err( 3032): 	at com.android.internal.app.IOpsCallback$Stub.onTransact(IOpsCallback.java:68)
05-18 19:14:19.334 W/System.err( 3032): 	at android.os.Binder.execTransact(Binder.java:446)
05-18 19:14:19.524 I/FileScanner-JNI(17707): nativeSetup
05-18 19:14:19.544 I/FileScannerImpl-java(17707): preScan cost 15ms
05-18 19:14:19.544 I/FileScanner-JNI(17707): processDirectory
05-18 19:14:19.554 I/ApplicationHelper(17707): on trim memory, level=80
05-18 19:14:19.554 W/MusicApplication(17707): onTrimMemory is called, level=80
05-18 19:14:20.004 W/System.err( 3032): java.lang.ArrayIndexOutOfBoundsException: length=58; index=58
05-18 19:14:20.004 W/System.err( 3032): 	at com.lbe.security.service.provider.internal.AppOpsAdapter$1.getDefaultOp(AppOpsAdapter.java:279)
05-18 19:14:20.004 W/System.err( 3032): 	at com.android.internal.app.IOpsCallback$Stub.onTransact(IOpsCallback.java:68)
05-18 19:14:20.004 W/System.err( 3032): 	at android.os.Binder.execTransact(Binder.java:446)
05-18 19:14:20.594 D/wpa_supplicant(10355): wlan0: Control interface command 'SIGNAL_POLL'
05-18 19:14:21.004 W/System.err( 3032): java.lang.ArrayIndexOutOfBoundsException: length=58; index=58
05-18 19:14:21.004 W/System.err( 3032): 	at com.lbe.security.service.provider.internal.AppOpsAdapter$1.getDefaultOp(AppOpsAdapter.java:279)
05-18 19:14:21.004 W/System.err( 3032): 	at com.android.internal.app.IOpsCallback$Stub.onTransact(IOpsCallback.java:68)
05-18 19:14:21.004 W/System.err( 3032): 	at android.os.Binder.execTransact(Binder.java:446)
05-18 19:14:21.404 E/WifiStateMachine( 1021): WifiStateMachine CMD_START_SCAN source 10854 txSuccessRate=1.00 rxSuccessRate=0.50 targetRoamBSSID=any RSSI=-67
05-18 19:14:21.404 D/wpa_supplicant(10355): wlan0: Control interface command 'SCAN TYPE=ONLY'
05-18 19:14:21.404 D/wpa_supplicant(10355): wlan0: Setting scan request: 0.000000 sec
05-18 19:14:21.404 D/wpa_supplicant(10355): wlan0: Starting AP scan for wildcard SSID
05-18 19:14:21.404 D/wpa_supplicant(10355): wlan0: Add radio work 'scan'@0x7f86e1e3d0
05-18 19:14:21.404 D/wpa_supplicant(10355): wlan0: First radio work item in the queue - schedule start immediately
05-18 19:14:21.404 D/wpa_supplicant(10355): wlan0: Starting radio work 'scan'@0x7f86e1e3d0 after 0.000088 second wait
05-18 19:14:21.404 D/wpa_supplicant(10355): wlan0: nl80211: scan request
05-18 19:14:21.404 D/wpa_supplicant(10355): nl80211: Scan SSID - hexdump(len=0): [NULL]
05-18 19:14:21.404 D/wpa_supplicant(10355): Scan requested (ret=0) - scan timeout 30 seconds
05-18 19:14:21.404 D/wpa_supplicant(10355): nl80211: Event message available
05-18 19:14:21.404 D/wpa_supplicant(10355): nl80211: Drv Event 33 (NL80211_CMD_TRIGGER_SCAN) received for wlan0
05-18 19:14:21.404 D/wpa_supplicant(10355): wlan0: nl80211: Scan trigger
05-18 19:14:21.404 D/wpa_supplicant(10355): wlan0: Event SCAN_STARTED (49) received
05-18 19:14:21.404 D/wpa_supplicant(10355): wlan0: Own scan request started a scan in 0.000199 seconds
05-18 19:14:21.404 I/wpa_supplicant(10355): wlan0: CTRL-EVENT-SCAN-STARTED 
05-18 19:14:21.404 D/wpa_supplicant(10355): CTRL_IFACE monitor sent successfully to /data/misc/wifi/sockets/wpa_ctrl_485-31\x00
05-18 19:14:21.404 D/wpa_supplicant(10355): CTRL_IFACE monitor sent successfully to /data/misc/wifi/sockets/wpa_ctrl_1021-8\x00
05-18 19:14:21.404 I/WifiHAL ( 1021): Poll result = 1
05-18 19:14:21.404 I/WifiHAL ( 1021): Found some events!!!
05-18 19:14:21.404 D/WifiHAL ( 1021): no_seq_check received
05-18 19:14:21.404 I/WifiHAL ( 1021): event received NL80211_CMD_TRIGGER_SCAN
05-18 19:14:21.404 I/WifiHAL ( 1021): event received NL80211_CMD_TRIGGER_SCAN, vendor_id = 0x0
05-18 19:14:21.404 I/WifiHAL ( 1021): event ignored!!
05-18 19:14:22.024 W/System.err( 3032): java.lang.ArrayIndexOutOfBoundsException: length=58; index=58
05-18 19:14:22.024 W/System.err( 3032): 	at com.lbe.security.service.provider.internal.AppOpsAdapter$1.getDefaultOp(AppOpsAdapter.java:279)
05-18 19:14:22.024 W/System.err( 3032): 	at com.android.internal.app.IOpsCallback$Stub.onTransact(IOpsCallback.java:68)
05-18 19:14:22.024 W/System.err( 3032): 	at android.os.Binder.execTransact(Binder.java:446)
05-18 19:14:23.034 W/System.err( 3032): java.lang.ArrayIndexOutOfBoundsException: length=58; index=58
05-18 19:14:23.034 W/System.err( 3032): 	at com.lbe.security.service.provider.internal.AppOpsAdapter$1.getDefaultOp(AppOpsAdapter.java:279)
05-18 19:14:23.034 W/System.err( 3032): 	at com.android.internal.app.IOpsCallback$Stub.onTransact(IOpsCallback.java:68)
05-18 19:14:23.034 W/System.err( 3032): 	at android.os.Binder.execTransact(Binder.java:446)
05-18 19:14:23.604 D/wpa_supplicant(10355): wlan0: Control interface command 'SIGNAL_POLL'
05-18 19:14:24.044 W/System.err( 3032): java.lang.ArrayIndexOutOfBoundsException: length=58; index=58
05-18 19:14:24.044 W/System.err( 3032): 	at com.lbe.security.service.provider.internal.AppOpsAdapter$1.getDefaultOp(AppOpsAdapter.java:279)
05-18 19:14:24.044 W/System.err( 3032): 	at com.android.internal.app.IOpsCallback$Stub.onTransact(IOpsCallback.java:68)
05-18 19:14:24.044 W/System.err( 3032): 	at android.os.Binder.execTransact(Binder.java:446)
05-18 19:14:24.284 D/wpa_supplicant(10355): nl80211: Event message available
05-18 19:14:24.284 D/wpa_supplicant(10355): nl80211: Drv Event 34 (NL80211_CMD_NEW_SCAN_RESULTS) received for wlan0
05-18 19:14:24.284 D/wpa_supplicant(10355): wlan0: nl80211: New scan results available
05-18 19:14:24.284 D/wpa_supplicant(10355): nl80211: Scan included frequencies:
05-18 19:14:24.284 D/wpa_supplicant(10355): wlan0: Event SCAN_RESULTS (3) received
05-18 19:14:24.284 D/wpa_supplicant(10355): wlan0: Scan completed in 2.879923 seconds
05-18 19:14:24.284 D/wpa_supplicant(10355): nl80211: Associated on 5745 MHz
05-18 19:14:24.284 D/wpa_supplicant(10355): nl80211: Associated with d0:ee:07:20:53:2c
05-18 19:14:24.284 D/wpa_supplicant(10355): nl80211: Received scan results (32 BSSes)
05-18 19:14:24.284 D/wpa_supplicant(10355): nl80211: Scan results indicate BSS status with d0:ee:07:20:53:2c as associated
05-18 19:14:24.284 D/wpa_supplicant(10355): wlan0: BSS: Start scan result update 331
05-18 19:14:24.284 D/wpa_supplicant(10355): wlan0: BSS: Add new id 861 BSSID 5e:cf:7f:0a:13:fe SSID 'MESH_DEMO78_1_0A13FE'
05-18 19:14:24.284 D/wpa_supplicant(10355): CTRL_IFACE monitor sent successfully to /data/misc/wifi/sockets/wpa_ctrl_485-31\x00
05-18 19:14:24.284 D/wpa_supplicant(10355): CTRL_IFACE monitor sent successfully to /data/misc/wifi/sockets/wpa_ctrl_1021-8\x00
05-18 19:14:24.284 D/wpa_supplicant(10355): wlan0: BSS: Add new id 862 BSSID 60:a4:4c:ef:2d:88 SSID 'asus_test_router1'
05-18 19:14:24.284 D/wpa_supplicant(10355): CTRL_IFACE monitor sent successfully to /data/misc/wifi/sockets/wpa_ctrl_485-31\x00
05-18 19:14:24.284 D/wpa_supplicant(10355): CTRL_IFACE monitor sent successfully to /data/misc/wifi/sockets/wpa_ctrl_1021-8\x00
05-18 19:14:24.284 D/wpa_supplicant(10355): wlan0: BSS: Add new id 863 BSSID 5e:cf:7f:14:c6:42 SSID 'esp_mesh_1_14C642'
05-18 19:14:24.284 D/wpa_supplicant(10355): CTRL_IFACE monitor sent successfully to /data/misc/wifi/sockets/wpa_ctrl_485-31\x00
05-18 19:14:24.284 D/wpa_supplicant(10355): CTRL_IFACE monitor sent successfully to /data/misc/wifi/sockets/wpa_ctrl_1021-8\x00
05-18 19:14:24.284 D/wpa_supplicant(10355): BSS: last_scan_res_used=32/64
05-18 19:14:24.284 D/wpa_supplicant(10355): wlan0: Scan-only results received
05-18 19:14:24.284 D/wpa_supplicant(10355): CTRL_IFACE monitor sent successfully to /data/misc/wifi/sockets/wpa_ctrl_485-31\x00
05-18 19:14:24.284 D/wpa_supplicant(10355): CTRL_IFACE monitor sent successfully to /data/misc/wifi/sockets/wpa_ctrl_1021-8\x00
05-18 19:14:24.284 D/wpa_supplicant(10355): wlan0: Radio work 'scan'@0x7f86e1e3d0 done in 2.882719 seconds
05-18 19:14:24.284 I/WifiHAL ( 1021): Poll result = 1
05-18 19:14:24.284 I/WifiHAL ( 1021): Found some events!!!
05-18 19:14:24.284 D/WifiHAL ( 1021): no_seq_check received
05-18 19:14:24.284 I/WifiHAL ( 1021): event received NL80211_CMD_NEW_SCAN_RESULTS
05-18 19:14:24.284 I/WifiHAL ( 1021): event received NL80211_CMD_NEW_SCAN_RESULTS, vendor_id = 0x0
05-18 19:14:24.284 I/WifiHAL ( 1021): event ignored!!
05-18 19:14:24.294 D/wpa_supplicant(10355): wlan0: Control interface command 'BSS RANGE=0- MASK=0x23987'
05-18 19:14:24.294 D/wpa_supplicant(10355): wlan0: Control interface command 'BSS RANGE=852- MASK=0x23987'
05-18 19:14:24.314 D/wpa_supplicant(10355): wlan0: Control interface command 'STATUS-NO_EVENTS'
05-18 19:14:24.334 V/MSAPMReceiver(16489): Got intent:android.net.wifi.SCAN_RESULTS
05-18 19:14:24.334 V/MSAPMReceiver(16489): Got intent SCAN_RESULTS
05-18 19:14:24.334 V/MSAPM   (16489): notify_scan_results_available
05-18 19:14:24.334 E/MSAPM   (16489): Handler not yet initialized. Can't send!
05-18 19:14:24.334 I/ImageCache(16238): Trim memory to free cache
05-18 19:14:24.344 D/LBSSystemMonitorService( 1021): handleMessage what - 4
05-18 19:14:24.344 D/Wiper_jni( 1021): Send Network Location.
05-18 19:14:24.354 D/PhoneStatusBar( 1429): updateNotification pkg=com.qihoo.appstore;id=10012
05-18 19:14:24.374 D/SizeAdaptiveLayout( 1429): com.android.internal.widget.SizeAdaptiveLayout{284ced06 V.E..... ......ID 0,0-1260,232 #7f0800c1 app:id/adaptive}child view android.widget.RelativeLayout{319cefc7 V.E..... ......ID 0,0-1260,256} measured out of bounds at 231px clamped to 232px
05-18 19:14:24.384 D/PhoneStatusBar( 1429): updateNotification pkg=com.qihoo.appstore;id=10012
05-18 19:14:24.394 W/System.err( 3032): java.lang.ArrayIndexOutOfBoundsException: length=58; index=58
05-18 19:14:24.394 W/System.err( 3032): 	at com.lbe.security.service.provider.internal.AppOpsAdapter$1.getDefaultOp(AppOpsAdapter.java:279)
05-18 19:14:24.394 W/System.err( 3032): 	at com.android.internal.app.IOpsCallback$Stub.onTransact(IOpsCallback.java:68)
05-18 19:14:24.394 W/System.err( 3032): 	at android.os.Binder.execTransact(Binder.java:446)
05-18 19:14:24.394 D/SizeAdaptiveLayout( 1429): com.android.internal.widget.SizeAdaptiveLayout{284ced06 V.E..... ......ID 0,0-1260,232 #7f0800c1 app:id/adaptive}child view android.widget.RelativeLayout{319cefc7 V.E..... ......ID 0,0-1260,256} measured out of bounds at 231px clamped to 232px
05-18 19:14:25.054 W/System.err( 3032): java.lang.ArrayIndexOutOfBoundsException: length=58; index=58
05-18 19:14:25.054 W/System.err( 3032): 	at com.lbe.security.service.provider.internal.AppOpsAdapter$1.getDefaultOp(AppOpsAdapter.java:279)
05-18 19:14:25.054 W/System.err( 3032): 	at com.android.internal.app.IOpsCallback$Stub.onTransact(IOpsCallback.java:68)
05-18 19:14:25.054 W/System.err( 3032): 	at android.os.Binder.execTransact(Binder.java:446)
05-18 19:14:26.054 W/System.err( 3032): java.lang.ArrayIndexOutOfBoundsException: length=58; index=58
05-18 19:14:26.054 W/System.err( 3032): 	at com.lbe.security.service.provider.internal.AppOpsAdapter$1.getDefaultOp(AppOpsAdapter.java:279)
05-18 19:14:26.054 W/System.err( 3032): 	at com.android.internal.app.IOpsCallback$Stub.onTransact(IOpsCallback.java:68)
05-18 19:14:26.054 W/System.err( 3032): 	at android.os.Binder.execTransact(Binder.java:446)
05-18 19:14:26.614 D/wpa_supplicant(10355): wlan0: Control interface command 'SIGNAL_POLL'
05-18 19:14:27.074 W/System.err( 3032): java.lang.ArrayIndexOutOfBoundsException: length=58; index=58
05-18 19:14:27.074 W/System.err( 3032): 	at com.lbe.security.service.provider.internal.AppOpsAdapter$1.getDefaultOp(AppOpsAdapter.java:279)
05-18 19:14:27.074 W/System.err( 3032): 	at com.android.internal.app.IOpsCallback$Stub.onTransact(IOpsCallback.java:68)
05-18 19:14:27.074 W/System.err( 3032): 	at android.os.Binder.execTransact(Binder.java:446)
05-18 19:14:27.174 W/System.err( 3032): java.lang.ArrayIndexOutOfBoundsException: length=58; index=58
05-18 19:14:27.174 W/System.err( 3032): 	at com.lbe.security.service.provider.internal.AppOpsAdapter$1.getDefaultOp(AppOpsAdapter.java:279)
05-18 19:14:27.174 W/System.err( 3032): 	at com.android.internal.app.IOpsCallback$Stub.onTransact(IOpsCallback.java:68)
05-18 19:14:27.174 W/System.err( 3032): 	at android.os.Binder.execTransact(Binder.java:446)
05-18 19:14:28.074 W/System.err( 3032): java.lang.ArrayIndexOutOfBoundsException: length=58; index=58
05-18 19:14:28.074 W/System.err( 3032): 	at com.lbe.security.service.provider.internal.AppOpsAdapter$1.getDefaultOp(AppOpsAdapter.java:279)
05-18 19:14:28.074 W/System.err( 3032): 	at com.android.internal.app.IOpsCallback$Stub.onTransact(IOpsCallback.java:68)
05-18 19:14:28.074 W/System.err( 3032): 	at android.os.Binder.execTransact(Binder.java:446)
05-18 19:14:28.174 I/MSM-irqbalance(  791): Decided to move IRQ115 from CPU3 to CPU1
05-18 19:14:29.094 W/System.err( 3032): java.lang.ArrayIndexOutOfBoundsException: length=58; index=58
05-18 19:14:29.094 W/System.err( 3032): 	at com.lbe.security.service.provider.internal.AppOpsAdapter$1.getDefaultOp(AppOpsAdapter.java:279)
05-18 19:14:29.094 W/System.err( 3032): 	at com.android.internal.app.IOpsCallback$Stub.onTransact(IOpsCallback.java:68)
05-18 19:14:29.094 W/System.err( 3032): 	at android.os.Binder.execTransact(Binder.java:446)
05-18 19:14:29.454 W/System.err( 3032): java.lang.ArrayIndexOutOfBoundsException: length=58; index=58
05-18 19:14:29.454 W/System.err( 3032): 	at com.lbe.security.service.provider.internal.AppOpsAdapter$1.getDefaultOp(AppOpsAdapter.java:279)
05-18 19:14:29.454 W/System.err( 3032): 	at com.android.internal.app.IOpsCallback$Stub.onTransact(IOpsCallback.java:68)
05-18 19:14:29.454 W/System.err( 3032): 	at android.os.Binder.execTransact(Binder.java:446)
05-18 19:14:29.634 D/wpa_supplicant(10355): wlan0: Control interface command 'SIGNAL_POLL'
05-18 19:14:30.104 W/System.err( 3032): java.lang.ArrayIndexOutOfBoundsException: length=58; index=58
05-18 19:14:30.104 W/System.err( 3032): 	at com.lbe.security.service.provider.internal.AppOpsAdapter$1.getDefaultOp(AppOpsAdapter.java:279)
05-18 19:14:30.104 W/System.err( 3032): 	at com.android.internal.app.IOpsCallback$Stub.onTransact(IOpsCallback.java:68)
05-18 19:14:30.104 W/System.err( 3032): 	at android.os.Binder.execTransact(Binder.java:446)
05-18 19:14:31.114 W/System.err( 3032): java.lang.ArrayIndexOutOfBoundsException: length=58; index=58
05-18 19:14:31.114 W/System.err( 3032): 	at com.lbe.security.service.provider.internal.AppOpsAdapter$1.getDefaultOp(AppOpsAdapter.java:279)
05-18 19:14:31.114 W/System.err( 3032): 	at com.android.internal.app.IOpsCallback$Stub.onTransact(IOpsCallback.java:68)
05-18 19:14:31.114 W/System.err( 3032): 	at android.os.Binder.execTransact(Binder.java:446)
05-18 19:14:32.124 W/System.err( 3032): java.lang.ArrayIndexOutOfBoundsException: length=58; index=58
05-18 19:14:32.124 W/System.err( 3032): 	at com.lbe.security.service.provider.internal.AppOpsAdapter$1.getDefaultOp(AppOpsAdapter.java:279)
05-18 19:14:32.124 W/System.err( 3032): 	at com.android.internal.app.IOpsCallback$Stub.onTransact(IOpsCallback.java:68)
05-18 19:14:32.124 W/System.err( 3032): 	at android.os.Binder.execTransact(Binder.java:446)
05-18 19:14:32.644 D/wpa_supplicant(10355): wlan0: Control interface command 'SIGNAL_POLL'
05-18 19:14:33.134 W/System.err( 3032): java.lang.ArrayIndexOutOfBoundsException: length=58; index=58
05-18 19:14:33.134 W/System.err( 3032): 	at com.lbe.security.service.provider.internal.AppOpsAdapter$1.getDefaultOp(AppOpsAdapter.java:279)
05-18 19:14:33.134 W/System.err( 3032): 	at com.android.internal.app.IOpsCallback$Stub.onTransact(IOpsCallback.java:68)
05-18 19:14:33.134 W/System.err( 3032): 	at android.os.Binder.execTransact(Binder.java:446)
05-18 19:14:33.174 I/MSM-irqbalance(  791): Decided to move IRQ304 from CPU3 to CPU1
05-18 19:14:34.154 W/System.err( 3032): java.lang.ArrayIndexOutOfBoundsException: length=58; index=58
05-18 19:14:34.154 W/System.err( 3032): 	at com.lbe.security.service.provider.internal.AppOpsAdapter$1.getDefaultOp(AppOpsAdapter.java:279)
05-18 19:14:34.154 W/System.err( 3032): 	at com.android.internal.app.IOpsCallback$Stub.onTransact(IOpsCallback.java:68)
05-18 19:14:34.154 W/System.err( 3032): 	at android.os.Binder.execTransact(Binder.java:446)
05-18 19:14:34.544 W/System.err( 3032): java.lang.ArrayIndexOutOfBoundsException: length=58; index=58
05-18 19:14:34.544 W/System.err( 3032): 	at com.lbe.security.service.provider.internal.AppOpsAdapter$1.getDefaultOp(AppOpsAdapter.java:279)
05-18 19:14:34.544 W/System.err( 3032): 	at com.android.internal.app.IOpsCallback$Stub.onTransact(IOpsCallback.java:68)
05-18 19:14:34.544 W/System.err( 3032): 	at android.os.Binder.execTransact(Binder.java:446)
05-18 19:14:34.944 I/art     (26232): WaitForGcToComplete blocked for 23.799ms for cause HomogeneousSpaceCompact
05-18 19:14:35.154 W/System.err( 3032): java.lang.ArrayIndexOutOfBoundsException: length=58; index=58
05-18 19:14:35.154 W/System.err( 3032): 	at com.lbe.security.service.provider.internal.AppOpsAdapter$1.getDefaultOp(AppOpsAdapter.java:279)
05-18 19:14:35.154 W/System.err( 3032): 	at com.android.internal.app.IOpsCallback$Stub.onTransact(IOpsCallback.java:68)
05-18 19:14:35.154 W/System.err( 3032): 	at android.os.Binder.execTransact(Binder.java:446)
05-18 19:14:35.664 D/wpa_supplicant(10355): wlan0: Control interface command 'SIGNAL_POLL'
05-18 19:14:36.164 W/System.err( 3032): java.lang.ArrayIndexOutOfBoundsException: length=58; index=58
05-18 19:14:36.164 W/System.err( 3032): 	at com.lbe.security.service.provider.internal.AppOpsAdapter$1.getDefaultOp(AppOpsAdapter.java:279)
05-18 19:14:36.164 W/System.err( 3032): 	at com.android.internal.app.IOpsCallback$Stub.onTransact(IOpsCallback.java:68)
05-18 19:14:36.164 W/System.err( 3032): 	at android.os.Binder.execTransact(Binder.java:446)
05-18 19:14:37.174 W/System.err( 3032): java.lang.ArrayIndexOutOfBoundsException: length=58; index=58
05-18 19:14:37.174 W/System.err( 3032): 	at com.lbe.security.service.provider.internal.AppOpsAdapter$1.getDefaultOp(AppOpsAdapter.java:279)
05-18 19:14:37.174 W/System.err( 3032): 	at com.android.internal.app.IOpsCallback$Stub.onTransact(IOpsCallback.java:68)
05-18 19:14:37.174 W/System.err( 3032): 	at android.os.Binder.execTransact(Binder.java:446)
05-18 19:14:37.224 W/System.err( 3032): java.lang.ArrayIndexOutOfBoundsException: length=58; index=58
05-18 19:14:37.224 W/System.err( 3032): 	at com.lbe.security.service.provider.internal.AppOpsAdapter$1.getDefaultOp(AppOpsAdapter.java:279)
05-18 19:14:37.224 W/System.err( 3032): 	at com.android.internal.app.IOpsCallback$Stub.onTransact(IOpsCallback.java:68)
05-18 19:14:37.224 W/System.err( 3032): 	at android.os.Binder.execTransact(Binder.java:446)
05-18 19:14:37.714 E/WifiStateMachine( 1021): WifiStateMachine CMD_START_SCAN source -2 txSuccessRate=0.03 rxSuccessRate=0.02 targetRoamBSSID=any RSSI=-67
05-18 19:14:37.714 E/WifiStateMachine( 1021): WifiStateMachine starting scan for "waiguoyueliang_5G"WPA_PSK with 5745
05-18 19:14:37.714 D/wpa_supplicant(10355): wlan0: Control interface command 'SCAN TYPE=ONLY freq=5745'
05-18 19:14:37.714 D/wpa_supplicant(10355): wlan0: Setting scan request: 0.000000 sec
05-18 19:14:37.714 D/wpa_supplicant(10355): wlan0: Starting AP scan for wildcard SSID
05-18 19:14:37.714 D/wpa_supplicant(10355): wlan0: Limit manual scan to specified channels
05-18 19:14:37.714 D/wpa_supplicant(10355): wlan0: Add radio work 'scan'@0x7f86e1e420
05-18 19:14:37.714 D/wpa_supplicant(10355): wlan0: First radio work item in the queue - schedule start immediately
05-18 19:14:37.714 D/wpa_supplicant(10355): wlan0: Starting radio work 'scan'@0x7f86e1e420 after 0.000038 second wait
05-18 19:14:37.714 D/wpa_supplicant(10355): wlan0: nl80211: scan request
05-18 19:14:37.714 D/wpa_supplicant(10355): nl80211: Scan SSID - hexdump(len=0): [NULL]
05-18 19:14:37.714 D/wpa_supplicant(10355): nl80211: Scan frequency 5745 MHz
05-18 19:14:37.714 D/wpa_supplicant(10355): Scan requested (ret=0) - scan timeout 30 seconds
05-18 19:14:37.714 D/wpa_supplicant(10355): nl80211: Event message available
05-18 19:14:37.714 D/wpa_supplicant(10355): nl80211: Drv Event 33 (NL80211_CMD_TRIGGER_SCAN) received for wlan0
05-18 19:14:37.714 D/wpa_supplicant(10355): wlan0: nl80211: Scan trigger
05-18 19:14:37.714 D/wpa_supplicant(10355): wlan0: Event SCAN_STARTED (49) received
05-18 19:14:37.714 D/wpa_supplicant(10355): wlan0: Own scan request started a scan in 0.000086 seconds
05-18 19:14:37.714 I/wpa_supplicant(10355): wlan0: CTRL-EVENT-SCAN-STARTED 
05-18 19:14:37.714 D/wpa_supplicant(10355): CTRL_IFACE monitor sent successfully to /data/misc/wifi/sockets/wpa_ctrl_485-31\x00
05-18 19:14:37.714 D/wpa_supplicant(10355): CTRL_IFACE monitor sent successfully to /data/misc/wifi/sockets/wpa_ctrl_1021-8\x00
05-18 19:14:37.714 I/WifiHAL ( 1021): Poll result = 1
05-18 19:14:37.714 I/WifiHAL ( 1021): Found some events!!!
05-18 19:14:37.714 D/WifiHAL ( 1021): no_seq_check received
05-18 19:14:37.714 I/WifiHAL ( 1021): event received NL80211_CMD_TRIGGER_SCAN
05-18 19:14:37.714 I/WifiHAL ( 1021): event received NL80211_CMD_TRIGGER_SCAN, vendor_id = 0x0
05-18 19:14:37.714 I/WifiHAL ( 1021): event ignored!!
05-18 19:14:37.864 D/wpa_supplicant(10355): nl80211: Event message available
05-18 19:14:37.864 D/wpa_supplicant(10355): nl80211: Drv Event 34 (NL80211_CMD_NEW_SCAN_RESULTS) received for wlan0
05-18 19:14:37.864 D/wpa_supplicant(10355): wlan0: nl80211: New scan results available
05-18 19:14:37.864 D/wpa_supplicant(10355): nl80211: Scan included frequencies:
05-18 19:14:37.864 D/wpa_supplicant(10355): wlan0: Event SCAN_RESULTS (3) received
05-18 19:14:37.864 D/wpa_supplicant(10355): wlan0: Scan completed in 0.145486 seconds
05-18 19:14:37.864 D/wpa_supplicant(10355): nl80211: Associated on 5745 MHz
05-18 19:14:37.864 D/wpa_supplicant(10355): nl80211: Associated with d0:ee:07:20:53:2c
05-18 19:14:37.864 D/wpa_supplicant(10355): nl80211: Received scan results (34 BSSes)
05-18 19:14:37.864 D/wpa_supplicant(10355): nl80211: Scan results indicate BSS status with d0:ee:07:20:53:2c as associated
05-18 19:14:37.864 D/wpa_supplicant(10355): wlan0: BSS: Start scan result update 332
05-18 19:14:37.864 D/wpa_supplicant(10355): wlan0: BSS: Add new id 864 BSSID 22:0f:0e:20:60:90 SSID 'iyaya_guest'
05-18 19:14:37.864 D/wpa_supplicant(10355): CTRL_IFACE monitor sent successfully to /data/misc/wifi/sockets/wpa_ctrl_485-31\x00
05-18 19:14:37.864 D/wpa_supplicant(10355): CTRL_IFACE monitor sent successfully to /data/misc/wifi/sockets/wpa_ctrl_1021-8\x00
05-18 19:14:37.864 D/wpa_supplicant(10355): wlan0: BSS: Add new id 865 BSSID 32:0f:0e:20:60:90 SSID 'iyaya_5.8'
05-18 19:14:37.864 D/wpa_supplicant(10355): CTRL_IFACE monitor sent successfully to /data/misc/wifi/sockets/wpa_ctrl_485-31\x00
05-18 19:14:37.864 D/wpa_supplicant(10355): CTRL_IFACE monitor sent successfully to /data/misc/wifi/sockets/wpa_ctrl_1021-8\x00
05-18 19:14:37.864 D/wpa_supplicant(10355): wlan0: BSS: Remove id 850 BSSID 2c:5d:93:0a:91:88 SSID 'wifi-2' due to no match in scan
05-18 19:14:37.864 D/wpa_supplicant(10355): CTRL_IFACE monitor sent successfully to /data/misc/wifi/sockets/wpa_ctrl_485-31\x00
05-18 19:14:37.864 D/wpa_supplicant(10355): CTRL_IFACE monitor sent successfully to /data/misc/wifi/sockets/wpa_ctrl_1021-8\x00
05-18 19:14:37.864 D/wpa_supplicant(10355): wlan0: BSS: Remove id 845 BSSID 08:10:79:94:bc:d2 SSID 'ESPTEST_360R' due to no match in scan
05-18 19:14:37.864 D/wpa_supplicant(10355): CTRL_IFACE monitor sent successfully to /data/misc/wifi/sockets/wpa_ctrl_485-31\x00
05-18 19:14:37.864 D/wpa_supplicant(10355): CTRL_IFACE monitor sent successfully to /data/misc/wifi/sockets/wpa_ctrl_1021-8\x00
05-18 19:14:37.864 D/wpa_supplicant(10355): wlan0: BSS: Remove id 851 BSSID f0:99:bf:0d:83:e4 SSID '\x00\x00\x00\x00\x00\x00\x00' due to no match in scan
05-18 19:14:37.864 D/wpa_supplicant(10355): CTRL_IFACE monitor sent successfully to /data/misc/wifi/sockets/wpa_ctrl_485-31\x00
05-18 19:14:37.864 D/wpa_supplicant(10355): CTRL_IFACE monitor sent successfully to /data/misc/wifi/sockets/wpa_ctrl_1021-8\x00
05-18 19:14:37.864 D/wpa_supplicant(10355): wlan0: BSS: Remove id 846 BSSID e8:cd:2d:2a:26:44 SSID 'WS860s_5G' due to no match in scan
05-18 19:14:37.864 D/wpa_supplicant(10355): CTRL_IFACE monitor sent successfully to /data/misc/wifi/sockets/wpa_ctrl_485-31\x00
05-18 19:14:37.864 D/wpa_supplicant(10355): CTRL_IFACE monitor sent successfully to /data/misc/wifi/sockets/wpa_ctrl_1021-8\x00
05-18 19:14:37.864 D/wpa_supplicant(10355): BSS: last_scan_res_used=34/64
05-18 19:14:37.864 D/wpa_supplicant(10355): wlan0: Scan-only results received
05-18 19:14:37.864 D/wpa_supplicant(10355): CTRL_IFACE monitor sent successfully to /data/misc/wifi/sockets/wpa_ctrl_485-31\x00
05-18 19:14:37.864 D/wpa_supplicant(10355): CTRL_IFACE monitor sent successfully to /data/misc/wifi/sockets/wpa_ctrl_1021-8\x00
05-18 19:14:37.864 D/wpa_supplicant(10355): wlan0: Radio work 'scan'@0x7f86e1e420 done in 0.147216 seconds
05-18 19:14:37.864 I/WifiHAL ( 1021): Poll result = 1
05-18 19:14:37.864 I/WifiHAL ( 1021): Found some events!!!
05-18 19:14:37.864 D/WifiHAL ( 1021): no_seq_check received
05-18 19:14:37.864 I/WifiHAL ( 1021): event received NL80211_CMD_NEW_SCAN_RESULTS
05-18 19:14:37.864 I/WifiHAL ( 1021): event received NL80211_CMD_NEW_SCAN_RESULTS, vendor_id = 0x0
05-18 19:14:37.864 I/WifiHAL ( 1021): event ignored!!
05-18 19:14:37.864 D/wpa_supplicant(10355): wlan0: Control interface command 'BSS RANGE=0- MASK=0x23987'
05-18 19:14:37.864 D/wpa_supplicant(10355): wlan0: Control interface command 'BSS RANGE=857- MASK=0x23987'
05-18 19:14:37.874 D/wpa_supplicant(10355): wlan0: Control interface command 'STATUS-NO_EVENTS'
05-18 19:14:38.174 I/MSM-irqbalance(  791): Decided to move IRQ133 from CPU3 to CPU1
05-18 19:14:38.184 W/System.err( 3032): java.lang.ArrayIndexOutOfBoundsException: length=58; index=58
05-18 19:14:38.184 W/System.err( 3032): 	at com.lbe.security.service.provider.internal.AppOpsAdapter$1.getDefaultOp(AppOpsAdapter.java:279)
05-18 19:14:38.184 W/System.err( 3032): 	at com.android.internal.app.IOpsCallback$Stub.onTransact(IOpsCallback.java:68)
05-18 19:14:38.184 W/System.err( 3032): 	at android.os.Binder.execTransact(Binder.java:446)
05-18 19:14:38.674 D/wpa_supplicant(10355): wlan0: Control interface command 'SIGNAL_POLL'
05-18 19:14:38.684 D/StatusBar.NetworkController( 1429): slot=-10;action=android.net.wifi.RSSI_CHANGED
05-18 19:14:38.684 D/StatusBar.NetworkController( 1429): updateNetworkName mNetworkName[0]=只能拨打紧急呼救电话 mTempNetworkName[0] = 只能拨打紧急呼救电话
05-18 19:14:38.684 D/StatusBar.NetworkController( 1429): updateNetworkName mNetworkName[1]=无服务 mTempNetworkName[1] = 无服务
05-18 19:14:39.194 W/System.err( 3032): java.lang.ArrayIndexOutOfBoundsException: length=58; index=58
