05-18 19:15:47.014 W/System.err( 3032): 	at android.os.Binder.execTransact(Binder.java:446)
05-18 19:15:47.564 W/System.err( 3032): java.lang.ArrayIndexOutOfBoundsException: length=58; index=58
05-18 19:15:47.564 W/System.err( 3032): 	at com.lbe.security.service.provider.internal.AppOpsAdapter$1.getDefaultOp(AppOpsAdapter.java:279)
05-18 19:15:47.574 W/System.err( 3032): 	at com.android.internal.app.IOpsCallback$Stub.onTransact(IOpsCallback.java:68)
05-18 19:15:47.574 W/System.err( 3032): 	at android.os.Binder.execTransact(Binder.java:446)
05-18 19:15:47.944 D/wpa_supplicant(10355): wlan0: Control interface command 'SIGNAL_POLL'
05-18 19:15:48.024 W/System.err( 3032): java.lang.ArrayIndexOutOfBoundsException: length=58; index=58
05-18 19:15:48.034 W/System.err( 3032): 	at com.lbe.security.service.provider.internal.AppOpsAdapter$1.getDefaultOp(AppOpsAdapter.java:279)
05-18 19:15:48.034 W/System.err( 3032): 	at com.android.internal.app.IOpsCallback$Stub.onTransact(IOpsCallback.java:68)
05-18 19:15:48.034 W/System.err( 3032): 	at android.os.Binder.execTransact(Binder.java:446)
05-18 19:15:48.174 I/MSM-irqbalance(  791): Decided to move IRQ222 from CPU1 to CPU3
05-18 19:15:49.044 W/System.err( 3032): java.lang.ArrayIndexOutOfBoundsException: length=58; index=58
05-18 19:15:49.044 W/System.err( 3032): 	at com.lbe.security.service.provider.internal.AppOpsAdapter$1.getDefaultOp(AppOpsAdapter.java:279)
05-18 19:15:49.044 W/System.err( 3032): 	at com.android.internal.app.IOpsCallback$Stub.onTransact(IOpsCallback.java:68)
05-18 19:15:49.044 W/System.err( 3032): 	at android.os.Binder.execTransact(Binder.java:446)
05-18 19:15:50.064 W/System.err( 3032): java.lang.ArrayIndexOutOfBoundsException: length=58; index=58
05-18 19:15:50.064 W/System.err( 3032): 	at com.lbe.security.service.provider.internal.AppOpsAdapter$1.getDefaultOp(AppOpsAdapter.java:279)
05-18 19:15:50.064 W/System.err( 3032): 	at com.android.internal.app.IOpsCallback$Stub.onTransact(IOpsCallback.java:68)
05-18 19:15:50.064 W/System.err( 3032): 	at android.os.Binder.execTransact(Binder.java:446)
05-18 19:15:50.664 W/System.err( 3032): java.lang.ArrayIndexOutOfBoundsException: length=58; index=58
05-18 19:15:50.664 W/System.err( 3032): 	at com.lbe.security.service.provider.internal.AppOpsAdapter$1.getDefaultOp(AppOpsAdapter.java:279)
05-18 19:15:50.664 W/System.err( 3032): 	at com.android.internal.app.IOpsCallback$Stub.onTransact(IOpsCallback.java:68)
05-18 19:15:50.664 W/System.err( 3032): 	at android.os.Binder.execTransact(Binder.java:446)
05-18 19:15:50.954 D/wpa_supplicant(10355): wlan0: Control interface command 'SIGNAL_POLL'
05-18 19:15:51.074 W/System.err( 3032): java.lang.ArrayIndexOutOfBoundsException: length=58; index=58
05-18 19:15:51.084 W/System.err( 3032): 	at com.lbe.security.service.provider.internal.AppOpsAdapter$1.getDefaultOp(AppOpsAdapter.java:279)
05-18 19:15:51.084 W/System.err( 3032): 	at com.android.internal.app.IOpsCallback$Stub.onTransact(IOpsCallback.java:68)
05-18 19:15:51.084 W/System.err( 3032): 	at android.os.Binder.execTransact(Binder.java:446)
05-18 19:15:52.094 W/System.err( 3032): java.lang.ArrayIndexOutOfBoundsException: length=58; index=58
05-18 19:15:52.094 W/System.err( 3032): 	at com.lbe.security.service.provider.internal.AppOpsAdapter$1.getDefaultOp(AppOpsAdapter.java:279)
05-18 19:15:52.094 W/System.err( 3032): 	at com.android.internal.app.IOpsCallback$Stub.onTransact(IOpsCallback.java:68)
05-18 19:15:52.094 W/System.err( 3032): 	at android.os.Binder.execTransact(Binder.java:446)
05-18 19:15:53.104 W/System.err( 3032): java.lang.ArrayIndexOutOfBoundsException: length=58; index=58
05-18 19:15:53.104 W/System.err( 3032): 	at com.lbe.security.service.provider.internal.AppOpsAdapter$1.getDefaultOp(AppOpsAdapter.java:279)
05-18 19:15:53.104 W/System.err( 3032): 	at com.android.internal.app.IOpsCallback$Stub.onTransact(IOpsCallback.java:68)
05-18 19:15:53.104 W/System.err( 3032): 	at android.os.Binder.execTransact(Binder.java:446)
05-18 19:15:53.134 E/WifiStateMachine( 1021): WifiStateMachine CMD_START_SCAN source 10854 txSuccessRate=0.51 rxSuccessRate=0.51 targetRoamBSSID=any RSSI=-64
05-18 19:15:53.134 D/wpa_supplicant(10355): wlan0: Control interface command 'SCAN TYPE=ONLY'
05-18 19:15:53.134 D/wpa_supplicant(10355): wlan0: Setting scan request: 0.000000 sec
05-18 19:15:53.134 D/wpa_supplicant(10355): wlan0: Starting AP scan for wildcard SSID
05-18 19:15:53.134 D/wpa_supplicant(10355): wlan0: Add radio work 'scan'@0x7f86e1e3d0
05-18 19:15:53.134 D/wpa_supplicant(10355): wlan0: First radio work item in the queue - schedule start immediately
05-18 19:15:53.134 D/wpa_supplicant(10355): wlan0: Starting radio work 'scan'@0x7f86e1e3d0 after 0.000034 second wait
05-18 19:15:53.134 D/wpa_supplicant(10355): wlan0: nl80211: scan request
05-18 19:15:53.134 D/wpa_supplicant(10355): nl80211: Scan SSID - hexdump(len=0): [NULL]
05-18 19:15:53.134 D/wpa_supplicant(10355): Scan requested (ret=0) - scan timeout 30 seconds
05-18 19:15:53.134 I/WifiHAL ( 1021): Poll result = 1
05-18 19:15:53.134 I/WifiHAL ( 1021): Found some events!!!
05-18 19:15:53.134 D/WifiHAL ( 1021): no_seq_check received
05-18 19:15:53.134 I/WifiHAL ( 1021): event received NL80211_CMD_TRIGGER_SCAN
05-18 19:15:53.134 I/WifiHAL ( 1021): event received NL80211_CMD_TRIGGER_SCAN, vendor_id = 0x0
05-18 19:15:53.134 I/WifiHAL ( 1021): event ignored!!
05-18 19:15:53.134 D/wpa_supplicant(10355): nl80211: Event message available
05-18 19:15:53.134 D/wpa_supplicant(10355): nl80211: Drv Event 33 (NL80211_CMD_TRIGGER_SCAN) received for wlan0
05-18 19:15:53.134 D/wpa_supplicant(10355): wlan0: nl80211: Scan trigger
05-18 19:15:53.134 D/wpa_supplicant(10355): wlan0: Event SCAN_STARTED (49) received
05-18 19:15:53.134 D/wpa_supplicant(10355): wlan0: Own scan request started a scan in 0.000143 seconds
05-18 19:15:53.134 I/wpa_supplicant(10355): wlan0: CTRL-EVENT-SCAN-STARTED 
05-18 19:15:53.134 D/wpa_supplicant(10355): CTRL_IFACE monitor sent successfully to /data/misc/wifi/sockets/wpa_ctrl_485-31\x00
05-18 19:15:53.134 D/wpa_supplicant(10355): CTRL_IFACE monitor sent successfully to /data/misc/wifi/sockets/wpa_ctrl_1021-8\x00
05-18 19:15:53.954 D/wpa_supplicant(10355): wlan0: Control interface command 'SIGNAL_POLL'
05-18 19:15:54.124 W/System.err( 3032): java.lang.ArrayIndexOutOfBoundsException: length=58; index=58
05-18 19:15:54.124 W/System.err( 3032): 	at com.lbe.security.service.provider.internal.AppOpsAdapter$1.getDefaultOp(AppOpsAdapter.java:279)
05-18 19:15:54.124 W/System.err( 3032): 	at com.android.internal.app.IOpsCallback$Stub.onTransact(IOpsCallback.java:68)
05-18 19:15:54.124 W/System.err( 3032): 	at android.os.Binder.execTransact(Binder.java:446)
05-18 19:15:55.134 W/System.err( 3032): java.lang.ArrayIndexOutOfBoundsException: length=58; index=58
05-18 19:15:55.134 W/System.err( 3032): 	at com.lbe.security.service.provider.internal.AppOpsAdapter$1.getDefaultOp(AppOpsAdapter.java:279)
05-18 19:15:55.134 W/System.err( 3032): 	at com.android.internal.app.IOpsCallback$Stub.onTransact(IOpsCallback.java:68)
05-18 19:15:55.134 W/System.err( 3032): 	at android.os.Binder.execTransact(Binder.java:446)
05-18 19:15:55.734 W/System.err( 3032): java.lang.ArrayIndexOutOfBoundsException: length=58; index=58
05-18 19:15:55.744 W/System.err( 3032): 	at com.lbe.security.service.provider.internal.AppOpsAdapter$1.getDefaultOp(AppOpsAdapter.java:279)
05-18 19:15:55.744 W/System.err( 3032): 	at com.android.internal.app.IOpsCallback$Stub.onTransact(IOpsCallback.java:68)
05-18 19:15:55.744 W/System.err( 3032): 	at android.os.Binder.execTransact(Binder.java:446)
05-18 19:15:56.024 I/WifiHAL ( 1021): Poll result = 1
05-18 19:15:56.024 I/WifiHAL ( 1021): Found some events!!!
05-18 19:15:56.024 D/WifiHAL ( 1021): no_seq_check received
05-18 19:15:56.024 I/WifiHAL ( 1021): event received NL80211_CMD_NEW_SCAN_RESULTS
05-18 19:15:56.024 I/WifiHAL ( 1021): event received NL80211_CMD_NEW_SCAN_RESULTS, vendor_id = 0x0
05-18 19:15:56.024 I/WifiHAL ( 1021): event ignored!!
05-18 19:15:56.024 D/wpa_supplicant(10355): nl80211: Event message available
05-18 19:15:56.024 D/wpa_supplicant(10355): nl80211: Drv Event 34 (NL80211_CMD_NEW_SCAN_RESULTS) received for wlan0
05-18 19:15:56.024 D/wpa_supplicant(10355): wlan0: nl80211: New scan results available
05-18 19:15:56.024 D/wpa_supplicant(10355): nl80211: Scan included frequencies:
05-18 19:15:56.024 D/wpa_supplicant(10355): wlan0: Event SCAN_RESULTS (3) received
05-18 19:15:56.024 D/wpa_supplicant(10355): wlan0: Scan completed in 2.885629 seconds
05-18 19:15:56.024 D/wpa_supplicant(10355): nl80211: Associated on 5745 MHz
05-18 19:15:56.024 D/wpa_supplicant(10355): nl80211: Associated with d0:ee:07:20:53:2c
05-18 19:15:56.024 D/wpa_supplicant(10355): nl80211: Received scan results (26 BSSes)
05-18 19:15:56.024 D/wpa_supplicant(10355): nl80211: Scan results indicate BSS status with d0:ee:07:20:53:2c as associated
05-18 19:15:56.024 D/wpa_supplicant(10355): wlan0: BSS: Start scan result update 339
05-18 19:15:56.024 D/wpa_supplicant(10355): wlan0: BSS: Add new id 872 BSSID 12:0f:0e:20:65:78 SSID 'iyaya_5.8'
05-18 19:15:56.024 D/wpa_supplicant(10355): CTRL_IFACE monitor sent successfully to /data/misc/wifi/sockets/wpa_ctrl_485-31\x00
05-18 19:15:56.024 D/wpa_supplicant(10355): CTRL_IFACE monitor sent successfully to /data/misc/wifi/sockets/wpa_ctrl_1021-8\x00
05-18 19:15:56.024 D/wpa_supplicant(10355): BSS: last_scan_res_used=26/64
05-18 19:15:56.024 D/wpa_supplicant(10355): wlan0: Scan-only results received
05-18 19:15:56.024 D/wpa_supplicant(10355): CTRL_IFACE monitor sent successfully to /data/misc/wifi/sockets/wpa_ctrl_485-31\x00
05-18 19:15:56.024 D/wpa_supplicant(10355): CTRL_IFACE monitor sent successfully to /data/misc/wifi/sockets/wpa_ctrl_1021-8\x00
05-18 19:15:56.024 D/wpa_supplicant(10355): wlan0: Radio work 'scan'@0x7f86e1e3d0 done in 2.888718 seconds
05-18 19:15:56.034 D/wpa_supplicant(10355): wlan0: Control interface command 'BSS RANGE=0- MASK=0x23987'
05-18 19:15:56.034 D/wpa_supplicant(10355): wlan0: Control interface command 'BSS RANGE=871- MASK=0x23987'
05-18 19:15:56.054 D/wpa_supplicant(10355): wlan0: Control interface command 'STATUS-NO_EVENTS'
05-18 19:15:56.064 D/LBSSystemMonitorService( 1021): handleMessage what - 4
05-18 19:15:56.064 D/Wiper_jni( 1021): Send Network Location.
05-18 19:15:56.074 V/MSAPMReceiver(16489): Got intent:android.net.wifi.SCAN_RESULTS
05-18 19:15:56.074 V/MSAPMReceiver(16489): Got intent SCAN_RESULTS
05-18 19:15:56.074 I/ImageCache(16238): Trim memory to free cache
05-18 19:15:56.074 V/MSAPM   (16489): notify_scan_results_available
05-18 19:15:56.074 E/MSAPM   (16489): Handler not yet initialized. Can't send!
05-18 19:15:56.144 W/System.err( 3032): java.lang.ArrayIndexOutOfBoundsException: length=58; index=58
05-18 19:15:56.144 W/System.err( 3032): 	at com.lbe.security.service.provider.internal.AppOpsAdapter$1.getDefaultOp(AppOpsAdapter.java:279)
05-18 19:15:56.144 W/System.err( 3032): 	at com.android.internal.app.IOpsCallback$Stub.onTransact(IOpsCallback.java:68)
05-18 19:15:56.144 W/System.err( 3032): 	at android.os.Binder.execTransact(Binder.java:446)
05-18 19:15:56.964 D/wpa_supplicant(10355): wlan0: Control interface command 'SIGNAL_POLL'
05-18 19:15:57.154 W/System.err( 3032): java.lang.ArrayIndexOutOfBoundsException: length=58; index=58
05-18 19:15:57.154 W/System.err( 3032): 	at com.lbe.security.service.provider.internal.AppOpsAdapter$1.getDefaultOp(AppOpsAdapter.java:279)
05-18 19:15:57.154 W/System.err( 3032): 	at com.android.internal.app.IOpsCallback$Stub.onTransact(IOpsCallback.java:68)
05-18 19:15:57.154 W/System.err( 3032): 	at android.os.Binder.execTransact(Binder.java:446)
05-18 19:15:57.624 W/System.err( 3032): java.lang.ArrayIndexOutOfBoundsException: length=58; index=58
05-18 19:15:57.634 W/System.err( 3032): 	at com.lbe.security.service.provider.internal.AppOpsAdapter$1.getDefaultOp(AppOpsAdapter.java:279)
05-18 19:15:57.634 W/System.err( 3032): 	at com.android.internal.app.IOpsCallback$Stub.onTransact(IOpsCallback.java:68)
05-18 19:15:57.634 W/System.err( 3032): 	at android.os.Binder.execTransact(Binder.java:446)
05-18 19:15:57.714 E/WifiStateMachine( 1021): WifiStateMachine CMD_START_SCAN source -2 txSuccessRate=2.13 rxSuccessRate=1.13 targetRoamBSSID=any RSSI=-64
05-18 19:15:57.714 E/WifiStateMachine( 1021): WifiStateMachine starting scan for "waiguoyueliang_5G"WPA_PSK with 5745
05-18 19:15:57.714 D/wpa_supplicant(10355): wlan0: Control interface command 'SCAN TYPE=ONLY freq=5745'
05-18 19:15:57.714 D/wpa_supplicant(10355): wlan0: Setting scan request: 0.000000 sec
05-18 19:15:57.714 D/wpa_supplicant(10355): wlan0: Starting AP scan for wildcard SSID
05-18 19:15:57.714 D/wpa_supplicant(10355): wlan0: Limit manual scan to specified channels
05-18 19:15:57.714 D/wpa_supplicant(10355): wlan0: Add radio work 'scan'@0x7f86e1e420
05-18 19:15:57.714 D/wpa_supplicant(10355): wlan0: First radio work item in the queue - schedule start immediately
05-18 19:15:57.714 D/wpa_supplicant(10355): wlan0: Starting radio work 'scan'@0x7f86e1e420 after 0.000116 second wait
05-18 19:15:57.714 D/wpa_supplicant(10355): wlan0: nl80211: scan request
05-18 19:15:57.714 D/wpa_supplicant(10355): nl80211: Scan SSID - hexdump(len=0): [NULL]
05-18 19:15:57.714 D/wpa_supplicant(10355): nl80211: Scan frequency 5745 MHz
05-18 19:15:57.724 I/WifiHAL ( 1021): Poll result = 1
05-18 19:15:57.724 I/WifiHAL ( 1021): Found some events!!!
05-18 19:15:57.724 D/wpa_supplicant(10355): Scan requested (ret=0) - scan timeout 30 seconds
05-18 19:15:57.724 D/WifiHAL ( 1021): no_seq_check received
05-18 19:15:57.724 I/WifiHAL ( 1021): event received NL80211_CMD_TRIGGER_SCAN
05-18 19:15:57.724 I/WifiHAL ( 1021): event received NL80211_CMD_TRIGGER_SCAN, vendor_id = 0x0
05-18 19:15:57.724 I/WifiHAL ( 1021): event ignored!!
05-18 19:15:57.724 D/wpa_supplicant(10355): nl80211: Event message available
05-18 19:15:57.724 D/wpa_supplicant(10355): nl80211: Drv Event 33 (NL80211_CMD_TRIGGER_SCAN) received for wlan0
05-18 19:15:57.724 D/wpa_supplicant(10355): wlan0: nl80211: Scan trigger
05-18 19:15:57.724 D/wpa_supplicant(10355): wlan0: Event SCAN_STARTED (49) received
05-18 19:15:57.724 D/wpa_supplicant(10355): wlan0: Own scan request started a scan in 0.000140 seconds
05-18 19:15:57.724 I/wpa_supplicant(10355): wlan0: CTRL-EVENT-SCAN-STARTED 
05-18 19:15:57.724 D/wpa_supplicant(10355): CTRL_IFACE monitor sent successfully to /data/misc/wifi/sockets/wpa_ctrl_485-31\x00
05-18 19:15:57.724 D/wpa_supplicant(10355): CTRL_IFACE monitor sent successfully to /data/misc/wifi/sockets/wpa_ctrl_1021-8\x00
05-18 19:15:57.864 D/wpa_supplicant(10355): nl80211: Event message available
05-18 19:15:57.864 D/wpa_supplicant(10355): nl80211: Drv Event 34 (NL80211_CMD_NEW_SCAN_RESULTS) received for wlan0
05-18 19:15:57.864 D/wpa_supplicant(10355): wlan0: nl80211: New scan results available
05-18 19:15:57.864 D/wpa_supplicant(10355): nl80211: Scan included frequencies:
05-18 19:15:57.864 D/wpa_supplicant(10355): wlan0: Event SCAN_RESULTS (3) received
05-18 19:15:57.864 D/wpa_supplicant(10355): wlan0: Scan completed in 0.146701 seconds
05-18 19:15:57.874 D/wpa_supplicant(10355): nl80211: Associated on 5745 MHz
05-18 19:15:57.874 D/wpa_supplicant(10355): nl80211: Associated with d0:ee:07:20:53:2c
05-18 19:15:57.874 D/wpa_supplicant(10355): nl80211: Received scan results (26 BSSes)
05-18 19:15:57.874 D/wpa_supplicant(10355): nl80211: Scan results indicate BSS status with d0:ee:07:20:53:2c as associated
05-18 19:15:57.874 D/wpa_supplicant(10355): wlan0: BSS: Start scan result update 340
05-18 19:15:57.874 D/wpa_supplicant(10355): wlan0: BSS: Remove id 855 BSSID ac:9e:17:7e:31:40 SSID '#!/bin/test' due to no match in scan
05-18 19:15:57.874 D/wpa_supplicant(10355): CTRL_IFACE monitor sent successfully to /data/misc/wifi/sockets/wpa_ctrl_485-31\x00
05-18 19:15:57.874 D/wpa_supplicant(10355): CTRL_IFACE monitor sent successfully to /data/misc/wifi/sockets/wpa_ctrl_1021-8\x00
05-18 19:15:57.874 D/wpa_supplicant(10355): wlan0: BSS: Remove id 862 BSSID 60:a4:4c:ef:2d:88 SSID 'asus_test_router1' due to no match in scan
05-18 19:15:57.874 D/wpa_supplicant(10355): CTRL_IFACE monitor sent successfully to /data/misc/wifi/sockets/wpa_ctrl_485-31\x00
05-18 19:15:57.874 D/wpa_supplicant(10355): CTRL_IFACE monitor sent successfully to /data/misc/wifi/sockets/wpa_ctrl_1021-8\x00
05-18 19:15:57.874 D/wpa_supplicant(10355): BSS: last_scan_res_used=26/64
05-18 19:15:57.874 D/wpa_supplicant(10355): wlan0: Scan-only results received
05-18 19:15:57.874 D/wpa_supplicant(10355): CTRL_IFACE monitor sent successfully to /data/misc/wifi/sockets/wpa_ctrl_485-31\x00
05-18 19:15:57.874 D/wpa_supplicant(10355): CTRL_IFACE monitor sent successfully to /data/misc/wifi/sockets/wpa_ctrl_1021-8\x00
05-18 19:15:57.874 D/wpa_supplicant(10355): wlan0: Radio work 'scan'@0x7f86e1e420 done in 0.154109 seconds
05-18 19:15:57.874 I/WifiHAL ( 1021): Poll result = 1
05-18 19:15:57.874 I/WifiHAL ( 1021): Found some events!!!
05-18 19:15:57.874 D/WifiHAL ( 1021): no_seq_check received
05-18 19:15:57.874 I/WifiHAL ( 1021): event received NL80211_CMD_NEW_SCAN_RESULTS
05-18 19:15:57.874 I/WifiHAL ( 1021): event received NL80211_CMD_NEW_SCAN_RESULTS, vendor_id = 0x0
05-18 19:15:57.874 I/WifiHAL ( 1021): event ignored!!
05-18 19:15:57.884 D/wpa_supplicant(10355): wlan0: Control interface command 'BSS RANGE=0- MASK=0x23987'
05-18 19:15:57.904 D/wpa_supplicant(10355): wlan0: Control interface command 'STATUS-NO_EVENTS'
05-18 19:15:58.174 W/System.err( 3032): java.lang.ArrayIndexOutOfBoundsException: length=58; index=58
05-18 19:15:58.174 W/System.err( 3032): 	at com.lbe.security.service.provider.internal.AppOpsAdapter$1.getDefaultOp(AppOpsAdapter.java:279)
05-18 19:15:58.174 W/System.err( 3032): 	at com.android.internal.app.IOpsCallback$Stub.onTransact(IOpsCallback.java:68)
05-18 19:15:58.174 W/System.err( 3032): 	at android.os.Binder.execTransact(Binder.java:446)
05-18 19:15:58.174 I/MSM-irqbalance(  791): Decided to move IRQ215 from CPU3 to CPU1
05-18 19:15:59.184 W/System.err( 3032): java.lang.ArrayIndexOutOfBoundsException: length=58; index=58
05-18 19:15:59.184 W/System.err( 3032): 	at com.lbe.security.service.provider.internal.AppOpsAdapter$1.getDefaultOp(AppOpsAdapter.java:279)
05-18 19:15:59.184 W/System.err( 3032): 	at com.android.internal.app.IOpsCallback$Stub.onTransact(IOpsCallback.java:68)
05-18 19:15:59.184 W/System.err( 3032): 	at android.os.Binder.execTransact(Binder.java:446)
05-18 19:15:59.984 D/wpa_supplicant(10355): wlan0: Control interface command 'SIGNAL_POLL'
05-18 19:15:59.994 D/StatusBar.NetworkController( 1429): slot=-10;action=android.net.wifi.RSSI_CHANGED
05-18 19:16:00.004 D/StatusBar.NetworkController( 1429): updateNetworkName mNetworkName[0]=只能拨打紧急呼救电话 mTempNetworkName[0] = 只能拨打紧急呼救电话
05-18 19:16:00.004 D/StatusBar.NetworkController( 1429): updateNetworkName mNetworkName[1]=无服务 mTempNetworkName[1] = 无服务
05-18 19:16:00.064 D/SizeAdaptiveLayout( 1429): com.android.internal.widget.SizeAdaptiveLayout{3885bdeb V.E..... ......ID 0,0-1260,232 #7f0800c1 app:id/adaptive}child view android.widget.FrameLayout{1f91a748 V.E..... ......ID 0,0-1260,231 #1020330 android:id/status_bar_latest_event_content} measured out of bounds at 231px clamped to 232px
05-18 19:16:00.064 D/SizeAdaptiveLayout( 1429): com.android.internal.widget.SizeAdaptiveLayout{111e25d6 V.E..... ......ID 0,0-1260,232 #7f0800c1 app:id/adaptive}child view android.widget.FrameLayout{12e18057 V.E..... ......ID 0,0-1260,231 #1020330 android:id/status_bar_latest_event_content} measured out of bounds at 231px clamped to 232px
05-18 19:16:00.064 D/SizeAdaptiveLayout( 1429): com.android.internal.widget.SizeAdaptiveLayout{9b3fbf4 V.E..... ......ID 0,0-1260,232 #7f0800c1 app:id/adaptive}child view android.widget.FrameLayout{b1ecf1d V.E..... ......ID 0,0-1260,231 #1020330 android:id/status_bar_latest_event_content} measured out of bounds at 231px clamped to 232px
05-18 19:16:00.064 D/SizeAdaptiveLayout( 1429): com.android.internal.widget.SizeAdaptiveLayout{f3ad392 V.E..... ......ID 0,0-1260,232 #7f0800c1 app:id/adaptive}child view android.widget.FrameLayout{1d6ec163 V.E..... ......ID 0,0-1260,231 #1020330 android:id/status_bar_latest_event_content} measured out of bounds at 231px clamped to 232px
05-18 19:16:00.074 D/SizeAdaptiveLayout( 1429): com.android.internal.widget.SizeAdaptiveLayout{2962c1eb V.E..... ......ID 0,0-1260,232 #7f0800c1 app:id/adaptive}child view android.widget.FrameLayout{1ce45b48 V.E..... ......ID 0,0-1260,231 #1020330 android:id/status_bar_latest_event_content} measured out of bounds at 231px clamped to 232px
05-18 19:16:00.074 D/SizeAdaptiveLayout( 1429): com.android.internal.widget.SizeAdaptiveLayout{221ff6a V.E..... ......ID 0,0-1260,232 #7f0800c1 app:id/adaptive}child view android.widget.FrameLayout{3a483c5b V.E..... ......ID 0,0-1260,231 #1020330 android:id/status_bar_latest_event_content} measured out of bounds at 231px clamped to 232px
05-18 19:16:00.074 D/SizeAdaptiveLayout( 1429): com.android.internal.widget.SizeAdaptiveLayout{3d2c4826 V.E..... ......ID 0,0-1260,232 #7f0800c1 app:id/adaptive}child view android.widget.FrameLayout{3d3a7c67 V.E..... ......ID 0,0-1260,231 #1020330 android:id/status_bar_latest_event_content} measured out of bounds at 231px clamped to 232px
05-18 19:16:00.074 D/SizeAdaptiveLayout( 1429): com.android.internal.widget.SizeAdaptiveLayout{14725f35 V.E..... ......ID 0,0-1260,232 #7f0800c1 app:id/adaptive}child view android.widget.FrameLayout{25b2dfca V.E..... ......ID 0,0-1260,231 #1020330 android:id/status_bar_latest_event_content} measured out of bounds at 231px clamped to 232px
05-18 19:16:00.074 D/SizeAdaptiveLayout( 1429): com.android.internal.widget.SizeAdaptiveLayout{1d365903 V.E..... ......ID 0,0-1260,232 #7f0800c1 app:id/adaptive}child view android.widget.FrameLayout{1a950080 V.E..... ......ID 0,0-1260,231 #1020330 android:id/status_bar_latest_event_content} measured out of bounds at 231px clamped to 232px
05-18 19:16:00.074 D/SizeAdaptiveLayout( 1429): com.android.internal.widget.SizeAdaptiveLayout{8f4f25e V.E..... ......ID 0,0-1260,232 #7f0800c1 app:id/adaptive}child view android.widget.FrameLayout{4d8063f V.E..... ......ID 0,0-1260,231 #1020330 android:id/status_bar_latest_event_content} measured out of bounds at 231px clamped to 232px
05-18 19:16:00.074 D/SizeAdaptiveLayout( 1429): com.android.internal.widget.SizeAdaptiveLayout{3eea4cf9 V.E..... ......ID 0,0-1260,232 #7f0800c1 app:id/adaptive}child view android.widget.FrameLayout{2eccd43e V.E..... ......ID 0,0-1260,231 #1020330 android:id/status_bar_latest_event_content} measured out of bounds at 231px clamped to 232px
05-18 19:16:00.074 D/SizeAdaptiveLayout( 1429): com.android.internal.widget.SizeAdaptiveLayout{afe00ef V.E..... ......ID 0,0-1260,232 #7f0800c1 app:id/adaptive}child view android.widget.FrameLayout{3a4967fc V.E..... ......ID 0,0-1260,231 #1020330 android:id/status_bar_latest_event_content} measured out of bounds at 231px clamped to 232px
05-18 19:16:00.074 D/SizeAdaptiveLayout( 1429): com.android.internal.widget.SizeAdaptiveLayout{dd42200 V.E..... ......ID 0,0-1260,232 #7f0800c1 app:id/adaptive}child view android.widget.FrameLayout{11aeaa39 V.E..... ......ID 0,0-1260,231 #1020330 android:id/status_bar_latest_event_content} measured out of bounds at 231px clamped to 232px
05-18 19:16:00.074 D/SizeAdaptiveLayout( 1429): com.android.internal.widget.SizeAdaptiveLayout{a595e2c V.E..... ......ID 0,0-1260,232 #7f0800c1 app:id/adaptive}child view android.widget.FrameLayout{24c6b0f5 V.E..... ......ID 0,0-1260,231 #1020330 android:id/status_bar_latest_event_content} measured out of bounds at 231px clamped to 232px
05-18 19:16:00.074 D/SizeAdaptiveLayout( 1429): com.android.internal.widget.SizeAdaptiveLayout{1ba746c4 V.E..... ......ID 0,0-1260,232 #7f0800c1 app:id/adaptive}child view android.widget.FrameLayout{3d6109ad V.E..... ......ID 0,0-1260,231 #1020330 android:id/status_bar_latest_event_content} measured out of bounds at 231px clamped to 232px
05-18 19:16:00.084 D/SizeAdaptiveLayout( 1429): com.android.internal.widget.SizeAdaptiveLayout{177750cf V.E..... ......ID 0,0-1260,232 #7f0800c1 app:id/adaptive}child view android.widget.FrameLayout{2786aa5c V.E..... ......ID 0,0-1260,231 #1020330 android:id/status_bar_latest_event_content} measured out of bounds at 231px clamped to 232px
05-18 19:16:00.194 W/System.err( 3032): java.lang.ArrayIndexOutOfBoundsException: length=58; index=58
05-18 19:16:00.194 W/System.err( 3032): 	at com.lbe.security.service.provider.internal.AppOpsAdapter$1.getDefaultOp(AppOpsAdapter.java:279)
05-18 19:16:00.194 W/System.err( 3032): 	at com.android.internal.app.IOpsCallback$Stub.onTransact(IOpsCallback.java:68)
05-18 19:16:00.194 W/System.err( 3032): 	at android.os.Binder.execTransact(Binder.java:446)
05-18 19:16:00.824 W/System.err( 3032): java.lang.ArrayIndexOutOfBoundsException: length=58; index=58
05-18 19:16:00.824 W/System.err( 3032): 	at com.lbe.security.service.provider.internal.AppOpsAdapter$1.getDefaultOp(AppOpsAdapter.java:279)
05-18 19:16:00.834 W/System.err( 3032): 	at com.android.internal.app.IOpsCallback$Stub.onTransact(IOpsCallback.java:68)
05-18 19:16:00.834 W/System.err( 3032): 	at android.os.Binder.execTransact(Binder.java:446)
05-18 19:16:01.204 W/System.err( 3032): java.lang.ArrayIndexOutOfBoundsException: length=58; index=58
05-18 19:16:01.204 W/System.err( 3032): 	at com.lbe.security.service.provider.internal.AppOpsAdapter$1.getDefaultOp(AppOpsAdapter.java:279)
05-18 19:16:01.204 W/System.err( 3032): 	at com.android.internal.app.IOpsCallback$Stub.onTransact(IOpsCallback.java:68)
05-18 19:16:01.204 W/System.err( 3032): 	at android.os.Binder.execTransact(Binder.java:446)
05-18 19:16:02.214 W/System.err( 3032): java.lang.ArrayIndexOutOfBoundsException: length=58; index=58
05-18 19:16:02.224 W/System.err( 3032): 	at com.lbe.security.service.provider.internal.AppOpsAdapter$1.getDefaultOp(AppOpsAdapter.java:279)
05-18 19:16:02.224 W/System.err( 3032): 	at com.android.internal.app.IOpsCallback$Stub.onTransact(IOpsCallback.java:68)
05-18 19:16:02.224 W/System.err( 3032): 	at android.os.Binder.execTransact(Binder.java:446)
05-18 19:16:02.954 I/art     (26232): WaitForGcToComplete blocked for 38.756ms for cause HomogeneousSpaceCompact
05-18 19:16:02.994 D/wpa_supplicant(10355): wlan0: Control interface command 'SIGNAL_POLL'
05-18 19:16:03.174 I/MSM-irqbalance(  791): Decided to move IRQ304 from CPU3 to CPU1
05-18 19:16:03.234 W/System.err( 3032): java.lang.ArrayIndexOutOfBoundsException: length=58; index=58
05-18 19:16:03.234 W/System.err( 3032): 	at com.lbe.security.service.provider.internal.AppOpsAdapter$1.getDefaultOp(AppOpsAdapter.java:279)
05-18 19:16:03.234 W/System.err( 3032): 	at com.android.internal.app.IOpsCallback$Stub.onTransact(IOpsCallback.java:68)
05-18 19:16:03.234 W/System.err( 3032): 	at android.os.Binder.execTransact(Binder.java:446)
05-18 19:16:04.254 W/System.err( 3032): java.lang.ArrayIndexOutOfBoundsException: length=58; index=58
05-18 19:16:04.254 W/System.err( 3032): 	at com.lbe.security.service.provider.internal.AppOpsAdapter$1.getDefaultOp(AppOpsAdapter.java:279)
05-18 19:16:04.254 W/System.err( 3032): 	at com.android.internal.app.IOpsCallback$Stub.onTransact(IOpsCallback.java:68)
05-18 19:16:04.254 W/System.err( 3032): 	at android.os.Binder.execTransact(Binder.java:446)
05-18 19:16:05.264 W/System.err( 3032): java.lang.ArrayIndexOutOfBoundsException: length=58; index=58
05-18 19:16:05.264 W/System.err( 3032): 	at com.lbe.security.service.provider.internal.AppOpsAdapter$1.getDefaultOp(AppOpsAdapter.java:279)
05-18 19:16:05.264 W/System.err( 3032): 	at com.android.internal.app.IOpsCallback$Stub.onTransact(IOpsCallback.java:68)
05-18 19:16:05.264 W/System.err( 3032): 	at android.os.Binder.execTransact(Binder.java:446)
05-18 19:16:05.904 W/System.err( 3032): java.lang.ArrayIndexOutOfBoundsException: length=58; index=58
05-18 19:16:05.914 W/System.err( 3032): 	at com.lbe.security.service.provider.internal.AppOpsAdapter$1.getDefaultOp(AppOpsAdapter.java:279)
05-18 19:16:05.914 W/System.err( 3032): 	at com.android.internal.app.IOpsCallback$Stub.onTransact(IOpsCallback.java:68)
05-18 19:16:05.914 W/System.err( 3032): 	at android.os.Binder.execTransact(Binder.java:446)
05-18 19:16:06.004 D/wpa_supplicant(10355): wlan0: Control interface command 'SIGNAL_POLL'
05-18 19:16:06.274 W/System.err( 3032): java.lang.ArrayIndexOutOfBoundsException: length=58; index=58
05-18 19:16:06.274 W/System.err( 3032): 	at com.lbe.security.service.provider.internal.AppOpsAdapter$1.getDefaultOp(AppOpsAdapter.java:279)
05-18 19:16:06.274 W/System.err( 3032): 	at com.android.internal.app.IOpsCallback$Stub.onTransact(IOpsCallback.java:68)
05-18 19:16:06.274 W/System.err( 3032): 	at android.os.Binder.execTransact(Binder.java:446)
05-18 19:16:07.284 W/System.err( 3032): java.lang.ArrayIndexOutOfBoundsException: length=58; index=58
05-18 19:16:07.284 W/System.err( 3032): 	at com.lbe.security.service.provider.internal.AppOpsAdapter$1.getDefaultOp(AppOpsAdapter.java:279)
05-18 19:16:07.284 W/System.err( 3032): 	at com.android.internal.app.IOpsCallback$Stub.onTransact(IOpsCallback.java:68)
05-18 19:16:07.284 W/System.err( 3032): 	at android.os.Binder.execTransact(Binder.java:446)
05-18 19:16:07.674 W/System.err( 3032): java.lang.ArrayIndexOutOfBoundsException: length=58; index=58
05-18 19:16:07.674 W/System.err( 3032): 	at com.lbe.security.service.provider.internal.AppOpsAdapter$1.getDefaultOp(AppOpsAdapter.java:279)
05-18 19:16:07.674 W/System.err( 3032): 	at com.android.internal.app.IOpsCallback$Stub.onTransact(IOpsCallback.java:68)
05-18 19:16:07.674 W/System.err( 3032): 	at android.os.Binder.execTransact(Binder.java:446)
05-18 19:16:08.174 I/MSM-irqbalance(  791): Decided to move IRQ115 from CPU3 to CPU1
05-18 19:16:08.304 W/System.err( 3032): java.lang.ArrayIndexOutOfBoundsException: length=58; index=58
05-18 19:16:08.304 W/System.err( 3032): 	at com.lbe.security.service.provider.internal.AppOpsAdapter$1.getDefaultOp(AppOpsAdapter.java:279)
05-18 19:16:08.304 W/System.err( 3032): 	at com.android.internal.app.IOpsCallback$Stub.onTransact(IOpsCallback.java:68)
05-18 19:16:08.304 W/System.err( 3032): 	at android.os.Binder.execTransact(Binder.java:446)
05-18 19:16:09.014 D/wpa_supplicant(10355): wlan0: Control interface command 'SIGNAL_POLL'
05-18 19:16:09.314 W/System.err( 3032): java.lang.ArrayIndexOutOfBoundsException: length=58; index=58
05-18 19:16:09.314 W/System.err( 3032): 	at com.lbe.security.service.provider.internal.AppOpsAdapter$1.getDefaultOp(AppOpsAdapter.java:279)
05-18 19:16:09.314 W/System.err( 3032): 	at com.android.internal.app.IOpsCallback$Stub.onTransact(IOpsCallback.java:68)
05-18 19:16:09.314 W/System.err( 3032): 	at android.os.Binder.execTransact(Binder.java:446)
05-18 19:16:10.324 W/System.err( 3032): java.lang.ArrayIndexOutOfBoundsException: length=58; index=58
05-18 19:16:10.334 W/System.err( 3032): 	at com.lbe.security.service.provider.internal.AppOpsAdapter$1.getDefaultOp(AppOpsAdapter.java:279)
05-18 19:16:10.334 W/System.err( 3032): 	at com.android.internal.app.IOpsCallback$Stub.onTransact(IOpsCallback.java:68)
05-18 19:16:10.334 W/System.err( 3032): 	at android.os.Binder.execTransact(Binder.java:446)
05-18 19:16:10.984 W/System.err( 3032): java.lang.ArrayIndexOutOfBoundsException: length=58; index=58
05-18 19:16:10.984 W/System.err( 3032): 	at com.lbe.security.service.provider.internal.AppOpsAdapter$1.getDefaultOp(AppOpsAdapter.java:279)
05-18 19:16:10.994 W/System.err( 3032): 	at com.android.internal.app.IOpsCallback$Stub.onTransact(IOpsCallback.java:68)
05-18 19:16:10.994 W/System.err( 3032): 	at android.os.Binder.execTransact(Binder.java:446)
05-18 19:16:11.334 W/System.err( 3032): java.lang.ArrayIndexOutOfBoundsException: length=58; index=58
05-18 19:16:11.344 W/System.err( 3032): 	at com.lbe.security.service.provider.internal.AppOpsAdapter$1.getDefaultOp(AppOpsAdapter.java:279)
05-18 19:16:11.344 W/System.err( 3032): 	at com.android.internal.app.IOpsCallback$Stub.onTransact(IOpsCallback.java:68)
05-18 19:16:11.344 W/System.err( 3032): 	at android.os.Binder.execTransact(Binder.java:446)
05-18 19:16:12.024 D/wpa_supplicant(10355): wlan0: Control interface command 'SIGNAL_POLL'
05-18 19:16:12.044 D/StatusBar.NetworkController( 1429): slot=-10;action=android.net.wifi.RSSI_CHANGED
05-18 19:16:12.044 D/StatusBar.NetworkController( 1429): updateNetworkName mNetworkName[0]=只能拨打紧急呼救电话 mTempNetworkName[0] = 只能拨打紧急呼救电话
05-18 19:16:12.054 D/StatusBar.NetworkController( 1429): updateNetworkName mNetworkName[1]=无服务 mTempNetworkName[1] = 无服务
05-18 19:16:12.354 W/System.err( 3032): java.lang.ArrayIndexOutOfBoundsException: length=58; index=58
05-18 19:16:12.354 W/System.err( 3032): 	at com.lbe.security.service.provider.internal.AppOpsAdapter$1.getDefaultOp(AppOpsAdapter.java:279)
05-18 19:16:12.354 W/System.err( 3032): 	at com.android.internal.app.IOpsCallback$Stub.onTransact(IOpsCallback.java:68)
05-18 19:16:12.354 W/System.err( 3032): 	at android.os.Binder.execTransact(Binder.java:446)
05-18 19:16:13.174 I/MSM-irqbalance(  791): Decided to move IRQ133 from CPU3 to CPU1
05-18 19:16:13.214 I/art     (26232): WaitForGcToComplete blocked for 30.627ms for cause HomogeneousSpaceCompact
05-18 19:16:13.364 W/System.err( 3032): java.lang.ArrayIndexOutOfBoundsException: length=58; index=58
05-18 19:16:13.364 W/System.err( 3032): 	at com.lbe.security.service.provider.internal.AppOpsAdapter$1.getDefaultOp(AppOpsAdapter.java:279)
05-18 19:16:13.364 W/System.err( 3032): 	at com.android.internal.app.IOpsCallback$Stub.onTransact(IOpsCallback.java:68)
05-18 19:16:13.364 W/System.err( 3032): 	at android.os.Binder.execTransact(Binder.java:446)
05-18 19:16:14.374 W/System.err( 3032): java.lang.ArrayIndexOutOfBoundsException: length=58; index=58
05-18 19:16:14.374 W/System.err( 3032): 	at com.lbe.security.service.provider.internal.AppOpsAdapter$1.getDefaultOp(AppOpsAdapter.java:279)
05-18 19:16:14.374 W/System.err( 3032): 	at com.android.internal.app.IOpsCallback$Stub.onTransact(IOpsCallback.java:68)
05-18 19:16:14.374 W/System.err( 3032): 	at android.os.Binder.execTransact(Binder.java:446)
05-18 19:16:15.054 D/wpa_supplicant(10355): wlan0: Control interface command 'SIGNAL_POLL'
05-18 19:16:15.394 W/System.err( 3032): java.lang.ArrayIndexOutOfBoundsException: length=58; index=58
05-18 19:16:15.394 W/System.err( 3032): 	at com.lbe.security.service.provider.internal.AppOpsAdapter$1.getDefaultOp(AppOpsAdapter.java:279)
05-18 19:16:15.394 W/System.err( 3032): 	at com.android.internal.app.IOpsCallback$Stub.onTransact(IOpsCallback.java:68)
05-18 19:16:15.394 W/System.err( 3032): 	at android.os.Binder.execTransact(Binder.java:446)
05-18 19:16:16.064 W/System.err( 3032): java.lang.ArrayIndexOutOfBoundsException: length=58; index=58
05-18 19:16:16.074 W/System.err( 3032): 	at com.lbe.security.service.provider.internal.AppOpsAdapter$1.getDefaultOp(AppOpsAdapter.java:279)
05-18 19:16:16.074 W/System.err( 3032): 	at com.android.internal.app.IOpsCallback$Stub.onTransact(IOpsCallback.java:68)
05-18 19:16:16.074 W/System.err( 3032): 	at android.os.Binder.execTransact(Binder.java:446)
05-18 19:16:16.084 E/WifiStateMachine( 1021): WifiStateMachine CMD_START_SCAN source 10854 txSuccessRate=0.41 rxSuccessRate=0.21 targetRoamBSSID=any RSSI=-66
05-18 19:16:16.084 D/wpa_supplicant(10355): wlan0: Control interface command 'SCAN TYPE=ONLY'
05-18 19:16:16.084 D/wpa_supplicant(10355): wlan0: Setting scan request: 0.000000 sec
05-18 19:16:16.084 D/wpa_supplicant(10355): wlan0: Starting AP scan for wildcard SSID
05-18 19:16:16.084 D/wpa_supplicant(10355): wlan0: Add radio work 'scan'@0x7f86e1e3d0
05-18 19:16:16.084 D/wpa_supplicant(10355): wlan0: First radio work item in the queue - schedule start immediately
05-18 19:16:16.084 D/wpa_supplicant(10355): wlan0: Starting radio work 'scan'@0x7f86e1e3d0 after 0.000091 second wait
05-18 19:16:16.084 D/wpa_supplicant(10355): wlan0: nl80211: scan request
05-18 19:16:16.084 D/wpa_supplicant(10355): nl80211: Scan SSID - hexdump(len=0): [NULL]
05-18 19:16:16.084 D/wpa_supplicant(10355): Scan requested (ret=0) - scan timeout 30 seconds
05-18 19:16:16.084 D/wpa_supplicant(10355): nl80211: Event message available
05-18 19:16:16.084 D/wpa_supplicant(10355): nl80211: Drv Event 33 (NL80211_CMD_TRIGGER_SCAN) received for wlan0
05-18 19:16:16.084 D/wpa_supplicant(10355): wlan0: nl80211: Scan trigger
05-18 19:16:16.084 D/wpa_supplicant(10355): wlan0: Event SCAN_STARTED (49) received
05-18 19:16:16.084 D/wpa_supplicant(10355): wlan0: Own scan request started a scan in 0.000228 seconds
05-18 19:16:16.084 I/wpa_supplicant(10355): wlan0: CTRL-EVENT-SCAN-STARTED 
05-18 19:16:16.084 D/wpa_supplicant(10355): CTRL_IFACE monitor sent successfully to /data/misc/wifi/sockets/wpa_ctrl_485-31\x00
05-18 19:16:16.084 D/wpa_supplicant(10355): CTRL_IFACE monitor sent successfully to /data/misc/wifi/sockets/wpa_ctrl_1021-8\x00
05-18 19:16:16.084 I/WifiHAL ( 1021): Poll result = 1
05-18 19:16:16.084 I/WifiHAL ( 1021): Found some events!!!
05-18 19:16:16.084 D/WifiHAL ( 1021): no_seq_check received
05-18 19:16:16.084 I/WifiHAL ( 1021): event received NL80211_CMD_TRIGGER_SCAN
05-18 19:16:16.084 I/WifiHAL ( 1021): event received NL80211_CMD_TRIGGER_SCAN, vendor_id = 0x0
05-18 19:16:16.084 I/WifiHAL ( 1021): event ignored!!
05-18 19:16:16.404 W/System.err( 3032): java.lang.ArrayIndexOutOfBoundsException: length=58; index=58
05-18 19:16:16.404 W/System.err( 3032): 	at com.lbe.security.service.provider.internal.AppOpsAdapter$1.getDefaultOp(AppOpsAdapter.java:279)
05-18 19:16:16.404 W/System.err( 3032): 	at com.android.internal.app.IOpsCallback$Stub.onTransact(IOpsCallback.java:68)
05-18 19:16:16.404 W/System.err( 3032): 	at android.os.Binder.execTransact(Binder.java:446)
05-18 19:16:17.414 W/System.err( 3032): java.lang.ArrayIndexOutOfBoundsException: length=58; index=58
05-18 19:16:17.414 W/System.err( 3032): 	at com.lbe.security.service.provider.internal.AppOpsAdapter$1.getDefaultOp(AppOpsAdapter.java:279)
05-18 19:16:17.414 W/System.err( 3032): 	at com.android.internal.app.IOpsCallback$Stub.onTransact(IOpsCallback.java:68)
05-18 19:16:17.414 W/System.err( 3032): 	at android.os.Binder.execTransact(Binder.java:446)
05-18 19:16:17.704 W/System.err( 3032): java.lang.ArrayIndexOutOfBoundsException: length=58; index=58
05-18 19:16:17.704 W/System.err( 3032): 	at com.lbe.security.service.provider.internal.AppOpsAdapter$1.getDefaultOp(AppOpsAdapter.java:279)
05-18 19:16:17.704 W/System.err( 3032): 	at com.android.internal.app.IOpsCallback$Stub.onTransact(IOpsCallback.java:68)
05-18 19:16:17.704 W/System.err( 3032): 	at android.os.Binder.execTransact(Binder.java:446)
05-18 19:16:17.714 E/WifiStateMachine( 1021): WifiStateMachine CMD_START_SCAN source -2 txSuccessRate=0.41 rxSuccessRate=0.21 targetRoamBSSID=any RSSI=-66
05-18 19:16:17.714 E/WifiStateMachine( 1021): WifiStateMachine starting scan for "waiguoyueliang_5G"WPA_PSK with 5745
05-18 19:16:17.714 D/wpa_supplicant(10355): wlan0: Control interface command 'SCAN TYPE=ONLY freq=5745'
05-18 19:16:17.714 D/wpa_supplicant(10355): Pending scan scheduled - reject new request
05-18 19:16:18.064 D/wpa_supplicant(10355): wlan0: Control interface command 'SIGNAL_POLL'
05-18 19:16:18.174 I/MSM-irqbalance(  791): Decided to move IRQ65 from CPU3 to CPU1
05-18 19:16:18.434 W/System.err( 3032): java.lang.ArrayIndexOutOfBoundsException: length=58; index=58
05-18 19:16:18.434 W/System.err( 3032): 	at com.lbe.security.service.provider.internal.AppOpsAdapter$1.getDefaultOp(AppOpsAdapter.java:279)
05-18 19:16:18.434 W/System.err( 3032): 	at com.android.internal.app.IOpsCallback$Stub.onTransact(IOpsCallback.java:68)
05-18 19:16:18.434 W/System.err( 3032): 	at android.os.Binder.execTransact(Binder.java:446)
05-18 19:16:18.974 D/wpa_supplicant(10355): nl80211: Event message available
05-18 19:16:18.974 D/wpa_supplicant(10355): nl80211: Drv Event 34 (NL80211_CMD_NEW_SCAN_RESULTS) received for wlan0
05-18 19:16:18.974 D/wpa_supplicant(10355): wlan0: nl80211: New scan results available
05-18 19:16:18.974 D/wpa_supplicant(10355): nl80211: Scan included frequencies:
05-18 19:16:18.974 D/wpa_supplicant(10355): wlan0: Event SCAN_RESULTS (3) received
05-18 19:16:18.974 D/wpa_supplicant(10355): wlan0: Scan completed in 2.886100 seconds
05-18 19:16:18.974 D/wpa_supplicant(10355): nl80211: Associated on 5745 MHz
05-18 19:16:18.974 D/wpa_supplicant(10355): nl80211: Associated with d0:ee:07:20:53:2c
05-18 19:16:18.974 D/wpa_supplicant(10355): nl80211: Received scan results (28 BSSes)
05-18 19:16:18.974 D/wpa_supplicant(10355): nl80211: Scan results indicate BSS status with d0:ee:07:20:53:2c as associated
05-18 19:16:18.974 D/wpa_supplicant(10355): wlan0: BSS: Start scan result update 341
05-18 19:16:18.974 D/wpa_supplicant(10355): wlan0: BSS: Add new id 873 BSSID ac:9e:17:7e:31:40 SSID '#!/bin/test'
05-18 19:16:18.974 D/wpa_supplicant(10355): CTRL_IFACE monitor sent successfully to /data/misc/wifi/sockets/wpa_ctrl_485-31\x00
05-18 19:16:18.974 D/wpa_supplicant(10355): CTRL_IFACE monitor sent successfully to /data/misc/wifi/sockets/wpa_ctrl_1021-8\x00
05-18 19:16:18.974 D/wpa_supplicant(10355): wlan0: BSS: Add new id 874 BSSID d4:ee:07:2c:de:ea SSID 'HiWiFi_2CDEEA'
05-18 19:16:18.974 D/wpa_supplicant(10355): CTRL_IFACE monitor sent successfully to /data/misc/wifi/sockets/wpa_ctrl_485-31\x00
05-18 19:16:18.974 D/wpa_supplicant(10355): CTRL_IFACE monitor sent successfully to /data/misc/wifi/sockets/wpa_ctrl_1021-8\x00
05-18 19:16:18.974 D/wpa_supplicant(10355): wlan0: BSS: Add new id 875 BSSID a4:56:02:47:30:07 SSID 'IOT_DEMO_TEST'
05-18 19:16:18.974 D/wpa_supplicant(10355): CTRL_IFACE monitor sent successfully to /data/misc/wifi/sockets/wpa_ctrl_485-31\x00
05-18 19:16:18.974 D/wpa_supplicant(10355): CTRL_IFACE monitor sent successfully to /data/misc/wifi/sockets/wpa_ctrl_1021-8\x00
05-18 19:16:18.974 D/wpa_supplicant(10355): wlan0: BSS: Add new id 876 BSSID d0:03:4b:d4:bd:62 SSID 'appleAirport'
05-18 19:16:18.974 D/wpa_supplicant(10355): CTRL_IFACE monitor sent successfully to /data/misc/wifi/sockets/wpa_ctrl_485-31\x00
05-18 19:16:18.974 D/wpa_supplicant(10355): CTRL_IFACE monitor sent successfully to /data/misc/wifi/sockets/wpa_ctrl_1021-8\x00
05-18 19:16:18.974 D/wpa_supplicant(10355): wlan0: BSS: Add new id 877 BSSID 08:10:79:94:bc:d4 SSID 'NETTEST_AP_1'
05-18 19:16:18.974 D/wpa_supplicant(10355): CTRL_IFACE monitor sent successfully to /data/misc/wifi/sockets/wpa_ctrl_485-31\x00
05-18 19:16:18.974 D/wpa_supplicant(10355): CTRL_IFACE monitor sent successfully to /data/misc/wifi/sockets/wpa_ctrl_1021-8\x00
05-18 19:16:18.974 D/wpa_supplicant(10355): wlan0: BSS: Add new id 878 BSSID c8:3a:35:1f:3e:68 SSID 'sk_test_test'
05-18 19:16:18.974 D/wpa_supplicant(10355): CTRL_IFACE monitor sent successfully to /data/misc/wifi/sockets/wpa_ctrl_485-31\x00
05-18 19:16:18.974 D/wpa_supplicant(10355): CTRL_IFACE monitor sent successfully to /data/misc/wifi/sockets/wpa_ctrl_1021-8\x00
05-18 19:16:18.974 D/wpa_supplicant(10355): BSS: last_scan_res_used=28/64
05-18 19:16:18.974 D/wpa_supplicant(10355): wlan0: Scan-only results received
05-18 19:16:18.974 D/wpa_supplicant(10355): CTRL_IFACE monitor sent successfully to /data/misc/wifi/sockets/wpa_ctrl_485-31\x00
05-18 19:16:18.974 D/wpa_supplicant(10355): CTRL_IFACE monitor sent successfully to /data/misc/wifi/sockets/wpa_ctrl_1021-8\x00
05-18 19:16:18.974 D/wpa_supplicant(10355): wlan0: Radio work 'scan'@0x7f86e1e3d0 done in 2.892833 seconds
05-18 19:16:18.974 I/WifiHAL ( 1021): Poll result = 1
05-18 19:16:18.974 I/WifiHAL ( 1021): Found some events!!!
05-18 19:16:18.974 D/WifiHAL ( 1021): no_seq_check received
05-18 19:16:18.974 I/WifiHAL ( 1021): event received NL80211_CMD_NEW_SCAN_RESULTS
05-18 19:16:18.974 I/WifiHAL ( 1021): event received NL80211_CMD_NEW_SCAN_RESULTS, vendor_id = 0x0
05-18 19:16:18.974 I/WifiHAL ( 1021): event ignored!!
05-18 19:16:18.984 D/wpa_supplicant(10355): wlan0: Control interface command 'BSS RANGE=0- MASK=0x23987'
05-18 19:16:18.994 D/wpa_supplicant(10355): wlan0: Control interface command 'BSS RANGE=874- MASK=0x23987'
05-18 19:16:19.014 D/wpa_supplicant(10355): wlan0: Control interface command 'STATUS-NO_EVENTS'
05-18 19:16:19.034 D/LBSSystemMonitorService( 1021): handleMessage what - 4
05-18 19:16:19.034 D/Wiper_jni( 1021): Send Network Location.
05-18 19:16:19.044 I/ImageCache(16238): Trim memory to free cache
05-18 19:16:19.044 V/MSAPMReceiver(16489): Got intent:android.net.wifi.SCAN_RESULTS
05-18 19:16:19.044 V/MSAPMReceiver(16489): Got intent SCAN_RESULTS
05-18 19:16:19.044 V/MSAPM   (16489): notify_scan_results_available
05-18 19:16:19.044 E/MSAPM   (16489): Handler not yet initialized. Can't send!
05-18 19:16:19.444 W/System.err( 3032): java.lang.ArrayIndexOutOfBoundsException: length=58; index=58
05-18 19:16:19.454 W/System.err( 3032): 	at com.lbe.security.service.provider.internal.AppOpsAdapter$1.getDefaultOp(AppOpsAdapter.java:279)
05-18 19:16:19.454 W/System.err( 3032): 	at com.android.internal.app.IOpsCallback$Stub.onTransact(IOpsCallback.java:68)
05-18 19:16:19.454 W/System.err( 3032): 	at android.os.Binder.execTransact(Binder.java:446)
05-18 19:16:20.464 W/System.err( 3032): java.lang.ArrayIndexOutOfBoundsException: length=58; index=58
05-18 19:16:20.474 W/System.err( 3032): 	at com.lbe.security.service.provider.internal.AppOpsAdapter$1.getDefaultOp(AppOpsAdapter.java:279)
05-18 19:16:20.474 W/System.err( 3032): 	at com.android.internal.app.IOpsCallback$Stub.onTransact(IOpsCallback.java:68)
05-18 19:16:20.474 W/System.err( 3032): 	at android.os.Binder.execTransact(Binder.java:446)
05-18 19:16:21.074 D/wpa_supplicant(10355): wlan0: Control interface command 'SIGNAL_POLL'
05-18 19:16:21.144 W/System.err( 3032): java.lang.ArrayIndexOutOfBoundsException: length=58; index=58
05-18 19:16:21.144 W/System.err( 3032): 	at com.lbe.security.service.provider.internal.AppOpsAdapter$1.getDefaultOp(AppOpsAdapter.java:279)
05-18 19:16:21.144 W/System.err( 3032): 	at com.android.internal.app.IOpsCallback$Stub.onTransact(IOpsCallback.java:68)
05-18 19:16:21.144 W/System.err( 3032): 	at android.os.Binder.execTransact(Binder.java:446)
05-18 19:16:21.494 W/System.err( 3032): java.lang.ArrayIndexOutOfBoundsException: length=58; index=58
05-18 19:16:21.494 W/System.err( 3032): 	at com.lbe.security.service.provider.internal.AppOpsAdapter$1.getDefaultOp(AppOpsAdapter.java:279)
05-18 19:16:21.494 W/System.err( 3032): 	at com.android.internal.app.IOpsCallback$Stub.onTransact(IOpsCallback.java:68)
05-18 19:16:21.494 W/System.err( 3032): 	at android.os.Binder.execTransact(Binder.java:446)
05-18 19:16:22.514 W/System.err( 3032): java.lang.ArrayIndexOutOfBoundsException: length=58; index=58
05-18 19:16:22.514 W/System.err( 3032): 	at com.lbe.security.service.provider.internal.AppOpsAdapter$1.getDefaultOp(AppOpsAdapter.java:279)
05-18 19:16:22.514 W/System.err( 3032): 	at com.android.internal.app.IOpsCallback$Stub.onTransact(IOpsCallback.java:68)
05-18 19:16:22.514 W/System.err( 3032): 	at android.os.Binder.execTransact(Binder.java:446)
05-18 19:16:23.174 I/MSM-irqbalance(  791): Decided to move IRQ222 from CPU3 to CPU1
05-18 19:16:23.484 I/art     (26232): WaitForGcToComplete blocked for 22.453ms for cause HomogeneousSpaceCompact
05-18 19:16:23.524 W/System.err( 3032): java.lang.ArrayIndexOutOfBoundsException: length=58; index=58
05-18 19:16:23.524 W/System.err( 3032): 	at com.lbe.security.service.provider.internal.AppOpsAdapter$1.getDefaultOp(AppOpsAdapter.java:279)
05-18 19:16:23.524 W/System.err( 3032): 	at com.android.internal.app.IOpsCallback$Stub.onTransact(IOpsCallback.java:68)
05-18 19:16:23.524 W/System.err( 3032): 	at android.os.Binder.execTransact(Binder.java:446)
05-18 19:16:24.094 D/wpa_supplicant(10355): wlan0: Control interface command 'SIGNAL_POLL'
05-18 19:16:24.104 D/StatusBar.NetworkController( 1429): slot=-10;action=android.net.wifi.RSSI_CHANGED
05-18 19:16:24.104 D/StatusBar.NetworkController( 1429): updateNetworkName mNetworkName[0]=只能拨打紧急呼救电话 mTempNetworkName[0] = 只能拨打紧急呼救电话
05-18 19:16:24.114 D/StatusBar.NetworkController( 1429): updateNetworkName mNetworkName[1]=无服务 mTempNetworkName[1] = 无服务
05-18 19:16:24.314 D/PhoneStatusBar( 1429): updateNotification pkg=com.qihoo.appstore;id=10012
05-18 19:16:24.334 D/SizeAdaptiveLayout( 1429): com.android.internal.widget.SizeAdaptiveLayout{284ced06 V.E..... ......ID 0,0-1260,232 #7f0800c1 app:id/adaptive}child view android.widget.RelativeLayout{319cefc7 V.E..... ......ID 0,0-1260,256} measured out of bounds at 231px clamped to 232px
05-18 19:16:24.344 D/PhoneStatusBar( 1429): updateNotification pkg=com.qihoo.appstore;id=10012
05-18 19:16:24.354 D/SizeAdaptiveLayout( 1429): com.android.internal.widget.SizeAdaptiveLayout{284ced06 V.E..... ......ID 0,0-1260,232 #7f0800c1 app:id/adaptive}child view android.widget.RelativeLayout{319cefc7 V.E..... ......ID 0,0-1260,256} measured out of bounds at 231px clamped to 232px
05-18 19:16:24.534 W/System.err( 3032): java.lang.ArrayIndexOutOfBoundsException: length=58; index=58
05-18 19:16:24.534 W/System.err( 3032): 	at com.lbe.security.service.provider.internal.AppOpsAdapter$1.getDefaultOp(AppOpsAdapter.java:279)
05-18 19:16:24.534 W/System.err( 3032): 	at com.android.internal.app.IOpsCallback$Stub.onTransact(IOpsCallback.java:68)
05-18 19:16:24.534 W/System.err( 3032): 	at android.os.Binder.execTransact(Binder.java:446)
05-18 19:16:25.554 W/System.err( 3032): java.lang.ArrayIndexOutOfBoundsException: length=58; index=58
05-18 19:16:25.554 W/System.err( 3032): 	at com.lbe.security.service.provider.internal.AppOpsAdapter$1.getDefaultOp(AppOpsAdapter.java:279)
05-18 19:16:25.554 W/System.err( 3032): 	at com.android.internal.app.IOpsCallback$Stub.onTransact(IOpsCallback.java:68)
05-18 19:16:25.554 W/System.err( 3032): 	at android.os.Binder.execTransact(Binder.java:446)
