05-24 09:50:50.746 W/System.err( 3413): java.lang.ArrayIndexOutOfBoundsException: length=58; index=58
05-24 09:50:50.746 W/System.err( 3413): 	at com.lbe.security.service.provider.internal.AppOpsAdapter$1.getDefaultOp(AppOpsAdapter.java:279)
05-24 09:50:50.746 W/System.err( 3413): 	at com.android.internal.app.IOpsCallback$Stub.onTransact(IOpsCallback.java:68)
05-24 09:50:50.746 W/System.err( 3413): 	at android.os.Binder.execTransact(Binder.java:446)
05-24 09:50:51.566 W/System.err( 3413): java.lang.ArrayIndexOutOfBoundsException: length=58; index=58
05-24 09:50:51.566 W/System.err( 3413): 	at com.lbe.security.service.provider.internal.AppOpsAdapter$1.getDefaultOp(AppOpsAdapter.java:279)
05-24 09:50:51.566 W/System.err( 3413): 	at com.android.internal.app.IOpsCallback$Stub.onTransact(IOpsCallback.java:68)
05-24 09:50:51.566 W/System.err( 3413): 	at android.os.Binder.execTransact(Binder.java:446)
05-24 09:50:52.576 W/System.err( 3413): java.lang.ArrayIndexOutOfBoundsException: length=58; index=58
05-24 09:50:52.576 W/System.err( 3413): 	at com.lbe.security.service.provider.internal.AppOpsAdapter$1.getDefaultOp(AppOpsAdapter.java:279)
05-24 09:50:52.576 W/System.err( 3413): 	at com.android.internal.app.IOpsCallback$Stub.onTransact(IOpsCallback.java:68)
05-24 09:50:52.576 W/System.err( 3413): 	at android.os.Binder.execTransact(Binder.java:446)
05-24 09:50:53.596 W/System.err( 3413): java.lang.ArrayIndexOutOfBoundsException: length=58; index=58
05-24 09:50:53.596 W/System.err( 3413): 	at com.lbe.security.service.provider.internal.AppOpsAdapter$1.getDefaultOp(AppOpsAdapter.java:279)
05-24 09:50:53.596 W/System.err( 3413): 	at com.android.internal.app.IOpsCallback$Stub.onTransact(IOpsCallback.java:68)
05-24 09:50:53.596 W/System.err( 3413): 	at android.os.Binder.execTransact(Binder.java:446)
05-24 09:50:54.206 W/System.err( 3413): java.lang.ArrayIndexOutOfBoundsException: length=58; index=58
05-24 09:50:54.206 W/System.err( 3413): 	at com.lbe.security.service.provider.internal.AppOpsAdapter$1.getDefaultOp(AppOpsAdapter.java:279)
05-24 09:50:54.206 W/System.err( 3413): 	at com.android.internal.app.IOpsCallback$Stub.onTransact(IOpsCallback.java:68)
05-24 09:50:54.206 W/System.err( 3413): 	at android.os.Binder.execTransact(Binder.java:446)
05-24 09:50:54.606 W/System.err( 3413): java.lang.ArrayIndexOutOfBoundsException: length=58; index=58
05-24 09:50:54.606 W/System.err( 3413): 	at com.lbe.security.service.provider.internal.AppOpsAdapter$1.getDefaultOp(AppOpsAdapter.java:279)
05-24 09:50:54.616 W/System.err( 3413): 	at com.android.internal.app.IOpsCallback$Stub.onTransact(IOpsCallback.java:68)
05-24 09:50:54.616 W/System.err( 3413): 	at android.os.Binder.execTransact(Binder.java:446)
05-24 09:50:55.626 W/System.err( 3413): java.lang.ArrayIndexOutOfBoundsException: length=58; index=58
05-24 09:50:55.626 W/System.err( 3413): 	at com.lbe.security.service.provider.internal.AppOpsAdapter$1.getDefaultOp(AppOpsAdapter.java:279)
05-24 09:50:55.626 W/System.err( 3413): 	at com.android.internal.app.IOpsCallback$Stub.onTransact(IOpsCallback.java:68)
05-24 09:50:55.626 W/System.err( 3413): 	at android.os.Binder.execTransact(Binder.java:446)
05-24 09:50:55.826 W/System.err( 3413): java.lang.ArrayIndexOutOfBoundsException: length=58; index=58
05-24 09:50:55.826 W/System.err( 3413): 	at com.lbe.security.service.provider.internal.AppOpsAdapter$1.getDefaultOp(AppOpsAdapter.java:279)
05-24 09:50:55.826 W/System.err( 3413): 	at com.android.internal.app.IOpsCallback$Stub.onTransact(IOpsCallback.java:68)
05-24 09:50:55.826 W/System.err( 3413): 	at android.os.Binder.execTransact(Binder.java:446)
05-24 09:50:56.646 W/System.err( 3413): java.lang.ArrayIndexOutOfBoundsException: length=58; index=58
05-24 09:50:56.646 W/System.err( 3413): 	at com.lbe.security.service.provider.internal.AppOpsAdapter$1.getDefaultOp(AppOpsAdapter.java:279)
05-24 09:50:56.646 W/System.err( 3413): 	at com.android.internal.app.IOpsCallback$Stub.onTransact(IOpsCallback.java:68)
05-24 09:50:56.646 W/System.err( 3413): 	at android.os.Binder.execTransact(Binder.java:446)
05-24 09:50:57.656 W/System.err( 3413): java.lang.ArrayIndexOutOfBoundsException: length=58; index=58
05-24 09:50:57.656 W/System.err( 3413): 	at com.lbe.security.service.provider.internal.AppOpsAdapter$1.getDefaultOp(AppOpsAdapter.java:279)
05-24 09:50:57.656 W/System.err( 3413): 	at com.android.internal.app.IOpsCallback$Stub.onTransact(IOpsCallback.java:68)
05-24 09:50:57.656 W/System.err( 3413): 	at android.os.Binder.execTransact(Binder.java:446)
05-24 09:50:58.676 W/System.err( 3413): java.lang.ArrayIndexOutOfBoundsException: length=58; index=58
05-24 09:50:58.676 W/System.err( 3413): 	at com.lbe.security.service.provider.internal.AppOpsAdapter$1.getDefaultOp(AppOpsAdapter.java:279)
05-24 09:50:58.676 W/System.err( 3413): 	at com.android.internal.app.IOpsCallback$Stub.onTransact(IOpsCallback.java:68)
05-24 09:50:58.676 W/System.err( 3413): 	at android.os.Binder.execTransact(Binder.java:446)
05-24 09:50:59.696 W/System.err( 3413): java.lang.ArrayIndexOutOfBoundsException: length=58; index=58
05-24 09:50:59.696 W/System.err( 3413): 	at com.lbe.security.service.provider.internal.AppOpsAdapter$1.getDefaultOp(AppOpsAdapter.java:279)
05-24 09:50:59.696 W/System.err( 3413): 	at com.android.internal.app.IOpsCallback$Stub.onTransact(IOpsCallback.java:68)
05-24 09:50:59.696 W/System.err( 3413): 	at android.os.Binder.execTransact(Binder.java:446)
05-24 09:51:00.036 D/SizeAdaptiveLayout( 1429): com.android.internal.widget.SizeAdaptiveLayout{369de83a V.E..... ......ID 0,0-1260,232 #7f0800c1 app:id/adaptive}child view android.widget.FrameLayout{34d9bceb V.E..... ......ID 0,0-1260,231 #1020330 android:id/status_bar_latest_event_content} measured out of bounds at 231px clamped to 232px
05-24 09:51:00.036 D/SizeAdaptiveLayout( 1429): com.android.internal.widget.SizeAdaptiveLayout{96a00c4 V.E..... ......ID 0,0-1260,232 #7f0800c1 app:id/adaptive}child view android.widget.FrameLayout{29f63bad V.E..... ......ID 0,0-1260,231 #1020330 android:id/status_bar_latest_event_content} measured out of bounds at 231px clamped to 232px
05-24 09:51:00.036 D/SizeAdaptiveLayout( 1429): com.android.internal.widget.SizeAdaptiveLayout{3f49d162 V.E..... ......ID 0,0-1260,232 #7f0800c1 app:id/adaptive}child view android.widget.FrameLayout{40632f3 V.E..... ......ID 0,0-1260,231 #1020330 android:id/status_bar_latest_event_content} measured out of bounds at 231px clamped to 232px
05-24 09:51:00.036 D/SizeAdaptiveLayout( 1429): com.android.internal.widget.SizeAdaptiveLayout{3c4f1f4b V.E..... ......ID 0,0-1260,232 #7f0800c1 app:id/adaptive}child view android.widget.FrameLayout{83b5d28 V.E..... ......ID 0,0-1260,231 #1020330 android:id/status_bar_latest_event_content} measured out of bounds at 231px clamped to 232px
05-24 09:51:00.036 D/SizeAdaptiveLayout( 1429): com.android.internal.widget.SizeAdaptiveLayout{11306549 V.E..... ......ID 0,0-1260,232 #7f0800c1 app:id/adaptive}child view android.widget.FrameLayout{2fed8e4e V.E..... ......ID 0,0-1260,231 #1020330 android:id/status_bar_latest_event_content} measured out of bounds at 231px clamped to 232px
05-24 09:51:00.036 D/SizeAdaptiveLayout( 1429): com.android.internal.widget.SizeAdaptiveLayout{59e7542 V.E..... ......ID 0,0-1260,232 #7f0800c1 app:id/adaptive}child view android.widget.FrameLayout{1f3e3953 V.E..... ......ID 0,0-1260,231 #1020330 android:id/status_bar_latest_event_content} measured out of bounds at 231px clamped to 232px
05-24 09:51:00.036 D/SizeAdaptiveLayout( 1429): com.android.internal.widget.SizeAdaptiveLayout{316d5c41 V.E..... ......ID 0,0-1260,232 #7f0800c1 app:id/adaptive}child view android.widget.FrameLayout{38f245e6 V.E..... ......ID 0,0-1260,231 #1020330 android:id/status_bar_latest_event_content} measured out of bounds at 231px clamped to 232px
05-24 09:51:00.036 D/SizeAdaptiveLayout( 1429): com.android.internal.widget.SizeAdaptiveLayout{1bf965d9 V.E..... ......ID 0,0-1260,232 #7f0800c1 app:id/adaptive}child view android.widget.FrameLayout{50eab9e V.E..... ......ID 0,0-1260,231 #1020330 android:id/status_bar_latest_event_content} measured out of bounds at 231px clamped to 232px
05-24 09:51:00.036 D/SizeAdaptiveLayout( 1429): com.android.internal.widget.SizeAdaptiveLayout{2b0da289 V.E..... ......ID 0,0-1260,232 #7f0800c1 app:id/adaptive}child view android.widget.FrameLayout{3b4a228e V.E..... ......ID 0,0-1260,231 #1020330 android:id/status_bar_latest_event_content} measured out of bounds at 231px clamped to 232px
05-24 09:51:00.036 D/SizeAdaptiveLayout( 1429): com.android.internal.widget.SizeAdaptiveLayout{2564d55a V.E..... ......ID 0,0-1260,232 #7f0800c1 app:id/adaptive}child view android.widget.FrameLayout{28c738b V.E..... ......ID 0,0-1260,231 #1020330 android:id/status_bar_latest_event_content} measured out of bounds at 231px clamped to 232px
05-24 09:51:00.036 D/SizeAdaptiveLayout( 1429): com.android.internal.widget.SizeAdaptiveLayout{983bc68 V.E..... ......ID 0,0-1260,232 #7f0800c1 app:id/adaptive}child view android.widget.FrameLayout{10ef1881 V.E..... ......ID 0,0-1260,231 #1020330 android:id/status_bar_latest_event_content} measured out of bounds at 231px clamped to 232px
05-24 09:51:00.036 D/SizeAdaptiveLayout( 1429): com.android.internal.widget.SizeAdaptiveLayout{40aed26 V.E..... ......ID 0,0-1260,232 #7f0800c1 app:id/adaptive}child view android.widget.FrameLayout{1e4cbd67 V.E..... ......ID 0,0-1260,231 #1020330 android:id/status_bar_latest_event_content} measured out of bounds at 231px clamped to 232px
05-24 09:51:00.036 D/SizeAdaptiveLayout( 1429): com.android.internal.widget.SizeAdaptiveLayout{2f85dbec V.E..... ......ID 0,0-1260,232 #7f0800c1 app:id/adaptive}child view android.widget.FrameLayout{988bbb5 V.E..... ......ID 0,0-1260,231 #1020330 android:id/status_bar_latest_event_content} measured out of bounds at 231px clamped to 232px
05-24 09:51:00.186 D/PhoneStatusBar( 1429): updateNotification pkg=com.qihoo.appstore;id=10012
05-24 09:51:00.216 D/SizeAdaptiveLayout( 1429): com.android.internal.widget.SizeAdaptiveLayout{2af59d25 V.E..... ......ID 0,0-1260,232 #7f0800c1 app:id/adaptive}child view android.widget.RelativeLayout{10135efa V.E..... ......ID 0,0-1260,256} measured out of bounds at 231px clamped to 232px
05-24 09:51:00.226 D/PhoneStatusBar( 1429): updateNotification pkg=com.qihoo.appstore;id=10012
05-24 09:51:00.246 D/SizeAdaptiveLayout( 1429): com.android.internal.widget.SizeAdaptiveLayout{2af59d25 V.E..... ......ID 0,0-1260,232 #7f0800c1 app:id/adaptive}child view android.widget.RelativeLayout{10135efa V.E..... ......ID 0,0-1260,256} measured out of bounds at 231px clamped to 232px
05-24 09:51:00.556 D/O2OStats:(27904): net status cannot allow to send data!
05-24 09:51:00.716 W/System.err( 3413): java.lang.ArrayIndexOutOfBoundsException: length=58; index=58
05-24 09:51:00.716 W/System.err( 3413): 	at com.lbe.security.service.provider.internal.AppOpsAdapter$1.getDefaultOp(AppOpsAdapter.java:279)
05-24 09:51:00.716 W/System.err( 3413): 	at com.android.internal.app.IOpsCallback$Stub.onTransact(IOpsCallback.java:68)
05-24 09:51:00.716 W/System.err( 3413): 	at android.os.Binder.execTransact(Binder.java:446)
05-24 09:51:00.916 W/System.err( 3413): java.lang.ArrayIndexOutOfBoundsException: length=58; index=58
05-24 09:51:00.916 W/System.err( 3413): 	at com.lbe.security.service.provider.internal.AppOpsAdapter$1.getDefaultOp(AppOpsAdapter.java:279)
05-24 09:51:00.916 W/System.err( 3413): 	at com.android.internal.app.IOpsCallback$Stub.onTransact(IOpsCallback.java:68)
05-24 09:51:00.916 W/System.err( 3413): 	at android.os.Binder.execTransact(Binder.java:446)
05-24 09:51:01.726 W/System.err( 3413): java.lang.ArrayIndexOutOfBoundsException: length=58; index=58
05-24 09:51:01.726 W/System.err( 3413): 	at com.lbe.security.service.provider.internal.AppOpsAdapter$1.getDefaultOp(AppOpsAdapter.java:279)
05-24 09:51:01.726 W/System.err( 3413): 	at com.android.internal.app.IOpsCallback$Stub.onTransact(IOpsCallback.java:68)
05-24 09:51:01.726 W/System.err( 3413): 	at android.os.Binder.execTransact(Binder.java:446)
05-24 09:51:02.746 W/System.err( 3413): java.lang.ArrayIndexOutOfBoundsException: length=58; index=58
05-24 09:51:02.746 W/System.err( 3413): 	at com.lbe.security.service.provider.internal.AppOpsAdapter$1.getDefaultOp(AppOpsAdapter.java:279)
05-24 09:51:02.746 W/System.err( 3413): 	at com.android.internal.app.IOpsCallback$Stub.onTransact(IOpsCallback.java:68)
05-24 09:51:02.746 W/System.err( 3413): 	at android.os.Binder.execTransact(Binder.java:446)
05-24 09:51:03.766 W/System.err( 3413): java.lang.ArrayIndexOutOfBoundsException: length=58; index=58
05-24 09:51:03.766 W/System.err( 3413): 	at com.lbe.security.service.provider.internal.AppOpsAdapter$1.getDefaultOp(AppOpsAdapter.java:279)
05-24 09:51:03.766 W/System.err( 3413): 	at com.android.internal.app.IOpsCallback$Stub.onTransact(IOpsCallback.java:68)
05-24 09:51:03.766 W/System.err( 3413): 	at android.os.Binder.execTransact(Binder.java:446)
05-24 09:51:04.246 W/System.err( 3413): java.lang.ArrayIndexOutOfBoundsException: length=58; index=58
05-24 09:51:04.246 W/System.err( 3413): 	at com.lbe.security.service.provider.internal.AppOpsAdapter$1.getDefaultOp(AppOpsAdapter.java:279)
05-24 09:51:04.246 W/System.err( 3413): 	at com.android.internal.app.IOpsCallback$Stub.onTransact(IOpsCallback.java:68)
05-24 09:51:04.246 W/System.err( 3413): 	at android.os.Binder.execTransact(Binder.java:446)
05-24 09:51:04.776 W/System.err( 3413): java.lang.ArrayIndexOutOfBoundsException: length=58; index=58
05-24 09:51:04.776 W/System.err( 3413): 	at com.lbe.security.service.provider.internal.AppOpsAdapter$1.getDefaultOp(AppOpsAdapter.java:279)
05-24 09:51:04.776 W/System.err( 3413): 	at com.android.internal.app.IOpsCallback$Stub.onTransact(IOpsCallback.java:68)
05-24 09:51:04.776 W/System.err( 3413): 	at android.os.Binder.execTransact(Binder.java:446)
05-24 09:51:05.796 W/System.err( 3413): java.lang.ArrayIndexOutOfBoundsException: length=58; index=58
05-24 09:51:05.796 W/System.err( 3413): 	at com.lbe.security.service.provider.internal.AppOpsAdapter$1.getDefaultOp(AppOpsAdapter.java:279)
05-24 09:51:05.796 W/System.err( 3413): 	at com.android.internal.app.IOpsCallback$Stub.onTransact(IOpsCallback.java:68)
05-24 09:51:05.796 W/System.err( 3413): 	at android.os.Binder.execTransact(Binder.java:446)
05-24 09:51:05.986 W/System.err( 3413): java.lang.ArrayIndexOutOfBoundsException: length=58; index=58
05-24 09:51:05.986 W/System.err( 3413): 	at com.lbe.security.service.provider.internal.AppOpsAdapter$1.getDefaultOp(AppOpsAdapter.java:279)
05-24 09:51:05.986 W/System.err( 3413): 	at com.android.internal.app.IOpsCallback$Stub.onTransact(IOpsCallback.java:68)
05-24 09:51:05.986 W/System.err( 3413): 	at android.os.Binder.execTransact(Binder.java:446)
05-24 09:51:06.816 W/System.err( 3413): java.lang.ArrayIndexOutOfBoundsException: length=58; index=58
05-24 09:51:06.816 W/System.err( 3413): 	at com.lbe.security.service.provider.internal.AppOpsAdapter$1.getDefaultOp(AppOpsAdapter.java:279)
05-24 09:51:06.816 W/System.err( 3413): 	at com.android.internal.app.IOpsCallback$Stub.onTransact(IOpsCallback.java:68)
05-24 09:51:06.816 W/System.err( 3413): 	at android.os.Binder.execTransact(Binder.java:446)
05-24 09:51:07.826 W/System.err( 3413): java.lang.ArrayIndexOutOfBoundsException: length=58; index=58
05-24 09:51:07.826 W/System.err( 3413): 	at com.lbe.security.service.provider.internal.AppOpsAdapter$1.getDefaultOp(AppOpsAdapter.java:279)
05-24 09:51:07.826 W/System.err( 3413): 	at com.android.internal.app.IOpsCallback$Stub.onTransact(IOpsCallback.java:68)
05-24 09:51:07.826 W/System.err( 3413): 	at android.os.Binder.execTransact(Binder.java:446)
05-24 09:51:08.846 W/System.err( 3413): java.lang.ArrayIndexOutOfBoundsException: length=58; index=58
05-24 09:51:08.846 W/System.err( 3413): 	at com.lbe.security.service.provider.internal.AppOpsAdapter$1.getDefaultOp(AppOpsAdapter.java:279)
05-24 09:51:08.846 W/System.err( 3413): 	at com.android.internal.app.IOpsCallback$Stub.onTransact(IOpsCallback.java:68)
05-24 09:51:08.846 W/System.err( 3413): 	at android.os.Binder.execTransact(Binder.java:446)
05-24 09:51:09.866 W/System.err( 3413): java.lang.ArrayIndexOutOfBoundsException: length=58; index=58
05-24 09:51:09.866 W/System.err( 3413): 	at com.lbe.security.service.provider.internal.AppOpsAdapter$1.getDefaultOp(AppOpsAdapter.java:279)
05-24 09:51:09.866 W/System.err( 3413): 	at com.android.internal.app.IOpsCallback$Stub.onTransact(IOpsCallback.java:68)
05-24 09:51:09.866 W/System.err( 3413): 	at android.os.Binder.execTransact(Binder.java:446)
05-24 09:51:10.566 D/O2OStats:(27904): net status cannot allow to send data!
05-24 09:51:10.886 W/System.err( 3413): java.lang.ArrayIndexOutOfBoundsException: length=58; index=58
05-24 09:51:10.886 W/System.err( 3413): 	at com.lbe.security.service.provider.internal.AppOpsAdapter$1.getDefaultOp(AppOpsAdapter.java:279)
05-24 09:51:10.886 W/System.err( 3413): 	at com.android.internal.app.IOpsCallback$Stub.onTransact(IOpsCallback.java:68)
05-24 09:51:10.886 W/System.err( 3413): 	at android.os.Binder.execTransact(Binder.java:446)
05-24 09:51:11.056 W/System.err( 3413): java.lang.ArrayIndexOutOfBoundsException: length=58; index=58
05-24 09:51:11.056 W/System.err( 3413): 	at com.lbe.security.service.provider.internal.AppOpsAdapter$1.getDefaultOp(AppOpsAdapter.java:279)
05-24 09:51:11.056 W/System.err( 3413): 	at com.android.internal.app.IOpsCallback$Stub.onTransact(IOpsCallback.java:68)
05-24 09:51:11.056 W/System.err( 3413): 	at android.os.Binder.execTransact(Binder.java:446)
05-24 09:51:11.896 W/System.err( 3413): java.lang.ArrayIndexOutOfBoundsException: length=58; index=58
05-24 09:51:11.896 W/System.err( 3413): 	at com.lbe.security.service.provider.internal.AppOpsAdapter$1.getDefaultOp(AppOpsAdapter.java:279)
05-24 09:51:11.896 W/System.err( 3413): 	at com.android.internal.app.IOpsCallback$Stub.onTransact(IOpsCallback.java:68)
05-24 09:51:11.896 W/System.err( 3413): 	at android.os.Binder.execTransact(Binder.java:446)
05-24 09:51:12.916 W/System.err( 3413): java.lang.ArrayIndexOutOfBoundsException: length=58; index=58
05-24 09:51:12.916 W/System.err( 3413): 	at com.lbe.security.service.provider.internal.AppOpsAdapter$1.getDefaultOp(AppOpsAdapter.java:279)
05-24 09:51:12.916 W/System.err( 3413): 	at com.android.internal.app.IOpsCallback$Stub.onTransact(IOpsCallback.java:68)
05-24 09:51:12.916 W/System.err( 3413): 	at android.os.Binder.execTransact(Binder.java:446)
05-24 09:51:13.936 W/System.err( 3413): java.lang.ArrayIndexOutOfBoundsException: length=58; index=58
05-24 09:51:13.936 W/System.err( 3413): 	at com.lbe.security.service.provider.internal.AppOpsAdapter$1.getDefaultOp(AppOpsAdapter.java:279)
05-24 09:51:13.936 W/System.err( 3413): 	at com.android.internal.app.IOpsCallback$Stub.onTransact(IOpsCallback.java:68)
05-24 09:51:13.936 W/System.err( 3413): 	at android.os.Binder.execTransact(Binder.java:446)
05-24 09:51:14.276 W/System.err( 3413): java.lang.ArrayIndexOutOfBoundsException: length=58; index=58
05-24 09:51:14.276 W/System.err( 3413): 	at com.lbe.security.service.provider.internal.AppOpsAdapter$1.getDefaultOp(AppOpsAdapter.java:279)
05-24 09:51:14.276 W/System.err( 3413): 	at com.android.internal.app.IOpsCallback$Stub.onTransact(IOpsCallback.java:68)
05-24 09:51:14.276 W/System.err( 3413): 	at android.os.Binder.execTransact(Binder.java:446)
05-24 09:51:14.946 W/System.err( 3413): java.lang.ArrayIndexOutOfBoundsException: length=58; index=58
05-24 09:51:14.946 W/System.err( 3413): 	at com.lbe.security.service.provider.internal.AppOpsAdapter$1.getDefaultOp(AppOpsAdapter.java:279)
05-24 09:51:14.946 W/System.err( 3413): 	at com.android.internal.app.IOpsCallback$Stub.onTransact(IOpsCallback.java:68)
05-24 09:51:14.946 W/System.err( 3413): 	at android.os.Binder.execTransact(Binder.java:446)
05-24 09:51:15.966 W/System.err( 3413): java.lang.ArrayIndexOutOfBoundsException: length=58; index=58
05-24 09:51:15.966 W/System.err( 3413): 	at com.lbe.security.service.provider.internal.AppOpsAdapter$1.getDefaultOp(AppOpsAdapter.java:279)
05-24 09:51:15.966 W/System.err( 3413): 	at com.android.internal.app.IOpsCallback$Stub.onTransact(IOpsCallback.java:68)
05-24 09:51:15.966 W/System.err( 3413): 	at android.os.Binder.execTransact(Binder.java:446)
05-24 09:51:16.136 W/System.err( 3413): java.lang.ArrayIndexOutOfBoundsException: length=58; index=58
05-24 09:51:16.136 W/System.err( 3413): 	at com.lbe.security.service.provider.internal.AppOpsAdapter$1.getDefaultOp(AppOpsAdapter.java:279)
05-24 09:51:16.136 W/System.err( 3413): 	at com.android.internal.app.IOpsCallback$Stub.onTransact(IOpsCallback.java:68)
05-24 09:51:16.136 W/System.err( 3413): 	at android.os.Binder.execTransact(Binder.java:446)
05-24 09:51:16.986 W/System.err( 3413): java.lang.ArrayIndexOutOfBoundsException: length=58; index=58
05-24 09:51:16.986 W/System.err( 3413): 	at com.lbe.security.service.provider.internal.AppOpsAdapter$1.getDefaultOp(AppOpsAdapter.java:279)
05-24 09:51:16.986 W/System.err( 3413): 	at com.android.internal.app.IOpsCallback$Stub.onTransact(IOpsCallback.java:68)
05-24 09:51:16.986 W/System.err( 3413): 	at android.os.Binder.execTransact(Binder.java:446)
05-24 09:51:17.996 W/System.err( 3413): java.lang.ArrayIndexOutOfBoundsException: length=58; index=58
05-24 09:51:17.996 W/System.err( 3413): 	at com.lbe.security.service.provider.internal.AppOpsAdapter$1.getDefaultOp(AppOpsAdapter.java:279)
05-24 09:51:17.996 W/System.err( 3413): 	at com.android.internal.app.IOpsCallback$Stub.onTransact(IOpsCallback.java:68)
05-24 09:51:17.996 W/System.err( 3413): 	at android.os.Binder.execTransact(Binder.java:446)
05-24 09:51:19.016 W/System.err( 3413): java.lang.ArrayIndexOutOfBoundsException: length=58; index=58
05-24 09:51:19.016 W/System.err( 3413): 	at com.lbe.security.service.provider.internal.AppOpsAdapter$1.getDefaultOp(AppOpsAdapter.java:279)
05-24 09:51:19.016 W/System.err( 3413): 	at com.android.internal.app.IOpsCallback$Stub.onTransact(IOpsCallback.java:68)
05-24 09:51:19.016 W/System.err( 3413): 	at android.os.Binder.execTransact(Binder.java:446)
05-24 09:51:20.026 W/System.err( 3413): java.lang.ArrayIndexOutOfBoundsException: length=58; index=58
05-24 09:51:20.026 W/System.err( 3413): 	at com.lbe.security.service.provider.internal.AppOpsAdapter$1.getDefaultOp(AppOpsAdapter.java:279)
05-24 09:51:20.026 W/System.err( 3413): 	at com.android.internal.app.IOpsCallback$Stub.onTransact(IOpsCallback.java:68)
05-24 09:51:20.026 W/System.err( 3413): 	at android.os.Binder.execTransact(Binder.java:446)
05-24 09:51:20.576 D/O2OStats:(27904): net status cannot allow to send data!
05-24 09:51:21.046 W/System.err( 3413): java.lang.ArrayIndexOutOfBoundsException: length=58; index=58
05-24 09:51:21.046 W/System.err( 3413): 	at com.lbe.security.service.provider.internal.AppOpsAdapter$1.getDefaultOp(AppOpsAdapter.java:279)
05-24 09:51:21.046 W/System.err( 3413): 	at com.android.internal.app.IOpsCallback$Stub.onTransact(IOpsCallback.java:68)
05-24 09:51:21.046 W/System.err( 3413): 	at android.os.Binder.execTransact(Binder.java:446)
05-24 09:51:21.196 W/System.err( 3413): java.lang.ArrayIndexOutOfBoundsException: length=58; index=58
05-24 09:51:21.196 W/System.err( 3413): 	at com.lbe.security.service.provider.internal.AppOpsAdapter$1.getDefaultOp(AppOpsAdapter.java:279)
05-24 09:51:21.196 W/System.err( 3413): 	at com.android.internal.app.IOpsCallback$Stub.onTransact(IOpsCallback.java:68)
05-24 09:51:21.196 W/System.err( 3413): 	at android.os.Binder.execTransact(Binder.java:446)
05-24 09:51:21.586 W/TDLog   (31000): network is disabled.
05-24 09:51:22.066 W/System.err( 3413): java.lang.ArrayIndexOutOfBoundsException: length=58; index=58
05-24 09:51:22.066 W/System.err( 3413): 	at com.lbe.security.service.provider.internal.AppOpsAdapter$1.getDefaultOp(AppOpsAdapter.java:279)
05-24 09:51:22.066 W/System.err( 3413): 	at com.android.internal.app.IOpsCallback$Stub.onTransact(IOpsCallback.java:68)
05-24 09:51:22.066 W/System.err( 3413): 	at android.os.Binder.execTransact(Binder.java:446)
05-24 09:51:23.076 W/System.err( 3413): java.lang.ArrayIndexOutOfBoundsException: length=58; index=58
05-24 09:51:23.076 W/System.err( 3413): 	at com.lbe.security.service.provider.internal.AppOpsAdapter$1.getDefaultOp(AppOpsAdapter.java:279)
05-24 09:51:23.076 W/System.err( 3413): 	at com.android.internal.app.IOpsCallback$Stub.onTransact(IOpsCallback.java:68)
05-24 09:51:23.076 W/System.err( 3413): 	at android.os.Binder.execTransact(Binder.java:446)
05-24 09:51:24.096 W/System.err( 3413): java.lang.ArrayIndexOutOfBoundsException: length=58; index=58
05-24 09:51:24.096 W/System.err( 3413): 	at com.lbe.security.service.provider.internal.AppOpsAdapter$1.getDefaultOp(AppOpsAdapter.java:279)
05-24 09:51:24.096 W/System.err( 3413): 	at com.android.internal.app.IOpsCallback$Stub.onTransact(IOpsCallback.java:68)
05-24 09:51:24.096 W/System.err( 3413): 	at android.os.Binder.execTransact(Binder.java:446)
05-24 09:51:24.346 W/System.err( 3413): java.lang.ArrayIndexOutOfBoundsException: length=58; index=58
05-24 09:51:24.346 W/System.err( 3413): 	at com.lbe.security.service.provider.internal.AppOpsAdapter$1.getDefaultOp(AppOpsAdapter.java:279)
05-24 09:51:24.346 W/System.err( 3413): 	at com.android.internal.app.IOpsCallback$Stub.onTransact(IOpsCallback.java:68)
05-24 09:51:24.346 W/System.err( 3413): 	at android.os.Binder.execTransact(Binder.java:446)
05-24 09:51:25.106 W/System.err( 3413): java.lang.ArrayIndexOutOfBoundsException: length=58; index=58
05-24 09:51:25.106 W/System.err( 3413): 	at com.lbe.security.service.provider.internal.AppOpsAdapter$1.getDefaultOp(AppOpsAdapter.java:279)
05-24 09:51:25.106 W/System.err( 3413): 	at com.android.internal.app.IOpsCallback$Stub.onTransact(IOpsCallback.java:68)
05-24 09:51:25.106 W/System.err( 3413): 	at android.os.Binder.execTransact(Binder.java:446)
05-24 09:51:26.126 W/System.err( 3413): java.lang.ArrayIndexOutOfBoundsException: length=58; index=58
05-24 09:51:26.126 W/System.err( 3413): 	at com.lbe.security.service.provider.internal.AppOpsAdapter$1.getDefaultOp(AppOpsAdapter.java:279)
05-24 09:51:26.126 W/System.err( 3413): 	at com.android.internal.app.IOpsCallback$Stub.onTransact(IOpsCallback.java:68)
05-24 09:51:26.126 W/System.err( 3413): 	at android.os.Binder.execTransact(Binder.java:446)
05-24 09:51:26.276 W/System.err( 3413): java.lang.ArrayIndexOutOfBoundsException: length=58; index=58
05-24 09:51:26.276 W/System.err( 3413): 	at com.lbe.security.service.provider.internal.AppOpsAdapter$1.getDefaultOp(AppOpsAdapter.java:279)
05-24 09:51:26.276 W/System.err( 3413): 	at com.android.internal.app.IOpsCallback$Stub.onTransact(IOpsCallback.java:68)
05-24 09:51:26.276 W/System.err( 3413): 	at android.os.Binder.execTransact(Binder.java:446)
05-24 09:51:27.146 W/System.err( 3413): java.lang.ArrayIndexOutOfBoundsException: length=58; index=58
05-24 09:51:27.146 W/System.err( 3413): 	at com.lbe.security.service.provider.internal.AppOpsAdapter$1.getDefaultOp(AppOpsAdapter.java:279)
05-24 09:51:27.146 W/System.err( 3413): 	at com.android.internal.app.IOpsCallback$Stub.onTransact(IOpsCallback.java:68)
05-24 09:51:27.146 W/System.err( 3413): 	at android.os.Binder.execTransact(Binder.java:446)
05-24 09:51:28.166 W/System.err( 3413): java.lang.ArrayIndexOutOfBoundsException: length=58; index=58
05-24 09:51:28.166 W/System.err( 3413): 	at com.lbe.security.service.provider.internal.AppOpsAdapter$1.getDefaultOp(AppOpsAdapter.java:279)
05-24 09:51:28.166 W/System.err( 3413): 	at com.android.internal.app.IOpsCallback$Stub.onTransact(IOpsCallback.java:68)
05-24 09:51:28.166 W/System.err( 3413): 	at android.os.Binder.execTransact(Binder.java:446)
05-24 09:51:29.176 W/System.err( 3413): java.lang.ArrayIndexOutOfBoundsException: length=58; index=58
05-24 09:51:29.176 W/System.err( 3413): 	at com.lbe.security.service.provider.internal.AppOpsAdapter$1.getDefaultOp(AppOpsAdapter.java:279)
05-24 09:51:29.176 W/System.err( 3413): 	at com.android.internal.app.IOpsCallback$Stub.onTransact(IOpsCallback.java:68)
05-24 09:51:29.176 W/System.err( 3413): 	at android.os.Binder.execTransact(Binder.java:446)
05-24 09:51:30.196 W/System.err( 3413): java.lang.ArrayIndexOutOfBoundsException: length=58; index=58
05-24 09:51:30.196 W/System.err( 3413): 	at com.lbe.security.service.provider.internal.AppOpsAdapter$1.getDefaultOp(AppOpsAdapter.java:279)
05-24 09:51:30.196 W/System.err( 3413): 	at com.android.internal.app.IOpsCallback$Stub.onTransact(IOpsCallback.java:68)
05-24 09:51:30.196 W/System.err( 3413): 	at android.os.Binder.execTransact(Binder.java:446)
05-24 09:51:30.586 D/O2OStats:(27904): net status cannot allow to send data!
05-24 09:51:31.206 W/System.err( 3413): java.lang.ArrayIndexOutOfBoundsException: length=58; index=58
05-24 09:51:31.216 W/System.err( 3413): 	at com.lbe.security.service.provider.internal.AppOpsAdapter$1.getDefaultOp(AppOpsAdapter.java:279)
05-24 09:51:31.216 W/System.err( 3413): 	at com.android.internal.app.IOpsCallback$Stub.onTransact(IOpsCallback.java:68)
05-24 09:51:31.216 W/System.err( 3413): 	at android.os.Binder.execTransact(Binder.java:446)
05-24 09:51:31.336 W/System.err( 3413): java.lang.ArrayIndexOutOfBoundsException: length=58; index=58
05-24 09:51:31.336 W/System.err( 3413): 	at com.lbe.security.service.provider.internal.AppOpsAdapter$1.getDefaultOp(AppOpsAdapter.java:279)
05-24 09:51:31.336 W/System.err( 3413): 	at com.android.internal.app.IOpsCallback$Stub.onTransact(IOpsCallback.java:68)
05-24 09:51:31.336 W/System.err( 3413): 	at android.os.Binder.execTransact(Binder.java:446)
05-24 09:51:32.226 W/System.err( 3413): java.lang.ArrayIndexOutOfBoundsException: length=58; index=58
05-24 09:51:32.226 W/System.err( 3413): 	at com.lbe.security.service.provider.internal.AppOpsAdapter$1.getDefaultOp(AppOpsAdapter.java:279)
05-24 09:51:32.226 W/System.err( 3413): 	at com.android.internal.app.IOpsCallback$Stub.onTransact(IOpsCallback.java:68)
05-24 09:51:32.226 W/System.err( 3413): 	at android.os.Binder.execTransact(Binder.java:446)
05-24 09:51:33.246 W/System.err( 3413): java.lang.ArrayIndexOutOfBoundsException: length=58; index=58
05-24 09:51:33.246 W/System.err( 3413): 	at com.lbe.security.service.provider.internal.AppOpsAdapter$1.getDefaultOp(AppOpsAdapter.java:279)
05-24 09:51:33.246 W/System.err( 3413): 	at com.android.internal.app.IOpsCallback$Stub.onTransact(IOpsCallback.java:68)
05-24 09:51:33.246 W/System.err( 3413): 	at android.os.Binder.execTransact(Binder.java:446)
05-24 09:51:34.266 W/System.err( 3413): java.lang.ArrayIndexOutOfBoundsException: length=58; index=58
05-24 09:51:34.266 W/System.err( 3413): 	at com.lbe.security.service.provider.internal.AppOpsAdapter$1.getDefaultOp(AppOpsAdapter.java:279)
05-24 09:51:34.266 W/System.err( 3413): 	at com.android.internal.app.IOpsCallback$Stub.onTransact(IOpsCallback.java:68)
05-24 09:51:34.266 W/System.err( 3413): 	at android.os.Binder.execTransact(Binder.java:446)
05-24 09:51:34.406 W/System.err( 3413): java.lang.ArrayIndexOutOfBoundsException: length=58; index=58
05-24 09:51:34.406 W/System.err( 3413): 	at com.lbe.security.service.provider.internal.AppOpsAdapter$1.getDefaultOp(AppOpsAdapter.java:279)
05-24 09:51:34.406 W/System.err( 3413): 	at com.android.internal.app.IOpsCallback$Stub.onTransact(IOpsCallback.java:68)
05-24 09:51:34.406 W/System.err( 3413): 	at android.os.Binder.execTransact(Binder.java:446)
05-24 09:51:35.276 W/System.err( 3413): java.lang.ArrayIndexOutOfBoundsException: length=58; index=58
05-24 09:51:35.276 W/System.err( 3413): 	at com.lbe.security.service.provider.internal.AppOpsAdapter$1.getDefaultOp(AppOpsAdapter.java:279)
05-24 09:51:35.276 W/System.err( 3413): 	at com.android.internal.app.IOpsCallback$Stub.onTransact(IOpsCallback.java:68)
05-24 09:51:35.276 W/System.err( 3413): 	at android.os.Binder.execTransact(Binder.java:446)
05-24 09:51:36.296 W/System.err( 3413): java.lang.ArrayIndexOutOfBoundsException: length=58; index=58
05-24 09:51:36.296 W/System.err( 3413): 	at com.lbe.security.service.provider.internal.AppOpsAdapter$1.getDefaultOp(AppOpsAdapter.java:279)
05-24 09:51:36.296 W/System.err( 3413): 	at com.android.internal.app.IOpsCallback$Stub.onTransact(IOpsCallback.java:68)
05-24 09:51:36.296 W/System.err( 3413): 	at android.os.Binder.execTransact(Binder.java:446)
05-24 09:51:36.416 W/System.err( 3413): java.lang.ArrayIndexOutOfBoundsException: length=58; index=58
05-24 09:51:36.426 W/System.err( 3413): 	at com.lbe.security.service.provider.internal.AppOpsAdapter$1.getDefaultOp(AppOpsAdapter.java:279)
05-24 09:51:36.426 W/System.err( 3413): 	at com.android.internal.app.IOpsCallback$Stub.onTransact(IOpsCallback.java:68)
05-24 09:51:36.426 W/System.err( 3413): 	at android.os.Binder.execTransact(Binder.java:446)
05-24 09:51:37.326 W/System.err( 3413): java.lang.ArrayIndexOutOfBoundsException: length=58; index=58
05-24 09:51:37.326 W/System.err( 3413): 	at com.lbe.security.service.provider.internal.AppOpsAdapter$1.getDefaultOp(AppOpsAdapter.java:279)
05-24 09:51:37.326 W/System.err( 3413): 	at com.android.internal.app.IOpsCallback$Stub.onTransact(IOpsCallback.java:68)
05-24 09:51:37.326 W/System.err( 3413): 	at android.os.Binder.execTransact(Binder.java:446)
05-24 09:51:38.336 W/System.err( 3413): java.lang.ArrayIndexOutOfBoundsException: length=58; index=58
05-24 09:51:38.336 W/System.err( 3413): 	at com.lbe.security.service.provider.internal.AppOpsAdapter$1.getDefaultOp(AppOpsAdapter.java:279)
05-24 09:51:38.336 W/System.err( 3413): 	at com.android.internal.app.IOpsCallback$Stub.onTransact(IOpsCallback.java:68)
05-24 09:51:38.336 W/System.err( 3413): 	at android.os.Binder.execTransact(Binder.java:446)
05-24 09:51:39.356 W/System.err( 3413): java.lang.ArrayIndexOutOfBoundsException: length=58; index=58
05-24 09:51:39.356 W/System.err( 3413): 	at com.lbe.security.service.provider.internal.AppOpsAdapter$1.getDefaultOp(AppOpsAdapter.java:279)
05-24 09:51:39.356 W/System.err( 3413): 	at com.android.internal.app.IOpsCallback$Stub.onTransact(IOpsCallback.java:68)
05-24 09:51:39.356 W/System.err( 3413): 	at android.os.Binder.execTransact(Binder.java:446)
05-24 09:51:40.376 W/System.err( 3413): java.lang.ArrayIndexOutOfBoundsException: length=58; index=58
05-24 09:51:40.376 W/System.err( 3413): 	at com.lbe.security.service.provider.internal.AppOpsAdapter$1.getDefaultOp(AppOpsAdapter.java:279)
05-24 09:51:40.376 W/System.err( 3413): 	at com.android.internal.app.IOpsCallback$Stub.onTransact(IOpsCallback.java:68)
05-24 09:51:40.376 W/System.err( 3413): 	at android.os.Binder.execTransact(Binder.java:446)
05-24 09:51:40.596 D/O2OStats:(27904): net status cannot allow to send data!
05-24 09:51:41.396 W/System.err( 3413): java.lang.ArrayIndexOutOfBoundsException: length=58; index=58
05-24 09:51:41.396 W/System.err( 3413): 	at com.lbe.security.service.provider.internal.AppOpsAdapter$1.getDefaultOp(AppOpsAdapter.java:279)
05-24 09:51:41.396 W/System.err( 3413): 	at com.android.internal.app.IOpsCallback$Stub.onTransact(IOpsCallback.java:68)
05-24 09:51:41.396 W/System.err( 3413): 	at android.os.Binder.execTransact(Binder.java:446)
05-24 09:51:41.496 W/System.err( 3413): java.lang.ArrayIndexOutOfBoundsException: length=58; index=58
05-24 09:51:41.496 W/System.err( 3413): 	at com.lbe.security.service.provider.internal.AppOpsAdapter$1.getDefaultOp(AppOpsAdapter.java:279)
05-24 09:51:41.496 W/System.err( 3413): 	at com.android.internal.app.IOpsCallback$Stub.onTransact(IOpsCallback.java:68)
05-24 09:51:41.496 W/System.err( 3413): 	at android.os.Binder.execTransact(Binder.java:446)
05-24 09:51:42.406 W/System.err( 3413): java.lang.ArrayIndexOutOfBoundsException: length=58; index=58
05-24 09:51:42.406 W/System.err( 3413): 	at com.lbe.security.service.provider.internal.AppOpsAdapter$1.getDefaultOp(AppOpsAdapter.java:279)
05-24 09:51:42.406 W/System.err( 3413): 	at com.android.internal.app.IOpsCallback$Stub.onTransact(IOpsCallback.java:68)
05-24 09:51:42.406 W/System.err( 3413): 	at android.os.Binder.execTransact(Binder.java:446)
05-24 09:51:43.426 W/System.err( 3413): java.lang.ArrayIndexOutOfBoundsException: length=58; index=58
05-24 09:51:43.426 W/System.err( 3413): 	at com.lbe.security.service.provider.internal.AppOpsAdapter$1.getDefaultOp(AppOpsAdapter.java:279)
05-24 09:51:43.426 W/System.err( 3413): 	at com.android.internal.app.IOpsCallback$Stub.onTransact(IOpsCallback.java:68)
05-24 09:51:43.426 W/System.err( 3413): 	at android.os.Binder.execTransact(Binder.java:446)
05-24 09:51:44.446 W/System.err( 3413): java.lang.ArrayIndexOutOfBoundsException: length=58; index=58
05-24 09:51:44.446 W/System.err( 3413): 	at com.lbe.security.service.provider.internal.AppOpsAdapter$1.getDefaultOp(AppOpsAdapter.java:279)
05-24 09:51:44.446 W/System.err( 3413): 	at com.android.internal.app.IOpsCallback$Stub.onTransact(IOpsCallback.java:68)
05-24 09:51:44.446 W/System.err( 3413): 	at android.os.Binder.execTransact(Binder.java:446)
05-24 09:51:44.466 W/System.err( 3413): java.lang.ArrayIndexOutOfBoundsException: length=58; index=58
05-24 09:51:44.466 W/System.err( 3413): 	at com.lbe.security.service.provider.internal.AppOpsAdapter$1.getDefaultOp(AppOpsAdapter.java:279)
05-24 09:51:44.466 W/System.err( 3413): 	at com.android.internal.app.IOpsCallback$Stub.onTransact(IOpsCallback.java:68)
05-24 09:51:44.466 W/System.err( 3413): 	at android.os.Binder.execTransact(Binder.java:446)
05-24 09:51:45.466 W/System.err( 3413): java.lang.ArrayIndexOutOfBoundsException: length=58; index=58
05-24 09:51:45.466 W/System.err( 3413): 	at com.lbe.security.service.provider.internal.AppOpsAdapter$1.getDefaultOp(AppOpsAdapter.java:279)
05-24 09:51:45.466 W/System.err( 3413): 	at com.android.internal.app.IOpsCallback$Stub.onTransact(IOpsCallback.java:68)
05-24 09:51:45.466 W/System.err( 3413): 	at android.os.Binder.execTransact(Binder.java:446)
05-24 09:51:46.486 W/System.err( 3413): java.lang.ArrayIndexOutOfBoundsException: length=58; index=58
05-24 09:51:46.486 W/System.err( 3413): 	at com.lbe.security.service.provider.internal.AppOpsAdapter$1.getDefaultOp(AppOpsAdapter.java:279)
05-24 09:51:46.486 W/System.err( 3413): 	at com.android.internal.app.IOpsCallback$Stub.onTransact(IOpsCallback.java:68)
05-24 09:51:46.486 W/System.err( 3413): 	at android.os.Binder.execTransact(Binder.java:446)
05-24 09:51:46.576 W/System.err( 3413): java.lang.ArrayIndexOutOfBoundsException: length=58; index=58
05-24 09:51:46.576 W/System.err( 3413): 	at com.lbe.security.service.provider.internal.AppOpsAdapter$1.getDefaultOp(AppOpsAdapter.java:279)
05-24 09:51:46.576 W/System.err( 3413): 	at com.android.internal.app.IOpsCallback$Stub.onTransact(IOpsCallback.java:68)
05-24 09:51:46.576 W/System.err( 3413): 	at android.os.Binder.execTransact(Binder.java:446)
05-24 09:51:47.506 W/System.err( 3413): java.lang.ArrayIndexOutOfBoundsException: length=58; index=58
05-24 09:51:47.506 W/System.err( 3413): 	at com.lbe.security.service.provider.internal.AppOpsAdapter$1.getDefaultOp(AppOpsAdapter.java:279)
05-24 09:51:47.506 W/System.err( 3413): 	at com.android.internal.app.IOpsCallback$Stub.onTransact(IOpsCallback.java:68)
05-24 09:51:47.506 W/System.err( 3413): 	at android.os.Binder.execTransact(Binder.java:446)
05-24 09:51:48.516 W/System.err( 3413): java.lang.ArrayIndexOutOfBoundsException: length=58; index=58
05-24 09:51:48.516 W/System.err( 3413): 	at com.lbe.security.service.provider.internal.AppOpsAdapter$1.getDefaultOp(AppOpsAdapter.java:279)
05-24 09:51:48.516 W/System.err( 3413): 	at com.android.internal.app.IOpsCallback$Stub.onTransact(IOpsCallback.java:68)
05-24 09:51:48.516 W/System.err( 3413): 	at android.os.Binder.execTransact(Binder.java:446)
05-24 09:51:49.536 W/System.err( 3413): java.lang.ArrayIndexOutOfBoundsException: length=58; index=58
05-24 09:51:49.536 W/System.err( 3413): 	at com.lbe.security.service.provider.internal.AppOpsAdapter$1.getDefaultOp(AppOpsAdapter.java:279)
05-24 09:51:49.536 W/System.err( 3413): 	at com.android.internal.app.IOpsCallback$Stub.onTransact(IOpsCallback.java:68)
05-24 09:51:49.536 W/System.err( 3413): 	at android.os.Binder.execTransact(Binder.java:446)
05-24 09:51:50.556 W/System.err( 3413): java.lang.ArrayIndexOutOfBoundsException: length=58; index=58
05-24 09:51:50.556 W/System.err( 3413): 	at com.lbe.security.service.provider.internal.AppOpsAdapter$1.getDefaultOp(AppOpsAdapter.java:279)
05-24 09:51:50.556 W/System.err( 3413): 	at com.android.internal.app.IOpsCallback$Stub.onTransact(IOpsCallback.java:68)
05-24 09:51:50.556 W/System.err( 3413): 	at android.os.Binder.execTransact(Binder.java:446)
05-24 09:51:50.606 D/O2OStats:(27904): net status cannot allow to send data!
05-24 09:51:51.576 W/System.err( 3413): java.lang.ArrayIndexOutOfBoundsException: length=58; index=58
05-24 09:51:51.576 W/System.err( 3413): 	at com.lbe.security.service.provider.internal.AppOpsAdapter$1.getDefaultOp(AppOpsAdapter.java:279)
05-24 09:51:51.576 W/System.err( 3413): 	at com.android.internal.app.IOpsCallback$Stub.onTransact(IOpsCallback.java:68)
05-24 09:51:51.576 W/System.err( 3413): 	at android.os.Binder.execTransact(Binder.java:446)
05-24 09:51:51.666 W/System.err( 3413): java.lang.ArrayIndexOutOfBoundsException: length=58; index=58
05-24 09:51:51.666 W/System.err( 3413): 	at com.lbe.security.service.provider.internal.AppOpsAdapter$1.getDefaultOp(AppOpsAdapter.java:279)
05-24 09:51:51.666 W/System.err( 3413): 	at com.android.internal.app.IOpsCallback$Stub.onTransact(IOpsCallback.java:68)
05-24 09:51:51.666 W/System.err( 3413): 	at android.os.Binder.execTransact(Binder.java:446)
05-24 09:51:52.586 W/System.err( 3413): java.lang.ArrayIndexOutOfBoundsException: length=58; index=58
05-24 09:51:52.586 W/System.err( 3413): 	at com.lbe.security.service.provider.internal.AppOpsAdapter$1.getDefaultOp(AppOpsAdapter.java:279)
05-24 09:51:52.586 W/System.err( 3413): 	at com.android.internal.app.IOpsCallback$Stub.onTransact(IOpsCallback.java:68)
05-24 09:51:52.586 W/System.err( 3413): 	at android.os.Binder.execTransact(Binder.java:446)
05-24 09:51:53.606 W/System.err( 3413): java.lang.ArrayIndexOutOfBoundsException: length=58; index=58
05-24 09:51:53.606 W/System.err( 3413): 	at com.lbe.security.service.provider.internal.AppOpsAdapter$1.getDefaultOp(AppOpsAdapter.java:279)
05-24 09:51:53.606 W/System.err( 3413): 	at com.android.internal.app.IOpsCallback$Stub.onTransact(IOpsCallback.java:68)
05-24 09:51:53.606 W/System.err( 3413): 	at android.os.Binder.execTransact(Binder.java:446)
05-24 09:51:54.516 W/System.err( 3413): java.lang.ArrayIndexOutOfBoundsException: length=58; index=58
05-24 09:51:54.516 W/System.err( 3413): 	at com.lbe.security.service.provider.internal.AppOpsAdapter$1.getDefaultOp(AppOpsAdapter.java:279)
05-24 09:51:54.516 W/System.err( 3413): 	at com.android.internal.app.IOpsCallback$Stub.onTransact(IOpsCallback.java:68)
05-24 09:51:54.516 W/System.err( 3413): 	at android.os.Binder.execTransact(Binder.java:446)
05-24 09:51:54.626 W/System.err( 3413): java.lang.ArrayIndexOutOfBoundsException: length=58; index=58
05-24 09:51:54.626 W/System.err( 3413): 	at com.lbe.security.service.provider.internal.AppOpsAdapter$1.getDefaultOp(AppOpsAdapter.java:279)
05-24 09:51:54.626 W/System.err( 3413): 	at com.android.internal.app.IOpsCallback$Stub.onTransact(IOpsCallback.java:68)
05-24 09:51:54.626 W/System.err( 3413): 	at android.os.Binder.execTransact(Binder.java:446)
05-24 09:51:55.646 W/System.err( 3413): java.lang.ArrayIndexOutOfBoundsException: length=58; index=58
05-24 09:51:55.646 W/System.err( 3413): 	at com.lbe.security.service.provider.internal.AppOpsAdapter$1.getDefaultOp(AppOpsAdapter.java:279)
05-24 09:51:55.646 W/System.err( 3413): 	at com.android.internal.app.IOpsCallback$Stub.onTransact(IOpsCallback.java:68)
05-24 09:51:55.646 W/System.err( 3413): 	at android.os.Binder.execTransact(Binder.java:446)
05-24 09:51:56.666 W/System.err( 3413): java.lang.ArrayIndexOutOfBoundsException: length=58; index=58
05-24 09:51:56.666 W/System.err( 3413): 	at com.lbe.security.service.provider.internal.AppOpsAdapter$1.getDefaultOp(AppOpsAdapter.java:279)
05-24 09:51:56.666 W/System.err( 3413): 	at com.android.internal.app.IOpsCallback$Stub.onTransact(IOpsCallback.java:68)
05-24 09:51:56.666 W/System.err( 3413): 	at android.os.Binder.execTransact(Binder.java:446)
05-24 09:51:56.746 W/System.err( 3413): java.lang.ArrayIndexOutOfBoundsException: length=58; index=58
05-24 09:51:56.746 W/System.err( 3413): 	at com.lbe.security.service.provider.internal.AppOpsAdapter$1.getDefaultOp(AppOpsAdapter.java:279)
05-24 09:51:56.746 W/System.err( 3413): 	at com.android.internal.app.IOpsCallback$Stub.onTransact(IOpsCallback.java:68)
05-24 09:51:56.746 W/System.err( 3413): 	at android.os.Binder.execTransact(Binder.java:446)
05-24 09:51:57.676 W/System.err( 3413): java.lang.ArrayIndexOutOfBoundsException: length=58; index=58
05-24 09:51:57.676 W/System.err( 3413): 	at com.lbe.security.service.provider.internal.AppOpsAdapter$1.getDefaultOp(AppOpsAdapter.java:279)
05-24 09:51:57.676 W/System.err( 3413): 	at com.android.internal.app.IOpsCallback$Stub.onTransact(IOpsCallback.java:68)
05-24 09:51:57.676 W/System.err( 3413): 	at android.os.Binder.execTransact(Binder.java:446)
05-24 09:51:58.686 W/System.err( 3413): java.lang.ArrayIndexOutOfBoundsException: length=58; index=58
05-24 09:51:58.686 W/System.err( 3413): 	at com.lbe.security.service.provider.internal.AppOpsAdapter$1.getDefaultOp(AppOpsAdapter.java:279)
05-24 09:51:58.686 W/System.err( 3413): 	at com.android.internal.app.IOpsCallback$Stub.onTransact(IOpsCallback.java:68)
05-24 09:51:58.686 W/System.err( 3413): 	at android.os.Binder.execTransact(Binder.java:446)
05-24 09:51:59.706 W/System.err( 3413): java.lang.ArrayIndexOutOfBoundsException: length=58; index=58
05-24 09:51:59.706 W/System.err( 3413): 	at com.lbe.security.service.provider.internal.AppOpsAdapter$1.getDefaultOp(AppOpsAdapter.java:279)
05-24 09:51:59.706 W/System.err( 3413): 	at com.android.internal.app.IOpsCallback$Stub.onTransact(IOpsCallback.java:68)
05-24 09:51:59.706 W/System.err( 3413): 	at android.os.Binder.execTransact(Binder.java:446)
05-24 09:51:59.976 E/JavaBinder(19548): !!! FAILED BINDER TRANSACTION !!!
05-24 09:51:59.976 E/ServiceManager(19548): error in getService
05-24 09:51:59.976 E/ServiceManager(19548): android.os.TransactionTooLargeException
05-24 09:51:59.976 E/ServiceManager(19548): 	at android.os.BinderProxy.transactNative(Native Method)
05-24 09:51:59.976 E/ServiceManager(19548): 	at android.os.BinderProxy.transact(Binder.java:496)
05-24 09:51:59.976 E/ServiceManager(19548): 	at android.os.ServiceManagerProxy.getService(ServiceManagerNative.java:123)
05-24 09:51:59.976 E/ServiceManager(19548): 	at android.os.ServiceManager.getService(ServiceManager.java:55)
05-24 09:51:59.976 E/ServiceManager(19548): 	at android.app.ActivityManagerNative$1.create(ActivityManagerNative.java:2339)
05-24 09:51:59.976 E/ServiceManager(19548): 	at android.app.ActivityManagerNative$1.create(ActivityManagerNative.java:2337)
05-24 09:51:59.976 E/ServiceManager(19548): 	at android.util.Singleton.get(Singleton.java:34)
05-24 09:51:59.976 E/ServiceManager(19548): 	at android.app.ActivityManagerNative.getDefault(ActivityManagerNative.java:82)
05-24 09:51:59.976 E/ServiceManager(19548): 	at java.lang.reflect.Method.invoke(Native Method)
05-24 09:51:59.976 E/ServiceManager(19548): 	at java.lang.reflect.Method.invoke(Method.java:372)
05-24 09:51:59.976 E/ServiceManager(19548): 	at com.qihoo.utils.e.e.a(AppStore:270)
05-24 09:51:59.976 E/ServiceManager(19548): 	at com.qihoo.appstore.persistent.d.b(AppStore:215)
05-24 09:51:59.976 E/ServiceManager(19548): 	at com.qihoo.appstore.persistent.d.a(AppStore:166)
05-24 09:51:59.976 E/ServiceManager(19548): 	at com.qihoo.appstore.persistent.d.run(AppStore:161)
05-24 09:51:59.976 E/ServiceManager(19548): 	at android.os.Handler.handleCallback(Handler.java:739)
05-24 09:51:59.976 E/ServiceManager(19548): 	at android.os.Handler.dispatchMessage(Handler.java:95)
05-24 09:51:59.976 E/ServiceManager(19548): 	at android.os.Looper.loop(Looper.java:135)
05-24 09:51:59.976 E/ServiceManager(19548): 	at android.os.HandlerThread.run(HandlerThread.java:61)
05-24 09:52:00.046 D/SizeAdaptiveLayout( 1429): com.android.internal.widget.SizeAdaptiveLayout{369de83a V.E..... ......ID 0,0-1260,232 #7f0800c1 app:id/adaptive}child view android.widget.FrameLayout{34d9bceb V.E..... ......ID 0,0-1260,231 #1020330 android:id/status_bar_latest_event_content} measured out of bounds at 231px clamped to 232px
05-24 09:52:00.046 D/SizeAdaptiveLayout( 1429): com.android.internal.widget.SizeAdaptiveLayout{96a00c4 V.E..... ......ID 0,0-1260,232 #7f0800c1 app:id/adaptive}child view android.widget.FrameLayout{29f63bad V.E..... ......ID 0,0-1260,231 #1020330 android:id/status_bar_latest_event_content} measured out of bounds at 231px clamped to 232px
05-24 09:52:00.046 D/SizeAdaptiveLayout( 1429): com.android.internal.widget.SizeAdaptiveLayout{3f49d162 V.E..... ......ID 0,0-1260,232 #7f0800c1 app:id/adaptive}child view android.widget.FrameLayout{40632f3 V.E..... ......ID 0,0-1260,231 #1020330 android:id/status_bar_latest_event_content} measured out of bounds at 231px clamped to 232px
05-24 09:52:00.046 D/SizeAdaptiveLayout( 1429): com.android.internal.widget.SizeAdaptiveLayout{3c4f1f4b V.E..... ......ID 0,0-1260,232 #7f0800c1 app:id/adaptive}child view android.widget.FrameLayout{83b5d28 V.E..... ......ID 0,0-1260,231 #1020330 android:id/status_bar_latest_event_content} measured out of bounds at 231px clamped to 232px
05-24 09:52:00.046 D/SizeAdaptiveLayout( 1429): com.android.internal.widget.SizeAdaptiveLayout{11306549 V.E..... ......ID 0,0-1260,232 #7f0800c1 app:id/adaptive}child view android.widget.FrameLayout{2fed8e4e V.E..... ......ID 0,0-1260,231 #1020330 android:id/status_bar_latest_event_content} measured out of bounds at 231px clamped to 232px
