05-24 09:54:21.056 W/System.err( 3413): 	at android.os.Binder.execTransact(Binder.java:446)
05-24 09:54:22.076 W/System.err( 3413): java.lang.ArrayIndexOutOfBoundsException: length=58; index=58
05-24 09:54:22.076 W/System.err( 3413): 	at com.lbe.security.service.provider.internal.AppOpsAdapter$1.getDefaultOp(AppOpsAdapter.java:279)
05-24 09:54:22.076 W/System.err( 3413): 	at com.android.internal.app.IOpsCallback$Stub.onTransact(IOpsCallback.java:68)
05-24 09:54:22.076 W/System.err( 3413): 	at android.os.Binder.execTransact(Binder.java:446)
05-24 09:54:23.096 W/System.err( 3413): java.lang.ArrayIndexOutOfBoundsException: length=58; index=58
05-24 09:54:23.096 W/System.err( 3413): 	at com.lbe.security.service.provider.internal.AppOpsAdapter$1.getDefaultOp(AppOpsAdapter.java:279)
05-24 09:54:23.096 W/System.err( 3413): 	at com.android.internal.app.IOpsCallback$Stub.onTransact(IOpsCallback.java:68)
05-24 09:54:23.096 W/System.err( 3413): 	at android.os.Binder.execTransact(Binder.java:446)
05-24 09:54:24.106 W/System.err( 3413): java.lang.ArrayIndexOutOfBoundsException: length=58; index=58
05-24 09:54:24.116 W/System.err( 3413): 	at com.lbe.security.service.provider.internal.AppOpsAdapter$1.getDefaultOp(AppOpsAdapter.java:279)
05-24 09:54:24.116 W/System.err( 3413): 	at com.android.internal.app.IOpsCallback$Stub.onTransact(IOpsCallback.java:68)
05-24 09:54:24.116 W/System.err( 3413): 	at android.os.Binder.execTransact(Binder.java:446)
05-24 09:54:24.116 W/System.err( 3413): java.lang.ArrayIndexOutOfBoundsException: length=58; index=58
05-24 09:54:24.116 W/System.err( 3413): 	at com.lbe.security.service.provider.internal.AppOpsAdapter$1.getDefaultOp(AppOpsAdapter.java:279)
05-24 09:54:24.116 W/System.err( 3413): 	at com.android.internal.app.IOpsCallback$Stub.onTransact(IOpsCallback.java:68)
05-24 09:54:24.116 W/System.err( 3413): 	at android.os.Binder.execTransact(Binder.java:446)
05-24 09:54:25.126 W/System.err( 3413): java.lang.ArrayIndexOutOfBoundsException: length=58; index=58
05-24 09:54:25.126 W/System.err( 3413): 	at com.lbe.security.service.provider.internal.AppOpsAdapter$1.getDefaultOp(AppOpsAdapter.java:279)
05-24 09:54:25.126 W/System.err( 3413): 	at com.android.internal.app.IOpsCallback$Stub.onTransact(IOpsCallback.java:68)
05-24 09:54:25.126 W/System.err( 3413): 	at android.os.Binder.execTransact(Binder.java:446)
05-24 09:54:25.246 W/System.err( 3413): java.lang.ArrayIndexOutOfBoundsException: length=58; index=58
05-24 09:54:25.246 W/System.err( 3413): 	at com.lbe.security.service.provider.internal.AppOpsAdapter$1.getDefaultOp(AppOpsAdapter.java:279)
05-24 09:54:25.246 W/System.err( 3413): 	at com.android.internal.app.IOpsCallback$Stub.onTransact(IOpsCallback.java:68)
05-24 09:54:25.246 W/System.err( 3413): 	at android.os.Binder.execTransact(Binder.java:446)
05-24 09:54:26.146 W/System.err( 3413): java.lang.ArrayIndexOutOfBoundsException: length=58; index=58
05-24 09:54:26.146 W/System.err( 3413): 	at com.lbe.security.service.provider.internal.AppOpsAdapter$1.getDefaultOp(AppOpsAdapter.java:279)
05-24 09:54:26.146 W/System.err( 3413): 	at com.android.internal.app.IOpsCallback$Stub.onTransact(IOpsCallback.java:68)
05-24 09:54:26.146 W/System.err( 3413): 	at android.os.Binder.execTransact(Binder.java:446)
05-24 09:54:27.156 W/System.err( 3413): java.lang.ArrayIndexOutOfBoundsException: length=58; index=58
05-24 09:54:27.166 W/System.err( 3413): 	at com.lbe.security.service.provider.internal.AppOpsAdapter$1.getDefaultOp(AppOpsAdapter.java:279)
05-24 09:54:27.166 W/System.err( 3413): 	at com.android.internal.app.IOpsCallback$Stub.onTransact(IOpsCallback.java:68)
05-24 09:54:27.166 W/System.err( 3413): 	at android.os.Binder.execTransact(Binder.java:446)
05-24 09:54:28.176 W/System.err( 3413): java.lang.ArrayIndexOutOfBoundsException: length=58; index=58
05-24 09:54:28.176 W/System.err( 3413): 	at com.lbe.security.service.provider.internal.AppOpsAdapter$1.getDefaultOp(AppOpsAdapter.java:279)
05-24 09:54:28.176 W/System.err( 3413): 	at com.android.internal.app.IOpsCallback$Stub.onTransact(IOpsCallback.java:68)
05-24 09:54:28.176 W/System.err( 3413): 	at android.os.Binder.execTransact(Binder.java:446)
05-24 09:54:29.196 W/System.err( 3413): java.lang.ArrayIndexOutOfBoundsException: length=58; index=58
05-24 09:54:29.196 W/System.err( 3413): 	at com.lbe.security.service.provider.internal.AppOpsAdapter$1.getDefaultOp(AppOpsAdapter.java:279)
05-24 09:54:29.196 W/System.err( 3413): 	at com.android.internal.app.IOpsCallback$Stub.onTransact(IOpsCallback.java:68)
05-24 09:54:29.196 W/System.err( 3413): 	at android.os.Binder.execTransact(Binder.java:446)
05-24 09:54:29.206 W/System.err( 3413): java.lang.ArrayIndexOutOfBoundsException: length=58; index=58
05-24 09:54:29.206 W/System.err( 3413): 	at com.lbe.security.service.provider.internal.AppOpsAdapter$1.getDefaultOp(AppOpsAdapter.java:279)
05-24 09:54:29.206 W/System.err( 3413): 	at com.android.internal.app.IOpsCallback$Stub.onTransact(IOpsCallback.java:68)
05-24 09:54:29.206 W/System.err( 3413): 	at android.os.Binder.execTransact(Binder.java:446)
05-24 09:54:29.246 D/DnsFallback(  432): query: openbox.mobilem.360.cn
05-24 09:54:29.246 E/Volley  (19387): [1906] f.a: Unexpected response code 0 for http://openbox.mobilem.360.cn/GameFloatWindow/gameList?&ver=v2
05-24 09:54:30.206 W/System.err( 3413): java.lang.ArrayIndexOutOfBoundsException: length=58; index=58
05-24 09:54:30.206 W/System.err( 3413): 	at com.lbe.security.service.provider.internal.AppOpsAdapter$1.getDefaultOp(AppOpsAdapter.java:279)
05-24 09:54:30.206 W/System.err( 3413): 	at com.android.internal.app.IOpsCallback$Stub.onTransact(IOpsCallback.java:68)
05-24 09:54:30.206 W/System.err( 3413): 	at android.os.Binder.execTransact(Binder.java:446)
05-24 09:54:30.786 D/O2OStats:(27904): net status cannot allow to send data!
05-24 09:54:31.226 W/System.err( 3413): java.lang.ArrayIndexOutOfBoundsException: length=58; index=58
05-24 09:54:31.226 W/System.err( 3413): 	at com.lbe.security.service.provider.internal.AppOpsAdapter$1.getDefaultOp(AppOpsAdapter.java:279)
05-24 09:54:31.226 W/System.err( 3413): 	at com.android.internal.app.IOpsCallback$Stub.onTransact(IOpsCallback.java:68)
05-24 09:54:31.226 W/System.err( 3413): 	at android.os.Binder.execTransact(Binder.java:446)
05-24 09:54:32.236 W/System.err( 3413): java.lang.ArrayIndexOutOfBoundsException: length=58; index=58
05-24 09:54:32.236 W/System.err( 3413): 	at com.lbe.security.service.provider.internal.AppOpsAdapter$1.getDefaultOp(AppOpsAdapter.java:279)
05-24 09:54:32.236 W/System.err( 3413): 	at com.android.internal.app.IOpsCallback$Stub.onTransact(IOpsCallback.java:68)
05-24 09:54:32.236 W/System.err( 3413): 	at android.os.Binder.execTransact(Binder.java:446)
05-24 09:54:33.256 W/System.err( 3413): java.lang.ArrayIndexOutOfBoundsException: length=58; index=58
05-24 09:54:33.256 W/System.err( 3413): 	at com.lbe.security.service.provider.internal.AppOpsAdapter$1.getDefaultOp(AppOpsAdapter.java:279)
05-24 09:54:33.256 W/System.err( 3413): 	at com.android.internal.app.IOpsCallback$Stub.onTransact(IOpsCallback.java:68)
05-24 09:54:33.256 W/System.err( 3413): 	at android.os.Binder.execTransact(Binder.java:446)
05-24 09:54:34.266 W/System.err( 3413): java.lang.ArrayIndexOutOfBoundsException: length=58; index=58
05-24 09:54:34.276 W/System.err( 3413): 	at com.lbe.security.service.provider.internal.AppOpsAdapter$1.getDefaultOp(AppOpsAdapter.java:279)
05-24 09:54:34.276 W/System.err( 3413): 	at com.android.internal.app.IOpsCallback$Stub.onTransact(IOpsCallback.java:68)
05-24 09:54:34.276 W/System.err( 3413): 	at android.os.Binder.execTransact(Binder.java:446)
05-24 09:54:34.286 W/System.err( 3413): java.lang.ArrayIndexOutOfBoundsException: length=58; index=58
05-24 09:54:34.286 W/System.err( 3413): 	at com.lbe.security.service.provider.internal.AppOpsAdapter$1.getDefaultOp(AppOpsAdapter.java:279)
05-24 09:54:34.286 W/System.err( 3413): 	at com.android.internal.app.IOpsCallback$Stub.onTransact(IOpsCallback.java:68)
05-24 09:54:34.286 W/System.err( 3413): 	at android.os.Binder.execTransact(Binder.java:446)
05-24 09:54:35.286 W/System.err( 3413): java.lang.ArrayIndexOutOfBoundsException: length=58; index=58
05-24 09:54:35.286 W/System.err( 3413): 	at com.lbe.security.service.provider.internal.AppOpsAdapter$1.getDefaultOp(AppOpsAdapter.java:279)
05-24 09:54:35.286 W/System.err( 3413): 	at com.android.internal.app.IOpsCallback$Stub.onTransact(IOpsCallback.java:68)
05-24 09:54:35.286 W/System.err( 3413): 	at android.os.Binder.execTransact(Binder.java:446)
05-24 09:54:35.296 W/System.err( 3413): java.lang.ArrayIndexOutOfBoundsException: length=58; index=58
05-24 09:54:35.296 W/System.err( 3413): 	at com.lbe.security.service.provider.internal.AppOpsAdapter$1.getDefaultOp(AppOpsAdapter.java:279)
05-24 09:54:35.296 W/System.err( 3413): 	at com.android.internal.app.IOpsCallback$Stub.onTransact(IOpsCallback.java:68)
05-24 09:54:35.296 W/System.err( 3413): 	at android.os.Binder.execTransact(Binder.java:446)
05-24 09:54:36.306 W/System.err( 3413): java.lang.ArrayIndexOutOfBoundsException: length=58; index=58
05-24 09:54:36.306 W/System.err( 3413): 	at com.lbe.security.service.provider.internal.AppOpsAdapter$1.getDefaultOp(AppOpsAdapter.java:279)
05-24 09:54:36.306 W/System.err( 3413): 	at com.android.internal.app.IOpsCallback$Stub.onTransact(IOpsCallback.java:68)
05-24 09:54:36.306 W/System.err( 3413): 	at android.os.Binder.execTransact(Binder.java:446)
05-24 09:54:37.316 W/System.err( 3413): java.lang.ArrayIndexOutOfBoundsException: length=58; index=58
05-24 09:54:37.316 W/System.err( 3413): 	at com.lbe.security.service.provider.internal.AppOpsAdapter$1.getDefaultOp(AppOpsAdapter.java:279)
05-24 09:54:37.316 W/System.err( 3413): 	at com.android.internal.app.IOpsCallback$Stub.onTransact(IOpsCallback.java:68)
05-24 09:54:37.316 W/System.err( 3413): 	at android.os.Binder.execTransact(Binder.java:446)
05-24 09:54:38.336 W/System.err( 3413): java.lang.ArrayIndexOutOfBoundsException: length=58; index=58
05-24 09:54:38.336 W/System.err( 3413): 	at com.lbe.security.service.provider.internal.AppOpsAdapter$1.getDefaultOp(AppOpsAdapter.java:279)
05-24 09:54:38.336 W/System.err( 3413): 	at com.android.internal.app.IOpsCallback$Stub.onTransact(IOpsCallback.java:68)
05-24 09:54:38.336 W/System.err( 3413): 	at android.os.Binder.execTransact(Binder.java:446)
05-24 09:54:39.336 W/System.err( 3413): java.lang.ArrayIndexOutOfBoundsException: length=58; index=58
05-24 09:54:39.336 W/System.err( 3413): 	at com.lbe.security.service.provider.internal.AppOpsAdapter$1.getDefaultOp(AppOpsAdapter.java:279)
05-24 09:54:39.336 W/System.err( 3413): 	at com.android.internal.app.IOpsCallback$Stub.onTransact(IOpsCallback.java:68)
05-24 09:54:39.336 W/System.err( 3413): 	at android.os.Binder.execTransact(Binder.java:446)
05-24 09:54:39.356 W/System.err( 3413): java.lang.ArrayIndexOutOfBoundsException: length=58; index=58
05-24 09:54:39.356 W/System.err( 3413): 	at com.lbe.security.service.provider.internal.AppOpsAdapter$1.getDefaultOp(AppOpsAdapter.java:279)
05-24 09:54:39.356 W/System.err( 3413): 	at com.android.internal.app.IOpsCallback$Stub.onTransact(IOpsCallback.java:68)
05-24 09:54:39.356 W/System.err( 3413): 	at android.os.Binder.execTransact(Binder.java:446)
05-24 09:54:40.366 W/System.err( 3413): java.lang.ArrayIndexOutOfBoundsException: length=58; index=58
05-24 09:54:40.366 W/System.err( 3413): 	at com.lbe.security.service.provider.internal.AppOpsAdapter$1.getDefaultOp(AppOpsAdapter.java:279)
05-24 09:54:40.366 W/System.err( 3413): 	at com.android.internal.app.IOpsCallback$Stub.onTransact(IOpsCallback.java:68)
05-24 09:54:40.366 W/System.err( 3413): 	at android.os.Binder.execTransact(Binder.java:446)
05-24 09:54:40.806 D/O2OStats:(27904): net status cannot allow to send data!
05-24 09:54:41.386 W/System.err( 3413): java.lang.ArrayIndexOutOfBoundsException: length=58; index=58
05-24 09:54:41.386 W/System.err( 3413): 	at com.lbe.security.service.provider.internal.AppOpsAdapter$1.getDefaultOp(AppOpsAdapter.java:279)
05-24 09:54:41.386 W/System.err( 3413): 	at com.android.internal.app.IOpsCallback$Stub.onTransact(IOpsCallback.java:68)
05-24 09:54:41.386 W/System.err( 3413): 	at android.os.Binder.execTransact(Binder.java:446)
05-24 09:54:42.406 W/System.err( 3413): java.lang.ArrayIndexOutOfBoundsException: length=58; index=58
05-24 09:54:42.406 W/System.err( 3413): 	at com.lbe.security.service.provider.internal.AppOpsAdapter$1.getDefaultOp(AppOpsAdapter.java:279)
05-24 09:54:42.406 W/System.err( 3413): 	at com.android.internal.app.IOpsCallback$Stub.onTransact(IOpsCallback.java:68)
05-24 09:54:42.406 W/System.err( 3413): 	at android.os.Binder.execTransact(Binder.java:446)
05-24 09:54:43.426 W/System.err( 3413): java.lang.ArrayIndexOutOfBoundsException: length=58; index=58
05-24 09:54:43.426 W/System.err( 3413): 	at com.lbe.security.service.provider.internal.AppOpsAdapter$1.getDefaultOp(AppOpsAdapter.java:279)
05-24 09:54:43.426 W/System.err( 3413): 	at com.android.internal.app.IOpsCallback$Stub.onTransact(IOpsCallback.java:68)
05-24 09:54:43.426 W/System.err( 3413): 	at android.os.Binder.execTransact(Binder.java:446)
05-24 09:54:44.416 W/System.err( 3413): java.lang.ArrayIndexOutOfBoundsException: length=58; index=58
05-24 09:54:44.416 W/System.err( 3413): 	at com.lbe.security.service.provider.internal.AppOpsAdapter$1.getDefaultOp(AppOpsAdapter.java:279)
05-24 09:54:44.416 W/System.err( 3413): 	at com.android.internal.app.IOpsCallback$Stub.onTransact(IOpsCallback.java:68)
05-24 09:54:44.416 W/System.err( 3413): 	at android.os.Binder.execTransact(Binder.java:446)
05-24 09:54:44.446 W/System.err( 3413): java.lang.ArrayIndexOutOfBoundsException: length=58; index=58
05-24 09:54:44.446 W/System.err( 3413): 	at com.lbe.security.service.provider.internal.AppOpsAdapter$1.getDefaultOp(AppOpsAdapter.java:279)
05-24 09:54:44.446 W/System.err( 3413): 	at com.android.internal.app.IOpsCallback$Stub.onTransact(IOpsCallback.java:68)
05-24 09:54:44.446 W/System.err( 3413): 	at android.os.Binder.execTransact(Binder.java:446)
05-24 09:54:45.356 W/System.err( 3413): java.lang.ArrayIndexOutOfBoundsException: length=58; index=58
05-24 09:54:45.356 W/System.err( 3413): 	at com.lbe.security.service.provider.internal.AppOpsAdapter$1.getDefaultOp(AppOpsAdapter.java:279)
05-24 09:54:45.356 W/System.err( 3413): 	at com.android.internal.app.IOpsCallback$Stub.onTransact(IOpsCallback.java:68)
05-24 09:54:45.356 W/System.err( 3413): 	at android.os.Binder.execTransact(Binder.java:446)
05-24 09:54:45.456 W/System.err( 3413): java.lang.ArrayIndexOutOfBoundsException: length=58; index=58
05-24 09:54:45.456 W/System.err( 3413): 	at com.lbe.security.service.provider.internal.AppOpsAdapter$1.getDefaultOp(AppOpsAdapter.java:279)
05-24 09:54:45.456 W/System.err( 3413): 	at com.android.internal.app.IOpsCallback$Stub.onTransact(IOpsCallback.java:68)
05-24 09:54:45.456 W/System.err( 3413): 	at android.os.Binder.execTransact(Binder.java:446)
05-24 09:54:46.476 W/System.err( 3413): java.lang.ArrayIndexOutOfBoundsException: length=58; index=58
05-24 09:54:46.476 W/System.err( 3413): 	at com.lbe.security.service.provider.internal.AppOpsAdapter$1.getDefaultOp(AppOpsAdapter.java:279)
05-24 09:54:46.476 W/System.err( 3413): 	at com.android.internal.app.IOpsCallback$Stub.onTransact(IOpsCallback.java:68)
05-24 09:54:46.476 W/System.err( 3413): 	at android.os.Binder.execTransact(Binder.java:446)
05-24 09:54:47.496 W/System.err( 3413): java.lang.ArrayIndexOutOfBoundsException: length=58; index=58
05-24 09:54:47.496 W/System.err( 3413): 	at com.lbe.security.service.provider.internal.AppOpsAdapter$1.getDefaultOp(AppOpsAdapter.java:279)
05-24 09:54:47.496 W/System.err( 3413): 	at com.android.internal.app.IOpsCallback$Stub.onTransact(IOpsCallback.java:68)
05-24 09:54:47.496 W/System.err( 3413): 	at android.os.Binder.execTransact(Binder.java:446)
05-24 09:54:48.506 W/System.err( 3413): java.lang.ArrayIndexOutOfBoundsException: length=58; index=58
05-24 09:54:48.506 W/System.err( 3413): 	at com.lbe.security.service.provider.internal.AppOpsAdapter$1.getDefaultOp(AppOpsAdapter.java:279)
05-24 09:54:48.506 W/System.err( 3413): 	at com.android.internal.app.IOpsCallback$Stub.onTransact(IOpsCallback.java:68)
05-24 09:54:48.506 W/System.err( 3413): 	at android.os.Binder.execTransact(Binder.java:446)
05-24 09:54:49.506 W/System.err( 3413): java.lang.ArrayIndexOutOfBoundsException: length=58; index=58
05-24 09:54:49.506 W/System.err( 3413): 	at com.lbe.security.service.provider.internal.AppOpsAdapter$1.getDefaultOp(AppOpsAdapter.java:279)
05-24 09:54:49.506 W/System.err( 3413): 	at com.android.internal.app.IOpsCallback$Stub.onTransact(IOpsCallback.java:68)
05-24 09:54:49.506 W/System.err( 3413): 	at android.os.Binder.execTransact(Binder.java:446)
05-24 09:54:49.526 W/System.err( 3413): java.lang.ArrayIndexOutOfBoundsException: length=58; index=58
05-24 09:54:49.526 W/System.err( 3413): 	at com.lbe.security.service.provider.internal.AppOpsAdapter$1.getDefaultOp(AppOpsAdapter.java:279)
05-24 09:54:49.526 W/System.err( 3413): 	at com.android.internal.app.IOpsCallback$Stub.onTransact(IOpsCallback.java:68)
05-24 09:54:49.526 W/System.err( 3413): 	at android.os.Binder.execTransact(Binder.java:446)
05-24 09:54:50.546 W/System.err( 3413): java.lang.ArrayIndexOutOfBoundsException: length=58; index=58
05-24 09:54:50.546 W/System.err( 3413): 	at com.lbe.security.service.provider.internal.AppOpsAdapter$1.getDefaultOp(AppOpsAdapter.java:279)
05-24 09:54:50.546 W/System.err( 3413): 	at com.android.internal.app.IOpsCallback$Stub.onTransact(IOpsCallback.java:68)
05-24 09:54:50.546 W/System.err( 3413): 	at android.os.Binder.execTransact(Binder.java:446)
05-24 09:54:50.816 D/O2OStats:(27904): net status cannot allow to send data!
05-24 09:54:51.556 W/System.err( 3413): java.lang.ArrayIndexOutOfBoundsException: length=58; index=58
05-24 09:54:51.556 W/System.err( 3413): 	at com.lbe.security.service.provider.internal.AppOpsAdapter$1.getDefaultOp(AppOpsAdapter.java:279)
05-24 09:54:51.556 W/System.err( 3413): 	at com.android.internal.app.IOpsCallback$Stub.onTransact(IOpsCallback.java:68)
05-24 09:54:51.556 W/System.err( 3413): 	at android.os.Binder.execTransact(Binder.java:446)
05-24 09:54:52.576 W/System.err( 3413): java.lang.ArrayIndexOutOfBoundsException: length=58; index=58
05-24 09:54:52.576 W/System.err( 3413): 	at com.lbe.security.service.provider.internal.AppOpsAdapter$1.getDefaultOp(AppOpsAdapter.java:279)
05-24 09:54:52.576 W/System.err( 3413): 	at com.android.internal.app.IOpsCallback$Stub.onTransact(IOpsCallback.java:68)
05-24 09:54:52.576 W/System.err( 3413): 	at android.os.Binder.execTransact(Binder.java:446)
05-24 09:54:53.596 W/System.err( 3413): java.lang.ArrayIndexOutOfBoundsException: length=58; index=58
05-24 09:54:53.596 W/System.err( 3413): 	at com.lbe.security.service.provider.internal.AppOpsAdapter$1.getDefaultOp(AppOpsAdapter.java:279)
05-24 09:54:53.596 W/System.err( 3413): 	at com.android.internal.app.IOpsCallback$Stub.onTransact(IOpsCallback.java:68)
05-24 09:54:53.596 W/System.err( 3413): 	at android.os.Binder.execTransact(Binder.java:446)
05-24 09:54:54.566 W/System.err( 3413): java.lang.ArrayIndexOutOfBoundsException: length=58; index=58
05-24 09:54:54.566 W/System.err( 3413): 	at com.lbe.security.service.provider.internal.AppOpsAdapter$1.getDefaultOp(AppOpsAdapter.java:279)
05-24 09:54:54.566 W/System.err( 3413): 	at com.android.internal.app.IOpsCallback$Stub.onTransact(IOpsCallback.java:68)
05-24 09:54:54.566 W/System.err( 3413): 	at android.os.Binder.execTransact(Binder.java:446)
05-24 09:54:54.606 W/System.err( 3413): java.lang.ArrayIndexOutOfBoundsException: length=58; index=58
05-24 09:54:54.606 W/System.err( 3413): 	at com.lbe.security.service.provider.internal.AppOpsAdapter$1.getDefaultOp(AppOpsAdapter.java:279)
05-24 09:54:54.606 W/System.err( 3413): 	at com.android.internal.app.IOpsCallback$Stub.onTransact(IOpsCallback.java:68)
05-24 09:54:54.606 W/System.err( 3413): 	at android.os.Binder.execTransact(Binder.java:446)
05-24 09:54:55.416 W/System.err( 3413): java.lang.ArrayIndexOutOfBoundsException: length=58; index=58
05-24 09:54:55.416 W/System.err( 3413): 	at com.lbe.security.service.provider.internal.AppOpsAdapter$1.getDefaultOp(AppOpsAdapter.java:279)
05-24 09:54:55.416 W/System.err( 3413): 	at com.android.internal.app.IOpsCallback$Stub.onTransact(IOpsCallback.java:68)
05-24 09:54:55.416 W/System.err( 3413): 	at android.os.Binder.execTransact(Binder.java:446)
05-24 09:54:55.616 W/System.err( 3413): java.lang.ArrayIndexOutOfBoundsException: length=58; index=58
05-24 09:54:55.626 W/System.err( 3413): 	at com.lbe.security.service.provider.internal.AppOpsAdapter$1.getDefaultOp(AppOpsAdapter.java:279)
05-24 09:54:55.626 W/System.err( 3413): 	at com.android.internal.app.IOpsCallback$Stub.onTransact(IOpsCallback.java:68)
05-24 09:54:55.626 W/System.err( 3413): 	at android.os.Binder.execTransact(Binder.java:446)
05-24 09:54:56.636 W/System.err( 3413): java.lang.ArrayIndexOutOfBoundsException: length=58; index=58
05-24 09:54:56.636 W/System.err( 3413): 	at com.lbe.security.service.provider.internal.AppOpsAdapter$1.getDefaultOp(AppOpsAdapter.java:279)
05-24 09:54:56.636 W/System.err( 3413): 	at com.android.internal.app.IOpsCallback$Stub.onTransact(IOpsCallback.java:68)
05-24 09:54:56.636 W/System.err( 3413): 	at android.os.Binder.execTransact(Binder.java:446)
05-24 09:54:57.656 W/System.err( 3413): java.lang.ArrayIndexOutOfBoundsException: length=58; index=58
05-24 09:54:57.656 W/System.err( 3413): 	at com.lbe.security.service.provider.internal.AppOpsAdapter$1.getDefaultOp(AppOpsAdapter.java:279)
05-24 09:54:57.656 W/System.err( 3413): 	at com.android.internal.app.IOpsCallback$Stub.onTransact(IOpsCallback.java:68)
05-24 09:54:57.656 W/System.err( 3413): 	at android.os.Binder.execTransact(Binder.java:446)
05-24 09:54:58.666 W/System.err( 3413): java.lang.ArrayIndexOutOfBoundsException: length=58; index=58
05-24 09:54:58.666 W/System.err( 3413): 	at com.lbe.security.service.provider.internal.AppOpsAdapter$1.getDefaultOp(AppOpsAdapter.java:279)
05-24 09:54:58.666 W/System.err( 3413): 	at com.android.internal.app.IOpsCallback$Stub.onTransact(IOpsCallback.java:68)
05-24 09:54:58.666 W/System.err( 3413): 	at android.os.Binder.execTransact(Binder.java:446)
05-24 09:54:59.626 W/System.err( 3413): java.lang.ArrayIndexOutOfBoundsException: length=58; index=58
05-24 09:54:59.626 W/System.err( 3413): 	at com.lbe.security.service.provider.internal.AppOpsAdapter$1.getDefaultOp(AppOpsAdapter.java:279)
05-24 09:54:59.626 W/System.err( 3413): 	at com.android.internal.app.IOpsCallback$Stub.onTransact(IOpsCallback.java:68)
05-24 09:54:59.626 W/System.err( 3413): 	at android.os.Binder.execTransact(Binder.java:446)
05-24 09:54:59.686 W/System.err( 3413): java.lang.ArrayIndexOutOfBoundsException: length=58; index=58
05-24 09:54:59.686 W/System.err( 3413): 	at com.lbe.security.service.provider.internal.AppOpsAdapter$1.getDefaultOp(AppOpsAdapter.java:279)
05-24 09:54:59.686 W/System.err( 3413): 	at com.android.internal.app.IOpsCallback$Stub.onTransact(IOpsCallback.java:68)
05-24 09:54:59.686 W/System.err( 3413): 	at android.os.Binder.execTransact(Binder.java:446)
05-24 09:55:00.036 D/SizeAdaptiveLayout( 1429): com.android.internal.widget.SizeAdaptiveLayout{369de83a V.E..... ......ID 0,0-1260,232 #7f0800c1 app:id/adaptive}child view android.widget.FrameLayout{34d9bceb V.E..... ......ID 0,0-1260,231 #1020330 android:id/status_bar_latest_event_content} measured out of bounds at 231px clamped to 232px
05-24 09:55:00.036 D/SizeAdaptiveLayout( 1429): com.android.internal.widget.SizeAdaptiveLayout{96a00c4 V.E..... ......ID 0,0-1260,232 #7f0800c1 app:id/adaptive}child view android.widget.FrameLayout{29f63bad V.E..... ......ID 0,0-1260,231 #1020330 android:id/status_bar_latest_event_content} measured out of bounds at 231px clamped to 232px
05-24 09:55:00.036 D/SizeAdaptiveLayout( 1429): com.android.internal.widget.SizeAdaptiveLayout{3f49d162 V.E..... ......ID 0,0-1260,232 #7f0800c1 app:id/adaptive}child view android.widget.FrameLayout{40632f3 V.E..... ......ID 0,0-1260,231 #1020330 android:id/status_bar_latest_event_content} measured out of bounds at 231px clamped to 232px
05-24 09:55:00.036 D/SizeAdaptiveLayout( 1429): com.android.internal.widget.SizeAdaptiveLayout{3c4f1f4b V.E..... ......ID 0,0-1260,232 #7f0800c1 app:id/adaptive}child view android.widget.FrameLayout{83b5d28 V.E..... ......ID 0,0-1260,231 #1020330 android:id/status_bar_latest_event_content} measured out of bounds at 231px clamped to 232px
05-24 09:55:00.046 D/SizeAdaptiveLayout( 1429): com.android.internal.widget.SizeAdaptiveLayout{11306549 V.E..... ......ID 0,0-1260,232 #7f0800c1 app:id/adaptive}child view android.widget.FrameLayout{2fed8e4e V.E..... ......ID 0,0-1260,231 #1020330 android:id/status_bar_latest_event_content} measured out of bounds at 231px clamped to 232px
05-24 09:55:00.046 D/SizeAdaptiveLayout( 1429): com.android.internal.widget.SizeAdaptiveLayout{59e7542 V.E..... ......ID 0,0-1260,232 #7f0800c1 app:id/adaptive}child view android.widget.FrameLayout{1f3e3953 V.E..... ......ID 0,0-1260,231 #1020330 android:id/status_bar_latest_event_content} measured out of bounds at 231px clamped to 232px
05-24 09:55:00.046 D/SizeAdaptiveLayout( 1429): com.android.internal.widget.SizeAdaptiveLayout{316d5c41 V.E..... ......ID 0,0-1260,232 #7f0800c1 app:id/adaptive}child view android.widget.FrameLayout{38f245e6 V.E..... ......ID 0,0-1260,231 #1020330 android:id/status_bar_latest_event_content} measured out of bounds at 231px clamped to 232px
05-24 09:55:00.046 D/SizeAdaptiveLayout( 1429): com.android.internal.widget.SizeAdaptiveLayout{1bf965d9 V.E..... ......ID 0,0-1260,232 #7f0800c1 app:id/adaptive}child view android.widget.FrameLayout{50eab9e V.E..... ......ID 0,0-1260,231 #1020330 android:id/status_bar_latest_event_content} measured out of bounds at 231px clamped to 232px
05-24 09:55:00.046 D/SizeAdaptiveLayout( 1429): com.android.internal.widget.SizeAdaptiveLayout{2b0da289 V.E..... ......ID 0,0-1260,232 #7f0800c1 app:id/adaptive}child view android.widget.FrameLayout{3b4a228e V.E..... ......ID 0,0-1260,231 #1020330 android:id/status_bar_latest_event_content} measured out of bounds at 231px clamped to 232px
05-24 09:55:00.046 D/SizeAdaptiveLayout( 1429): com.android.internal.widget.SizeAdaptiveLayout{2564d55a V.E..... ......ID 0,0-1260,232 #7f0800c1 app:id/adaptive}child view android.widget.FrameLayout{28c738b V.E..... ......ID 0,0-1260,231 #1020330 android:id/status_bar_latest_event_content} measured out of bounds at 231px clamped to 232px
05-24 09:55:00.046 D/SizeAdaptiveLayout( 1429): com.android.internal.widget.SizeAdaptiveLayout{983bc68 V.E..... ......ID 0,0-1260,232 #7f0800c1 app:id/adaptive}child view android.widget.FrameLayout{10ef1881 V.E..... ......ID 0,0-1260,231 #1020330 android:id/status_bar_latest_event_content} measured out of bounds at 231px clamped to 232px
05-24 09:55:00.046 D/SizeAdaptiveLayout( 1429): com.android.internal.widget.SizeAdaptiveLayout{40aed26 V.E..... ......ID 0,0-1260,232 #7f0800c1 app:id/adaptive}child view android.widget.FrameLayout{1e4cbd67 V.E..... ......ID 0,0-1260,231 #1020330 android:id/status_bar_latest_event_content} measured out of bounds at 231px clamped to 232px
05-24 09:55:00.046 D/SizeAdaptiveLayout( 1429): com.android.internal.widget.SizeAdaptiveLayout{2f85dbec V.E..... ......ID 0,0-1260,232 #7f0800c1 app:id/adaptive}child view android.widget.FrameLayout{988bbb5 V.E..... ......ID 0,0-1260,231 #1020330 android:id/status_bar_latest_event_content} measured out of bounds at 231px clamped to 232px
05-24 09:55:00.206 D/PhoneStatusBar( 1429): updateNotification pkg=com.qihoo.appstore;id=10012
05-24 09:55:00.236 D/SizeAdaptiveLayout( 1429): com.android.internal.widget.SizeAdaptiveLayout{2af59d25 V.E..... ......ID 0,0-1260,232 #7f0800c1 app:id/adaptive}child view android.widget.RelativeLayout{10135efa V.E..... ......ID 0,0-1260,256} measured out of bounds at 231px clamped to 232px
05-24 09:55:00.236 D/PhoneStatusBar( 1429): updateNotification pkg=com.qihoo.appstore;id=10012
05-24 09:55:00.266 D/SizeAdaptiveLayout( 1429): com.android.internal.widget.SizeAdaptiveLayout{2af59d25 V.E..... ......ID 0,0-1260,232 #7f0800c1 app:id/adaptive}child view android.widget.RelativeLayout{10135efa V.E..... ......ID 0,0-1260,256} measured out of bounds at 231px clamped to 232px
05-24 09:55:00.696 W/System.err( 3413): java.lang.ArrayIndexOutOfBoundsException: length=58; index=58
05-24 09:55:00.696 W/System.err( 3413): 	at com.lbe.security.service.provider.internal.AppOpsAdapter$1.getDefaultOp(AppOpsAdapter.java:279)
05-24 09:55:00.696 W/System.err( 3413): 	at com.android.internal.app.IOpsCallback$Stub.onTransact(IOpsCallback.java:68)
05-24 09:55:00.696 W/System.err( 3413): 	at android.os.Binder.execTransact(Binder.java:446)
05-24 09:55:00.826 D/O2OStats:(27904): net status cannot allow to send data!
05-24 09:55:01.716 W/System.err( 3413): java.lang.ArrayIndexOutOfBoundsException: length=58; index=58
05-24 09:55:01.716 W/System.err( 3413): 	at com.lbe.security.service.provider.internal.AppOpsAdapter$1.getDefaultOp(AppOpsAdapter.java:279)
05-24 09:55:01.716 W/System.err( 3413): 	at com.android.internal.app.IOpsCallback$Stub.onTransact(IOpsCallback.java:68)
05-24 09:55:01.716 W/System.err( 3413): 	at android.os.Binder.execTransact(Binder.java:446)
05-24 09:55:02.736 W/System.err( 3413): java.lang.ArrayIndexOutOfBoundsException: length=58; index=58
05-24 09:55:02.736 W/System.err( 3413): 	at com.lbe.security.service.provider.internal.AppOpsAdapter$1.getDefaultOp(AppOpsAdapter.java:279)
05-24 09:55:02.736 W/System.err( 3413): 	at com.android.internal.app.IOpsCallback$Stub.onTransact(IOpsCallback.java:68)
05-24 09:55:02.736 W/System.err( 3413): 	at android.os.Binder.execTransact(Binder.java:446)
05-24 09:55:03.746 W/System.err( 3413): java.lang.ArrayIndexOutOfBoundsException: length=58; index=58
05-24 09:55:03.746 W/System.err( 3413): 	at com.lbe.security.service.provider.internal.AppOpsAdapter$1.getDefaultOp(AppOpsAdapter.java:279)
05-24 09:55:03.746 W/System.err( 3413): 	at com.android.internal.app.IOpsCallback$Stub.onTransact(IOpsCallback.java:68)
05-24 09:55:03.746 W/System.err( 3413): 	at android.os.Binder.execTransact(Binder.java:446)
05-24 09:55:04.706 W/System.err( 3413): java.lang.ArrayIndexOutOfBoundsException: length=58; index=58
05-24 09:55:04.706 W/System.err( 3413): 	at com.lbe.security.service.provider.internal.AppOpsAdapter$1.getDefaultOp(AppOpsAdapter.java:279)
05-24 09:55:04.706 W/System.err( 3413): 	at com.android.internal.app.IOpsCallback$Stub.onTransact(IOpsCallback.java:68)
05-24 09:55:04.706 W/System.err( 3413): 	at android.os.Binder.execTransact(Binder.java:446)
05-24 09:55:04.756 W/System.err( 3413): java.lang.ArrayIndexOutOfBoundsException: length=58; index=58
05-24 09:55:04.756 W/System.err( 3413): 	at com.lbe.security.service.provider.internal.AppOpsAdapter$1.getDefaultOp(AppOpsAdapter.java:279)
05-24 09:55:04.756 W/System.err( 3413): 	at com.android.internal.app.IOpsCallback$Stub.onTransact(IOpsCallback.java:68)
05-24 09:55:04.756 W/System.err( 3413): 	at android.os.Binder.execTransact(Binder.java:446)
05-24 09:55:05.436 W/System.err( 3413): java.lang.ArrayIndexOutOfBoundsException: length=58; index=58
05-24 09:55:05.436 W/System.err( 3413): 	at com.lbe.security.service.provider.internal.AppOpsAdapter$1.getDefaultOp(AppOpsAdapter.java:279)
05-24 09:55:05.436 W/System.err( 3413): 	at com.android.internal.app.IOpsCallback$Stub.onTransact(IOpsCallback.java:68)
05-24 09:55:05.436 W/System.err( 3413): 	at android.os.Binder.execTransact(Binder.java:446)
05-24 09:55:05.776 W/System.err( 3413): java.lang.ArrayIndexOutOfBoundsException: length=58; index=58
05-24 09:55:05.776 W/System.err( 3413): 	at com.lbe.security.service.provider.internal.AppOpsAdapter$1.getDefaultOp(AppOpsAdapter.java:279)
05-24 09:55:05.776 W/System.err( 3413): 	at com.android.internal.app.IOpsCallback$Stub.onTransact(IOpsCallback.java:68)
05-24 09:55:05.776 W/System.err( 3413): 	at android.os.Binder.execTransact(Binder.java:446)
05-24 09:55:06.786 W/System.err( 3413): java.lang.ArrayIndexOutOfBoundsException: length=58; index=58
05-24 09:55:06.786 W/System.err( 3413): 	at com.lbe.security.service.provider.internal.AppOpsAdapter$1.getDefaultOp(AppOpsAdapter.java:279)
05-24 09:55:06.786 W/System.err( 3413): 	at com.android.internal.app.IOpsCallback$Stub.onTransact(IOpsCallback.java:68)
05-24 09:55:06.786 W/System.err( 3413): 	at android.os.Binder.execTransact(Binder.java:446)
05-24 09:55:07.806 W/System.err( 3413): java.lang.ArrayIndexOutOfBoundsException: length=58; index=58
05-24 09:55:07.806 W/System.err( 3413): 	at com.lbe.security.service.provider.internal.AppOpsAdapter$1.getDefaultOp(AppOpsAdapter.java:279)
05-24 09:55:07.806 W/System.err( 3413): 	at com.android.internal.app.IOpsCallback$Stub.onTransact(IOpsCallback.java:68)
05-24 09:55:07.806 W/System.err( 3413): 	at android.os.Binder.execTransact(Binder.java:446)
05-24 09:55:08.826 W/System.err( 3413): java.lang.ArrayIndexOutOfBoundsException: length=58; index=58
05-24 09:55:08.826 W/System.err( 3413): 	at com.lbe.security.service.provider.internal.AppOpsAdapter$1.getDefaultOp(AppOpsAdapter.java:279)
05-24 09:55:08.826 W/System.err( 3413): 	at com.android.internal.app.IOpsCallback$Stub.onTransact(IOpsCallback.java:68)
05-24 09:55:08.826 W/System.err( 3413): 	at android.os.Binder.execTransact(Binder.java:446)
05-24 09:55:09.786 W/System.err( 3413): java.lang.ArrayIndexOutOfBoundsException: length=58; index=58
05-24 09:55:09.786 W/System.err( 3413): 	at com.lbe.security.service.provider.internal.AppOpsAdapter$1.getDefaultOp(AppOpsAdapter.java:279)
05-24 09:55:09.786 W/System.err( 3413): 	at com.android.internal.app.IOpsCallback$Stub.onTransact(IOpsCallback.java:68)
05-24 09:55:09.786 W/System.err( 3413): 	at android.os.Binder.execTransact(Binder.java:446)
05-24 09:55:09.836 W/System.err( 3413): java.lang.ArrayIndexOutOfBoundsException: length=58; index=58
05-24 09:55:09.836 W/System.err( 3413): 	at com.lbe.security.service.provider.internal.AppOpsAdapter$1.getDefaultOp(AppOpsAdapter.java:279)
05-24 09:55:09.836 W/System.err( 3413): 	at com.android.internal.app.IOpsCallback$Stub.onTransact(IOpsCallback.java:68)
05-24 09:55:09.836 W/System.err( 3413): 	at android.os.Binder.execTransact(Binder.java:446)
05-24 09:55:10.836 D/O2OStats:(27904): net status cannot allow to send data!
05-24 09:55:10.856 W/System.err( 3413): java.lang.ArrayIndexOutOfBoundsException: length=58; index=58
05-24 09:55:10.856 W/System.err( 3413): 	at com.lbe.security.service.provider.internal.AppOpsAdapter$1.getDefaultOp(AppOpsAdapter.java:279)
05-24 09:55:10.856 W/System.err( 3413): 	at com.android.internal.app.IOpsCallback$Stub.onTransact(IOpsCallback.java:68)
05-24 09:55:10.856 W/System.err( 3413): 	at android.os.Binder.execTransact(Binder.java:446)
05-24 09:55:11.866 W/System.err( 3413): java.lang.ArrayIndexOutOfBoundsException: length=58; index=58
05-24 09:55:11.876 W/System.err( 3413): 	at com.lbe.security.service.provider.internal.AppOpsAdapter$1.getDefaultOp(AppOpsAdapter.java:279)
05-24 09:55:11.876 W/System.err( 3413): 	at com.android.internal.app.IOpsCallback$Stub.onTransact(IOpsCallback.java:68)
05-24 09:55:11.876 W/System.err( 3413): 	at android.os.Binder.execTransact(Binder.java:446)
05-24 09:55:12.886 W/System.err( 3413): java.lang.ArrayIndexOutOfBoundsException: length=58; index=58
05-24 09:55:12.886 W/System.err( 3413): 	at com.lbe.security.service.provider.internal.AppOpsAdapter$1.getDefaultOp(AppOpsAdapter.java:279)
05-24 09:55:12.886 W/System.err( 3413): 	at com.android.internal.app.IOpsCallback$Stub.onTransact(IOpsCallback.java:68)
05-24 09:55:12.886 W/System.err( 3413): 	at android.os.Binder.execTransact(Binder.java:446)
05-24 09:55:13.906 W/System.err( 3413): java.lang.ArrayIndexOutOfBoundsException: length=58; index=58
05-24 09:55:13.906 W/System.err( 3413): 	at com.lbe.security.service.provider.internal.AppOpsAdapter$1.getDefaultOp(AppOpsAdapter.java:279)
05-24 09:55:13.906 W/System.err( 3413): 	at com.android.internal.app.IOpsCallback$Stub.onTransact(IOpsCallback.java:68)
05-24 09:55:13.906 W/System.err( 3413): 	at android.os.Binder.execTransact(Binder.java:446)
05-24 09:55:14.866 W/System.err( 3413): java.lang.ArrayIndexOutOfBoundsException: length=58; index=58
05-24 09:55:14.866 W/System.err( 3413): 	at com.lbe.security.service.provider.internal.AppOpsAdapter$1.getDefaultOp(AppOpsAdapter.java:279)
05-24 09:55:14.866 W/System.err( 3413): 	at com.android.internal.app.IOpsCallback$Stub.onTransact(IOpsCallback.java:68)
05-24 09:55:14.866 W/System.err( 3413): 	at android.os.Binder.execTransact(Binder.java:446)
05-24 09:55:14.916 W/System.err( 3413): java.lang.ArrayIndexOutOfBoundsException: length=58; index=58
05-24 09:55:14.916 W/System.err( 3413): 	at com.lbe.security.service.provider.internal.AppOpsAdapter$1.getDefaultOp(AppOpsAdapter.java:279)
05-24 09:55:14.916 W/System.err( 3413): 	at com.android.internal.app.IOpsCallback$Stub.onTransact(IOpsCallback.java:68)
05-24 09:55:14.916 W/System.err( 3413): 	at android.os.Binder.execTransact(Binder.java:446)
05-24 09:55:15.466 W/System.err( 3413): java.lang.ArrayIndexOutOfBoundsException: length=58; index=58
05-24 09:55:15.466 W/System.err( 3413): 	at com.lbe.security.service.provider.internal.AppOpsAdapter$1.getDefaultOp(AppOpsAdapter.java:279)
05-24 09:55:15.466 W/System.err( 3413): 	at com.android.internal.app.IOpsCallback$Stub.onTransact(IOpsCallback.java:68)
05-24 09:55:15.466 W/System.err( 3413): 	at android.os.Binder.execTransact(Binder.java:446)
05-24 09:55:15.936 W/System.err( 3413): java.lang.ArrayIndexOutOfBoundsException: length=58; index=58
05-24 09:55:15.936 W/System.err( 3413): 	at com.lbe.security.service.provider.internal.AppOpsAdapter$1.getDefaultOp(AppOpsAdapter.java:279)
05-24 09:55:15.936 W/System.err( 3413): 	at com.android.internal.app.IOpsCallback$Stub.onTransact(IOpsCallback.java:68)
05-24 09:55:15.936 W/System.err( 3413): 	at android.os.Binder.execTransact(Binder.java:446)
05-24 09:55:16.946 W/System.err( 3413): java.lang.ArrayIndexOutOfBoundsException: length=58; index=58
05-24 09:55:16.946 W/System.err( 3413): 	at com.lbe.security.service.provider.internal.AppOpsAdapter$1.getDefaultOp(AppOpsAdapter.java:279)
05-24 09:55:16.946 W/System.err( 3413): 	at com.android.internal.app.IOpsCallback$Stub.onTransact(IOpsCallback.java:68)
05-24 09:55:16.946 W/System.err( 3413): 	at android.os.Binder.execTransact(Binder.java:446)
05-24 09:55:17.966 W/System.err( 3413): java.lang.ArrayIndexOutOfBoundsException: length=58; index=58
05-24 09:55:17.966 W/System.err( 3413): 	at com.lbe.security.service.provider.internal.AppOpsAdapter$1.getDefaultOp(AppOpsAdapter.java:279)
05-24 09:55:17.966 W/System.err( 3413): 	at com.android.internal.app.IOpsCallback$Stub.onTransact(IOpsCallback.java:68)
05-24 09:55:17.966 W/System.err( 3413): 	at android.os.Binder.execTransact(Binder.java:446)
05-24 09:55:18.986 W/System.err( 3413): java.lang.ArrayIndexOutOfBoundsException: length=58; index=58
05-24 09:55:18.986 W/System.err( 3413): 	at com.lbe.security.service.provider.internal.AppOpsAdapter$1.getDefaultOp(AppOpsAdapter.java:279)
05-24 09:55:18.986 W/System.err( 3413): 	at com.android.internal.app.IOpsCallback$Stub.onTransact(IOpsCallback.java:68)
05-24 09:55:18.986 W/System.err( 3413): 	at android.os.Binder.execTransact(Binder.java:446)
05-24 09:55:19.936 W/System.err( 3413): java.lang.ArrayIndexOutOfBoundsException: length=58; index=58
05-24 09:55:19.936 W/System.err( 3413): 	at com.lbe.security.service.provider.internal.AppOpsAdapter$1.getDefaultOp(AppOpsAdapter.java:279)
05-24 09:55:19.936 W/System.err( 3413): 	at com.android.internal.app.IOpsCallback$Stub.onTransact(IOpsCallback.java:68)
05-24 09:55:19.936 W/System.err( 3413): 	at android.os.Binder.execTransact(Binder.java:446)
05-24 09:55:19.996 W/System.err( 3413): java.lang.ArrayIndexOutOfBoundsException: length=58; index=58
05-24 09:55:19.996 W/System.err( 3413): 	at com.lbe.security.service.provider.internal.AppOpsAdapter$1.getDefaultOp(AppOpsAdapter.java:279)
05-24 09:55:19.996 W/System.err( 3413): 	at com.android.internal.app.IOpsCallback$Stub.onTransact(IOpsCallback.java:68)
05-24 09:55:19.996 W/System.err( 3413): 	at android.os.Binder.execTransact(Binder.java:446)
05-24 09:55:20.846 D/O2OStats:(27904): net status cannot allow to send data!
05-24 09:55:21.016 W/System.err( 3413): java.lang.ArrayIndexOutOfBoundsException: length=58; index=58
05-24 09:55:21.016 W/System.err( 3413): 	at com.lbe.security.service.provider.internal.AppOpsAdapter$1.getDefaultOp(AppOpsAdapter.java:279)
05-24 09:55:21.016 W/System.err( 3413): 	at com.android.internal.app.IOpsCallback$Stub.onTransact(IOpsCallback.java:68)
05-24 09:55:21.016 W/System.err( 3413): 	at android.os.Binder.execTransact(Binder.java:446)
05-24 09:55:21.636 I/art     (31000): Background partial concurrent mark sweep GC freed 113267(8MB) AllocSpace objects, 21(1502KB) LOS objects, 22% free, 53MB/69MB, paused 2.091ms total 103.291ms
05-24 09:55:22.026 W/System.err( 3413): java.lang.ArrayIndexOutOfBoundsException: length=58; index=58
05-24 09:55:22.026 W/System.err( 3413): 	at com.lbe.security.service.provider.internal.AppOpsAdapter$1.getDefaultOp(AppOpsAdapter.java:279)
05-24 09:55:22.026 W/System.err( 3413): 	at com.android.internal.app.IOpsCallback$Stub.onTransact(IOpsCallback.java:68)
05-24 09:55:22.026 W/System.err( 3413): 	at android.os.Binder.execTransact(Binder.java:446)
05-24 09:55:23.046 W/System.err( 3413): java.lang.ArrayIndexOutOfBoundsException: length=58; index=58
05-24 09:55:23.046 W/System.err( 3413): 	at com.lbe.security.service.provider.internal.AppOpsAdapter$1.getDefaultOp(AppOpsAdapter.java:279)
05-24 09:55:23.046 W/System.err( 3413): 	at com.android.internal.app.IOpsCallback$Stub.onTransact(IOpsCallback.java:68)
05-24 09:55:23.046 W/System.err( 3413): 	at android.os.Binder.execTransact(Binder.java:446)
05-24 09:55:24.066 W/System.err( 3413): java.lang.ArrayIndexOutOfBoundsException: length=58; index=58
05-24 09:55:24.066 W/System.err( 3413): 	at com.lbe.security.service.provider.internal.AppOpsAdapter$1.getDefaultOp(AppOpsAdapter.java:279)
05-24 09:55:24.066 W/System.err( 3413): 	at com.android.internal.app.IOpsCallback$Stub.onTransact(IOpsCallback.java:68)
05-24 09:55:24.066 W/System.err( 3413): 	at android.os.Binder.execTransact(Binder.java:446)
05-24 09:55:25.006 W/System.err( 3413): java.lang.ArrayIndexOutOfBoundsException: length=58; index=58
05-24 09:55:25.006 W/System.err( 3413): 	at com.lbe.security.service.provider.internal.AppOpsAdapter$1.getDefaultOp(AppOpsAdapter.java:279)
05-24 09:55:25.006 W/System.err( 3413): 	at com.android.internal.app.IOpsCallback$Stub.onTransact(IOpsCallback.java:68)
05-24 09:55:25.006 W/System.err( 3413): 	at android.os.Binder.execTransact(Binder.java:446)
05-24 09:55:25.076 W/System.err( 3413): java.lang.ArrayIndexOutOfBoundsException: length=58; index=58
05-24 09:55:25.076 W/System.err( 3413): 	at com.lbe.security.service.provider.internal.AppOpsAdapter$1.getDefaultOp(AppOpsAdapter.java:279)
05-24 09:55:25.076 W/System.err( 3413): 	at com.android.internal.app.IOpsCallback$Stub.onTransact(IOpsCallback.java:68)
05-24 09:55:25.076 W/System.err( 3413): 	at android.os.Binder.execTransact(Binder.java:446)
05-24 09:55:25.536 W/System.err( 3413): java.lang.ArrayIndexOutOfBoundsException: length=58; index=58
05-24 09:55:25.536 W/System.err( 3413): 	at com.lbe.security.service.provider.internal.AppOpsAdapter$1.getDefaultOp(AppOpsAdapter.java:279)
05-24 09:55:25.536 W/System.err( 3413): 	at com.android.internal.app.IOpsCallback$Stub.onTransact(IOpsCallback.java:68)
05-24 09:55:25.536 W/System.err( 3413): 	at android.os.Binder.execTransact(Binder.java:446)
05-24 09:55:26.096 W/System.err( 3413): java.lang.ArrayIndexOutOfBoundsException: length=58; index=58
05-24 09:55:26.096 W/System.err( 3413): 	at com.lbe.security.service.provider.internal.AppOpsAdapter$1.getDefaultOp(AppOpsAdapter.java:279)
05-24 09:55:26.096 W/System.err( 3413): 	at com.android.internal.app.IOpsCallback$Stub.onTransact(IOpsCallback.java:68)
05-24 09:55:26.096 W/System.err( 3413): 	at android.os.Binder.execTransact(Binder.java:446)
05-24 09:55:27.106 W/System.err( 3413): java.lang.ArrayIndexOutOfBoundsException: length=58; index=58
05-24 09:55:27.106 W/System.err( 3413): 	at com.lbe.security.service.provider.internal.AppOpsAdapter$1.getDefaultOp(AppOpsAdapter.java:279)
05-24 09:55:27.106 W/System.err( 3413): 	at com.android.internal.app.IOpsCallback$Stub.onTransact(IOpsCallback.java:68)
05-24 09:55:27.106 W/System.err( 3413): 	at android.os.Binder.execTransact(Binder.java:446)
05-24 09:55:28.126 W/System.err( 3413): java.lang.ArrayIndexOutOfBoundsException: length=58; index=58
05-24 09:55:28.126 W/System.err( 3413): 	at com.lbe.security.service.provider.internal.AppOpsAdapter$1.getDefaultOp(AppOpsAdapter.java:279)
05-24 09:55:28.126 W/System.err( 3413): 	at com.android.internal.app.IOpsCallback$Stub.onTransact(IOpsCallback.java:68)
05-24 09:55:28.126 W/System.err( 3413): 	at android.os.Binder.execTransact(Binder.java:446)
05-24 09:55:29.146 W/System.err( 3413): java.lang.ArrayIndexOutOfBoundsException: length=58; index=58
05-24 09:55:29.146 W/System.err( 3413): 	at com.lbe.security.service.provider.internal.AppOpsAdapter$1.getDefaultOp(AppOpsAdapter.java:279)
05-24 09:55:29.146 W/System.err( 3413): 	at com.android.internal.app.IOpsCallback$Stub.onTransact(IOpsCallback.java:68)
05-24 09:55:29.146 W/System.err( 3413): 	at android.os.Binder.execTransact(Binder.java:446)
05-24 09:55:30.096 W/System.err( 3413): java.lang.ArrayIndexOutOfBoundsException: length=58; index=58
05-24 09:55:30.096 W/System.err( 3413): 	at com.lbe.security.service.provider.internal.AppOpsAdapter$1.getDefaultOp(AppOpsAdapter.java:279)
05-24 09:55:30.096 W/System.err( 3413): 	at com.android.internal.app.IOpsCallback$Stub.onTransact(IOpsCallback.java:68)
05-24 09:55:30.096 W/System.err( 3413): 	at android.os.Binder.execTransact(Binder.java:446)
05-24 09:55:30.156 W/System.err( 3413): java.lang.ArrayIndexOutOfBoundsException: length=58; index=58
05-24 09:55:30.156 W/System.err( 3413): 	at com.lbe.security.service.provider.internal.AppOpsAdapter$1.getDefaultOp(AppOpsAdapter.java:279)
05-24 09:55:30.156 W/System.err( 3413): 	at com.android.internal.app.IOpsCallback$Stub.onTransact(IOpsCallback.java:68)
05-24 09:55:30.156 W/System.err( 3413): 	at android.os.Binder.execTransact(Binder.java:446)
05-24 09:55:30.856 D/O2OStats:(27904): net status cannot allow to send data!
05-24 09:55:31.176 W/System.err( 3413): java.lang.ArrayIndexOutOfBoundsException: length=58; index=58
05-24 09:55:31.176 W/System.err( 3413): 	at com.lbe.security.service.provider.internal.AppOpsAdapter$1.getDefaultOp(AppOpsAdapter.java:279)
05-24 09:55:31.176 W/System.err( 3413): 	at com.android.internal.app.IOpsCallback$Stub.onTransact(IOpsCallback.java:68)
05-24 09:55:31.176 W/System.err( 3413): 	at android.os.Binder.execTransact(Binder.java:446)
05-24 09:55:32.186 W/System.err( 3413): java.lang.ArrayIndexOutOfBoundsException: length=58; index=58
05-24 09:55:32.196 W/System.err( 3413): 	at com.lbe.security.service.provider.internal.AppOpsAdapter$1.getDefaultOp(AppOpsAdapter.java:279)
05-24 09:55:32.196 W/System.err( 3413): 	at com.android.internal.app.IOpsCallback$Stub.onTransact(IOpsCallback.java:68)
05-24 09:55:32.196 W/System.err( 3413): 	at android.os.Binder.execTransact(Binder.java:446)
05-24 09:55:33.206 W/System.err( 3413): java.lang.ArrayIndexOutOfBoundsException: length=58; index=58
05-24 09:55:33.206 W/System.err( 3413): 	at com.lbe.security.service.provider.internal.AppOpsAdapter$1.getDefaultOp(AppOpsAdapter.java:279)
05-24 09:55:33.206 W/System.err( 3413): 	at com.android.internal.app.IOpsCallback$Stub.onTransact(IOpsCallback.java:68)
05-24 09:55:33.206 W/System.err( 3413): 	at android.os.Binder.execTransact(Binder.java:446)
05-24 09:55:34.226 W/System.err( 3413): java.lang.ArrayIndexOutOfBoundsException: length=58; index=58
05-24 09:55:34.226 W/System.err( 3413): 	at com.lbe.security.service.provider.internal.AppOpsAdapter$1.getDefaultOp(AppOpsAdapter.java:279)
05-24 09:55:34.226 W/System.err( 3413): 	at com.android.internal.app.IOpsCallback$Stub.onTransact(IOpsCallback.java:68)
05-24 09:55:34.226 W/System.err( 3413): 	at android.os.Binder.execTransact(Binder.java:446)
05-24 09:55:35.166 W/System.err( 3413): java.lang.ArrayIndexOutOfBoundsException: length=58; index=58
05-24 09:55:35.166 W/System.err( 3413): 	at com.lbe.security.service.provider.internal.AppOpsAdapter$1.getDefaultOp(AppOpsAdapter.java:279)
05-24 09:55:35.166 W/System.err( 3413): 	at com.android.internal.app.IOpsCallback$Stub.onTransact(IOpsCallback.java:68)
05-24 09:55:35.166 W/System.err( 3413): 	at android.os.Binder.execTransact(Binder.java:446)
05-24 09:55:35.236 W/System.err( 3413): java.lang.ArrayIndexOutOfBoundsException: length=58; index=58
05-24 09:55:35.236 W/System.err( 3413): 	at com.lbe.security.service.provider.internal.AppOpsAdapter$1.getDefaultOp(AppOpsAdapter.java:279)
05-24 09:55:35.236 W/System.err( 3413): 	at com.android.internal.app.IOpsCallback$Stub.onTransact(IOpsCallback.java:68)
05-24 09:55:35.236 W/System.err( 3413): 	at android.os.Binder.execTransact(Binder.java:446)
05-24 09:55:35.566 W/System.err( 3413): java.lang.ArrayIndexOutOfBoundsException: length=58; index=58
05-24 09:55:35.566 W/System.err( 3413): 	at com.lbe.security.service.provider.internal.AppOpsAdapter$1.getDefaultOp(AppOpsAdapter.java:279)
05-24 09:55:35.566 W/System.err( 3413): 	at com.android.internal.app.IOpsCallback$Stub.onTransact(IOpsCallback.java:68)
05-24 09:55:35.566 W/System.err( 3413): 	at android.os.Binder.execTransact(Binder.java:446)
05-24 09:55:35.896 D/DnsFallback(  432): query: tracking.miui.com
05-24 09:55:36.256 W/System.err( 3413): java.lang.ArrayIndexOutOfBoundsException: length=58; index=58
