05-24 09:53:06.846 W/System.err( 3413): 	at com.android.internal.app.IOpsCallback$Stub.onTransact(IOpsCallback.java:68)
05-24 09:53:06.846 W/System.err( 3413): 	at android.os.Binder.execTransact(Binder.java:446)
05-24 09:53:07.836 W/System.err( 3413): java.lang.ArrayIndexOutOfBoundsException: length=58; index=58
05-24 09:53:07.836 W/System.err( 3413): 	at com.lbe.security.service.provider.internal.AppOpsAdapter$1.getDefaultOp(AppOpsAdapter.java:279)
05-24 09:53:07.836 W/System.err( 3413): 	at com.android.internal.app.IOpsCallback$Stub.onTransact(IOpsCallback.java:68)
05-24 09:53:07.836 W/System.err( 3413): 	at android.os.Binder.execTransact(Binder.java:446)
05-24 09:53:07.856 W/System.err( 3413): java.lang.ArrayIndexOutOfBoundsException: length=58; index=58
05-24 09:53:07.856 W/System.err( 3413): 	at com.lbe.security.service.provider.internal.AppOpsAdapter$1.getDefaultOp(AppOpsAdapter.java:279)
05-24 09:53:07.856 W/System.err( 3413): 	at com.android.internal.app.IOpsCallback$Stub.onTransact(IOpsCallback.java:68)
05-24 09:53:07.856 W/System.err( 3413): 	at android.os.Binder.execTransact(Binder.java:446)
05-24 09:53:08.876 W/System.err( 3413): java.lang.ArrayIndexOutOfBoundsException: length=58; index=58
05-24 09:53:08.876 W/System.err( 3413): 	at com.lbe.security.service.provider.internal.AppOpsAdapter$1.getDefaultOp(AppOpsAdapter.java:279)
05-24 09:53:08.876 W/System.err( 3413): 	at com.android.internal.app.IOpsCallback$Stub.onTransact(IOpsCallback.java:68)
05-24 09:53:08.876 W/System.err( 3413): 	at android.os.Binder.execTransact(Binder.java:446)
05-24 09:53:09.886 W/System.err( 3413): java.lang.ArrayIndexOutOfBoundsException: length=58; index=58
05-24 09:53:09.886 W/System.err( 3413): 	at com.lbe.security.service.provider.internal.AppOpsAdapter$1.getDefaultOp(AppOpsAdapter.java:279)
05-24 09:53:09.886 W/System.err( 3413): 	at com.android.internal.app.IOpsCallback$Stub.onTransact(IOpsCallback.java:68)
05-24 09:53:09.886 W/System.err( 3413): 	at android.os.Binder.execTransact(Binder.java:446)
05-24 09:53:10.696 D/O2OStats:(27904): net status cannot allow to send data!
05-24 09:53:10.906 W/System.err( 3413): java.lang.ArrayIndexOutOfBoundsException: length=58; index=58
05-24 09:53:10.906 W/System.err( 3413): 	at com.lbe.security.service.provider.internal.AppOpsAdapter$1.getDefaultOp(AppOpsAdapter.java:279)
05-24 09:53:10.906 W/System.err( 3413): 	at com.android.internal.app.IOpsCallback$Stub.onTransact(IOpsCallback.java:68)
05-24 09:53:10.906 W/System.err( 3413): 	at android.os.Binder.execTransact(Binder.java:446)
05-24 09:53:11.926 W/System.err( 3413): java.lang.ArrayIndexOutOfBoundsException: length=58; index=58
05-24 09:53:11.926 W/System.err( 3413): 	at com.lbe.security.service.provider.internal.AppOpsAdapter$1.getDefaultOp(AppOpsAdapter.java:279)
05-24 09:53:11.926 W/System.err( 3413): 	at com.android.internal.app.IOpsCallback$Stub.onTransact(IOpsCallback.java:68)
05-24 09:53:11.926 W/System.err( 3413): 	at android.os.Binder.execTransact(Binder.java:446)
05-24 09:53:12.926 W/System.err( 3413): java.lang.ArrayIndexOutOfBoundsException: length=58; index=58
05-24 09:53:12.926 W/System.err( 3413): 	at com.lbe.security.service.provider.internal.AppOpsAdapter$1.getDefaultOp(AppOpsAdapter.java:279)
05-24 09:53:12.926 W/System.err( 3413): 	at com.android.internal.app.IOpsCallback$Stub.onTransact(IOpsCallback.java:68)
05-24 09:53:12.926 W/System.err( 3413): 	at android.os.Binder.execTransact(Binder.java:446)
05-24 09:53:12.946 W/System.err( 3413): java.lang.ArrayIndexOutOfBoundsException: length=58; index=58
05-24 09:53:12.946 W/System.err( 3413): 	at com.lbe.security.service.provider.internal.AppOpsAdapter$1.getDefaultOp(AppOpsAdapter.java:279)
05-24 09:53:12.946 W/System.err( 3413): 	at com.android.internal.app.IOpsCallback$Stub.onTransact(IOpsCallback.java:68)
05-24 09:53:12.946 W/System.err( 3413): 	at android.os.Binder.execTransact(Binder.java:446)
05-24 09:53:13.356 D/DnsFallback(  432): query: mdws.openapi.360.cn
05-24 09:53:13.956 W/System.err( 3413): java.lang.ArrayIndexOutOfBoundsException: length=58; index=58
05-24 09:53:13.956 W/System.err( 3413): 	at com.lbe.security.service.provider.internal.AppOpsAdapter$1.getDefaultOp(AppOpsAdapter.java:279)
05-24 09:53:13.956 W/System.err( 3413): 	at com.android.internal.app.IOpsCallback$Stub.onTransact(IOpsCallback.java:68)
05-24 09:53:13.956 W/System.err( 3413): 	at android.os.Binder.execTransact(Binder.java:446)
05-24 09:53:14.936 W/System.err( 3413): java.lang.ArrayIndexOutOfBoundsException: length=58; index=58
05-24 09:53:14.936 W/System.err( 3413): 	at com.lbe.security.service.provider.internal.AppOpsAdapter$1.getDefaultOp(AppOpsAdapter.java:279)
05-24 09:53:14.936 W/System.err( 3413): 	at com.android.internal.app.IOpsCallback$Stub.onTransact(IOpsCallback.java:68)
05-24 09:53:14.936 W/System.err( 3413): 	at android.os.Binder.execTransact(Binder.java:446)
05-24 09:53:14.976 W/System.err( 3413): java.lang.ArrayIndexOutOfBoundsException: length=58; index=58
05-24 09:53:14.976 W/System.err( 3413): 	at com.lbe.security.service.provider.internal.AppOpsAdapter$1.getDefaultOp(AppOpsAdapter.java:279)
05-24 09:53:14.976 W/System.err( 3413): 	at com.android.internal.app.IOpsCallback$Stub.onTransact(IOpsCallback.java:68)
05-24 09:53:14.976 W/System.err( 3413): 	at android.os.Binder.execTransact(Binder.java:446)
05-24 09:53:15.996 W/System.err( 3413): java.lang.ArrayIndexOutOfBoundsException: length=58; index=58
05-24 09:53:15.996 W/System.err( 3413): 	at com.lbe.security.service.provider.internal.AppOpsAdapter$1.getDefaultOp(AppOpsAdapter.java:279)
05-24 09:53:15.996 W/System.err( 3413): 	at com.android.internal.app.IOpsCallback$Stub.onTransact(IOpsCallback.java:68)
05-24 09:53:15.996 W/System.err( 3413): 	at android.os.Binder.execTransact(Binder.java:446)
05-24 09:53:17.006 W/System.err( 3413): java.lang.ArrayIndexOutOfBoundsException: length=58; index=58
05-24 09:53:17.006 W/System.err( 3413): 	at com.lbe.security.service.provider.internal.AppOpsAdapter$1.getDefaultOp(AppOpsAdapter.java:279)
05-24 09:53:17.006 W/System.err( 3413): 	at com.android.internal.app.IOpsCallback$Stub.onTransact(IOpsCallback.java:68)
05-24 09:53:17.006 W/System.err( 3413): 	at android.os.Binder.execTransact(Binder.java:446)
05-24 09:53:18.016 W/System.err( 3413): java.lang.ArrayIndexOutOfBoundsException: length=58; index=58
05-24 09:53:18.016 W/System.err( 3413): 	at com.lbe.security.service.provider.internal.AppOpsAdapter$1.getDefaultOp(AppOpsAdapter.java:279)
05-24 09:53:18.016 W/System.err( 3413): 	at com.android.internal.app.IOpsCallback$Stub.onTransact(IOpsCallback.java:68)
05-24 09:53:18.016 W/System.err( 3413): 	at android.os.Binder.execTransact(Binder.java:446)
05-24 09:53:18.026 W/System.err( 3413): java.lang.ArrayIndexOutOfBoundsException: length=58; index=58
05-24 09:53:18.026 W/System.err( 3413): 	at com.lbe.security.service.provider.internal.AppOpsAdapter$1.getDefaultOp(AppOpsAdapter.java:279)
05-24 09:53:18.026 W/System.err( 3413): 	at com.android.internal.app.IOpsCallback$Stub.onTransact(IOpsCallback.java:68)
05-24 09:53:18.026 W/System.err( 3413): 	at android.os.Binder.execTransact(Binder.java:446)
05-24 09:53:19.046 W/System.err( 3413): java.lang.ArrayIndexOutOfBoundsException: length=58; index=58
05-24 09:53:19.046 W/System.err( 3413): 	at com.lbe.security.service.provider.internal.AppOpsAdapter$1.getDefaultOp(AppOpsAdapter.java:279)
05-24 09:53:19.046 W/System.err( 3413): 	at com.android.internal.app.IOpsCallback$Stub.onTransact(IOpsCallback.java:68)
05-24 09:53:19.046 W/System.err( 3413): 	at android.os.Binder.execTransact(Binder.java:446)
05-24 09:53:20.056 W/System.err( 3413): java.lang.ArrayIndexOutOfBoundsException: length=58; index=58
05-24 09:53:20.066 W/System.err( 3413): 	at com.lbe.security.service.provider.internal.AppOpsAdapter$1.getDefaultOp(AppOpsAdapter.java:279)
05-24 09:53:20.066 W/System.err( 3413): 	at com.android.internal.app.IOpsCallback$Stub.onTransact(IOpsCallback.java:68)
05-24 09:53:20.066 W/System.err( 3413): 	at android.os.Binder.execTransact(Binder.java:446)
05-24 09:53:20.706 D/O2OStats:(27904): net status cannot allow to send data!
05-24 09:53:21.076 W/System.err( 3413): java.lang.ArrayIndexOutOfBoundsException: length=58; index=58
05-24 09:53:21.076 W/System.err( 3413): 	at com.lbe.security.service.provider.internal.AppOpsAdapter$1.getDefaultOp(AppOpsAdapter.java:279)
05-24 09:53:21.076 W/System.err( 3413): 	at com.android.internal.app.IOpsCallback$Stub.onTransact(IOpsCallback.java:68)
05-24 09:53:21.076 W/System.err( 3413): 	at android.os.Binder.execTransact(Binder.java:446)
05-24 09:53:22.096 W/System.err( 3413): java.lang.ArrayIndexOutOfBoundsException: length=58; index=58
05-24 09:53:22.096 W/System.err( 3413): 	at com.lbe.security.service.provider.internal.AppOpsAdapter$1.getDefaultOp(AppOpsAdapter.java:279)
05-24 09:53:22.096 W/System.err( 3413): 	at com.android.internal.app.IOpsCallback$Stub.onTransact(IOpsCallback.java:68)
05-24 09:53:22.096 W/System.err( 3413): 	at android.os.Binder.execTransact(Binder.java:446)
05-24 09:53:23.096 W/System.err( 3413): java.lang.ArrayIndexOutOfBoundsException: length=58; index=58
05-24 09:53:23.096 W/System.err( 3413): 	at com.lbe.security.service.provider.internal.AppOpsAdapter$1.getDefaultOp(AppOpsAdapter.java:279)
05-24 09:53:23.096 W/System.err( 3413): 	at com.android.internal.app.IOpsCallback$Stub.onTransact(IOpsCallback.java:68)
05-24 09:53:23.096 W/System.err( 3413): 	at android.os.Binder.execTransact(Binder.java:446)
05-24 09:53:23.106 W/System.err( 3413): java.lang.ArrayIndexOutOfBoundsException: length=58; index=58
05-24 09:53:23.106 W/System.err( 3413): 	at com.lbe.security.service.provider.internal.AppOpsAdapter$1.getDefaultOp(AppOpsAdapter.java:279)
05-24 09:53:23.106 W/System.err( 3413): 	at com.android.internal.app.IOpsCallback$Stub.onTransact(IOpsCallback.java:68)
05-24 09:53:23.106 W/System.err( 3413): 	at android.os.Binder.execTransact(Binder.java:446)
05-24 09:53:24.126 W/System.err( 3413): java.lang.ArrayIndexOutOfBoundsException: length=58; index=58
05-24 09:53:24.126 W/System.err( 3413): 	at com.lbe.security.service.provider.internal.AppOpsAdapter$1.getDefaultOp(AppOpsAdapter.java:279)
05-24 09:53:24.126 W/System.err( 3413): 	at com.android.internal.app.IOpsCallback$Stub.onTransact(IOpsCallback.java:68)
05-24 09:53:24.126 W/System.err( 3413): 	at android.os.Binder.execTransact(Binder.java:446)
05-24 09:53:24.996 W/System.err( 3413): java.lang.ArrayIndexOutOfBoundsException: length=58; index=58
05-24 09:53:24.996 W/System.err( 3413): 	at com.lbe.security.service.provider.internal.AppOpsAdapter$1.getDefaultOp(AppOpsAdapter.java:279)
05-24 09:53:24.996 W/System.err( 3413): 	at com.android.internal.app.IOpsCallback$Stub.onTransact(IOpsCallback.java:68)
05-24 09:53:24.996 W/System.err( 3413): 	at android.os.Binder.execTransact(Binder.java:446)
05-24 09:53:25.146 W/System.err( 3413): java.lang.ArrayIndexOutOfBoundsException: length=58; index=58
05-24 09:53:25.146 W/System.err( 3413): 	at com.lbe.security.service.provider.internal.AppOpsAdapter$1.getDefaultOp(AppOpsAdapter.java:279)
05-24 09:53:25.146 W/System.err( 3413): 	at com.android.internal.app.IOpsCallback$Stub.onTransact(IOpsCallback.java:68)
05-24 09:53:25.146 W/System.err( 3413): 	at android.os.Binder.execTransact(Binder.java:446)
05-24 09:53:26.156 W/System.err( 3413): java.lang.ArrayIndexOutOfBoundsException: length=58; index=58
05-24 09:53:26.156 W/System.err( 3413): 	at com.lbe.security.service.provider.internal.AppOpsAdapter$1.getDefaultOp(AppOpsAdapter.java:279)
05-24 09:53:26.156 W/System.err( 3413): 	at com.android.internal.app.IOpsCallback$Stub.onTransact(IOpsCallback.java:68)
05-24 09:53:26.156 W/System.err( 3413): 	at android.os.Binder.execTransact(Binder.java:446)
05-24 09:53:27.176 W/System.err( 3413): java.lang.ArrayIndexOutOfBoundsException: length=58; index=58
05-24 09:53:27.176 W/System.err( 3413): 	at com.lbe.security.service.provider.internal.AppOpsAdapter$1.getDefaultOp(AppOpsAdapter.java:279)
05-24 09:53:27.176 W/System.err( 3413): 	at com.android.internal.app.IOpsCallback$Stub.onTransact(IOpsCallback.java:68)
05-24 09:53:27.176 W/System.err( 3413): 	at android.os.Binder.execTransact(Binder.java:446)
05-24 09:53:28.186 W/System.err( 3413): java.lang.ArrayIndexOutOfBoundsException: length=58; index=58
05-24 09:53:28.186 W/System.err( 3413): 	at com.lbe.security.service.provider.internal.AppOpsAdapter$1.getDefaultOp(AppOpsAdapter.java:279)
05-24 09:53:28.186 W/System.err( 3413): 	at com.android.internal.app.IOpsCallback$Stub.onTransact(IOpsCallback.java:68)
05-24 09:53:28.186 W/System.err( 3413): 	at android.os.Binder.execTransact(Binder.java:446)
05-24 09:53:28.196 W/System.err( 3413): java.lang.ArrayIndexOutOfBoundsException: length=58; index=58
05-24 09:53:28.196 W/System.err( 3413): 	at com.lbe.security.service.provider.internal.AppOpsAdapter$1.getDefaultOp(AppOpsAdapter.java:279)
05-24 09:53:28.196 W/System.err( 3413): 	at com.android.internal.app.IOpsCallback$Stub.onTransact(IOpsCallback.java:68)
05-24 09:53:28.196 W/System.err( 3413): 	at android.os.Binder.execTransact(Binder.java:446)
05-24 09:53:29.206 W/System.err( 3413): java.lang.ArrayIndexOutOfBoundsException: length=58; index=58
05-24 09:53:29.206 W/System.err( 3413): 	at com.lbe.security.service.provider.internal.AppOpsAdapter$1.getDefaultOp(AppOpsAdapter.java:279)
05-24 09:53:29.206 W/System.err( 3413): 	at com.android.internal.app.IOpsCallback$Stub.onTransact(IOpsCallback.java:68)
05-24 09:53:29.206 W/System.err( 3413): 	at android.os.Binder.execTransact(Binder.java:446)
05-24 09:53:30.226 W/System.err( 3413): java.lang.ArrayIndexOutOfBoundsException: length=58; index=58
05-24 09:53:30.226 W/System.err( 3413): 	at com.lbe.security.service.provider.internal.AppOpsAdapter$1.getDefaultOp(AppOpsAdapter.java:279)
05-24 09:53:30.226 W/System.err( 3413): 	at com.android.internal.app.IOpsCallback$Stub.onTransact(IOpsCallback.java:68)
05-24 09:53:30.226 W/System.err( 3413): 	at android.os.Binder.execTransact(Binder.java:446)
05-24 09:53:30.716 D/O2OStats:(27904): net status cannot allow to send data!
05-24 09:53:31.246 W/System.err( 3413): java.lang.ArrayIndexOutOfBoundsException: length=58; index=58
05-24 09:53:31.246 W/System.err( 3413): 	at com.lbe.security.service.provider.internal.AppOpsAdapter$1.getDefaultOp(AppOpsAdapter.java:279)
05-24 09:53:31.246 W/System.err( 3413): 	at com.android.internal.app.IOpsCallback$Stub.onTransact(IOpsCallback.java:68)
05-24 09:53:31.246 W/System.err( 3413): 	at android.os.Binder.execTransact(Binder.java:446)
05-24 09:53:32.266 W/System.err( 3413): java.lang.ArrayIndexOutOfBoundsException: length=58; index=58
05-24 09:53:32.266 W/System.err( 3413): 	at com.lbe.security.service.provider.internal.AppOpsAdapter$1.getDefaultOp(AppOpsAdapter.java:279)
05-24 09:53:32.266 W/System.err( 3413): 	at com.android.internal.app.IOpsCallback$Stub.onTransact(IOpsCallback.java:68)
05-24 09:53:32.266 W/System.err( 3413): 	at android.os.Binder.execTransact(Binder.java:446)
05-24 09:53:33.266 W/System.err( 3413): java.lang.ArrayIndexOutOfBoundsException: length=58; index=58
05-24 09:53:33.266 W/System.err( 3413): 	at com.lbe.security.service.provider.internal.AppOpsAdapter$1.getDefaultOp(AppOpsAdapter.java:279)
05-24 09:53:33.266 W/System.err( 3413): 	at com.android.internal.app.IOpsCallback$Stub.onTransact(IOpsCallback.java:68)
05-24 09:53:33.266 W/System.err( 3413): 	at android.os.Binder.execTransact(Binder.java:446)
05-24 09:53:33.276 W/System.err( 3413): java.lang.ArrayIndexOutOfBoundsException: length=58; index=58
05-24 09:53:33.276 W/System.err( 3413): 	at com.lbe.security.service.provider.internal.AppOpsAdapter$1.getDefaultOp(AppOpsAdapter.java:279)
05-24 09:53:33.276 W/System.err( 3413): 	at com.android.internal.app.IOpsCallback$Stub.onTransact(IOpsCallback.java:68)
05-24 09:53:33.276 W/System.err( 3413): 	at android.os.Binder.execTransact(Binder.java:446)
05-24 09:53:34.296 W/System.err( 3413): java.lang.ArrayIndexOutOfBoundsException: length=58; index=58
05-24 09:53:34.296 W/System.err( 3413): 	at com.lbe.security.service.provider.internal.AppOpsAdapter$1.getDefaultOp(AppOpsAdapter.java:279)
05-24 09:53:34.296 W/System.err( 3413): 	at com.android.internal.app.IOpsCallback$Stub.onTransact(IOpsCallback.java:68)
05-24 09:53:34.296 W/System.err( 3413): 	at android.os.Binder.execTransact(Binder.java:446)
05-24 09:53:35.016 W/System.err( 3413): java.lang.ArrayIndexOutOfBoundsException: length=58; index=58
05-24 09:53:35.016 W/System.err( 3413): 	at com.lbe.security.service.provider.internal.AppOpsAdapter$1.getDefaultOp(AppOpsAdapter.java:279)
05-24 09:53:35.016 W/System.err( 3413): 	at com.android.internal.app.IOpsCallback$Stub.onTransact(IOpsCallback.java:68)
05-24 09:53:35.016 W/System.err( 3413): 	at android.os.Binder.execTransact(Binder.java:446)
05-24 09:53:35.306 W/System.err( 3413): java.lang.ArrayIndexOutOfBoundsException: length=58; index=58
05-24 09:53:35.306 W/System.err( 3413): 	at com.lbe.security.service.provider.internal.AppOpsAdapter$1.getDefaultOp(AppOpsAdapter.java:279)
05-24 09:53:35.306 W/System.err( 3413): 	at com.android.internal.app.IOpsCallback$Stub.onTransact(IOpsCallback.java:68)
05-24 09:53:35.306 W/System.err( 3413): 	at android.os.Binder.execTransact(Binder.java:446)
05-24 09:53:36.326 W/System.err( 3413): java.lang.ArrayIndexOutOfBoundsException: length=58; index=58
05-24 09:53:36.326 W/System.err( 3413): 	at com.lbe.security.service.provider.internal.AppOpsAdapter$1.getDefaultOp(AppOpsAdapter.java:279)
05-24 09:53:36.326 W/System.err( 3413): 	at com.android.internal.app.IOpsCallback$Stub.onTransact(IOpsCallback.java:68)
05-24 09:53:36.326 W/System.err( 3413): 	at android.os.Binder.execTransact(Binder.java:446)
05-24 09:53:37.346 W/System.err( 3413): java.lang.ArrayIndexOutOfBoundsException: length=58; index=58
05-24 09:53:37.346 W/System.err( 3413): 	at com.lbe.security.service.provider.internal.AppOpsAdapter$1.getDefaultOp(AppOpsAdapter.java:279)
05-24 09:53:37.346 W/System.err( 3413): 	at com.android.internal.app.IOpsCallback$Stub.onTransact(IOpsCallback.java:68)
05-24 09:53:37.346 W/System.err( 3413): 	at android.os.Binder.execTransact(Binder.java:446)
05-24 09:53:38.336 W/System.err( 3413): java.lang.ArrayIndexOutOfBoundsException: length=58; index=58
05-24 09:53:38.346 W/System.err( 3413): 	at com.lbe.security.service.provider.internal.AppOpsAdapter$1.getDefaultOp(AppOpsAdapter.java:279)
05-24 09:53:38.346 W/System.err( 3413): 	at com.android.internal.app.IOpsCallback$Stub.onTransact(IOpsCallback.java:68)
05-24 09:53:38.346 W/System.err( 3413): 	at android.os.Binder.execTransact(Binder.java:446)
05-24 09:53:38.356 W/System.err( 3413): java.lang.ArrayIndexOutOfBoundsException: length=58; index=58
05-24 09:53:38.356 W/System.err( 3413): 	at com.lbe.security.service.provider.internal.AppOpsAdapter$1.getDefaultOp(AppOpsAdapter.java:279)
05-24 09:53:38.356 W/System.err( 3413): 	at com.android.internal.app.IOpsCallback$Stub.onTransact(IOpsCallback.java:68)
05-24 09:53:38.356 W/System.err( 3413): 	at android.os.Binder.execTransact(Binder.java:446)
05-24 09:53:39.376 W/System.err( 3413): java.lang.ArrayIndexOutOfBoundsException: length=58; index=58
05-24 09:53:39.376 W/System.err( 3413): 	at com.lbe.security.service.provider.internal.AppOpsAdapter$1.getDefaultOp(AppOpsAdapter.java:279)
05-24 09:53:39.376 W/System.err( 3413): 	at com.android.internal.app.IOpsCallback$Stub.onTransact(IOpsCallback.java:68)
05-24 09:53:39.386 W/System.err( 3413): 	at android.os.Binder.execTransact(Binder.java:446)
05-24 09:53:40.396 W/System.err( 3413): java.lang.ArrayIndexOutOfBoundsException: length=58; index=58
05-24 09:53:40.396 W/System.err( 3413): 	at com.lbe.security.service.provider.internal.AppOpsAdapter$1.getDefaultOp(AppOpsAdapter.java:279)
05-24 09:53:40.396 W/System.err( 3413): 	at com.android.internal.app.IOpsCallback$Stub.onTransact(IOpsCallback.java:68)
05-24 09:53:40.396 W/System.err( 3413): 	at android.os.Binder.execTransact(Binder.java:446)
05-24 09:53:40.736 D/O2OStats:(27904): net status cannot allow to send data!
05-24 09:53:41.416 W/System.err( 3413): java.lang.ArrayIndexOutOfBoundsException: length=58; index=58
05-24 09:53:41.416 W/System.err( 3413): 	at com.lbe.security.service.provider.internal.AppOpsAdapter$1.getDefaultOp(AppOpsAdapter.java:279)
05-24 09:53:41.416 W/System.err( 3413): 	at com.android.internal.app.IOpsCallback$Stub.onTransact(IOpsCallback.java:68)
05-24 09:53:41.416 W/System.err( 3413): 	at android.os.Binder.execTransact(Binder.java:446)
05-24 09:53:42.436 W/System.err( 3413): java.lang.ArrayIndexOutOfBoundsException: length=58; index=58
05-24 09:53:42.436 W/System.err( 3413): 	at com.lbe.security.service.provider.internal.AppOpsAdapter$1.getDefaultOp(AppOpsAdapter.java:279)
05-24 09:53:42.436 W/System.err( 3413): 	at com.android.internal.app.IOpsCallback$Stub.onTransact(IOpsCallback.java:68)
05-24 09:53:42.436 W/System.err( 3413): 	at android.os.Binder.execTransact(Binder.java:446)
05-24 09:53:43.406 W/System.err( 3413): java.lang.ArrayIndexOutOfBoundsException: length=58; index=58
05-24 09:53:43.406 W/System.err( 3413): 	at com.lbe.security.service.provider.internal.AppOpsAdapter$1.getDefaultOp(AppOpsAdapter.java:279)
05-24 09:53:43.406 W/System.err( 3413): 	at com.android.internal.app.IOpsCallback$Stub.onTransact(IOpsCallback.java:68)
05-24 09:53:43.406 W/System.err( 3413): 	at android.os.Binder.execTransact(Binder.java:446)
05-24 09:53:43.456 W/System.err( 3413): java.lang.ArrayIndexOutOfBoundsException: length=58; index=58
05-24 09:53:43.456 W/System.err( 3413): 	at com.lbe.security.service.provider.internal.AppOpsAdapter$1.getDefaultOp(AppOpsAdapter.java:279)
05-24 09:53:43.456 W/System.err( 3413): 	at com.android.internal.app.IOpsCallback$Stub.onTransact(IOpsCallback.java:68)
05-24 09:53:43.456 W/System.err( 3413): 	at android.os.Binder.execTransact(Binder.java:446)
05-24 09:53:44.466 W/System.err( 3413): java.lang.ArrayIndexOutOfBoundsException: length=58; index=58
05-24 09:53:44.466 W/System.err( 3413): 	at com.lbe.security.service.provider.internal.AppOpsAdapter$1.getDefaultOp(AppOpsAdapter.java:279)
05-24 09:53:44.466 W/System.err( 3413): 	at com.android.internal.app.IOpsCallback$Stub.onTransact(IOpsCallback.java:68)
05-24 09:53:44.466 W/System.err( 3413): 	at android.os.Binder.execTransact(Binder.java:446)
05-24 09:53:45.046 W/System.err( 3413): java.lang.ArrayIndexOutOfBoundsException: length=58; index=58
05-24 09:53:45.046 W/System.err( 3413): 	at com.lbe.security.service.provider.internal.AppOpsAdapter$1.getDefaultOp(AppOpsAdapter.java:279)
05-24 09:53:45.046 W/System.err( 3413): 	at com.android.internal.app.IOpsCallback$Stub.onTransact(IOpsCallback.java:68)
05-24 09:53:45.046 W/System.err( 3413): 	at android.os.Binder.execTransact(Binder.java:446)
05-24 09:53:45.486 W/System.err( 3413): java.lang.ArrayIndexOutOfBoundsException: length=58; index=58
05-24 09:53:45.486 W/System.err( 3413): 	at com.lbe.security.service.provider.internal.AppOpsAdapter$1.getDefaultOp(AppOpsAdapter.java:279)
05-24 09:53:45.486 W/System.err( 3413): 	at com.android.internal.app.IOpsCallback$Stub.onTransact(IOpsCallback.java:68)
05-24 09:53:45.486 W/System.err( 3413): 	at android.os.Binder.execTransact(Binder.java:446)
05-24 09:53:45.726 W/TDLog   (31000): network is disabled.
05-24 09:53:46.496 W/System.err( 3413): java.lang.ArrayIndexOutOfBoundsException: length=58; index=58
05-24 09:53:46.496 W/System.err( 3413): 	at com.lbe.security.service.provider.internal.AppOpsAdapter$1.getDefaultOp(AppOpsAdapter.java:279)
05-24 09:53:46.496 W/System.err( 3413): 	at com.android.internal.app.IOpsCallback$Stub.onTransact(IOpsCallback.java:68)
05-24 09:53:46.496 W/System.err( 3413): 	at android.os.Binder.execTransact(Binder.java:446)
05-24 09:53:47.516 W/System.err( 3413): java.lang.ArrayIndexOutOfBoundsException: length=58; index=58
05-24 09:53:47.516 W/System.err( 3413): 	at com.lbe.security.service.provider.internal.AppOpsAdapter$1.getDefaultOp(AppOpsAdapter.java:279)
05-24 09:53:47.516 W/System.err( 3413): 	at com.android.internal.app.IOpsCallback$Stub.onTransact(IOpsCallback.java:68)
05-24 09:53:47.516 W/System.err( 3413): 	at android.os.Binder.execTransact(Binder.java:446)
05-24 09:53:48.496 W/System.err( 3413): java.lang.ArrayIndexOutOfBoundsException: length=58; index=58
05-24 09:53:48.496 W/System.err( 3413): 	at com.lbe.security.service.provider.internal.AppOpsAdapter$1.getDefaultOp(AppOpsAdapter.java:279)
05-24 09:53:48.496 W/System.err( 3413): 	at com.android.internal.app.IOpsCallback$Stub.onTransact(IOpsCallback.java:68)
05-24 09:53:48.496 W/System.err( 3413): 	at android.os.Binder.execTransact(Binder.java:446)
05-24 09:53:48.526 W/System.err( 3413): java.lang.ArrayIndexOutOfBoundsException: length=58; index=58
05-24 09:53:48.526 W/System.err( 3413): 	at com.lbe.security.service.provider.internal.AppOpsAdapter$1.getDefaultOp(AppOpsAdapter.java:279)
05-24 09:53:48.526 W/System.err( 3413): 	at com.android.internal.app.IOpsCallback$Stub.onTransact(IOpsCallback.java:68)
05-24 09:53:48.526 W/System.err( 3413): 	at android.os.Binder.execTransact(Binder.java:446)
05-24 09:53:49.546 W/System.err( 3413): java.lang.ArrayIndexOutOfBoundsException: length=58; index=58
05-24 09:53:49.546 W/System.err( 3413): 	at com.lbe.security.service.provider.internal.AppOpsAdapter$1.getDefaultOp(AppOpsAdapter.java:279)
05-24 09:53:49.546 W/System.err( 3413): 	at com.android.internal.app.IOpsCallback$Stub.onTransact(IOpsCallback.java:68)
05-24 09:53:49.546 W/System.err( 3413): 	at android.os.Binder.execTransact(Binder.java:446)
05-24 09:53:50.566 W/System.err( 3413): java.lang.ArrayIndexOutOfBoundsException: length=58; index=58
05-24 09:53:50.566 W/System.err( 3413): 	at com.lbe.security.service.provider.internal.AppOpsAdapter$1.getDefaultOp(AppOpsAdapter.java:279)
05-24 09:53:50.566 W/System.err( 3413): 	at com.android.internal.app.IOpsCallback$Stub.onTransact(IOpsCallback.java:68)
05-24 09:53:50.566 W/System.err( 3413): 	at android.os.Binder.execTransact(Binder.java:446)
05-24 09:53:50.746 D/O2OStats:(27904): net status cannot allow to send data!
05-24 09:53:51.586 W/System.err( 3413): java.lang.ArrayIndexOutOfBoundsException: length=58; index=58
05-24 09:53:51.586 W/System.err( 3413): 	at com.lbe.security.service.provider.internal.AppOpsAdapter$1.getDefaultOp(AppOpsAdapter.java:279)
05-24 09:53:51.586 W/System.err( 3413): 	at com.android.internal.app.IOpsCallback$Stub.onTransact(IOpsCallback.java:68)
05-24 09:53:51.586 W/System.err( 3413): 	at android.os.Binder.execTransact(Binder.java:446)
05-24 09:53:52.596 W/System.err( 3413): java.lang.ArrayIndexOutOfBoundsException: length=58; index=58
05-24 09:53:52.596 W/System.err( 3413): 	at com.lbe.security.service.provider.internal.AppOpsAdapter$1.getDefaultOp(AppOpsAdapter.java:279)
05-24 09:53:52.596 W/System.err( 3413): 	at com.android.internal.app.IOpsCallback$Stub.onTransact(IOpsCallback.java:68)
05-24 09:53:52.596 W/System.err( 3413): 	at android.os.Binder.execTransact(Binder.java:446)
05-24 09:53:53.596 W/System.err( 3413): java.lang.ArrayIndexOutOfBoundsException: length=58; index=58
05-24 09:53:53.596 W/System.err( 3413): 	at com.lbe.security.service.provider.internal.AppOpsAdapter$1.getDefaultOp(AppOpsAdapter.java:279)
05-24 09:53:53.596 W/System.err( 3413): 	at com.android.internal.app.IOpsCallback$Stub.onTransact(IOpsCallback.java:68)
05-24 09:53:53.596 W/System.err( 3413): 	at android.os.Binder.execTransact(Binder.java:446)
05-24 09:53:53.616 W/System.err( 3413): java.lang.ArrayIndexOutOfBoundsException: length=58; index=58
05-24 09:53:53.616 W/System.err( 3413): 	at com.lbe.security.service.provider.internal.AppOpsAdapter$1.getDefaultOp(AppOpsAdapter.java:279)
05-24 09:53:53.616 W/System.err( 3413): 	at com.android.internal.app.IOpsCallback$Stub.onTransact(IOpsCallback.java:68)
05-24 09:53:53.616 W/System.err( 3413): 	at android.os.Binder.execTransact(Binder.java:446)
05-24 09:53:54.636 W/System.err( 3413): java.lang.ArrayIndexOutOfBoundsException: length=58; index=58
05-24 09:53:54.636 W/System.err( 3413): 	at com.lbe.security.service.provider.internal.AppOpsAdapter$1.getDefaultOp(AppOpsAdapter.java:279)
05-24 09:53:54.636 W/System.err( 3413): 	at com.android.internal.app.IOpsCallback$Stub.onTransact(IOpsCallback.java:68)
05-24 09:53:54.636 W/System.err( 3413): 	at android.os.Binder.execTransact(Binder.java:446)
05-24 09:53:55.066 W/System.err( 3413): java.lang.ArrayIndexOutOfBoundsException: length=58; index=58
05-24 09:53:55.066 W/System.err( 3413): 	at com.lbe.security.service.provider.internal.AppOpsAdapter$1.getDefaultOp(AppOpsAdapter.java:279)
05-24 09:53:55.066 W/System.err( 3413): 	at com.android.internal.app.IOpsCallback$Stub.onTransact(IOpsCallback.java:68)
05-24 09:53:55.066 W/System.err( 3413): 	at android.os.Binder.execTransact(Binder.java:446)
05-24 09:53:55.646 W/System.err( 3413): java.lang.ArrayIndexOutOfBoundsException: length=58; index=58
05-24 09:53:55.656 W/System.err( 3413): 	at com.lbe.security.service.provider.internal.AppOpsAdapter$1.getDefaultOp(AppOpsAdapter.java:279)
05-24 09:53:55.656 W/System.err( 3413): 	at com.android.internal.app.IOpsCallback$Stub.onTransact(IOpsCallback.java:68)
05-24 09:53:55.656 W/System.err( 3413): 	at android.os.Binder.execTransact(Binder.java:446)
05-24 09:53:56.666 W/System.err( 3413): java.lang.ArrayIndexOutOfBoundsException: length=58; index=58
05-24 09:53:56.666 W/System.err( 3413): 	at com.lbe.security.service.provider.internal.AppOpsAdapter$1.getDefaultOp(AppOpsAdapter.java:279)
05-24 09:53:56.666 W/System.err( 3413): 	at com.android.internal.app.IOpsCallback$Stub.onTransact(IOpsCallback.java:68)
05-24 09:53:56.666 W/System.err( 3413): 	at android.os.Binder.execTransact(Binder.java:446)
05-24 09:53:57.686 W/System.err( 3413): java.lang.ArrayIndexOutOfBoundsException: length=58; index=58
05-24 09:53:57.686 W/System.err( 3413): 	at com.lbe.security.service.provider.internal.AppOpsAdapter$1.getDefaultOp(AppOpsAdapter.java:279)
05-24 09:53:57.686 W/System.err( 3413): 	at com.android.internal.app.IOpsCallback$Stub.onTransact(IOpsCallback.java:68)
05-24 09:53:57.686 W/System.err( 3413): 	at android.os.Binder.execTransact(Binder.java:446)
05-24 09:53:58.676 W/System.err( 3413): java.lang.ArrayIndexOutOfBoundsException: length=58; index=58
05-24 09:53:58.676 W/System.err( 3413): 	at com.lbe.security.service.provider.internal.AppOpsAdapter$1.getDefaultOp(AppOpsAdapter.java:279)
05-24 09:53:58.676 W/System.err( 3413): 	at com.android.internal.app.IOpsCallback$Stub.onTransact(IOpsCallback.java:68)
05-24 09:53:58.676 W/System.err( 3413): 	at android.os.Binder.execTransact(Binder.java:446)
05-24 09:53:58.696 W/System.err( 3413): java.lang.ArrayIndexOutOfBoundsException: length=58; index=58
05-24 09:53:58.696 W/System.err( 3413): 	at com.lbe.security.service.provider.internal.AppOpsAdapter$1.getDefaultOp(AppOpsAdapter.java:279)
05-24 09:53:58.696 W/System.err( 3413): 	at com.android.internal.app.IOpsCallback$Stub.onTransact(IOpsCallback.java:68)
05-24 09:53:58.696 W/System.err( 3413): 	at android.os.Binder.execTransact(Binder.java:446)
05-24 09:53:59.716 W/System.err( 3413): java.lang.ArrayIndexOutOfBoundsException: length=58; index=58
05-24 09:53:59.716 W/System.err( 3413): 	at com.lbe.security.service.provider.internal.AppOpsAdapter$1.getDefaultOp(AppOpsAdapter.java:279)
05-24 09:53:59.716 W/System.err( 3413): 	at com.android.internal.app.IOpsCallback$Stub.onTransact(IOpsCallback.java:68)
05-24 09:53:59.716 W/System.err( 3413): 	at android.os.Binder.execTransact(Binder.java:446)
05-24 09:54:00.056 D/SizeAdaptiveLayout( 1429): com.android.internal.widget.SizeAdaptiveLayout{369de83a V.E..... ......ID 0,0-1260,232 #7f0800c1 app:id/adaptive}child view android.widget.FrameLayout{34d9bceb V.E..... ......ID 0,0-1260,231 #1020330 android:id/status_bar_latest_event_content} measured out of bounds at 231px clamped to 232px
05-24 09:54:00.056 D/SizeAdaptiveLayout( 1429): com.android.internal.widget.SizeAdaptiveLayout{96a00c4 V.E..... ......ID 0,0-1260,232 #7f0800c1 app:id/adaptive}child view android.widget.FrameLayout{29f63bad V.E..... ......ID 0,0-1260,231 #1020330 android:id/status_bar_latest_event_content} measured out of bounds at 231px clamped to 232px
05-24 09:54:00.056 D/SizeAdaptiveLayout( 1429): com.android.internal.widget.SizeAdaptiveLayout{3f49d162 V.E..... ......ID 0,0-1260,232 #7f0800c1 app:id/adaptive}child view android.widget.FrameLayout{40632f3 V.E..... ......ID 0,0-1260,231 #1020330 android:id/status_bar_latest_event_content} measured out of bounds at 231px clamped to 232px
05-24 09:54:00.066 D/SizeAdaptiveLayout( 1429): com.android.internal.widget.SizeAdaptiveLayout{3c4f1f4b V.E..... ......ID 0,0-1260,232 #7f0800c1 app:id/adaptive}child view android.widget.FrameLayout{83b5d28 V.E..... ......ID 0,0-1260,231 #1020330 android:id/status_bar_latest_event_content} measured out of bounds at 231px clamped to 232px
05-24 09:54:00.066 D/SizeAdaptiveLayout( 1429): com.android.internal.widget.SizeAdaptiveLayout{11306549 V.E..... ......ID 0,0-1260,232 #7f0800c1 app:id/adaptive}child view android.widget.FrameLayout{2fed8e4e V.E..... ......ID 0,0-1260,231 #1020330 android:id/status_bar_latest_event_content} measured out of bounds at 231px clamped to 232px
05-24 09:54:00.066 D/SizeAdaptiveLayout( 1429): com.android.internal.widget.SizeAdaptiveLayout{59e7542 V.E..... ......ID 0,0-1260,232 #7f0800c1 app:id/adaptive}child view android.widget.FrameLayout{1f3e3953 V.E..... ......ID 0,0-1260,231 #1020330 android:id/status_bar_latest_event_content} measured out of bounds at 231px clamped to 232px
05-24 09:54:00.066 D/SizeAdaptiveLayout( 1429): com.android.internal.widget.SizeAdaptiveLayout{316d5c41 V.E..... ......ID 0,0-1260,232 #7f0800c1 app:id/adaptive}child view android.widget.FrameLayout{38f245e6 V.E..... ......ID 0,0-1260,231 #1020330 android:id/status_bar_latest_event_content} measured out of bounds at 231px clamped to 232px
05-24 09:54:00.066 D/SizeAdaptiveLayout( 1429): com.android.internal.widget.SizeAdaptiveLayout{1bf965d9 V.E..... ......ID 0,0-1260,232 #7f0800c1 app:id/adaptive}child view android.widget.FrameLayout{50eab9e V.E..... ......ID 0,0-1260,231 #1020330 android:id/status_bar_latest_event_content} measured out of bounds at 231px clamped to 232px
05-24 09:54:00.066 D/SizeAdaptiveLayout( 1429): com.android.internal.widget.SizeAdaptiveLayout{2b0da289 V.E..... ......ID 0,0-1260,232 #7f0800c1 app:id/adaptive}child view android.widget.FrameLayout{3b4a228e V.E..... ......ID 0,0-1260,231 #1020330 android:id/status_bar_latest_event_content} measured out of bounds at 231px clamped to 232px
05-24 09:54:00.066 D/SizeAdaptiveLayout( 1429): com.android.internal.widget.SizeAdaptiveLayout{2564d55a V.E..... ......ID 0,0-1260,232 #7f0800c1 app:id/adaptive}child view android.widget.FrameLayout{28c738b V.E..... ......ID 0,0-1260,231 #1020330 android:id/status_bar_latest_event_content} measured out of bounds at 231px clamped to 232px
05-24 09:54:00.066 D/SizeAdaptiveLayout( 1429): com.android.internal.widget.SizeAdaptiveLayout{983bc68 V.E..... ......ID 0,0-1260,232 #7f0800c1 app:id/adaptive}child view android.widget.FrameLayout{10ef1881 V.E..... ......ID 0,0-1260,231 #1020330 android:id/status_bar_latest_event_content} measured out of bounds at 231px clamped to 232px
05-24 09:54:00.066 D/SizeAdaptiveLayout( 1429): com.android.internal.widget.SizeAdaptiveLayout{40aed26 V.E..... ......ID 0,0-1260,232 #7f0800c1 app:id/adaptive}child view android.widget.FrameLayout{1e4cbd67 V.E..... ......ID 0,0-1260,231 #1020330 android:id/status_bar_latest_event_content} measured out of bounds at 231px clamped to 232px
05-24 09:54:00.066 D/SizeAdaptiveLayout( 1429): com.android.internal.widget.SizeAdaptiveLayout{2f85dbec V.E..... ......ID 0,0-1260,232 #7f0800c1 app:id/adaptive}child view android.widget.FrameLayout{988bbb5 V.E..... ......ID 0,0-1260,231 #1020330 android:id/status_bar_latest_event_content} measured out of bounds at 231px clamped to 232px
05-24 09:54:00.236 D/PhoneStatusBar( 1429): updateNotification pkg=com.qihoo.appstore;id=10012
05-24 09:54:00.256 D/SizeAdaptiveLayout( 1429): com.android.internal.widget.SizeAdaptiveLayout{2af59d25 V.E..... ......ID 0,0-1260,232 #7f0800c1 app:id/adaptive}child view android.widget.RelativeLayout{10135efa V.E..... ......ID 0,0-1260,256} measured out of bounds at 231px clamped to 232px
05-24 09:54:00.266 D/PhoneStatusBar( 1429): updateNotification pkg=com.qihoo.appstore;id=10012
05-24 09:54:00.286 D/SizeAdaptiveLayout( 1429): com.android.internal.widget.SizeAdaptiveLayout{2af59d25 V.E..... ......ID 0,0-1260,232 #7f0800c1 app:id/adaptive}child view android.widget.RelativeLayout{10135efa V.E..... ......ID 0,0-1260,256} measured out of bounds at 231px clamped to 232px
05-24 09:54:00.726 W/System.err( 3413): java.lang.ArrayIndexOutOfBoundsException: length=58; index=58
05-24 09:54:00.726 W/System.err( 3413): 	at com.lbe.security.service.provider.internal.AppOpsAdapter$1.getDefaultOp(AppOpsAdapter.java:279)
05-24 09:54:00.726 W/System.err( 3413): 	at com.android.internal.app.IOpsCallback$Stub.onTransact(IOpsCallback.java:68)
05-24 09:54:00.726 W/System.err( 3413): 	at android.os.Binder.execTransact(Binder.java:446)
05-24 09:54:00.756 D/O2OStats:(27904): net status cannot allow to send data!
05-24 09:54:01.746 W/System.err( 3413): java.lang.ArrayIndexOutOfBoundsException: length=58; index=58
05-24 09:54:01.746 W/System.err( 3413): 	at com.lbe.security.service.provider.internal.AppOpsAdapter$1.getDefaultOp(AppOpsAdapter.java:279)
05-24 09:54:01.746 W/System.err( 3413): 	at com.android.internal.app.IOpsCallback$Stub.onTransact(IOpsCallback.java:68)
05-24 09:54:01.746 W/System.err( 3413): 	at android.os.Binder.execTransact(Binder.java:446)
05-24 09:54:02.766 W/System.err( 3413): java.lang.ArrayIndexOutOfBoundsException: length=58; index=58
05-24 09:54:02.766 W/System.err( 3413): 	at com.lbe.security.service.provider.internal.AppOpsAdapter$1.getDefaultOp(AppOpsAdapter.java:279)
05-24 09:54:02.766 W/System.err( 3413): 	at com.android.internal.app.IOpsCallback$Stub.onTransact(IOpsCallback.java:68)
05-24 09:54:02.766 W/System.err( 3413): 	at android.os.Binder.execTransact(Binder.java:446)
05-24 09:54:03.766 W/System.err( 3413): java.lang.ArrayIndexOutOfBoundsException: length=58; index=58
05-24 09:54:03.766 W/System.err( 3413): 	at com.lbe.security.service.provider.internal.AppOpsAdapter$1.getDefaultOp(AppOpsAdapter.java:279)
05-24 09:54:03.766 W/System.err( 3413): 	at com.android.internal.app.IOpsCallback$Stub.onTransact(IOpsCallback.java:68)
05-24 09:54:03.766 W/System.err( 3413): 	at android.os.Binder.execTransact(Binder.java:446)
05-24 09:54:03.776 W/System.err( 3413): java.lang.ArrayIndexOutOfBoundsException: length=58; index=58
05-24 09:54:03.776 W/System.err( 3413): 	at com.lbe.security.service.provider.internal.AppOpsAdapter$1.getDefaultOp(AppOpsAdapter.java:279)
05-24 09:54:03.776 W/System.err( 3413): 	at com.android.internal.app.IOpsCallback$Stub.onTransact(IOpsCallback.java:68)
05-24 09:54:03.776 W/System.err( 3413): 	at android.os.Binder.execTransact(Binder.java:446)
05-24 09:54:04.796 W/System.err( 3413): java.lang.ArrayIndexOutOfBoundsException: length=58; index=58
05-24 09:54:04.796 W/System.err( 3413): 	at com.lbe.security.service.provider.internal.AppOpsAdapter$1.getDefaultOp(AppOpsAdapter.java:279)
05-24 09:54:04.796 W/System.err( 3413): 	at com.android.internal.app.IOpsCallback$Stub.onTransact(IOpsCallback.java:68)
05-24 09:54:04.796 W/System.err( 3413): 	at android.os.Binder.execTransact(Binder.java:446)
05-24 09:54:05.136 W/System.err( 3413): java.lang.ArrayIndexOutOfBoundsException: length=58; index=58
05-24 09:54:05.136 W/System.err( 3413): 	at com.lbe.security.service.provider.internal.AppOpsAdapter$1.getDefaultOp(AppOpsAdapter.java:279)
05-24 09:54:05.136 W/System.err( 3413): 	at com.android.internal.app.IOpsCallback$Stub.onTransact(IOpsCallback.java:68)
05-24 09:54:05.136 W/System.err( 3413): 	at android.os.Binder.execTransact(Binder.java:446)
05-24 09:54:05.806 W/System.err( 3413): java.lang.ArrayIndexOutOfBoundsException: length=58; index=58
05-24 09:54:05.806 W/System.err( 3413): 	at com.lbe.security.service.provider.internal.AppOpsAdapter$1.getDefaultOp(AppOpsAdapter.java:279)
05-24 09:54:05.806 W/System.err( 3413): 	at com.android.internal.app.IOpsCallback$Stub.onTransact(IOpsCallback.java:68)
05-24 09:54:05.806 W/System.err( 3413): 	at android.os.Binder.execTransact(Binder.java:446)
05-24 09:54:06.826 W/System.err( 3413): java.lang.ArrayIndexOutOfBoundsException: length=58; index=58
05-24 09:54:06.826 W/System.err( 3413): 	at com.lbe.security.service.provider.internal.AppOpsAdapter$1.getDefaultOp(AppOpsAdapter.java:279)
05-24 09:54:06.826 W/System.err( 3413): 	at com.android.internal.app.IOpsCallback$Stub.onTransact(IOpsCallback.java:68)
05-24 09:54:06.826 W/System.err( 3413): 	at android.os.Binder.execTransact(Binder.java:446)
05-24 09:54:07.836 W/System.err( 3413): java.lang.ArrayIndexOutOfBoundsException: length=58; index=58
05-24 09:54:07.836 W/System.err( 3413): 	at com.lbe.security.service.provider.internal.AppOpsAdapter$1.getDefaultOp(AppOpsAdapter.java:279)
05-24 09:54:07.836 W/System.err( 3413): 	at com.android.internal.app.IOpsCallback$Stub.onTransact(IOpsCallback.java:68)
05-24 09:54:07.836 W/System.err( 3413): 	at android.os.Binder.execTransact(Binder.java:446)
05-24 09:54:08.836 W/System.err( 3413): java.lang.ArrayIndexOutOfBoundsException: length=58; index=58
05-24 09:54:08.836 W/System.err( 3413): 	at com.lbe.security.service.provider.internal.AppOpsAdapter$1.getDefaultOp(AppOpsAdapter.java:279)
05-24 09:54:08.836 W/System.err( 3413): 	at com.android.internal.app.IOpsCallback$Stub.onTransact(IOpsCallback.java:68)
05-24 09:54:08.836 W/System.err( 3413): 	at android.os.Binder.execTransact(Binder.java:446)
05-24 09:54:08.856 W/System.err( 3413): java.lang.ArrayIndexOutOfBoundsException: length=58; index=58
05-24 09:54:08.856 W/System.err( 3413): 	at com.lbe.security.service.provider.internal.AppOpsAdapter$1.getDefaultOp(AppOpsAdapter.java:279)
05-24 09:54:08.856 W/System.err( 3413): 	at com.android.internal.app.IOpsCallback$Stub.onTransact(IOpsCallback.java:68)
05-24 09:54:08.856 W/System.err( 3413): 	at android.os.Binder.execTransact(Binder.java:446)
05-24 09:54:09.876 W/System.err( 3413): java.lang.ArrayIndexOutOfBoundsException: length=58; index=58
05-24 09:54:09.876 W/System.err( 3413): 	at com.lbe.security.service.provider.internal.AppOpsAdapter$1.getDefaultOp(AppOpsAdapter.java:279)
05-24 09:54:09.876 W/System.err( 3413): 	at com.android.internal.app.IOpsCallback$Stub.onTransact(IOpsCallback.java:68)
05-24 09:54:09.876 W/System.err( 3413): 	at android.os.Binder.execTransact(Binder.java:446)
05-24 09:54:10.766 D/O2OStats:(27904): net status cannot allow to send data!
05-24 09:54:10.896 W/System.err( 3413): java.lang.ArrayIndexOutOfBoundsException: length=58; index=58
05-24 09:54:10.896 W/System.err( 3413): 	at com.lbe.security.service.provider.internal.AppOpsAdapter$1.getDefaultOp(AppOpsAdapter.java:279)
05-24 09:54:10.896 W/System.err( 3413): 	at com.android.internal.app.IOpsCallback$Stub.onTransact(IOpsCallback.java:68)
05-24 09:54:10.896 W/System.err( 3413): 	at android.os.Binder.execTransact(Binder.java:446)
05-24 09:54:11.906 W/System.err( 3413): java.lang.ArrayIndexOutOfBoundsException: length=58; index=58
05-24 09:54:11.906 W/System.err( 3413): 	at com.lbe.security.service.provider.internal.AppOpsAdapter$1.getDefaultOp(AppOpsAdapter.java:279)
05-24 09:54:11.906 W/System.err( 3413): 	at com.android.internal.app.IOpsCallback$Stub.onTransact(IOpsCallback.java:68)
05-24 09:54:11.906 W/System.err( 3413): 	at android.os.Binder.execTransact(Binder.java:446)
05-24 09:54:12.926 W/System.err( 3413): java.lang.ArrayIndexOutOfBoundsException: length=58; index=58
05-24 09:54:12.926 W/System.err( 3413): 	at com.lbe.security.service.provider.internal.AppOpsAdapter$1.getDefaultOp(AppOpsAdapter.java:279)
05-24 09:54:12.926 W/System.err( 3413): 	at com.android.internal.app.IOpsCallback$Stub.onTransact(IOpsCallback.java:68)
05-24 09:54:12.926 W/System.err( 3413): 	at android.os.Binder.execTransact(Binder.java:446)
05-24 09:54:13.926 W/System.err( 3413): java.lang.ArrayIndexOutOfBoundsException: length=58; index=58
05-24 09:54:13.926 W/System.err( 3413): 	at com.lbe.security.service.provider.internal.AppOpsAdapter$1.getDefaultOp(AppOpsAdapter.java:279)
05-24 09:54:13.926 W/System.err( 3413): 	at com.android.internal.app.IOpsCallback$Stub.onTransact(IOpsCallback.java:68)
05-24 09:54:13.926 W/System.err( 3413): 	at android.os.Binder.execTransact(Binder.java:446)
05-24 09:54:13.946 W/System.err( 3413): java.lang.ArrayIndexOutOfBoundsException: length=58; index=58
05-24 09:54:13.946 W/System.err( 3413): 	at com.lbe.security.service.provider.internal.AppOpsAdapter$1.getDefaultOp(AppOpsAdapter.java:279)
05-24 09:54:13.946 W/System.err( 3413): 	at com.android.internal.app.IOpsCallback$Stub.onTransact(IOpsCallback.java:68)
05-24 09:54:13.946 W/System.err( 3413): 	at android.os.Binder.execTransact(Binder.java:446)
05-24 09:54:14.966 W/System.err( 3413): java.lang.ArrayIndexOutOfBoundsException: length=58; index=58
05-24 09:54:14.966 W/System.err( 3413): 	at com.lbe.security.service.provider.internal.AppOpsAdapter$1.getDefaultOp(AppOpsAdapter.java:279)
05-24 09:54:14.966 W/System.err( 3413): 	at com.android.internal.app.IOpsCallback$Stub.onTransact(IOpsCallback.java:68)
05-24 09:54:14.966 W/System.err( 3413): 	at android.os.Binder.execTransact(Binder.java:446)
05-24 09:54:15.196 W/System.err( 3413): java.lang.ArrayIndexOutOfBoundsException: length=58; index=58
05-24 09:54:15.196 W/System.err( 3413): 	at com.lbe.security.service.provider.internal.AppOpsAdapter$1.getDefaultOp(AppOpsAdapter.java:279)
05-24 09:54:15.196 W/System.err( 3413): 	at com.android.internal.app.IOpsCallback$Stub.onTransact(IOpsCallback.java:68)
05-24 09:54:15.196 W/System.err( 3413): 	at android.os.Binder.execTransact(Binder.java:446)
05-24 09:54:15.976 W/System.err( 3413): java.lang.ArrayIndexOutOfBoundsException: length=58; index=58
05-24 09:54:15.976 W/System.err( 3413): 	at com.lbe.security.service.provider.internal.AppOpsAdapter$1.getDefaultOp(AppOpsAdapter.java:279)
05-24 09:54:15.976 W/System.err( 3413): 	at com.android.internal.app.IOpsCallback$Stub.onTransact(IOpsCallback.java:68)
05-24 09:54:15.976 W/System.err( 3413): 	at android.os.Binder.execTransact(Binder.java:446)
05-24 09:54:16.996 W/System.err( 3413): java.lang.ArrayIndexOutOfBoundsException: length=58; index=58
05-24 09:54:16.996 W/System.err( 3413): 	at com.lbe.security.service.provider.internal.AppOpsAdapter$1.getDefaultOp(AppOpsAdapter.java:279)
05-24 09:54:16.996 W/System.err( 3413): 	at com.android.internal.app.IOpsCallback$Stub.onTransact(IOpsCallback.java:68)
05-24 09:54:16.996 W/System.err( 3413): 	at android.os.Binder.execTransact(Binder.java:446)
05-24 09:54:17.106 D/AndroidRuntime(23798): 
05-24 09:54:17.106 D/AndroidRuntime(23798): >>>>>> AndroidRuntime START com.android.internal.os.RuntimeInit <<<<<<
05-24 09:54:17.106 D/AndroidRuntime(23798): CheckJNI is OFF
05-24 09:54:17.266 D/AndroidRuntime(23798): Calling main entry com.android.commands.am.Am
05-24 09:54:17.306 D/AndroidRuntime(23798): Shutting down VM
05-24 09:54:17.746 D/AndroidRuntime(23814): 
05-24 09:54:17.746 D/AndroidRuntime(23814): >>>>>> AndroidRuntime START com.android.internal.os.RuntimeInit <<<<<<
05-24 09:54:17.746 D/AndroidRuntime(23814): CheckJNI is OFF
05-24 09:54:17.886 D/AndroidRuntime(23814): Calling main entry com.android.commands.content.Content
05-24 09:54:17.936 D/AndroidRuntime(23814): Shutting down VM
05-24 09:54:18.006 W/System.err( 3413): java.lang.ArrayIndexOutOfBoundsException: length=58; index=58
05-24 09:54:18.006 W/System.err( 3413): 	at com.lbe.security.service.provider.internal.AppOpsAdapter$1.getDefaultOp(AppOpsAdapter.java:279)
05-24 09:54:18.006 W/System.err( 3413): 	at com.android.internal.app.IOpsCallback$Stub.onTransact(IOpsCallback.java:68)
05-24 09:54:18.006 W/System.err( 3413): 	at android.os.Binder.execTransact(Binder.java:446)
05-24 09:54:19.006 W/System.err( 3413): java.lang.ArrayIndexOutOfBoundsException: length=58; index=58
05-24 09:54:19.006 W/System.err( 3413): 	at com.lbe.security.service.provider.internal.AppOpsAdapter$1.getDefaultOp(AppOpsAdapter.java:279)
05-24 09:54:19.006 W/System.err( 3413): 	at com.android.internal.app.IOpsCallback$Stub.onTransact(IOpsCallback.java:68)
05-24 09:54:19.006 W/System.err( 3413): 	at android.os.Binder.execTransact(Binder.java:446)
05-24 09:54:19.016 W/System.err( 3413): java.lang.ArrayIndexOutOfBoundsException: length=58; index=58
05-24 09:54:19.016 W/System.err( 3413): 	at com.lbe.security.service.provider.internal.AppOpsAdapter$1.getDefaultOp(AppOpsAdapter.java:279)
05-24 09:54:19.016 W/System.err( 3413): 	at com.android.internal.app.IOpsCallback$Stub.onTransact(IOpsCallback.java:68)
05-24 09:54:19.016 W/System.err( 3413): 	at android.os.Binder.execTransact(Binder.java:446)
05-24 09:54:20.036 W/System.err( 3413): java.lang.ArrayIndexOutOfBoundsException: length=58; index=58
05-24 09:54:20.036 W/System.err( 3413): 	at com.lbe.security.service.provider.internal.AppOpsAdapter$1.getDefaultOp(AppOpsAdapter.java:279)
05-24 09:54:20.036 W/System.err( 3413): 	at com.android.internal.app.IOpsCallback$Stub.onTransact(IOpsCallback.java:68)
05-24 09:54:20.036 W/System.err( 3413): 	at android.os.Binder.execTransact(Binder.java:446)
05-24 09:54:20.776 D/O2OStats:(27904): net status cannot allow to send data!
05-24 09:54:21.056 W/System.err( 3413): java.lang.ArrayIndexOutOfBoundsException: length=58; index=58
05-24 09:54:21.056 W/System.err( 3413): 	at com.lbe.security.service.provider.internal.AppOpsAdapter$1.getDefaultOp(AppOpsAdapter.java:279)
05-24 09:54:21.056 W/System.err( 3413): 	at com.android.internal.app.IOpsCallback$Stub.onTransact(IOpsCallback.java:68)
