05-24 09:52:00.046 D/SizeAdaptiveLayout( 1429): com.android.internal.widget.SizeAdaptiveLayout{59e7542 V.E..... ......ID 0,0-1260,232 #7f0800c1 app:id/adaptive}child view android.widget.FrameLayout{1f3e3953 V.E..... ......ID 0,0-1260,231 #1020330 android:id/status_bar_latest_event_content} measured out of bounds at 231px clamped to 232px
05-24 09:52:00.046 D/SizeAdaptiveLayout( 1429): com.android.internal.widget.SizeAdaptiveLayout{316d5c41 V.E..... ......ID 0,0-1260,232 #7f0800c1 app:id/adaptive}child view android.widget.FrameLayout{38f245e6 V.E..... ......ID 0,0-1260,231 #1020330 android:id/status_bar_latest_event_content} measured out of bounds at 231px clamped to 232px
05-24 09:52:00.046 D/SizeAdaptiveLayout( 1429): com.android.internal.widget.SizeAdaptiveLayout{1bf965d9 V.E..... ......ID 0,0-1260,232 #7f0800c1 app:id/adaptive}child view android.widget.FrameLayout{50eab9e V.E..... ......ID 0,0-1260,231 #1020330 android:id/status_bar_latest_event_content} measured out of bounds at 231px clamped to 232px
05-24 09:52:00.046 D/SizeAdaptiveLayout( 1429): com.android.internal.widget.SizeAdaptiveLayout{2b0da289 V.E..... ......ID 0,0-1260,232 #7f0800c1 app:id/adaptive}child view android.widget.FrameLayout{3b4a228e V.E..... ......ID 0,0-1260,231 #1020330 android:id/status_bar_latest_event_content} measured out of bounds at 231px clamped to 232px
05-24 09:52:00.046 D/SizeAdaptiveLayout( 1429): com.android.internal.widget.SizeAdaptiveLayout{2564d55a V.E..... ......ID 0,0-1260,232 #7f0800c1 app:id/adaptive}child view android.widget.FrameLayout{28c738b V.E..... ......ID 0,0-1260,231 #1020330 android:id/status_bar_latest_event_content} measured out of bounds at 231px clamped to 232px
05-24 09:52:00.046 D/SizeAdaptiveLayout( 1429): com.android.internal.widget.SizeAdaptiveLayout{983bc68 V.E..... ......ID 0,0-1260,232 #7f0800c1 app:id/adaptive}child view android.widget.FrameLayout{10ef1881 V.E..... ......ID 0,0-1260,231 #1020330 android:id/status_bar_latest_event_content} measured out of bounds at 231px clamped to 232px
05-24 09:52:00.046 D/SizeAdaptiveLayout( 1429): com.android.internal.widget.SizeAdaptiveLayout{40aed26 V.E..... ......ID 0,0-1260,232 #7f0800c1 app:id/adaptive}child view android.widget.FrameLayout{1e4cbd67 V.E..... ......ID 0,0-1260,231 #1020330 android:id/status_bar_latest_event_content} measured out of bounds at 231px clamped to 232px
05-24 09:52:00.046 D/SizeAdaptiveLayout( 1429): com.android.internal.widget.SizeAdaptiveLayout{2f85dbec V.E..... ......ID 0,0-1260,232 #7f0800c1 app:id/adaptive}child view android.widget.FrameLayout{988bbb5 V.E..... ......ID 0,0-1260,231 #1020330 android:id/status_bar_latest_event_content} measured out of bounds at 231px clamped to 232px
05-24 09:52:00.086 E/CoreDaemon(19548): Start Daemon in coredaemon
05-24 09:52:00.136 D/AndroidRuntime(23719): 
05-24 09:52:00.136 D/AndroidRuntime(23719): >>>>>> AndroidRuntime START com.android.internal.os.RuntimeInit <<<<<<
05-24 09:52:00.136 D/AndroidRuntime(23719): CheckJNI is OFF
05-24 09:52:00.136 D/AndroidRuntime(23721): 
05-24 09:52:00.136 D/AndroidRuntime(23721): >>>>>> AndroidRuntime START com.android.internal.os.RuntimeInit <<<<<<
05-24 09:52:00.146 D/AndroidRuntime(23721): CheckJNI is OFF
05-24 09:52:00.166 D/AndroidRuntime(23723): 
05-24 09:52:00.166 D/AndroidRuntime(23723): >>>>>> AndroidRuntime START com.android.internal.os.RuntimeInit <<<<<<
05-24 09:52:00.166 D/AndroidRuntime(23723): CheckJNI is OFF
05-24 09:52:00.206 D/PhoneStatusBar( 1429): updateNotification pkg=com.qihoo.appstore;id=10012
05-24 09:52:00.226 D/SizeAdaptiveLayout( 1429): com.android.internal.widget.SizeAdaptiveLayout{2af59d25 V.E..... ......ID 0,0-1260,232 #7f0800c1 app:id/adaptive}child view android.widget.RelativeLayout{10135efa V.E..... ......ID 0,0-1260,256} measured out of bounds at 231px clamped to 232px
05-24 09:52:00.236 D/PhoneStatusBar( 1429): updateNotification pkg=com.qihoo.appstore;id=10012
05-24 09:52:00.256 D/SizeAdaptiveLayout( 1429): com.android.internal.widget.SizeAdaptiveLayout{2af59d25 V.E..... ......ID 0,0-1260,232 #7f0800c1 app:id/adaptive}child view android.widget.RelativeLayout{10135efa V.E..... ......ID 0,0-1260,256} measured out of bounds at 231px clamped to 232px
05-24 09:52:00.266 D/AndroidRuntime(23719): Calling main entry com.android.commands.am.Am
05-24 09:52:00.266 D/AndroidRuntime(23721): Calling main entry com.android.commands.am.Am
05-24 09:52:00.276 D/AndroidRuntime(23721): Shutting down VM
05-24 09:52:00.286 D/AndroidRuntime(23723): Calling main entry com.android.commands.am.Am
05-24 09:52:00.286 D/AndroidRuntime(23719): Shutting down VM
05-24 09:52:00.306 D/AndroidRuntime(23723): Shutting down VM
05-24 09:52:00.616 D/O2OStats:(27904): net status cannot allow to send data!
05-24 09:52:00.716 W/System.err( 3413): java.lang.ArrayIndexOutOfBoundsException: length=58; index=58
05-24 09:52:00.716 W/System.err( 3413): 	at com.lbe.security.service.provider.internal.AppOpsAdapter$1.getDefaultOp(AppOpsAdapter.java:279)
05-24 09:52:00.716 W/System.err( 3413): 	at com.android.internal.app.IOpsCallback$Stub.onTransact(IOpsCallback.java:68)
05-24 09:52:00.716 W/System.err( 3413): 	at android.os.Binder.execTransact(Binder.java:446)
05-24 09:52:01.736 W/System.err( 3413): java.lang.ArrayIndexOutOfBoundsException: length=58; index=58
05-24 09:52:01.736 W/System.err( 3413): 	at com.lbe.security.service.provider.internal.AppOpsAdapter$1.getDefaultOp(AppOpsAdapter.java:279)
05-24 09:52:01.736 W/System.err( 3413): 	at com.android.internal.app.IOpsCallback$Stub.onTransact(IOpsCallback.java:68)
05-24 09:52:01.736 W/System.err( 3413): 	at android.os.Binder.execTransact(Binder.java:446)
05-24 09:52:01.816 W/System.err( 3413): java.lang.ArrayIndexOutOfBoundsException: length=58; index=58
05-24 09:52:01.816 W/System.err( 3413): 	at com.lbe.security.service.provider.internal.AppOpsAdapter$1.getDefaultOp(AppOpsAdapter.java:279)
05-24 09:52:01.826 W/System.err( 3413): 	at com.android.internal.app.IOpsCallback$Stub.onTransact(IOpsCallback.java:68)
05-24 09:52:01.826 W/System.err( 3413): 	at android.os.Binder.execTransact(Binder.java:446)
05-24 09:52:02.756 W/System.err( 3413): java.lang.ArrayIndexOutOfBoundsException: length=58; index=58
05-24 09:52:02.756 W/System.err( 3413): 	at com.lbe.security.service.provider.internal.AppOpsAdapter$1.getDefaultOp(AppOpsAdapter.java:279)
05-24 09:52:02.756 W/System.err( 3413): 	at com.android.internal.app.IOpsCallback$Stub.onTransact(IOpsCallback.java:68)
05-24 09:52:02.756 W/System.err( 3413): 	at android.os.Binder.execTransact(Binder.java:446)
05-24 09:52:03.776 W/System.err( 3413): java.lang.ArrayIndexOutOfBoundsException: length=58; index=58
05-24 09:52:03.776 W/System.err( 3413): 	at com.lbe.security.service.provider.internal.AppOpsAdapter$1.getDefaultOp(AppOpsAdapter.java:279)
05-24 09:52:03.776 W/System.err( 3413): 	at com.android.internal.app.IOpsCallback$Stub.onTransact(IOpsCallback.java:68)
05-24 09:52:03.776 W/System.err( 3413): 	at android.os.Binder.execTransact(Binder.java:446)
05-24 09:52:04.576 W/System.err( 3413): java.lang.ArrayIndexOutOfBoundsException: length=58; index=58
05-24 09:52:04.576 W/System.err( 3413): 	at com.lbe.security.service.provider.internal.AppOpsAdapter$1.getDefaultOp(AppOpsAdapter.java:279)
05-24 09:52:04.576 W/System.err( 3413): 	at com.android.internal.app.IOpsCallback$Stub.onTransact(IOpsCallback.java:68)
05-24 09:52:04.576 W/System.err( 3413): 	at android.os.Binder.execTransact(Binder.java:446)
05-24 09:52:04.786 W/System.err( 3413): java.lang.ArrayIndexOutOfBoundsException: length=58; index=58
05-24 09:52:04.786 W/System.err( 3413): 	at com.lbe.security.service.provider.internal.AppOpsAdapter$1.getDefaultOp(AppOpsAdapter.java:279)
05-24 09:52:04.786 W/System.err( 3413): 	at com.android.internal.app.IOpsCallback$Stub.onTransact(IOpsCallback.java:68)
05-24 09:52:04.796 W/System.err( 3413): 	at android.os.Binder.execTransact(Binder.java:446)
05-24 09:52:05.806 W/System.err( 3413): java.lang.ArrayIndexOutOfBoundsException: length=58; index=58
05-24 09:52:05.806 W/System.err( 3413): 	at com.lbe.security.service.provider.internal.AppOpsAdapter$1.getDefaultOp(AppOpsAdapter.java:279)
05-24 09:52:05.806 W/System.err( 3413): 	at com.android.internal.app.IOpsCallback$Stub.onTransact(IOpsCallback.java:68)
05-24 09:52:05.806 W/System.err( 3413): 	at android.os.Binder.execTransact(Binder.java:446)
05-24 09:52:05.986 W/System.err( 3413): java.lang.ArrayIndexOutOfBoundsException: length=58; index=58
05-24 09:52:05.986 W/System.err( 3413): 	at com.lbe.security.service.provider.internal.AppOpsAdapter$1.getDefaultOp(AppOpsAdapter.java:279)
05-24 09:52:05.986 W/System.err( 3413): 	at com.android.internal.app.IOpsCallback$Stub.onTransact(IOpsCallback.java:68)
05-24 09:52:05.986 W/System.err( 3413): 	at android.os.Binder.execTransact(Binder.java:446)
05-24 09:52:06.826 W/System.err( 3413): java.lang.ArrayIndexOutOfBoundsException: length=58; index=58
05-24 09:52:06.826 W/System.err( 3413): 	at com.lbe.security.service.provider.internal.AppOpsAdapter$1.getDefaultOp(AppOpsAdapter.java:279)
05-24 09:52:06.826 W/System.err( 3413): 	at com.android.internal.app.IOpsCallback$Stub.onTransact(IOpsCallback.java:68)
05-24 09:52:06.826 W/System.err( 3413): 	at android.os.Binder.execTransact(Binder.java:446)
05-24 09:52:06.906 W/System.err( 3413): java.lang.ArrayIndexOutOfBoundsException: length=58; index=58
05-24 09:52:06.906 W/System.err( 3413): 	at com.lbe.security.service.provider.internal.AppOpsAdapter$1.getDefaultOp(AppOpsAdapter.java:279)
05-24 09:52:06.906 W/System.err( 3413): 	at com.android.internal.app.IOpsCallback$Stub.onTransact(IOpsCallback.java:68)
05-24 09:52:06.906 W/System.err( 3413): 	at android.os.Binder.execTransact(Binder.java:446)
05-24 09:52:07.846 W/System.err( 3413): java.lang.ArrayIndexOutOfBoundsException: length=58; index=58
05-24 09:52:07.846 W/System.err( 3413): 	at com.lbe.security.service.provider.internal.AppOpsAdapter$1.getDefaultOp(AppOpsAdapter.java:279)
05-24 09:52:07.846 W/System.err( 3413): 	at com.android.internal.app.IOpsCallback$Stub.onTransact(IOpsCallback.java:68)
05-24 09:52:07.846 W/System.err( 3413): 	at android.os.Binder.execTransact(Binder.java:446)
05-24 09:52:08.856 W/System.err( 3413): java.lang.ArrayIndexOutOfBoundsException: length=58; index=58
05-24 09:52:08.856 W/System.err( 3413): 	at com.lbe.security.service.provider.internal.AppOpsAdapter$1.getDefaultOp(AppOpsAdapter.java:279)
05-24 09:52:08.856 W/System.err( 3413): 	at com.android.internal.app.IOpsCallback$Stub.onTransact(IOpsCallback.java:68)
05-24 09:52:08.856 W/System.err( 3413): 	at android.os.Binder.execTransact(Binder.java:446)
05-24 09:52:09.876 W/System.err( 3413): java.lang.ArrayIndexOutOfBoundsException: length=58; index=58
05-24 09:52:09.876 W/System.err( 3413): 	at com.lbe.security.service.provider.internal.AppOpsAdapter$1.getDefaultOp(AppOpsAdapter.java:279)
05-24 09:52:09.876 W/System.err( 3413): 	at com.android.internal.app.IOpsCallback$Stub.onTransact(IOpsCallback.java:68)
05-24 09:52:09.876 W/System.err( 3413): 	at android.os.Binder.execTransact(Binder.java:446)
05-24 09:52:10.636 D/O2OStats:(27904): net status cannot allow to send data!
05-24 09:52:10.896 W/System.err( 3413): java.lang.ArrayIndexOutOfBoundsException: length=58; index=58
05-24 09:52:10.896 W/System.err( 3413): 	at com.lbe.security.service.provider.internal.AppOpsAdapter$1.getDefaultOp(AppOpsAdapter.java:279)
05-24 09:52:10.896 W/System.err( 3413): 	at com.android.internal.app.IOpsCallback$Stub.onTransact(IOpsCallback.java:68)
05-24 09:52:10.896 W/System.err( 3413): 	at android.os.Binder.execTransact(Binder.java:446)
05-24 09:52:11.916 W/System.err( 3413): java.lang.ArrayIndexOutOfBoundsException: length=58; index=58
05-24 09:52:11.916 W/System.err( 3413): 	at com.lbe.security.service.provider.internal.AppOpsAdapter$1.getDefaultOp(AppOpsAdapter.java:279)
05-24 09:52:11.916 W/System.err( 3413): 	at com.android.internal.app.IOpsCallback$Stub.onTransact(IOpsCallback.java:68)
05-24 09:52:11.916 W/System.err( 3413): 	at android.os.Binder.execTransact(Binder.java:446)
05-24 09:52:11.986 W/System.err( 3413): java.lang.ArrayIndexOutOfBoundsException: length=58; index=58
05-24 09:52:11.996 W/System.err( 3413): 	at com.lbe.security.service.provider.internal.AppOpsAdapter$1.getDefaultOp(AppOpsAdapter.java:279)
05-24 09:52:11.996 W/System.err( 3413): 	at com.android.internal.app.IOpsCallback$Stub.onTransact(IOpsCallback.java:68)
05-24 09:52:11.996 W/System.err( 3413): 	at android.os.Binder.execTransact(Binder.java:446)
05-24 09:52:12.926 W/System.err( 3413): java.lang.ArrayIndexOutOfBoundsException: length=58; index=58
05-24 09:52:12.926 W/System.err( 3413): 	at com.lbe.security.service.provider.internal.AppOpsAdapter$1.getDefaultOp(AppOpsAdapter.java:279)
05-24 09:52:12.926 W/System.err( 3413): 	at com.android.internal.app.IOpsCallback$Stub.onTransact(IOpsCallback.java:68)
05-24 09:52:12.926 W/System.err( 3413): 	at android.os.Binder.execTransact(Binder.java:446)
05-24 09:52:13.946 W/System.err( 3413): java.lang.ArrayIndexOutOfBoundsException: length=58; index=58
05-24 09:52:13.946 W/System.err( 3413): 	at com.lbe.security.service.provider.internal.AppOpsAdapter$1.getDefaultOp(AppOpsAdapter.java:279)
05-24 09:52:13.946 W/System.err( 3413): 	at com.android.internal.app.IOpsCallback$Stub.onTransact(IOpsCallback.java:68)
05-24 09:52:13.946 W/System.err( 3413): 	at android.os.Binder.execTransact(Binder.java:446)
05-24 09:52:14.636 W/System.err( 3413): java.lang.ArrayIndexOutOfBoundsException: length=58; index=58
05-24 09:52:14.636 W/System.err( 3413): 	at com.lbe.security.service.provider.internal.AppOpsAdapter$1.getDefaultOp(AppOpsAdapter.java:279)
05-24 09:52:14.636 W/System.err( 3413): 	at com.android.internal.app.IOpsCallback$Stub.onTransact(IOpsCallback.java:68)
05-24 09:52:14.636 W/System.err( 3413): 	at android.os.Binder.execTransact(Binder.java:446)
05-24 09:52:14.966 W/System.err( 3413): java.lang.ArrayIndexOutOfBoundsException: length=58; index=58
05-24 09:52:14.966 W/System.err( 3413): 	at com.lbe.security.service.provider.internal.AppOpsAdapter$1.getDefaultOp(AppOpsAdapter.java:279)
05-24 09:52:14.966 W/System.err( 3413): 	at com.android.internal.app.IOpsCallback$Stub.onTransact(IOpsCallback.java:68)
05-24 09:52:14.966 W/System.err( 3413): 	at android.os.Binder.execTransact(Binder.java:446)
05-24 09:52:15.976 W/System.err( 3413): java.lang.ArrayIndexOutOfBoundsException: length=58; index=58
05-24 09:52:15.986 W/System.err( 3413): 	at com.lbe.security.service.provider.internal.AppOpsAdapter$1.getDefaultOp(AppOpsAdapter.java:279)
05-24 09:52:15.986 W/System.err( 3413): 	at com.android.internal.app.IOpsCallback$Stub.onTransact(IOpsCallback.java:68)
05-24 09:52:15.986 W/System.err( 3413): 	at android.os.Binder.execTransact(Binder.java:446)
05-24 09:52:16.996 W/System.err( 3413): java.lang.ArrayIndexOutOfBoundsException: length=58; index=58
05-24 09:52:16.996 W/System.err( 3413): 	at com.lbe.security.service.provider.internal.AppOpsAdapter$1.getDefaultOp(AppOpsAdapter.java:279)
05-24 09:52:16.996 W/System.err( 3413): 	at com.android.internal.app.IOpsCallback$Stub.onTransact(IOpsCallback.java:68)
05-24 09:52:16.996 W/System.err( 3413): 	at android.os.Binder.execTransact(Binder.java:446)
05-24 09:52:17.066 W/System.err( 3413): java.lang.ArrayIndexOutOfBoundsException: length=58; index=58
05-24 09:52:17.066 W/System.err( 3413): 	at com.lbe.security.service.provider.internal.AppOpsAdapter$1.getDefaultOp(AppOpsAdapter.java:279)
05-24 09:52:17.066 W/System.err( 3413): 	at com.android.internal.app.IOpsCallback$Stub.onTransact(IOpsCallback.java:68)
05-24 09:52:17.066 W/System.err( 3413): 	at android.os.Binder.execTransact(Binder.java:446)
05-24 09:52:18.016 W/System.err( 3413): java.lang.ArrayIndexOutOfBoundsException: length=58; index=58
05-24 09:52:18.016 W/System.err( 3413): 	at com.lbe.security.service.provider.internal.AppOpsAdapter$1.getDefaultOp(AppOpsAdapter.java:279)
05-24 09:52:18.016 W/System.err( 3413): 	at com.android.internal.app.IOpsCallback$Stub.onTransact(IOpsCallback.java:68)
05-24 09:52:18.016 W/System.err( 3413): 	at android.os.Binder.execTransact(Binder.java:446)
05-24 09:52:19.036 W/System.err( 3413): java.lang.ArrayIndexOutOfBoundsException: length=58; index=58
05-24 09:52:19.036 W/System.err( 3413): 	at com.lbe.security.service.provider.internal.AppOpsAdapter$1.getDefaultOp(AppOpsAdapter.java:279)
05-24 09:52:19.036 W/System.err( 3413): 	at com.android.internal.app.IOpsCallback$Stub.onTransact(IOpsCallback.java:68)
05-24 09:52:19.036 W/System.err( 3413): 	at android.os.Binder.execTransact(Binder.java:446)
05-24 09:52:20.056 W/System.err( 3413): java.lang.ArrayIndexOutOfBoundsException: length=58; index=58
05-24 09:52:20.056 W/System.err( 3413): 	at com.lbe.security.service.provider.internal.AppOpsAdapter$1.getDefaultOp(AppOpsAdapter.java:279)
05-24 09:52:20.056 W/System.err( 3413): 	at com.android.internal.app.IOpsCallback$Stub.onTransact(IOpsCallback.java:68)
05-24 09:52:20.056 W/System.err( 3413): 	at android.os.Binder.execTransact(Binder.java:446)
05-24 09:52:20.646 D/O2OStats:(27904): net status cannot allow to send data!
05-24 09:52:21.066 W/System.err( 3413): java.lang.ArrayIndexOutOfBoundsException: length=58; index=58
05-24 09:52:21.066 W/System.err( 3413): 	at com.lbe.security.service.provider.internal.AppOpsAdapter$1.getDefaultOp(AppOpsAdapter.java:279)
05-24 09:52:21.066 W/System.err( 3413): 	at com.android.internal.app.IOpsCallback$Stub.onTransact(IOpsCallback.java:68)
05-24 09:52:21.066 W/System.err( 3413): 	at android.os.Binder.execTransact(Binder.java:446)
05-24 09:52:22.086 W/System.err( 3413): java.lang.ArrayIndexOutOfBoundsException: length=58; index=58
05-24 09:52:22.086 W/System.err( 3413): 	at com.lbe.security.service.provider.internal.AppOpsAdapter$1.getDefaultOp(AppOpsAdapter.java:279)
05-24 09:52:22.086 W/System.err( 3413): 	at com.android.internal.app.IOpsCallback$Stub.onTransact(IOpsCallback.java:68)
05-24 09:52:22.086 W/System.err( 3413): 	at android.os.Binder.execTransact(Binder.java:446)
05-24 09:52:22.146 W/System.err( 3413): java.lang.ArrayIndexOutOfBoundsException: length=58; index=58
05-24 09:52:22.146 W/System.err( 3413): 	at com.lbe.security.service.provider.internal.AppOpsAdapter$1.getDefaultOp(AppOpsAdapter.java:279)
05-24 09:52:22.146 W/System.err( 3413): 	at com.android.internal.app.IOpsCallback$Stub.onTransact(IOpsCallback.java:68)
05-24 09:52:22.146 W/System.err( 3413): 	at android.os.Binder.execTransact(Binder.java:446)
05-24 09:52:23.106 W/System.err( 3413): java.lang.ArrayIndexOutOfBoundsException: length=58; index=58
05-24 09:52:23.106 W/System.err( 3413): 	at com.lbe.security.service.provider.internal.AppOpsAdapter$1.getDefaultOp(AppOpsAdapter.java:279)
05-24 09:52:23.106 W/System.err( 3413): 	at com.android.internal.app.IOpsCallback$Stub.onTransact(IOpsCallback.java:68)
05-24 09:52:23.106 W/System.err( 3413): 	at android.os.Binder.execTransact(Binder.java:446)
05-24 09:52:24.116 W/System.err( 3413): java.lang.ArrayIndexOutOfBoundsException: length=58; index=58
05-24 09:52:24.116 W/System.err( 3413): 	at com.lbe.security.service.provider.internal.AppOpsAdapter$1.getDefaultOp(AppOpsAdapter.java:279)
05-24 09:52:24.116 W/System.err( 3413): 	at com.android.internal.app.IOpsCallback$Stub.onTransact(IOpsCallback.java:68)
05-24 09:52:24.116 W/System.err( 3413): 	at android.os.Binder.execTransact(Binder.java:446)
05-24 09:52:24.686 W/System.err( 3413): java.lang.ArrayIndexOutOfBoundsException: length=58; index=58
05-24 09:52:24.686 W/System.err( 3413): 	at com.lbe.security.service.provider.internal.AppOpsAdapter$1.getDefaultOp(AppOpsAdapter.java:279)
05-24 09:52:24.686 W/System.err( 3413): 	at com.android.internal.app.IOpsCallback$Stub.onTransact(IOpsCallback.java:68)
05-24 09:52:24.686 W/System.err( 3413): 	at android.os.Binder.execTransact(Binder.java:446)
05-24 09:52:25.136 W/System.err( 3413): java.lang.ArrayIndexOutOfBoundsException: length=58; index=58
05-24 09:52:25.136 W/System.err( 3413): 	at com.lbe.security.service.provider.internal.AppOpsAdapter$1.getDefaultOp(AppOpsAdapter.java:279)
05-24 09:52:25.136 W/System.err( 3413): 	at com.android.internal.app.IOpsCallback$Stub.onTransact(IOpsCallback.java:68)
05-24 09:52:25.136 W/System.err( 3413): 	at android.os.Binder.execTransact(Binder.java:446)
05-24 09:52:26.156 W/System.err( 3413): java.lang.ArrayIndexOutOfBoundsException: length=58; index=58
05-24 09:52:26.156 W/System.err( 3413): 	at com.lbe.security.service.provider.internal.AppOpsAdapter$1.getDefaultOp(AppOpsAdapter.java:279)
05-24 09:52:26.156 W/System.err( 3413): 	at com.android.internal.app.IOpsCallback$Stub.onTransact(IOpsCallback.java:68)
05-24 09:52:26.156 W/System.err( 3413): 	at android.os.Binder.execTransact(Binder.java:446)
05-24 09:52:26.406 D/O2OStats:(27904): no netwrok connected!
05-24 09:52:27.166 W/System.err( 3413): java.lang.ArrayIndexOutOfBoundsException: length=58; index=58
05-24 09:52:27.166 W/System.err( 3413): 	at com.lbe.security.service.provider.internal.AppOpsAdapter$1.getDefaultOp(AppOpsAdapter.java:279)
05-24 09:52:27.166 W/System.err( 3413): 	at com.android.internal.app.IOpsCallback$Stub.onTransact(IOpsCallback.java:68)
05-24 09:52:27.166 W/System.err( 3413): 	at android.os.Binder.execTransact(Binder.java:446)
05-24 09:52:27.216 W/System.err( 3413): java.lang.ArrayIndexOutOfBoundsException: length=58; index=58
05-24 09:52:27.216 W/System.err( 3413): 	at com.lbe.security.service.provider.internal.AppOpsAdapter$1.getDefaultOp(AppOpsAdapter.java:279)
05-24 09:52:27.216 W/System.err( 3413): 	at com.android.internal.app.IOpsCallback$Stub.onTransact(IOpsCallback.java:68)
05-24 09:52:27.216 W/System.err( 3413): 	at android.os.Binder.execTransact(Binder.java:446)
05-24 09:52:28.186 W/System.err( 3413): java.lang.ArrayIndexOutOfBoundsException: length=58; index=58
05-24 09:52:28.186 W/System.err( 3413): 	at com.lbe.security.service.provider.internal.AppOpsAdapter$1.getDefaultOp(AppOpsAdapter.java:279)
05-24 09:52:28.186 W/System.err( 3413): 	at com.android.internal.app.IOpsCallback$Stub.onTransact(IOpsCallback.java:68)
05-24 09:52:28.186 W/System.err( 3413): 	at android.os.Binder.execTransact(Binder.java:446)
05-24 09:52:29.206 W/System.err( 3413): java.lang.ArrayIndexOutOfBoundsException: length=58; index=58
05-24 09:52:29.206 W/System.err( 3413): 	at com.lbe.security.service.provider.internal.AppOpsAdapter$1.getDefaultOp(AppOpsAdapter.java:279)
05-24 09:52:29.206 W/System.err( 3413): 	at com.android.internal.app.IOpsCallback$Stub.onTransact(IOpsCallback.java:68)
05-24 09:52:29.206 W/System.err( 3413): 	at android.os.Binder.execTransact(Binder.java:446)
05-24 09:52:30.216 W/System.err( 3413): java.lang.ArrayIndexOutOfBoundsException: length=58; index=58
05-24 09:52:30.226 W/System.err( 3413): 	at com.lbe.security.service.provider.internal.AppOpsAdapter$1.getDefaultOp(AppOpsAdapter.java:279)
05-24 09:52:30.226 W/System.err( 3413): 	at com.android.internal.app.IOpsCallback$Stub.onTransact(IOpsCallback.java:68)
05-24 09:52:30.226 W/System.err( 3413): 	at android.os.Binder.execTransact(Binder.java:446)
05-24 09:52:30.646 D/O2OStats:(27904): net status cannot allow to send data!
05-24 09:52:31.236 W/System.err( 3413): java.lang.ArrayIndexOutOfBoundsException: length=58; index=58
05-24 09:52:31.236 W/System.err( 3413): 	at com.lbe.security.service.provider.internal.AppOpsAdapter$1.getDefaultOp(AppOpsAdapter.java:279)
05-24 09:52:31.236 W/System.err( 3413): 	at com.android.internal.app.IOpsCallback$Stub.onTransact(IOpsCallback.java:68)
05-24 09:52:31.236 W/System.err( 3413): 	at android.os.Binder.execTransact(Binder.java:446)
05-24 09:52:32.256 W/System.err( 3413): java.lang.ArrayIndexOutOfBoundsException: length=58; index=58
05-24 09:52:32.256 W/System.err( 3413): 	at com.lbe.security.service.provider.internal.AppOpsAdapter$1.getDefaultOp(AppOpsAdapter.java:279)
05-24 09:52:32.256 W/System.err( 3413): 	at com.android.internal.app.IOpsCallback$Stub.onTransact(IOpsCallback.java:68)
05-24 09:52:32.256 W/System.err( 3413): 	at android.os.Binder.execTransact(Binder.java:446)
05-24 09:52:32.296 W/System.err( 3413): java.lang.ArrayIndexOutOfBoundsException: length=58; index=58
05-24 09:52:32.296 W/System.err( 3413): 	at com.lbe.security.service.provider.internal.AppOpsAdapter$1.getDefaultOp(AppOpsAdapter.java:279)
05-24 09:52:32.296 W/System.err( 3413): 	at com.android.internal.app.IOpsCallback$Stub.onTransact(IOpsCallback.java:68)
05-24 09:52:32.296 W/System.err( 3413): 	at android.os.Binder.execTransact(Binder.java:446)
05-24 09:52:33.276 W/System.err( 3413): java.lang.ArrayIndexOutOfBoundsException: length=58; index=58
05-24 09:52:33.276 W/System.err( 3413): 	at com.lbe.security.service.provider.internal.AppOpsAdapter$1.getDefaultOp(AppOpsAdapter.java:279)
05-24 09:52:33.276 W/System.err( 3413): 	at com.android.internal.app.IOpsCallback$Stub.onTransact(IOpsCallback.java:68)
05-24 09:52:33.276 W/System.err( 3413): 	at android.os.Binder.execTransact(Binder.java:446)
05-24 09:52:34.286 W/System.err( 3413): java.lang.ArrayIndexOutOfBoundsException: length=58; index=58
05-24 09:52:34.286 W/System.err( 3413): 	at com.lbe.security.service.provider.internal.AppOpsAdapter$1.getDefaultOp(AppOpsAdapter.java:279)
05-24 09:52:34.286 W/System.err( 3413): 	at com.android.internal.app.IOpsCallback$Stub.onTransact(IOpsCallback.java:68)
05-24 09:52:34.286 W/System.err( 3413): 	at android.os.Binder.execTransact(Binder.java:446)
05-24 09:52:34.756 W/System.err( 3413): java.lang.ArrayIndexOutOfBoundsException: length=58; index=58
05-24 09:52:34.756 W/System.err( 3413): 	at com.lbe.security.service.provider.internal.AppOpsAdapter$1.getDefaultOp(AppOpsAdapter.java:279)
05-24 09:52:34.756 W/System.err( 3413): 	at com.android.internal.app.IOpsCallback$Stub.onTransact(IOpsCallback.java:68)
05-24 09:52:34.756 W/System.err( 3413): 	at android.os.Binder.execTransact(Binder.java:446)
05-24 09:52:35.306 W/System.err( 3413): java.lang.ArrayIndexOutOfBoundsException: length=58; index=58
05-24 09:52:35.306 W/System.err( 3413): 	at com.lbe.security.service.provider.internal.AppOpsAdapter$1.getDefaultOp(AppOpsAdapter.java:279)
05-24 09:52:35.306 W/System.err( 3413): 	at com.android.internal.app.IOpsCallback$Stub.onTransact(IOpsCallback.java:68)
05-24 09:52:35.306 W/System.err( 3413): 	at android.os.Binder.execTransact(Binder.java:446)
05-24 09:52:36.326 W/System.err( 3413): java.lang.ArrayIndexOutOfBoundsException: length=58; index=58
05-24 09:52:36.326 W/System.err( 3413): 	at com.lbe.security.service.provider.internal.AppOpsAdapter$1.getDefaultOp(AppOpsAdapter.java:279)
05-24 09:52:36.326 W/System.err( 3413): 	at com.android.internal.app.IOpsCallback$Stub.onTransact(IOpsCallback.java:68)
05-24 09:52:36.326 W/System.err( 3413): 	at android.os.Binder.execTransact(Binder.java:446)
05-24 09:52:37.346 W/System.err( 3413): java.lang.ArrayIndexOutOfBoundsException: length=58; index=58
05-24 09:52:37.346 W/System.err( 3413): 	at com.lbe.security.service.provider.internal.AppOpsAdapter$1.getDefaultOp(AppOpsAdapter.java:279)
05-24 09:52:37.346 W/System.err( 3413): 	at com.android.internal.app.IOpsCallback$Stub.onTransact(IOpsCallback.java:68)
05-24 09:52:37.346 W/System.err( 3413): 	at android.os.Binder.execTransact(Binder.java:446)
05-24 09:52:37.366 W/System.err( 3413): java.lang.ArrayIndexOutOfBoundsException: length=58; index=58
05-24 09:52:37.366 W/System.err( 3413): 	at com.lbe.security.service.provider.internal.AppOpsAdapter$1.getDefaultOp(AppOpsAdapter.java:279)
05-24 09:52:37.366 W/System.err( 3413): 	at com.android.internal.app.IOpsCallback$Stub.onTransact(IOpsCallback.java:68)
05-24 09:52:37.366 W/System.err( 3413): 	at android.os.Binder.execTransact(Binder.java:446)
05-24 09:52:38.356 W/System.err( 3413): java.lang.ArrayIndexOutOfBoundsException: length=58; index=58
05-24 09:52:38.356 W/System.err( 3413): 	at com.lbe.security.service.provider.internal.AppOpsAdapter$1.getDefaultOp(AppOpsAdapter.java:279)
05-24 09:52:38.356 W/System.err( 3413): 	at com.android.internal.app.IOpsCallback$Stub.onTransact(IOpsCallback.java:68)
05-24 09:52:38.356 W/System.err( 3413): 	at android.os.Binder.execTransact(Binder.java:446)
05-24 09:52:39.376 W/System.err( 3413): java.lang.ArrayIndexOutOfBoundsException: length=58; index=58
05-24 09:52:39.376 W/System.err( 3413): 	at com.lbe.security.service.provider.internal.AppOpsAdapter$1.getDefaultOp(AppOpsAdapter.java:279)
05-24 09:52:39.376 W/System.err( 3413): 	at com.android.internal.app.IOpsCallback$Stub.onTransact(IOpsCallback.java:68)
05-24 09:52:39.376 W/System.err( 3413): 	at android.os.Binder.execTransact(Binder.java:446)
05-24 09:52:40.396 W/System.err( 3413): java.lang.ArrayIndexOutOfBoundsException: length=58; index=58
05-24 09:52:40.396 W/System.err( 3413): 	at com.lbe.security.service.provider.internal.AppOpsAdapter$1.getDefaultOp(AppOpsAdapter.java:279)
05-24 09:52:40.396 W/System.err( 3413): 	at com.android.internal.app.IOpsCallback$Stub.onTransact(IOpsCallback.java:68)
05-24 09:52:40.396 W/System.err( 3413): 	at android.os.Binder.execTransact(Binder.java:446)
05-24 09:52:40.666 D/O2OStats:(27904): net status cannot allow to send data!
05-24 09:52:41.406 W/System.err( 3413): java.lang.ArrayIndexOutOfBoundsException: length=58; index=58
05-24 09:52:41.406 W/System.err( 3413): 	at com.lbe.security.service.provider.internal.AppOpsAdapter$1.getDefaultOp(AppOpsAdapter.java:279)
05-24 09:52:41.406 W/System.err( 3413): 	at com.android.internal.app.IOpsCallback$Stub.onTransact(IOpsCallback.java:68)
05-24 09:52:41.406 W/System.err( 3413): 	at android.os.Binder.execTransact(Binder.java:446)
05-24 09:52:42.426 W/System.err( 3413): java.lang.ArrayIndexOutOfBoundsException: length=58; index=58
05-24 09:52:42.426 W/System.err( 3413): 	at com.lbe.security.service.provider.internal.AppOpsAdapter$1.getDefaultOp(AppOpsAdapter.java:279)
05-24 09:52:42.426 W/System.err( 3413): 	at com.android.internal.app.IOpsCallback$Stub.onTransact(IOpsCallback.java:68)
05-24 09:52:42.426 W/System.err( 3413): 	at android.os.Binder.execTransact(Binder.java:446)
05-24 09:52:42.446 W/System.err( 3413): java.lang.ArrayIndexOutOfBoundsException: length=58; index=58
05-24 09:52:42.446 W/System.err( 3413): 	at com.lbe.security.service.provider.internal.AppOpsAdapter$1.getDefaultOp(AppOpsAdapter.java:279)
05-24 09:52:42.446 W/System.err( 3413): 	at com.android.internal.app.IOpsCallback$Stub.onTransact(IOpsCallback.java:68)
05-24 09:52:42.446 W/System.err( 3413): 	at android.os.Binder.execTransact(Binder.java:446)
05-24 09:52:43.436 W/System.err( 3413): java.lang.ArrayIndexOutOfBoundsException: length=58; index=58
05-24 09:52:43.436 W/System.err( 3413): 	at com.lbe.security.service.provider.internal.AppOpsAdapter$1.getDefaultOp(AppOpsAdapter.java:279)
05-24 09:52:43.436 W/System.err( 3413): 	at com.android.internal.app.IOpsCallback$Stub.onTransact(IOpsCallback.java:68)
05-24 09:52:43.436 W/System.err( 3413): 	at android.os.Binder.execTransact(Binder.java:446)
05-24 09:52:44.456 W/System.err( 3413): java.lang.ArrayIndexOutOfBoundsException: length=58; index=58
05-24 09:52:44.456 W/System.err( 3413): 	at com.lbe.security.service.provider.internal.AppOpsAdapter$1.getDefaultOp(AppOpsAdapter.java:279)
05-24 09:52:44.456 W/System.err( 3413): 	at com.android.internal.app.IOpsCallback$Stub.onTransact(IOpsCallback.java:68)
05-24 09:52:44.456 W/System.err( 3413): 	at android.os.Binder.execTransact(Binder.java:446)
05-24 09:52:44.806 W/System.err( 3413): java.lang.ArrayIndexOutOfBoundsException: length=58; index=58
05-24 09:52:44.806 W/System.err( 3413): 	at com.lbe.security.service.provider.internal.AppOpsAdapter$1.getDefaultOp(AppOpsAdapter.java:279)
05-24 09:52:44.806 W/System.err( 3413): 	at com.android.internal.app.IOpsCallback$Stub.onTransact(IOpsCallback.java:68)
05-24 09:52:44.806 W/System.err( 3413): 	at android.os.Binder.execTransact(Binder.java:446)
05-24 09:52:45.476 W/System.err( 3413): java.lang.ArrayIndexOutOfBoundsException: length=58; index=58
05-24 09:52:45.476 W/System.err( 3413): 	at com.lbe.security.service.provider.internal.AppOpsAdapter$1.getDefaultOp(AppOpsAdapter.java:279)
05-24 09:52:45.476 W/System.err( 3413): 	at com.android.internal.app.IOpsCallback$Stub.onTransact(IOpsCallback.java:68)
05-24 09:52:45.476 W/System.err( 3413): 	at android.os.Binder.execTransact(Binder.java:446)
05-24 09:52:46.496 W/System.err( 3413): java.lang.ArrayIndexOutOfBoundsException: length=58; index=58
05-24 09:52:46.496 W/System.err( 3413): 	at com.lbe.security.service.provider.internal.AppOpsAdapter$1.getDefaultOp(AppOpsAdapter.java:279)
05-24 09:52:46.496 W/System.err( 3413): 	at com.android.internal.app.IOpsCallback$Stub.onTransact(IOpsCallback.java:68)
05-24 09:52:46.496 W/System.err( 3413): 	at android.os.Binder.execTransact(Binder.java:446)
05-24 09:52:47.506 W/System.err( 3413): java.lang.ArrayIndexOutOfBoundsException: length=58; index=58
05-24 09:52:47.506 W/System.err( 3413): 	at com.lbe.security.service.provider.internal.AppOpsAdapter$1.getDefaultOp(AppOpsAdapter.java:279)
05-24 09:52:47.506 W/System.err( 3413): 	at com.android.internal.app.IOpsCallback$Stub.onTransact(IOpsCallback.java:68)
05-24 09:52:47.506 W/System.err( 3413): 	at android.os.Binder.execTransact(Binder.java:446)
05-24 09:52:47.526 W/System.err( 3413): java.lang.ArrayIndexOutOfBoundsException: length=58; index=58
05-24 09:52:47.526 W/System.err( 3413): 	at com.lbe.security.service.provider.internal.AppOpsAdapter$1.getDefaultOp(AppOpsAdapter.java:279)
05-24 09:52:47.526 W/System.err( 3413): 	at com.android.internal.app.IOpsCallback$Stub.onTransact(IOpsCallback.java:68)
05-24 09:52:47.526 W/System.err( 3413): 	at android.os.Binder.execTransact(Binder.java:446)
05-24 09:52:48.526 W/System.err( 3413): java.lang.ArrayIndexOutOfBoundsException: length=58; index=58
05-24 09:52:48.526 W/System.err( 3413): 	at com.lbe.security.service.provider.internal.AppOpsAdapter$1.getDefaultOp(AppOpsAdapter.java:279)
05-24 09:52:48.526 W/System.err( 3413): 	at com.android.internal.app.IOpsCallback$Stub.onTransact(IOpsCallback.java:68)
05-24 09:52:48.526 W/System.err( 3413): 	at android.os.Binder.execTransact(Binder.java:446)
05-24 09:52:49.546 W/System.err( 3413): java.lang.ArrayIndexOutOfBoundsException: length=58; index=58
05-24 09:52:49.546 W/System.err( 3413): 	at com.lbe.security.service.provider.internal.AppOpsAdapter$1.getDefaultOp(AppOpsAdapter.java:279)
05-24 09:52:49.546 W/System.err( 3413): 	at com.android.internal.app.IOpsCallback$Stub.onTransact(IOpsCallback.java:68)
05-24 09:52:49.546 W/System.err( 3413): 	at android.os.Binder.execTransact(Binder.java:446)
05-24 09:52:50.566 W/System.err( 3413): java.lang.ArrayIndexOutOfBoundsException: length=58; index=58
05-24 09:52:50.566 W/System.err( 3413): 	at com.lbe.security.service.provider.internal.AppOpsAdapter$1.getDefaultOp(AppOpsAdapter.java:279)
05-24 09:52:50.566 W/System.err( 3413): 	at com.android.internal.app.IOpsCallback$Stub.onTransact(IOpsCallback.java:68)
05-24 09:52:50.566 W/System.err( 3413): 	at android.os.Binder.execTransact(Binder.java:446)
05-24 09:52:50.676 D/O2OStats:(27904): net status cannot allow to send data!
05-24 09:52:51.586 W/System.err( 3413): java.lang.ArrayIndexOutOfBoundsException: length=58; index=58
05-24 09:52:51.586 W/System.err( 3413): 	at com.lbe.security.service.provider.internal.AppOpsAdapter$1.getDefaultOp(AppOpsAdapter.java:279)
05-24 09:52:51.586 W/System.err( 3413): 	at com.android.internal.app.IOpsCallback$Stub.onTransact(IOpsCallback.java:68)
05-24 09:52:51.586 W/System.err( 3413): 	at android.os.Binder.execTransact(Binder.java:446)
05-24 09:52:52.586 W/System.err( 3413): java.lang.ArrayIndexOutOfBoundsException: length=58; index=58
05-24 09:52:52.586 W/System.err( 3413): 	at com.lbe.security.service.provider.internal.AppOpsAdapter$1.getDefaultOp(AppOpsAdapter.java:279)
05-24 09:52:52.586 W/System.err( 3413): 	at com.android.internal.app.IOpsCallback$Stub.onTransact(IOpsCallback.java:68)
05-24 09:52:52.586 W/System.err( 3413): 	at android.os.Binder.execTransact(Binder.java:446)
05-24 09:52:52.606 W/System.err( 3413): java.lang.ArrayIndexOutOfBoundsException: length=58; index=58
05-24 09:52:52.606 W/System.err( 3413): 	at com.lbe.security.service.provider.internal.AppOpsAdapter$1.getDefaultOp(AppOpsAdapter.java:279)
05-24 09:52:52.606 W/System.err( 3413): 	at com.android.internal.app.IOpsCallback$Stub.onTransact(IOpsCallback.java:68)
05-24 09:52:52.606 W/System.err( 3413): 	at android.os.Binder.execTransact(Binder.java:446)
05-24 09:52:53.616 W/System.err( 3413): java.lang.ArrayIndexOutOfBoundsException: length=58; index=58
05-24 09:52:53.616 W/System.err( 3413): 	at com.lbe.security.service.provider.internal.AppOpsAdapter$1.getDefaultOp(AppOpsAdapter.java:279)
05-24 09:52:53.616 W/System.err( 3413): 	at com.android.internal.app.IOpsCallback$Stub.onTransact(IOpsCallback.java:68)
05-24 09:52:53.616 W/System.err( 3413): 	at android.os.Binder.execTransact(Binder.java:446)
05-24 09:52:54.636 W/System.err( 3413): java.lang.ArrayIndexOutOfBoundsException: length=58; index=58
05-24 09:52:54.636 W/System.err( 3413): 	at com.lbe.security.service.provider.internal.AppOpsAdapter$1.getDefaultOp(AppOpsAdapter.java:279)
05-24 09:52:54.636 W/System.err( 3413): 	at com.android.internal.app.IOpsCallback$Stub.onTransact(IOpsCallback.java:68)
05-24 09:52:54.636 W/System.err( 3413): 	at android.os.Binder.execTransact(Binder.java:446)
05-24 09:52:54.836 W/System.err( 3413): java.lang.ArrayIndexOutOfBoundsException: length=58; index=58
05-24 09:52:54.836 W/System.err( 3413): 	at com.lbe.security.service.provider.internal.AppOpsAdapter$1.getDefaultOp(AppOpsAdapter.java:279)
05-24 09:52:54.836 W/System.err( 3413): 	at com.android.internal.app.IOpsCallback$Stub.onTransact(IOpsCallback.java:68)
05-24 09:52:54.836 W/System.err( 3413): 	at android.os.Binder.execTransact(Binder.java:446)
05-24 09:52:55.646 W/System.err( 3413): java.lang.ArrayIndexOutOfBoundsException: length=58; index=58
05-24 09:52:55.646 W/System.err( 3413): 	at com.lbe.security.service.provider.internal.AppOpsAdapter$1.getDefaultOp(AppOpsAdapter.java:279)
05-24 09:52:55.646 W/System.err( 3413): 	at com.android.internal.app.IOpsCallback$Stub.onTransact(IOpsCallback.java:68)
05-24 09:52:55.646 W/System.err( 3413): 	at android.os.Binder.execTransact(Binder.java:446)
05-24 09:52:56.666 W/System.err( 3413): java.lang.ArrayIndexOutOfBoundsException: length=58; index=58
05-24 09:52:56.666 W/System.err( 3413): 	at com.lbe.security.service.provider.internal.AppOpsAdapter$1.getDefaultOp(AppOpsAdapter.java:279)
05-24 09:52:56.666 W/System.err( 3413): 	at com.android.internal.app.IOpsCallback$Stub.onTransact(IOpsCallback.java:68)
05-24 09:52:56.666 W/System.err( 3413): 	at android.os.Binder.execTransact(Binder.java:446)
05-24 09:52:57.666 W/System.err( 3413): java.lang.ArrayIndexOutOfBoundsException: length=58; index=58
05-24 09:52:57.676 W/System.err( 3413): 	at com.lbe.security.service.provider.internal.AppOpsAdapter$1.getDefaultOp(AppOpsAdapter.java:279)
05-24 09:52:57.676 W/System.err( 3413): 	at com.android.internal.app.IOpsCallback$Stub.onTransact(IOpsCallback.java:68)
05-24 09:52:57.676 W/System.err( 3413): 	at android.os.Binder.execTransact(Binder.java:446)
05-24 09:52:57.686 W/System.err( 3413): java.lang.ArrayIndexOutOfBoundsException: length=58; index=58
05-24 09:52:57.686 W/System.err( 3413): 	at com.lbe.security.service.provider.internal.AppOpsAdapter$1.getDefaultOp(AppOpsAdapter.java:279)
05-24 09:52:57.686 W/System.err( 3413): 	at com.android.internal.app.IOpsCallback$Stub.onTransact(IOpsCallback.java:68)
05-24 09:52:57.686 W/System.err( 3413): 	at android.os.Binder.execTransact(Binder.java:446)
05-24 09:52:58.706 W/System.err( 3413): java.lang.ArrayIndexOutOfBoundsException: length=58; index=58
05-24 09:52:58.706 W/System.err( 3413): 	at com.lbe.security.service.provider.internal.AppOpsAdapter$1.getDefaultOp(AppOpsAdapter.java:279)
05-24 09:52:58.706 W/System.err( 3413): 	at com.android.internal.app.IOpsCallback$Stub.onTransact(IOpsCallback.java:68)
05-24 09:52:58.706 W/System.err( 3413): 	at android.os.Binder.execTransact(Binder.java:446)
05-24 09:52:59.726 W/System.err( 3413): java.lang.ArrayIndexOutOfBoundsException: length=58; index=58
05-24 09:52:59.726 W/System.err( 3413): 	at com.lbe.security.service.provider.internal.AppOpsAdapter$1.getDefaultOp(AppOpsAdapter.java:279)
05-24 09:52:59.726 W/System.err( 3413): 	at com.android.internal.app.IOpsCallback$Stub.onTransact(IOpsCallback.java:68)
05-24 09:52:59.726 W/System.err( 3413): 	at android.os.Binder.execTransact(Binder.java:446)
05-24 09:53:00.036 D/SizeAdaptiveLayout( 1429): com.android.internal.widget.SizeAdaptiveLayout{369de83a V.E..... ......ID 0,0-1260,232 #7f0800c1 app:id/adaptive}child view android.widget.FrameLayout{34d9bceb V.E..... ......ID 0,0-1260,231 #1020330 android:id/status_bar_latest_event_content} measured out of bounds at 231px clamped to 232px
05-24 09:53:00.036 D/SizeAdaptiveLayout( 1429): com.android.internal.widget.SizeAdaptiveLayout{96a00c4 V.E..... ......ID 0,0-1260,232 #7f0800c1 app:id/adaptive}child view android.widget.FrameLayout{29f63bad V.E..... ......ID 0,0-1260,231 #1020330 android:id/status_bar_latest_event_content} measured out of bounds at 231px clamped to 232px
05-24 09:53:00.036 D/SizeAdaptiveLayout( 1429): com.android.internal.widget.SizeAdaptiveLayout{3f49d162 V.E..... ......ID 0,0-1260,232 #7f0800c1 app:id/adaptive}child view android.widget.FrameLayout{40632f3 V.E..... ......ID 0,0-1260,231 #1020330 android:id/status_bar_latest_event_content} measured out of bounds at 231px clamped to 232px
05-24 09:53:00.036 D/SizeAdaptiveLayout( 1429): com.android.internal.widget.SizeAdaptiveLayout{3c4f1f4b V.E..... ......ID 0,0-1260,232 #7f0800c1 app:id/adaptive}child view android.widget.FrameLayout{83b5d28 V.E..... ......ID 0,0-1260,231 #1020330 android:id/status_bar_latest_event_content} measured out of bounds at 231px clamped to 232px
05-24 09:53:00.036 D/SizeAdaptiveLayout( 1429): com.android.internal.widget.SizeAdaptiveLayout{11306549 V.E..... ......ID 0,0-1260,232 #7f0800c1 app:id/adaptive}child view android.widget.FrameLayout{2fed8e4e V.E..... ......ID 0,0-1260,231 #1020330 android:id/status_bar_latest_event_content} measured out of bounds at 231px clamped to 232px
05-24 09:53:00.046 D/SizeAdaptiveLayout( 1429): com.android.internal.widget.SizeAdaptiveLayout{59e7542 V.E..... ......ID 0,0-1260,232 #7f0800c1 app:id/adaptive}child view android.widget.FrameLayout{1f3e3953 V.E..... ......ID 0,0-1260,231 #1020330 android:id/status_bar_latest_event_content} measured out of bounds at 231px clamped to 232px
05-24 09:53:00.046 D/SizeAdaptiveLayout( 1429): com.android.internal.widget.SizeAdaptiveLayout{316d5c41 V.E..... ......ID 0,0-1260,232 #7f0800c1 app:id/adaptive}child view android.widget.FrameLayout{38f245e6 V.E..... ......ID 0,0-1260,231 #1020330 android:id/status_bar_latest_event_content} measured out of bounds at 231px clamped to 232px
05-24 09:53:00.046 D/SizeAdaptiveLayout( 1429): com.android.internal.widget.SizeAdaptiveLayout{1bf965d9 V.E..... ......ID 0,0-1260,232 #7f0800c1 app:id/adaptive}child view android.widget.FrameLayout{50eab9e V.E..... ......ID 0,0-1260,231 #1020330 android:id/status_bar_latest_event_content} measured out of bounds at 231px clamped to 232px
05-24 09:53:00.046 D/SizeAdaptiveLayout( 1429): com.android.internal.widget.SizeAdaptiveLayout{2b0da289 V.E..... ......ID 0,0-1260,232 #7f0800c1 app:id/adaptive}child view android.widget.FrameLayout{3b4a228e V.E..... ......ID 0,0-1260,231 #1020330 android:id/status_bar_latest_event_content} measured out of bounds at 231px clamped to 232px
05-24 09:53:00.046 D/SizeAdaptiveLayout( 1429): com.android.internal.widget.SizeAdaptiveLayout{2564d55a V.E..... ......ID 0,0-1260,232 #7f0800c1 app:id/adaptive}child view android.widget.FrameLayout{28c738b V.E..... ......ID 0,0-1260,231 #1020330 android:id/status_bar_latest_event_content} measured out of bounds at 231px clamped to 232px
05-24 09:53:00.046 D/SizeAdaptiveLayout( 1429): com.android.internal.widget.SizeAdaptiveLayout{983bc68 V.E..... ......ID 0,0-1260,232 #7f0800c1 app:id/adaptive}child view android.widget.FrameLayout{10ef1881 V.E..... ......ID 0,0-1260,231 #1020330 android:id/status_bar_latest_event_content} measured out of bounds at 231px clamped to 232px
05-24 09:53:00.046 D/SizeAdaptiveLayout( 1429): com.android.internal.widget.SizeAdaptiveLayout{40aed26 V.E..... ......ID 0,0-1260,232 #7f0800c1 app:id/adaptive}child view android.widget.FrameLayout{1e4cbd67 V.E..... ......ID 0,0-1260,231 #1020330 android:id/status_bar_latest_event_content} measured out of bounds at 231px clamped to 232px
05-24 09:53:00.046 D/SizeAdaptiveLayout( 1429): com.android.internal.widget.SizeAdaptiveLayout{2f85dbec V.E..... ......ID 0,0-1260,232 #7f0800c1 app:id/adaptive}child view android.widget.FrameLayout{988bbb5 V.E..... ......ID 0,0-1260,231 #1020330 android:id/status_bar_latest_event_content} measured out of bounds at 231px clamped to 232px
05-24 09:53:00.206 D/PhoneStatusBar( 1429): updateNotification pkg=com.qihoo.appstore;id=10012
05-24 09:53:00.236 D/SizeAdaptiveLayout( 1429): com.android.internal.widget.SizeAdaptiveLayout{2af59d25 V.E..... ......ID 0,0-1260,232 #7f0800c1 app:id/adaptive}child view android.widget.RelativeLayout{10135efa V.E..... ......ID 0,0-1260,256} measured out of bounds at 231px clamped to 232px
05-24 09:53:00.246 D/PhoneStatusBar( 1429): updateNotification pkg=com.qihoo.appstore;id=10012
05-24 09:53:00.266 D/SizeAdaptiveLayout( 1429): com.android.internal.widget.SizeAdaptiveLayout{2af59d25 V.E..... ......ID 0,0-1260,232 #7f0800c1 app:id/adaptive}child view android.widget.RelativeLayout{10135efa V.E..... ......ID 0,0-1260,256} measured out of bounds at 231px clamped to 232px
05-24 09:53:00.356 I/art     ( 1015): Background partial concurrent mark sweep GC freed 305553(10MB) AllocSpace objects, 0(0B) LOS objects, 23% free, 51MB/67MB, paused 1.624ms total 144.428ms
05-24 09:53:00.686 D/O2OStats:(27904): net status cannot allow to send data!
05-24 09:53:00.746 W/System.err( 3413): java.lang.ArrayIndexOutOfBoundsException: length=58; index=58
05-24 09:53:00.746 W/System.err( 3413): 	at com.lbe.security.service.provider.internal.AppOpsAdapter$1.getDefaultOp(AppOpsAdapter.java:279)
05-24 09:53:00.746 W/System.err( 3413): 	at com.android.internal.app.IOpsCallback$Stub.onTransact(IOpsCallback.java:68)
05-24 09:53:00.746 W/System.err( 3413): 	at android.os.Binder.execTransact(Binder.java:446)
05-24 09:53:01.756 W/System.err( 3413): java.lang.ArrayIndexOutOfBoundsException: length=58; index=58
05-24 09:53:01.756 W/System.err( 3413): 	at com.lbe.security.service.provider.internal.AppOpsAdapter$1.getDefaultOp(AppOpsAdapter.java:279)
05-24 09:53:01.756 W/System.err( 3413): 	at com.android.internal.app.IOpsCallback$Stub.onTransact(IOpsCallback.java:68)
05-24 09:53:01.756 W/System.err( 3413): 	at android.os.Binder.execTransact(Binder.java:446)
05-24 09:53:02.756 W/System.err( 3413): java.lang.ArrayIndexOutOfBoundsException: length=58; index=58
05-24 09:53:02.766 W/System.err( 3413): 	at com.lbe.security.service.provider.internal.AppOpsAdapter$1.getDefaultOp(AppOpsAdapter.java:279)
05-24 09:53:02.766 W/System.err( 3413): 	at com.android.internal.app.IOpsCallback$Stub.onTransact(IOpsCallback.java:68)
05-24 09:53:02.766 W/System.err( 3413): 	at android.os.Binder.execTransact(Binder.java:446)
05-24 09:53:02.776 W/System.err( 3413): java.lang.ArrayIndexOutOfBoundsException: length=58; index=58
05-24 09:53:02.776 W/System.err( 3413): 	at com.lbe.security.service.provider.internal.AppOpsAdapter$1.getDefaultOp(AppOpsAdapter.java:279)
05-24 09:53:02.776 W/System.err( 3413): 	at com.android.internal.app.IOpsCallback$Stub.onTransact(IOpsCallback.java:68)
05-24 09:53:02.776 W/System.err( 3413): 	at android.os.Binder.execTransact(Binder.java:446)
05-24 09:53:03.796 W/System.err( 3413): java.lang.ArrayIndexOutOfBoundsException: length=58; index=58
05-24 09:53:03.796 W/System.err( 3413): 	at com.lbe.security.service.provider.internal.AppOpsAdapter$1.getDefaultOp(AppOpsAdapter.java:279)
05-24 09:53:03.796 W/System.err( 3413): 	at com.android.internal.app.IOpsCallback$Stub.onTransact(IOpsCallback.java:68)
05-24 09:53:03.796 W/System.err( 3413): 	at android.os.Binder.execTransact(Binder.java:446)
05-24 09:53:04.816 W/System.err( 3413): java.lang.ArrayIndexOutOfBoundsException: length=58; index=58
05-24 09:53:04.816 W/System.err( 3413): 	at com.lbe.security.service.provider.internal.AppOpsAdapter$1.getDefaultOp(AppOpsAdapter.java:279)
05-24 09:53:04.816 W/System.err( 3413): 	at com.android.internal.app.IOpsCallback$Stub.onTransact(IOpsCallback.java:68)
05-24 09:53:04.816 W/System.err( 3413): 	at android.os.Binder.execTransact(Binder.java:446)
05-24 09:53:04.876 W/System.err( 3413): java.lang.ArrayIndexOutOfBoundsException: length=58; index=58
05-24 09:53:04.876 W/System.err( 3413): 	at com.lbe.security.service.provider.internal.AppOpsAdapter$1.getDefaultOp(AppOpsAdapter.java:279)
05-24 09:53:04.876 W/System.err( 3413): 	at com.android.internal.app.IOpsCallback$Stub.onTransact(IOpsCallback.java:68)
05-24 09:53:04.876 W/System.err( 3413): 	at android.os.Binder.execTransact(Binder.java:446)
05-24 09:53:05.826 W/System.err( 3413): java.lang.ArrayIndexOutOfBoundsException: length=58; index=58
05-24 09:53:05.826 W/System.err( 3413): 	at com.lbe.security.service.provider.internal.AppOpsAdapter$1.getDefaultOp(AppOpsAdapter.java:279)
05-24 09:53:05.826 W/System.err( 3413): 	at com.android.internal.app.IOpsCallback$Stub.onTransact(IOpsCallback.java:68)
05-24 09:53:05.826 W/System.err( 3413): 	at android.os.Binder.execTransact(Binder.java:446)
05-24 09:53:06.846 W/System.err( 3413): java.lang.ArrayIndexOutOfBoundsException: length=58; index=58
05-24 09:53:06.846 W/System.err( 3413): 	at com.lbe.security.service.provider.internal.AppOpsAdapter$1.getDefaultOp(AppOpsAdapter.java:279)
