05-25 16:24:04.135 E/AndroidRuntime(10642): 	at android.os.Looper.loop(Looper.java:145)
05-25 16:24:04.135 E/AndroidRuntime(10642): 	at android.os.HandlerThread.run(HandlerThread.java:61)
05-25 16:24:04.135 E/AndroidRuntime(10642): Original WTF:
05-25 16:24:04.135 E/AndroidRuntime(10642): android.util.Log$TerribleFailure: Thread identity changed from 0x293600000cec to 0x293600002992 while dispatching to android.os.Handler com.qihoo.appstore.persistent.a@245a7c24 what=0
05-25 16:24:04.135 E/AndroidRuntime(10642): 	at android.util.Log.wtf(Log.java:295)
05-25 16:24:04.135 E/AndroidRuntime(10642): 	at android.util.Log.wtf(Log.java:260)
05-25 16:24:04.135 E/AndroidRuntime(10642): 	at android.os.Looper.loop(Looper.java:145)
05-25 16:24:04.135 E/AndroidRuntime(10642): 	at android.os.HandlerThread.run(HandlerThread.java:61)
05-25 16:24:04.215 D/wpa_supplicant( 1538): wlan0: Control interface command 'SIGNAL_POLL'
05-25 16:24:04.655 W/ActivityManager( 1022): getRunningAppProcesses: caller 10104 does not hold REAL_GET_TASKS; limiting output
05-25 16:24:04.665 W/System.err( 3061): java.lang.ArrayIndexOutOfBoundsException: length=58; index=58
05-25 16:24:04.665 W/System.err( 3061): 	at com.lbe.security.service.provider.internal.AppOpsAdapter$1.getDefaultOp(AppOpsAdapter.java:279)
05-25 16:24:04.665 W/System.err( 3061): 	at com.android.internal.app.IOpsCallback$Stub.onTransact(IOpsCallback.java:68)
05-25 16:24:04.665 W/System.err( 3061): 	at android.os.Binder.execTransact(Binder.java:446)
05-25 16:24:05.005 W/ActivityManager( 1022): getRunningAppProcesses: caller 11141 does not hold REAL_GET_TASKS; limiting output
05-25 16:24:05.505 D/MultipleRenderable( 1432): add: miui.maml.FancyDrawable@27fa8b5f
05-25 16:24:05.505 D/RendererCore( 1432): add: miui.maml.FancyDrawable@27fa8b5f size:27
05-25 16:24:05.535 D/MultipleRenderable( 1432): add: miui.maml.FancyDrawable@69e79ac
05-25 16:24:05.535 D/RendererCore( 1432): add: miui.maml.FancyDrawable@69e79ac size:28
05-25 16:24:05.555 I/art     (  848): Explicit concurrent mark sweep GC freed 1187(81KB) AllocSpace objects, 2(32KB) LOS objects, 40% free, 16MB/27MB, paused 687us total 32.587ms
05-25 16:24:05.565 I/RenderThread( 1432): Sleep for long time:9223372036854775807 ms
05-25 16:24:05.565 I/art     ( 1432): Note: end time exceeds epoch: 
05-25 16:24:05.595 I/art     (  848): Explicit concurrent mark sweep GC freed 35(1248B) AllocSpace objects, 0(0B) LOS objects, 40% free, 16MB/27MB, paused 1.004ms total 19.983ms
05-25 16:24:05.635 I/art     (  848): Explicit concurrent mark sweep GC freed 3(96B) AllocSpace objects, 0(0B) LOS objects, 40% free, 16MB/27MB, paused 725us total 19.437ms
05-25 16:24:05.675 I/art     (  848): Explicit concurrent mark sweep GC freed 17(608B) AllocSpace objects, 0(0B) LOS objects, 40% free, 16MB/27MB, paused 472us total 18.791ms
05-25 16:24:05.675 W/ActivityManager( 1022): getRunningAppProcesses: caller 10104 does not hold REAL_GET_TASKS; limiting output
05-25 16:24:05.675 W/System.err( 3061): java.lang.ArrayIndexOutOfBoundsException: length=58; index=58
05-25 16:24:05.675 W/System.err( 3061): 	at com.lbe.security.service.provider.internal.AppOpsAdapter$1.getDefaultOp(AppOpsAdapter.java:279)
05-25 16:24:05.675 W/System.err( 3061): 	at com.android.internal.app.IOpsCallback$Stub.onTransact(IOpsCallback.java:68)
05-25 16:24:05.675 W/System.err( 3061): 	at android.os.Binder.execTransact(Binder.java:446)
05-25 16:24:05.705 I/art     (  848): Explicit concurrent mark sweep GC freed 18(640B) AllocSpace objects, 0(0B) LOS objects, 40% free, 16MB/27MB, paused 578us total 18.113ms
05-25 16:24:05.875 I/MSM-irqbalance(  807): Decided to move IRQ304 from CPU1 to CPU2
05-25 16:24:05.925 I/art     (  848): Explicit concurrent mark sweep GC freed 1060(63KB) AllocSpace objects, 1(16KB) LOS objects, 40% free, 16MB/27MB, paused 943us total 36.768ms
05-25 16:24:05.965 I/art     (  848): Explicit concurrent mark sweep GC freed 20(712B) AllocSpace objects, 0(0B) LOS objects, 40% free, 16MB/27MB, paused 705us total 20.271ms
05-25 16:24:06.005 I/art     (  848): Explicit concurrent mark sweep GC freed 3(96B) AllocSpace objects, 0(0B) LOS objects, 40% free, 16MB/27MB, paused 602us total 17.622ms
05-25 16:24:06.015 W/ActivityManager( 1022): getRunningAppProcesses: caller 11141 does not hold REAL_GET_TASKS; limiting output
05-25 16:24:06.045 I/art     (  848): Explicit concurrent mark sweep GC freed 12(400B) AllocSpace objects, 0(0B) LOS objects, 40% free, 16MB/27MB, paused 675us total 17.843ms
05-25 16:24:06.085 I/art     (  848): Explicit concurrent mark sweep GC freed 3(96B) AllocSpace objects, 0(0B) LOS objects, 40% free, 16MB/27MB, paused 1.149ms total 18.247ms
05-25 16:24:06.315 I/art     (  848): Explicit concurrent mark sweep GC freed 1061(63KB) AllocSpace objects, 1(16KB) LOS objects, 40% free, 16MB/27MB, paused 1.197ms total 35.071ms
05-25 16:24:06.365 I/art     (  848): Explicit concurrent mark sweep GC freed 20(712B) AllocSpace objects, 0(0B) LOS objects, 40% free, 16MB/27MB, paused 908us total 24.039ms
05-25 16:24:06.395 W/ContextImpl( 1432): Calling a method in the system process without a qualified user: android.app.ContextImpl.sendBroadcast:1323 android.content.ContextWrapper.sendBroadcast:376 com.android.systemui.taskmanager.TaskManagerView.sendVisibilityChangedBroadcast:650 com.android.systemui.taskmanager.TaskManagerView.access$1700:86 com.android.systemui.taskmanager.TaskManagerView$11.run:581 
05-25 16:24:06.405 I/art     (  848): Explicit concurrent mark sweep GC freed 3(96B) AllocSpace objects, 0(0B) LOS objects, 40% free, 16MB/27MB, paused 569us total 20.184ms
05-25 16:24:06.445 I/art     (  848): Explicit concurrent mark sweep GC freed 3(96B) AllocSpace objects, 0(0B) LOS objects, 40% free, 16MB/27MB, paused 689us total 16.597ms
05-25 16:24:06.475 I/art     (  848): Explicit concurrent mark sweep GC freed 3(96B) AllocSpace objects, 0(0B) LOS objects, 40% free, 16MB/27MB, paused 867us total 17.071ms
05-25 16:24:06.645 W/System.err( 3061): java.lang.ArrayIndexOutOfBoundsException: length=58; index=58
05-25 16:24:06.645 W/System.err( 3061): 	at com.lbe.security.service.provider.internal.AppOpsAdapter$1.getDefaultOp(AppOpsAdapter.java:279)
05-25 16:24:06.645 W/System.err( 3061): 	at com.android.internal.app.IOpsCallback$Stub.onTransact(IOpsCallback.java:68)
05-25 16:24:06.645 W/System.err( 3061): 	at android.os.Binder.execTransact(Binder.java:446)
05-25 16:24:06.655 W/ActivityManager( 1022): getTasks: caller 10550 does not hold REAL_GET_TASKS; limiting output
05-25 16:24:06.655 W/ActivityManager( 1022): getRunningAppProcesses: caller 10550 does not hold REAL_GET_TASKS; limiting output
05-25 16:24:06.685 W/ActivityManager( 1022): getRunningAppProcesses: caller 10104 does not hold REAL_GET_TASKS; limiting output
05-25 16:24:06.685 W/System.err( 3061): java.lang.ArrayIndexOutOfBoundsException: length=58; index=58
05-25 16:24:06.685 W/System.err( 3061): 	at com.lbe.security.service.provider.internal.AppOpsAdapter$1.getDefaultOp(AppOpsAdapter.java:279)
05-25 16:24:06.685 W/System.err( 3061): 	at com.android.internal.app.IOpsCallback$Stub.onTransact(IOpsCallback.java:68)
05-25 16:24:06.685 W/System.err( 3061): 	at android.os.Binder.execTransact(Binder.java:446)
05-25 16:24:07.015 W/ActivityManager( 1022): getRunningAppProcesses: caller 11141 does not hold REAL_GET_TASKS; limiting output
05-25 16:24:07.035 W/ContextImpl( 1432): Calling a method in the system process without a qualified user: android.app.ContextImpl.sendBroadcast:1323 android.content.ContextWrapper.sendBroadcast:376 com.android.systemui.taskmanager.TaskManagerView.sendVisibilityChangedBroadcast:650 com.android.systemui.taskmanager.TaskManagerView.show:595 com.android.systemui.taskmanager.TaskManagerView$6.onClick:385 
05-25 16:24:07.045 I/Analytics( 1432): start session(com.android.systemui)
05-25 16:24:07.045 I/Analytics( 1432): end session(com.android.systemui)
05-25 16:24:07.045 W/ContextImpl( 1432): Calling a method in the system process without a qualified user: android.app.ContextImpl.bindService:1752 android.content.ContextWrapper.bindService:538 miui.analytics.Analytics.endSession:120 com.android.systemui.taskmanager.TaskManagerView.show:638 com.android.systemui.taskmanager.TaskManagerView$6.onClick:385 
05-25 16:24:07.135 F/Looper  (10642): Thread identity changed from 0x293600000cec to 0x293600002992 while dispatching to android.os.Handler com.qihoo.appstore.persistent.a@245a7c24 what=0
05-25 16:24:07.135 E/JavaBinder(10642): !!! FAILED BINDER TRANSACTION !!!
05-25 16:24:07.135 E/ServiceManager(10642): error in getService
05-25 16:24:07.135 E/ServiceManager(10642): android.os.TransactionTooLargeException
05-25 16:24:07.135 E/ServiceManager(10642): 	at android.os.BinderProxy.transactNative(Native Method)
05-25 16:24:07.135 E/ServiceManager(10642): 	at android.os.BinderProxy.transact(Binder.java:496)
05-25 16:24:07.135 E/ServiceManager(10642): 	at android.os.ServiceManagerProxy.getService(ServiceManagerNative.java:123)
05-25 16:24:07.135 E/ServiceManager(10642): 	at android.os.ServiceManager.getService(ServiceManager.java:55)
05-25 16:24:07.135 E/ServiceManager(10642): 	at android.app.ActivityManagerNative$1.create(ActivityManagerNative.java:2339)
05-25 16:24:07.135 E/ServiceManager(10642): 	at android.app.ActivityManagerNative$1.create(ActivityManagerNative.java:2337)
05-25 16:24:07.135 E/ServiceManager(10642): 	at android.util.Singleton.get(Singleton.java:34)
05-25 16:24:07.135 E/ServiceManager(10642): 	at android.app.ActivityManagerNative.getDefault(ActivityManagerNative.java:82)
05-25 16:24:07.135 E/ServiceManager(10642): 	at com.android.internal.os.RuntimeInit.wtf(RuntimeInit.java:345)
05-25 16:24:07.135 E/ServiceManager(10642): 	at android.util.Log$1.onTerribleFailure(Log.java:104)
05-25 16:24:07.135 E/ServiceManager(10642): 	at android.util.Log.wtf(Log.java:298)
05-25 16:24:07.135 E/ServiceManager(10642): 	at android.util.Log.wtf(Log.java:260)
05-25 16:24:07.135 E/ServiceManager(10642): 	at android.os.Looper.loop(Looper.java:145)
05-25 16:24:07.135 E/ServiceManager(10642): 	at android.os.HandlerThread.run(HandlerThread.java:61)
05-25 16:24:07.145 E/AndroidRuntime(10642): Error reporting WTF
05-25 16:24:07.145 E/AndroidRuntime(10642): java.lang.NullPointerException: Attempt to invoke interface method 'boolean android.app.IActivityManager.handleApplicationWtf(android.os.IBinder, java.lang.String, boolean, android.app.ApplicationErrorReport$CrashInfo)' on a null object reference
05-25 16:24:07.145 E/AndroidRuntime(10642): 	at com.android.internal.os.RuntimeInit.wtf(RuntimeInit.java:345)
05-25 16:24:07.145 E/AndroidRuntime(10642): 	at android.util.Log$1.onTerribleFailure(Log.java:104)
05-25 16:24:07.145 E/AndroidRuntime(10642): 	at android.util.Log.wtf(Log.java:298)
05-25 16:24:07.145 E/AndroidRuntime(10642): 	at android.util.Log.wtf(Log.java:260)
05-25 16:24:07.145 E/AndroidRuntime(10642): 	at android.os.Looper.loop(Looper.java:145)
05-25 16:24:07.145 E/AndroidRuntime(10642): 	at android.os.HandlerThread.run(HandlerThread.java:61)
05-25 16:24:07.145 E/AndroidRuntime(10642): Original WTF:
05-25 16:24:07.145 E/AndroidRuntime(10642): android.util.Log$TerribleFailure: Thread identity changed from 0x293600000cec to 0x293600002992 while dispatching to android.os.Handler com.qihoo.appstore.persistent.a@245a7c24 what=0
05-25 16:24:07.145 E/AndroidRuntime(10642): 	at android.util.Log.wtf(Log.java:295)
05-25 16:24:07.145 E/AndroidRuntime(10642): 	at android.util.Log.wtf(Log.java:260)
05-25 16:24:07.145 E/AndroidRuntime(10642): 	at android.os.Looper.loop(Looper.java:145)
05-25 16:24:07.145 E/AndroidRuntime(10642): 	at android.os.HandlerThread.run(HandlerThread.java:61)
05-25 16:24:07.225 D/wpa_supplicant( 1538): wlan0: Control interface command 'SIGNAL_POLL'
05-25 16:24:07.525 W/InputMethodManagerService( 1022): Window already focused, ignoring focus gain of: com.android.internal.view.IInputMethodClient$Stub$Proxy@27c71da3 attribute=android.view.inputmethod.EditorInfo@29e178a0, token = android.os.BinderProxy@24feb03a
05-25 16:24:07.685 W/ActivityManager( 1022): getRunningAppProcesses: caller 10104 does not hold REAL_GET_TASKS; limiting output
05-25 16:24:07.705 W/System.err( 3061): java.lang.ArrayIndexOutOfBoundsException: length=58; index=58
05-25 16:24:07.705 W/System.err( 3061): 	at com.lbe.security.service.provider.internal.AppOpsAdapter$1.getDefaultOp(AppOpsAdapter.java:279)
05-25 16:24:07.705 W/System.err( 3061): 	at com.android.internal.app.IOpsCallback$Stub.onTransact(IOpsCallback.java:68)
05-25 16:24:07.705 W/System.err( 3061): 	at android.os.Binder.execTransact(Binder.java:446)
05-25 16:24:08.025 W/ActivityManager( 1022): getRunningAppProcesses: caller 11141 does not hold REAL_GET_TASKS; limiting output
05-25 16:24:08.255 I/EntropyMixer( 1022): Writing entropy...
05-25 16:24:08.595 I/art     (  848): Explicit concurrent mark sweep GC freed 1187(81KB) AllocSpace objects, 2(32KB) LOS objects, 40% free, 16MB/27MB, paused 1.142ms total 38.011ms
05-25 16:24:08.635 I/art     (  848): Explicit concurrent mark sweep GC freed 43(1568B) AllocSpace objects, 0(0B) LOS objects, 40% free, 16MB/27MB, paused 993us total 20.615ms
05-25 16:24:08.675 I/art     (  848): Explicit concurrent mark sweep GC freed 3(96B) AllocSpace objects, 0(0B) LOS objects, 40% free, 16MB/27MB, paused 569us total 17.654ms
05-25 16:24:08.705 W/ActivityManager( 1022): getRunningAppProcesses: caller 10104 does not hold REAL_GET_TASKS; limiting output
05-25 16:24:08.715 I/art     (  848): Explicit concurrent mark sweep GC freed 3(96B) AllocSpace objects, 0(0B) LOS objects, 40% free, 16MB/27MB, paused 1.375ms total 17.398ms
05-25 16:24:08.715 W/System.err( 3061): java.lang.ArrayIndexOutOfBoundsException: length=58; index=58
05-25 16:24:08.715 W/System.err( 3061): 	at com.lbe.security.service.provider.internal.AppOpsAdapter$1.getDefaultOp(AppOpsAdapter.java:279)
05-25 16:24:08.715 W/System.err( 3061): 	at com.android.internal.app.IOpsCallback$Stub.onTransact(IOpsCallback.java:68)
05-25 16:24:08.715 W/System.err( 3061): 	at android.os.Binder.execTransact(Binder.java:446)
05-25 16:24:08.745 I/art     (  848): Explicit concurrent mark sweep GC freed 3(96B) AllocSpace objects, 0(0B) LOS objects, 40% free, 16MB/27MB, paused 826us total 16.934ms
05-25 16:24:08.915 I/art     (  848): Explicit concurrent mark sweep GC freed 1060(63KB) AllocSpace objects, 1(16KB) LOS objects, 40% free, 16MB/27MB, paused 1.178ms total 46.243ms
05-25 16:24:08.975 I/art     (  848): Explicit concurrent mark sweep GC freed 20(712B) AllocSpace objects, 0(0B) LOS objects, 40% free, 16MB/27MB, paused 1.041ms total 28.039ms
05-25 16:24:09.025 I/art     (  848): Explicit concurrent mark sweep GC freed 3(96B) AllocSpace objects, 0(0B) LOS objects, 40% free, 16MB/27MB, paused 987us total 23.560ms
05-25 16:24:09.025 W/ActivityManager( 1022): getRunningAppProcesses: caller 11141 does not hold REAL_GET_TASKS; limiting output
05-25 16:24:09.075 I/art     (  848): Explicit concurrent mark sweep GC freed 12(400B) AllocSpace objects, 0(0B) LOS objects, 40% free, 16MB/27MB, paused 665us total 20.058ms
05-25 16:24:09.105 I/art     (  848): Explicit concurrent mark sweep GC freed 5(256B) AllocSpace objects, 0(0B) LOS objects, 40% free, 16MB/27MB, paused 706us total 16.392ms
05-25 16:24:09.325 I/art     (  848): Explicit concurrent mark sweep GC freed 1061(63KB) AllocSpace objects, 1(16KB) LOS objects, 40% free, 16MB/27MB, paused 1.551ms total 38.294ms
05-25 16:24:09.375 I/art     (  848): Explicit concurrent mark sweep GC freed 20(712B) AllocSpace objects, 0(0B) LOS objects, 40% free, 16MB/27MB, paused 945us total 23.243ms
05-25 16:24:09.415 I/art     (  848): Explicit concurrent mark sweep GC freed 3(96B) AllocSpace objects, 0(0B) LOS objects, 40% free, 16MB/27MB, paused 807us total 18.347ms
05-25 16:24:09.445 I/art     (  848): Explicit concurrent mark sweep GC freed 3(96B) AllocSpace objects, 0(0B) LOS objects, 40% free, 16MB/27MB, paused 672us total 16.779ms
05-25 16:24:09.485 I/art     (  848): Explicit concurrent mark sweep GC freed 3(96B) AllocSpace objects, 0(0B) LOS objects, 40% free, 16MB/27MB, paused 830us total 16.981ms
05-25 16:24:09.725 W/ActivityManager( 1022): getRunningAppProcesses: caller 10104 does not hold REAL_GET_TASKS; limiting output
05-25 16:24:09.725 W/System.err( 3061): java.lang.ArrayIndexOutOfBoundsException: length=58; index=58
05-25 16:24:09.735 W/System.err( 3061): 	at com.lbe.security.service.provider.internal.AppOpsAdapter$1.getDefaultOp(AppOpsAdapter.java:279)
05-25 16:24:09.735 W/System.err( 3061): 	at com.android.internal.app.IOpsCallback$Stub.onTransact(IOpsCallback.java:68)
05-25 16:24:09.735 W/System.err( 3061): 	at android.os.Binder.execTransact(Binder.java:446)
05-25 16:24:10.035 W/ActivityManager( 1022): getRunningAppProcesses: caller 11141 does not hold REAL_GET_TASKS; limiting output
05-25 16:24:10.135 F/Looper  (10642): Thread identity changed from 0x293600000cec to 0x293600002992 while dispatching to android.os.Handler com.qihoo.appstore.persistent.a@245a7c24 what=0
05-25 16:24:10.145 E/JavaBinder(10642): !!! FAILED BINDER TRANSACTION !!!
05-25 16:24:10.145 E/ServiceManager(10642): error in getService
05-25 16:24:10.145 E/ServiceManager(10642): android.os.TransactionTooLargeException
05-25 16:24:10.145 E/ServiceManager(10642): 	at android.os.BinderProxy.transactNative(Native Method)
05-25 16:24:10.145 E/ServiceManager(10642): 	at android.os.BinderProxy.transact(Binder.java:496)
05-25 16:24:10.145 E/ServiceManager(10642): 	at android.os.ServiceManagerProxy.getService(ServiceManagerNative.java:123)
05-25 16:24:10.145 E/ServiceManager(10642): 	at android.os.ServiceManager.getService(ServiceManager.java:55)
05-25 16:24:10.145 E/ServiceManager(10642): 	at android.app.ActivityManagerNative$1.create(ActivityManagerNative.java:2339)
05-25 16:24:10.145 E/ServiceManager(10642): 	at android.app.ActivityManagerNative$1.create(ActivityManagerNative.java:2337)
05-25 16:24:10.145 E/ServiceManager(10642): 	at android.util.Singleton.get(Singleton.java:34)
05-25 16:24:10.145 E/ServiceManager(10642): 	at android.app.ActivityManagerNative.getDefault(ActivityManagerNative.java:82)
05-25 16:24:10.145 E/ServiceManager(10642): 	at com.android.internal.os.RuntimeInit.wtf(RuntimeInit.java:345)
05-25 16:24:10.145 E/ServiceManager(10642): 	at android.util.Log$1.onTerribleFailure(Log.java:104)
05-25 16:24:10.145 E/ServiceManager(10642): 	at android.util.Log.wtf(Log.java:298)
05-25 16:24:10.145 E/ServiceManager(10642): 	at android.util.Log.wtf(Log.java:260)
05-25 16:24:10.145 E/ServiceManager(10642): 	at android.os.Looper.loop(Looper.java:145)
05-25 16:24:10.145 E/ServiceManager(10642): 	at android.os.HandlerThread.run(HandlerThread.java:61)
05-25 16:24:10.145 E/AndroidRuntime(10642): Error reporting WTF
05-25 16:24:10.145 E/AndroidRuntime(10642): java.lang.NullPointerException: Attempt to invoke interface method 'boolean android.app.IActivityManager.handleApplicationWtf(android.os.IBinder, java.lang.String, boolean, android.app.ApplicationErrorReport$CrashInfo)' on a null object reference
05-25 16:24:10.145 E/AndroidRuntime(10642): 	at com.android.internal.os.RuntimeInit.wtf(RuntimeInit.java:345)
05-25 16:24:10.145 E/AndroidRuntime(10642): 	at android.util.Log$1.onTerribleFailure(Log.java:104)
05-25 16:24:10.145 E/AndroidRuntime(10642): 	at android.util.Log.wtf(Log.java:298)
05-25 16:24:10.145 E/AndroidRuntime(10642): 	at android.util.Log.wtf(Log.java:260)
05-25 16:24:10.145 E/AndroidRuntime(10642): 	at android.os.Looper.loop(Looper.java:145)
05-25 16:24:10.145 E/AndroidRuntime(10642): 	at android.os.HandlerThread.run(HandlerThread.java:61)
05-25 16:24:10.145 E/AndroidRuntime(10642): Original WTF:
05-25 16:24:10.145 E/AndroidRuntime(10642): android.util.Log$TerribleFailure: Thread identity changed from 0x293600000cec to 0x293600002992 while dispatching to android.os.Handler com.qihoo.appstore.persistent.a@245a7c24 what=0
05-25 16:24:10.145 E/AndroidRuntime(10642): 	at android.util.Log.wtf(Log.java:295)
05-25 16:24:10.145 E/AndroidRuntime(10642): 	at android.util.Log.wtf(Log.java:260)
05-25 16:24:10.145 E/AndroidRuntime(10642): 	at android.os.Looper.loop(Looper.java:145)
05-25 16:24:10.145 E/AndroidRuntime(10642): 	at android.os.HandlerThread.run(HandlerThread.java:61)
05-25 16:24:10.245 D/wpa_supplicant( 1538): wlan0: Control interface command 'SIGNAL_POLL'
05-25 16:24:10.735 W/ActivityManager( 1022): getRunningAppProcesses: caller 10104 does not hold REAL_GET_TASKS; limiting output
05-25 16:24:10.755 W/System.err( 3061): java.lang.ArrayIndexOutOfBoundsException: length=58; index=58
05-25 16:24:10.755 W/System.err( 3061): 	at com.lbe.security.service.provider.internal.AppOpsAdapter$1.getDefaultOp(AppOpsAdapter.java:279)
05-25 16:24:10.755 W/System.err( 3061): 	at com.android.internal.app.IOpsCallback$Stub.onTransact(IOpsCallback.java:68)
05-25 16:24:10.755 W/System.err( 3061): 	at android.os.Binder.execTransact(Binder.java:446)
05-25 16:24:10.875 I/MSM-irqbalance(  807): Decided to move IRQ133 from CPU1 to CPU2
05-25 16:24:11.045 W/ActivityManager( 1022): getRunningAppProcesses: caller 11141 does not hold REAL_GET_TASKS; limiting output
05-25 16:24:11.425 E/WifiStateMachine( 1022): WifiStateMachine CMD_START_SCAN source -2 txSuccessRate=8.65 rxSuccessRate=13.74 targetRoamBSSID=any RSSI=-57
05-25 16:24:11.425 E/WifiStateMachine( 1022): WifiStateMachine starting scan for "iyaya_5.8"WPA_PSK with 5765,5805,5745,2437,5785
05-25 16:24:11.425 D/wpa_supplicant( 1538): wlan0: Control interface command 'SCAN TYPE=ONLY freq=5765,5805,5745,2437,5785'
05-25 16:24:11.425 D/wpa_supplicant( 1538): wlan0: Setting scan request: 0.000000 sec
05-25 16:24:11.425 D/wpa_supplicant( 1538): wlan0: Starting AP scan for wildcard SSID
05-25 16:24:11.425 D/wpa_supplicant( 1538): wlan0: Limit manual scan to specified channels
05-25 16:24:11.425 D/wpa_supplicant( 1538): wlan0: Add radio work 'scan'@0x7f8d51e4c0
05-25 16:24:11.425 D/wpa_supplicant( 1538): wlan0: First radio work item in the queue - schedule start immediately
05-25 16:24:11.425 D/wpa_supplicant( 1538): wlan0: Starting radio work 'scan'@0x7f8d51e4c0 after 0.000027 second wait
05-25 16:24:11.425 D/wpa_supplicant( 1538): wlan0: nl80211: scan request
05-25 16:24:11.425 D/wpa_supplicant( 1538): nl80211: Scan SSID - hexdump(len=0): [NULL]
05-25 16:24:11.425 D/wpa_supplicant( 1538): nl80211: Scan frequency 2437 MHz
05-25 16:24:11.425 D/wpa_supplicant( 1538): nl80211: Scan frequency 5745 MHz
05-25 16:24:11.425 D/wpa_supplicant( 1538): nl80211: Scan frequency 5765 MHz
05-25 16:24:11.425 D/wpa_supplicant( 1538): nl80211: Scan frequency 5785 MHz
05-25 16:24:11.425 D/wpa_supplicant( 1538): nl80211: Scan frequency 5805 MHz
05-25 16:24:11.435 D/wpa_supplicant( 1538): Scan requested (ret=0) - scan timeout 30 seconds
05-25 16:24:11.435 D/wpa_supplicant( 1538): nl80211: Event message available
05-25 16:24:11.435 D/wpa_supplicant( 1538): nl80211: Drv Event 33 (NL80211_CMD_TRIGGER_SCAN) received for wlan0
05-25 16:24:11.435 D/wpa_supplicant( 1538): wlan0: nl80211: Scan trigger
05-25 16:24:11.435 D/wpa_supplicant( 1538): wlan0: Event SCAN_STARTED (49) received
05-25 16:24:11.435 D/wpa_supplicant( 1538): wlan0: Own scan request started a scan in 0.000240 seconds
05-25 16:24:11.435 I/wpa_supplicant( 1538): wlan0: CTRL-EVENT-SCAN-STARTED 
05-25 16:24:11.435 D/wpa_supplicant( 1538): CTRL_IFACE monitor sent successfully to /data/misc/wifi/sockets/wpa_ctrl_476-1\x00
05-25 16:24:11.435 D/wpa_supplicant( 1538): CTRL_IFACE monitor sent successfully to /data/misc/wifi/sockets/wpa_ctrl_1022-2\x00
05-25 16:24:11.435 I/WifiHAL ( 1022): Poll result = 1
05-25 16:24:11.435 I/WifiHAL ( 1022): Found some events!!!
05-25 16:24:11.435 D/WifiHAL ( 1022): no_seq_check received
05-25 16:24:11.435 I/WifiHAL ( 1022): event received NL80211_CMD_TRIGGER_SCAN
05-25 16:24:11.435 I/WifiHAL ( 1022): event received NL80211_CMD_TRIGGER_SCAN, vendor_id = 0x0
05-25 16:24:11.435 I/WifiHAL ( 1022): event ignored!!
05-25 16:24:11.575 I/art     (  848): Explicit concurrent mark sweep GC freed 1181(81KB) AllocSpace objects, 2(32KB) LOS objects, 40% free, 16MB/27MB, paused 1.281ms total 27.709ms
05-25 16:24:11.615 I/art     (  848): Explicit concurrent mark sweep GC freed 39(1408B) AllocSpace objects, 0(0B) LOS objects, 40% free, 16MB/27MB, paused 756us total 17.043ms
05-25 16:24:11.655 I/art     (  848): Explicit concurrent mark sweep GC freed 3(96B) AllocSpace objects, 0(0B) LOS objects, 40% free, 16MB/27MB, paused 786us total 16.994ms
05-25 16:24:11.685 I/art     (  848): Explicit concurrent mark sweep GC freed 3(96B) AllocSpace objects, 0(0B) LOS objects, 40% free, 16MB/27MB, paused 887us total 16.874ms
05-25 16:24:11.715 W/System.err( 3061): java.lang.ArrayIndexOutOfBoundsException: length=58; index=58
05-25 16:24:11.715 W/System.err( 3061): 	at com.lbe.security.service.provider.internal.AppOpsAdapter$1.getDefaultOp(AppOpsAdapter.java:279)
05-25 16:24:11.715 W/System.err( 3061): 	at com.android.internal.app.IOpsCallback$Stub.onTransact(IOpsCallback.java:68)
05-25 16:24:11.715 W/System.err( 3061): 	at android.os.Binder.execTransact(Binder.java:446)
05-25 16:24:11.725 W/ActivityManager( 1022): getTasks: caller 10550 does not hold REAL_GET_TASKS; limiting output
05-25 16:24:11.725 I/art     (  848): Explicit concurrent mark sweep GC freed 3(96B) AllocSpace objects, 0(0B) LOS objects, 40% free, 16MB/27MB, paused 564us total 15.940ms
05-25 16:24:11.735 W/ActivityManager( 1022): getRunningAppProcesses: caller 10550 does not hold REAL_GET_TASKS; limiting output
05-25 16:24:11.755 W/ActivityManager( 1022): getRunningAppProcesses: caller 10104 does not hold REAL_GET_TASKS; limiting output
05-25 16:24:11.755 W/System.err( 3061): java.lang.ArrayIndexOutOfBoundsException: length=58; index=58
05-25 16:24:11.755 W/System.err( 3061): 	at com.lbe.security.service.provider.internal.AppOpsAdapter$1.getDefaultOp(AppOpsAdapter.java:279)
05-25 16:24:11.765 W/System.err( 3061): 	at com.android.internal.app.IOpsCallback$Stub.onTransact(IOpsCallback.java:68)
05-25 16:24:11.765 W/System.err( 3061): 	at android.os.Binder.execTransact(Binder.java:446)
05-25 16:24:11.905 I/art     (  848): Explicit concurrent mark sweep GC freed 1064(64KB) AllocSpace objects, 1(16KB) LOS objects, 39% free, 16MB/27MB, paused 1.095ms total 37.105ms
05-25 16:24:11.955 I/art     (  848): Explicit concurrent mark sweep GC freed 20(712B) AllocSpace objects, 0(0B) LOS objects, 40% free, 16MB/27MB, paused 911us total 20.961ms
05-25 16:24:11.975 D/wpa_supplicant( 1538): nl80211: Event message available
05-25 16:24:11.975 D/wpa_supplicant( 1538): nl80211: Drv Event 34 (NL80211_CMD_NEW_SCAN_RESULTS) received for wlan0
05-25 16:24:11.975 D/wpa_supplicant( 1538): wlan0: nl80211: New scan results available
05-25 16:24:11.975 D/wpa_supplicant( 1538): nl80211: Scan included frequencies:
05-25 16:24:11.975 D/wpa_supplicant( 1538): wlan0: Event SCAN_RESULTS (3) received
05-25 16:24:11.975 D/wpa_supplicant( 1538): wlan0: Scan completed in 0.543151 seconds
05-25 16:24:11.975 D/wpa_supplicant( 1538): nl80211: Associated on 5745 MHz
05-25 16:24:11.975 D/wpa_supplicant( 1538): nl80211: Associated with 32:0f:0e:20:60:90
05-25 16:24:11.975 D/wpa_supplicant( 1538): nl80211: Received scan results (29 BSSes)
05-25 16:24:11.975 D/wpa_supplicant( 1538): nl80211: Scan results indicate BSS status with 32:0f:0e:20:60:90 as associated
05-25 16:24:11.975 D/wpa_supplicant( 1538): wlan0: BSS: Start scan result update 680
05-25 16:24:11.975 D/wpa_supplicant( 1538): BSS: last_scan_res_used=29/64
05-25 16:24:11.975 D/wpa_supplicant( 1538): wlan0: Scan-only results received
05-25 16:24:11.975 D/wpa_supplicant( 1538): CTRL_IFACE monitor sent successfully to /data/misc/wifi/sockets/wpa_ctrl_476-1\x00
05-25 16:24:11.975 D/wpa_supplicant( 1538): CTRL_IFACE monitor sent successfully to /data/misc/wifi/sockets/wpa_ctrl_1022-2\x00
05-25 16:24:11.975 D/wpa_supplicant( 1538): wlan0: Radio work 'scan'@0x7f8d51e4c0 done in 0.545875 seconds
05-25 16:24:11.975 I/WifiHAL ( 1022): Poll result = 1
05-25 16:24:11.975 I/WifiHAL ( 1022): Found some events!!!
05-25 16:24:11.975 D/WifiHAL ( 1022): no_seq_check received
05-25 16:24:11.975 I/WifiHAL ( 1022): event received NL80211_CMD_NEW_SCAN_RESULTS
05-25 16:24:11.975 I/WifiHAL ( 1022): event received NL80211_CMD_NEW_SCAN_RESULTS, vendor_id = 0x0
05-25 16:24:11.975 I/WifiHAL ( 1022): event ignored!!
05-25 16:24:11.975 D/wpa_supplicant( 1538): wlan0: Control interface command 'BSS RANGE=0- MASK=0x23987'
05-25 16:24:11.975 D/wpa_supplicant( 1538): wlan0: Control interface command 'BSS RANGE=1850- MASK=0x23987'
05-25 16:24:11.995 D/wpa_supplicant( 1538): wlan0: Control interface command 'STATUS-NO_EVENTS'
05-25 16:24:11.995 I/art     (  848): Explicit concurrent mark sweep GC freed 3(96B) AllocSpace objects, 0(0B) LOS objects, 40% free, 16MB/27MB, paused 567us total 17.840ms
05-25 16:24:12.025 I/art     (  848): Explicit concurrent mark sweep GC freed 3(96B) AllocSpace objects, 0(0B) LOS objects, 40% free, 16MB/27MB, paused 811us total 16.923ms
05-25 16:24:12.045 W/ActivityManager( 1022): getRunningAppProcesses: caller 11141 does not hold REAL_GET_TASKS; limiting output
05-25 16:24:12.055 I/art     (  848): Explicit concurrent mark sweep GC freed 12(400B) AllocSpace objects, 0(0B) LOS objects, 40% free, 16MB/27MB, paused 909us total 16.898ms
05-25 16:24:12.225 I/art     (  848): Explicit concurrent mark sweep GC freed 1060(63KB) AllocSpace objects, 1(16KB) LOS objects, 39% free, 16MB/27MB, paused 1.128ms total 42.024ms
05-25 16:24:12.285 I/art     (  848): Explicit concurrent mark sweep GC freed 21(744B) AllocSpace objects, 0(0B) LOS objects, 40% free, 16MB/27MB, paused 814us total 29.143ms
05-25 16:24:12.335 I/art     (  848): Explicit concurrent mark sweep GC freed 3(96B) AllocSpace objects, 0(0B) LOS objects, 40% free, 16MB/27MB, paused 893us total 22.389ms
05-25 16:24:12.375 I/art     (  848): Explicit concurrent mark sweep GC freed 3(96B) AllocSpace objects, 0(0B) LOS objects, 40% free, 16MB/27MB, paused 531us total 17.984ms
05-25 16:24:12.405 I/art     (  848): Explicit concurrent mark sweep GC freed 3(96B) AllocSpace objects, 0(0B) LOS objects, 40% free, 16MB/27MB, paused 786us total 16.667ms
05-25 16:24:12.625 W/System.err( 3061): java.lang.ArrayIndexOutOfBoundsException: length=58; index=58
05-25 16:24:12.625 W/System.err( 3061): 	at com.lbe.security.service.provider.internal.AppOpsAdapter$1.getDefaultOp(AppOpsAdapter.java:279)
05-25 16:24:12.625 W/System.err( 3061): 	at com.android.internal.app.IOpsCallback$Stub.onTransact(IOpsCallback.java:68)
05-25 16:24:12.625 W/System.err( 3061): 	at android.os.Binder.execTransact(Binder.java:446)
05-25 16:24:12.765 W/ActivityManager( 1022): getRunningAppProcesses: caller 10104 does not hold REAL_GET_TASKS; limiting output
05-25 16:24:12.765 W/System.err( 3061): java.lang.ArrayIndexOutOfBoundsException: length=58; index=58
05-25 16:24:12.765 W/System.err( 3061): 	at com.lbe.security.service.provider.internal.AppOpsAdapter$1.getDefaultOp(AppOpsAdapter.java:279)
05-25 16:24:12.765 W/System.err( 3061): 	at com.android.internal.app.IOpsCallback$Stub.onTransact(IOpsCallback.java:68)
05-25 16:24:12.765 W/System.err( 3061): 	at android.os.Binder.execTransact(Binder.java:446)
05-25 16:24:12.765 I/Timeline(  848): Timeline: Activity_launch_request time:21644939
05-25 16:24:12.775 D/SystemAdController( 2027): Activity:ActivityInfo{489957b com.yaya.mmbang.activity.MainActivity}is not the default one
05-25 16:24:12.775 D/AdClientRecord( 2027): Splash target was not initialized.
05-25 16:24:12.775 D/SystemAdController( 2027): Package:com.yaya.mmbang is not in the list
05-25 16:24:12.775 D/SystemAdController( 2027): requestSplashScreen duration:2
05-25 16:24:12.785 I/ActivityManager( 1022): START u0 {flg=0x4000000 cmp=com.yaya.mmbang/.activity.MainActivity} from uid 11141 on display 0
05-25 16:24:12.795 W/ActivityManager( 1022): Duplicate finish request for ActivityRecord{3e8f02c u0 com.yaya.mmbang/.activity.WebViewLinkActivity t4498 f}
05-25 16:24:12.795 I/yaya_template_mWebView.loadUrl(ss):(  848): javascript:new NativeApi().raiseEvent('onLeave', 'onLeave Event');
05-25 16:24:12.795 I/TDLog   (  848): onPause# activity.WebViewLinkActivity
05-25 16:24:12.805 D/PowerKeeperEventLogManager( 2224): notifyForegroundCompomentChanged ComponentInfo{com.yaya.mmbang/com.yaya.mmbang.activity.MainActivity}
05-25 16:24:12.805 I/Timeline( 1022): Timeline: App_transition_ready time:21644974
05-25 16:24:12.815 I/yaya_template_BaseSpmActivity(  848): onCreate current acitvity is com.yaya.mmbang.activity.MainActivity
05-25 16:24:12.855 D/yaya_template_volley(  848): get->http://mobile.mmbang.net/api/?device=MI+NOTE+Pro&sign=478d4417552c8d7a90ff2b6fbaa360ea&time=1464164652&wma=0c%3A1d%3Aaf%3A9f%3A80%3A0b&app=mmb-mobile-app-201301a&os=android&do=check_update&sid=238184540&api_version=3.13.0&device_id=867068020353107&imei=867068020353107&app_client_id=2&version=3.13.0&resolution=1440*2560&os_version=5.0.2&skey=71267058&aid=d7b13a7951cc5ef1&channel=channel&vendor=Xiaomi
05-25 16:24:12.875 D/DnsFallback(  430): query: mobile.mmbang.net
05-25 16:24:12.875 I/XiaomiFirewall( 1562): firewall pkgName:com.yaya.mmbang, result:0
05-25 16:24:12.925 I/KloServer( 1809): clear handled packages 0
05-25 16:24:13.045 W/ActivityManager( 1022): getRunningAppProcesses: caller 11141 does not hold REAL_GET_TASKS; limiting output
05-25 16:24:13.055 I/System.out(  848): testtitle, View.GONE
05-25 16:24:13.105 I/System.out(  848): testtitle=好孕23周6天
05-25 16:24:13.145 F/Looper  (10642): Thread identity changed from 0x293600000cec to 0x293600002992 while dispatching to android.os.Handler com.qihoo.appstore.persistent.a@245a7c24 what=0
05-25 16:24:13.145 E/JavaBinder(10642): !!! FAILED BINDER TRANSACTION !!!
05-25 16:24:13.145 E/ServiceManager(10642): error in getService
05-25 16:24:13.145 E/ServiceManager(10642): android.os.TransactionTooLargeException
05-25 16:24:13.145 E/ServiceManager(10642): 	at android.os.BinderProxy.transactNative(Native Method)
05-25 16:24:13.145 E/ServiceManager(10642): 	at android.os.BinderProxy.transact(Binder.java:496)
05-25 16:24:13.145 E/ServiceManager(10642): 	at android.os.ServiceManagerProxy.getService(ServiceManagerNative.java:123)
05-25 16:24:13.145 E/ServiceManager(10642): 	at android.os.ServiceManager.getService(ServiceManager.java:55)
05-25 16:24:13.145 E/ServiceManager(10642): 	at android.app.ActivityManagerNative$1.create(ActivityManagerNative.java:2339)
05-25 16:24:13.145 E/ServiceManager(10642): 	at android.app.ActivityManagerNative$1.create(ActivityManagerNative.java:2337)
05-25 16:24:13.145 E/ServiceManager(10642): 	at android.util.Singleton.get(Singleton.java:34)
05-25 16:24:13.145 E/ServiceManager(10642): 	at android.app.ActivityManagerNative.getDefault(ActivityManagerNative.java:82)
05-25 16:24:13.145 E/ServiceManager(10642): 	at com.android.internal.os.RuntimeInit.wtf(RuntimeInit.java:345)
05-25 16:24:13.145 E/ServiceManager(10642): 	at android.util.Log$1.onTerribleFailure(Log.java:104)
05-25 16:24:13.145 E/ServiceManager(10642): 	at android.util.Log.wtf(Log.java:298)
05-25 16:24:13.145 E/ServiceManager(10642): 	at android.util.Log.wtf(Log.java:260)
05-25 16:24:13.145 E/ServiceManager(10642): 	at android.os.Looper.loop(Looper.java:145)
05-25 16:24:13.145 E/ServiceManager(10642): 	at android.os.HandlerThread.run(HandlerThread.java:61)
05-25 16:24:13.145 E/AndroidRuntime(10642): Error reporting WTF
05-25 16:24:13.145 E/AndroidRuntime(10642): java.lang.NullPointerException: Attempt to invoke interface method 'boolean android.app.IActivityManager.handleApplicationWtf(android.os.IBinder, java.lang.String, boolean, android.app.ApplicationErrorReport$CrashInfo)' on a null object reference
05-25 16:24:13.145 E/AndroidRuntime(10642): 	at com.android.internal.os.RuntimeInit.wtf(RuntimeInit.java:345)
05-25 16:24:13.145 E/AndroidRuntime(10642): 	at android.util.Log$1.onTerribleFailure(Log.java:104)
05-25 16:24:13.145 E/AndroidRuntime(10642): 	at android.util.Log.wtf(Log.java:298)
05-25 16:24:13.145 E/AndroidRuntime(10642): 	at android.util.Log.wtf(Log.java:260)
05-25 16:24:13.145 E/AndroidRuntime(10642): 	at android.os.Looper.loop(Looper.java:145)
05-25 16:24:13.145 E/AndroidRuntime(10642): 	at android.os.HandlerThread.run(HandlerThread.java:61)
05-25 16:24:13.145 E/AndroidRuntime(10642): Original WTF:
05-25 16:24:13.145 E/AndroidRuntime(10642): android.util.Log$TerribleFailure: Thread identity changed from 0x293600000cec to 0x293600002992 while dispatching to android.os.Handler com.qihoo.appstore.persistent.a@245a7c24 what=0
05-25 16:24:13.145 E/AndroidRuntime(10642): 	at android.util.Log.wtf(Log.java:295)
05-25 16:24:13.145 E/AndroidRuntime(10642): 	at android.util.Log.wtf(Log.java:260)
05-25 16:24:13.145 E/AndroidRuntime(10642): 	at android.os.Looper.loop(Looper.java:145)
05-25 16:24:13.145 E/AndroidRuntime(10642): 	at android.os.HandlerThread.run(HandlerThread.java:61)
05-25 16:24:13.155 D/yaya_template_AlarmService(  848): alarm, cancelAlarm, requestCode=10001
05-25 16:24:13.165 D/yaya_template_AlarmService(  848): alarm, cancelAlarm, requestCode=10002
05-25 16:24:13.175 D/yaya_template_volley(  848): get->http://mobile.mmbang.net/api/home/mobile/index/?new_channels=channel&device=MI+NOTE+Pro&sign=23fd81dc33f1064c6fc880a75f2c179b&time=1464164653&wma=0c%3A1d%3Aaf%3A9f%3A80%3A0b&sid=238184540&api_version=3.13.0&device_id=867068020353107&imei=867068020353107&app_client_id=2&screen_size=x&old_channels=channel&resolution=1440*2560&os_version=5.0.2&app_os=android&skey=71267058&aid=d7b13a7951cc5ef1&channel=channel&vendor=Xiaomi&term=Xiaomi
05-25 16:24:13.175 I/HomeReceiver(  848): 经过了38s
05-25 16:24:13.185 I/TDLog   (  848): onResume# activity.MainActivity
05-25 16:24:13.185 I/MemTotal:        3810428 kB(  848): MemTotal:	
05-25 16:24:13.185 I/MemTotal:        3810428 kB(  848): 3810428	
05-25 16:24:13.185 I/MemTotal:        3810428 kB(  848): kB	
05-25 16:24:13.215 I/Timeline( 1022): Timeline: App_transition_ready time:21645389
05-25 16:24:13.225 I/Timeline( 1022): Timeline: App_transition_ready time:21645392
05-25 16:24:13.235 I/Timeline( 1022): Timeline: App_transition_ready time:21645405
05-25 16:24:13.235 I/Timeline( 1022): Timeline: App_transition_ready time:21645409
05-25 16:24:13.255 I/Timeline( 1022): Timeline: App_transition_ready time:21645421
05-25 16:24:13.255 D/wpa_supplicant( 1538): wlan0: Control interface command 'SIGNAL_POLL'
05-25 16:24:13.295 I/System.out(  848): testtitle, View.GONE
05-25 16:24:13.295 W/ViewRootImpl(  848): Dropping event due to no window focus: KeyEvent { action=ACTION_DOWN, keyCode=KEYCODE_DPAD_LEFT, scanCode=0, metaState=0, flags=0x8, repeatCount=0, eventTime=21645434, downTime=21645434, deviceId=-1, source=0x101 }
05-25 16:24:13.295 D/yaya_template_Jerome(  848): result string is: {"message": "", "data": {"update_memo": "\u884c\u884c\u597d\r\n\u6253\u53d1\u70b9\u55bd\r\n\u5168\u65b0\u77e5\u8bc6\u5e93\uff0c\u4e13\u4e1a\u6587\u7ae0+\u4e30\u5bcc\u5988\u5988\u7ecf\u9a8c\uff0c\u5206\u5206\u949f\u641e\u5b9a\u5988\u5988\u96be\u9898\r\n\u5168\u65b0\u6539\u7248\"\u5e2e\"\uff0c\u5e26\u7ed9\u4f60\u4e0d\u4e00\u6837\u7684\u4f53\u9a8c\r\n\u5c3d\u60c5\u9001\u82b1\uff0c\u8ba9\u9001\u82b1\u53d8\u5f97\u7b80\u5355\r\n\u65b0\u589e\u5173\u6ce8\uff0c\u89c9\u5f97\u4e0d\u9519\u5c31\u5173\u6ce8\u5979\u5427\r\n\u65b0\u589e\u52a8\u6001\uff0c\u4f60\u5173\u6ce8\u65b0\u9c9c\u8bdd\u9898\u90fd\u5728\u8fd9\u91cc\u5566\r\n\u4f18\u5316\u201c\u6211\u201d\u53ca\u4e2a\u4eba\u4e2d\u5fc3\uff0c\u6240\u6709\u4fe1\u606f\u4e00\u76ee\u4e86\u7136", "new_version": "99.99.99", "changelog": ["\u884c\u884c\u597d", "\u6253\u53d1\u70b9\u55bd", "\u5168\u65b0\u77e5\u8bc6\u5e93\uff0c\u4e13\u4e1a\u6587\u7ae0+\u4e30\u5bcc\u5988\u5988\u7ecf\u9a8c\uff0c\u5206\u5206\u949f\u641e\u5b9a\u5988\u5988\u96be\u9898", "\u5168\u65b0\u6539\u7248\"\u5e2e\"\uff0c\u5e26\u7ed9\u4f60\u4e0d\u4e00\u6837\u7684\u4f53\u9a8c", "\u5c3d\u60c5\u9001\u82b1\uff0c\u8ba9\u9001\u82b1\u53d8\u5f97\u7b80\u5355", "\u65b0\u589e\u5173\u6ce8\uff0c\u89c9\u5f97\u4e0d\u9519\u5c31\u5173\u6ce8\u5979\u5427", "\u65b0\u589e\u52a8\u6001\uff0c\u4f60\u5173\u6ce8\u65b0\u9c9c\u8bdd\u9898\u90fd\u5728\u8fd9\u91cc\u5566", "\u4f18\u5316\u201c\u6211\u201d\u53ca\u4e2a\u4eba\u4e2d\u5fc3\uff0c\u6240\u6709\u4fe1\u606f\u4e00\u76ee\u4e86\u7136"], "force_update": false, "download_url": "http://t.cn/Rq4YdZX", "package_size": 12.6, "has_update": true, "tips": "89%\u7684\u7528\u6237\u5df2\u7ecf\u5347\u7ea7"}, "success": true}
05-25 16:24:13.305 I/Timeline( 1022): Timeline: App_transition_ready time:21645476
05-25 16:24:13.325 I/Timeline( 1022): Timeline: App_transition_ready time:21645496
05-25 16:24:13.415 I/Timeline( 1022): Timeline: App_transition_ready time:21645583
05-25 16:24:13.425 I/TDLog   (  848): onEvent# eventId:TrackingHomepageSpecialClumnSlide
05-25 16:24:13.495 D/yaya_template_Jerome(  848): result string is: {"message": "", "data": {"fl_right": {"target_url": "com.iyaya.mmbang://app/v1/webview/advanced?url=https%3A%2F%2Fmobile.mmbang.net%2Fapps%2Fbabycj%2Fh5%2Fmine%2F%3Fvendor%3DXiaomi%26screen_size%3Dx%26imei%3D867068020353107%26device%3DMI%2520NOTE%2520Pro%26user_id%3D7229525%26app_os%3Dandroid%26device_id%3D867068020353107%26skey%3D71267058%26app_client_id%3D2%26channel%3Dchannel%26os_version%3D5.0.2%26time%3D1464164653%26sid%3D238184540%26aid%3Dd7b13a7951cc5ef1%26wma%3D0c%253A1d%253Aaf%253A9f%253A80%253A0b%26resolution%3D1440%252A2560%26api_version%3D3.13.0&showFunctionButton=0&native=0", "icon": "http://img01.mmbang.info/8iyaya_group6_M04_71_B0_CggaDVZVf1mACHzdAAAMOtTyxHA175.png", "target": "chanjian", "title_color": "#63d7d3", "title": "\u4ea7\u68c0\u52a9\u624b"}, "search": {"target_url": "com.iyaya.mmbang://app/webview/https%3A%2F%2Fmobile.mmbang.net%2Fother%2Fh5%2Fsearch%3Fvendor%3DXiaomi%26screen_size%3Dx%26imei%3D867068020353107%26device%3DMI%2520NOTE%2520Pro%26app_os%3Dandroid%26device_id%3D867068020353107%26skey%3D71267058%26keyword%3D%25E6%2590%259C%25E7%25B4%25A2%26app_client_id%3D2%26channel%3Dchannel%26os_version%3D5.0.2%26time%3D1464164653%26sid%3D238184540%26aid%3Dd7b13a7951cc5ef1%26wma%3D0c%253A1d%253Aaf%253A9f%253A80%253A0b%26resolution%3D1440%252A2560%26api_version%3D3.13.0/", "keyword": "\u641c\u7d22"}, "knowledge": {"title_color": "#000000", "title": "\u9002\u5408\u5b55\u4e2d\u671f\u5988\u5988\u7684\u77e5\u8bc6\u624b\u518c", "items": [], "icon": "http://mobile.mmbang.net/static/apps/home/images/icons/config/knowledge.png", "anchor": "knowledge", "more": {"target_url": "com.iyaya.mmbang://app/webview/https%3A%2F%2Fmobile.mmbang.net%2Fyuer%2Fh5%2Fknowledge_index2%2F%3Fvendor%3DXiaomi%26screen_size%3Dx%26imei%3D867068020353107%26baby_stage%3Dbaby-unborn-13-27%26device%3DMI%2520NOTE%2520Pro%26user_id%3D7229525%26app_os%3Dandroid%26device_id%3D867068020353107%26skey%3D71267058%26app_client_id%3D2%26channel%3Dchannel%26bang_id%3D436%26os_version%3D5.0.2%26time%3D1464164653%26sid%3D238184540%26aid%3Dd7b13a7951cc5ef1%26wma%3D0c%253A1d%253Aaf%253A9f%253A80%253A0b%26resolution%3D1440%252A2560%26api_version%3D3.13.0/", "title": ""}}, "launch": {"ad": {"target_url": "com.iyaya.mmbang://app/v1/ad?url=http%3A%2F%2Fmobile.mmbang.net%2Fapi%2Fad%2Fmobile%2Ffetch&platform=mmbang&type=launch&ad_type=4&silent=1"}}, "config": {"show_market_ad": true, "home_top_banner": "http://mobile.mmbang.net/static/images/home_top_banner/v2.png", "guide_record_restrict": 20, "born_target_url": "com.iyaya.mmbang://app/bang/451/2349678", "market_ad_url": "http://mobile.mmbang.net/static/images/market_ad_img_v2.png", "stat_url": "http://mobile.mmbang.net/static/stat.json", "cities_url": "http://mobile.mmbang.net/static/js/cities.js", "market_ad_link_url": "https://itunes.apple.com/cn/app/id768082524?mt=8", "outdoor_id": 0, "baby_tips_version": "1448521290.087184"}, "labels": [{"icon_checked": "http://mobile.mmbang.net/static/images/label_icons_v2/home_checked.png", "key": "home", "umeng_event": "TrackingTabHomeClick", "name": "\u9996\u9875", "icon": "http://mobile.mmbang.net/static/images/label_icons_v2/home.png"}, {"icon_checked": "http://mobile.mmbang.net/static/images/label_icons_v2/bang_checked.png", "key": "bang", "umeng_event": "TrackingTabBangClick", "name": "\u5e2e", "icon": "http://mobile.mmbang.net/static/images/label_icons_v2/bang.png"}, {"target_url": "com.iyaya.mmbang://app/webview/http%3A%2F%2Fmbox.mmbang.net%2FWelfare%23%26main/", "icon_checked": "http://mobile.mmbang.net/static/images/label_icons/discovery_checked.png", "key": "discovery", "umeng_event": "TrackingTabBuyClick", "name": "\u798f\u5229\u793e", "icon": "http://mobile.mmbang.net/static/images/label_icons/discovery.png"}, {"target_url": "com.iyaya.mmbang://app/webview/http%3A%2F%2Foto.mmbang.net%2F%3Ffrom%3Dgroupmessage%26isappinstalled%3D0%23HomePage-Panel/", "name": "\u5e2e\u751f\u6d3b", "icon": "http://mobile.mmbang.net/static/images/label_icons_v2/locallife.png", "umeng_event": "TrackingTabLocallifeC
05-25 16:24:13.525 D/yaya_template_volley(  848): get->http://mobile.mmbang.net/api/ad/mobile/fetch?device=MI+NOTE+Pro&ad_type=4&sign=cf72535d57c6df925e8cbe66dc2282f5&time=1464164653&wma=0c%3A1d%3Aaf%3A9f%3A80%3A0b&platform=mmbang&sid=238184540&api_version=3.13.0&device_id=867068020353107&imei=867068020353107&app_client_id=2&silent=1&resolution=1440*2560&os_version=5.0.2&skey=71267058&type=launch&aid=d7b13a7951cc5ef1&channel=channel&vendor=Xiaomi
05-25 16:24:13.575 I/System.out(  848): testtitle, View.GONE
05-25 16:24:13.575 I/System.out(  848): testtitle=好孕23周6天
05-25 16:24:13.595 D/yaya_template_AlarmService(  848): alarm, cancelAlarm, requestCode=10001
05-25 16:24:13.605 D/yaya_template_AlarmService(  848): alarm, cancelAlarm, requestCode=10002
05-25 16:24:13.605 E/qdoverlay(  397): Bad ov dump:  mdp_overlay z=1 alpha=255 mask=-1 flags=0x220000 id=8
05-25 16:24:13.605 E/qdoverlay(  397): src msmfb_img w=1664 h=2560 format=13 MDP_RGBA_8888
05-25 16:24:13.605 E/qdoverlay(  397): src_rect mdp_rect x=0 y=0 w=720 h=2560
05-25 16:24:13.605 E/qdoverlay(  397): dst_rect mdp_rect x=0 y=0 w=720 h=2560
05-25 16:24:13.615 E/yaya_template_HomeFragmentNew(  848): 首页接口返回，开始请求产检闹钟提醒数据~
05-25 16:24:13.615 D/yaya_template_volley(  848): get->http://mobile.mmbang.net/api/apps/babycj/chanjian_remind_list/?device=MI+NOTE+Pro&sign=580478ed9683ed547dc5d2944e3445aa&time=1464164653&wma=0c%3A1d%3Aaf%3A9f%3A80%3A0b&sid=238184540&api_version=3.13.0&device_id=867068020353107&imei=867068020353107&app_client_id=2&resolution=1440*2560&os_version=5.0.2&skey=71267058&aid=d7b13a7951cc5ef1&channel=channel&user_id=7229525&vendor=Xiaomi
05-25 16:24:13.645 D/yaya_template_Jerome(  848): result string is: {"message": "", "data": {"target_url": "com.iyaya.mmbang://app/webview/navigate/https%3A%2F%2Fwww.baidu.com/", "reuse": false, "skip": false, "expires": 60, "ad_type": "4", "height": "1280", "click": [], "img": "http://img01.mmbang.info/6iyaya_group6_M04_71_DD_CggaDVZVj7mATb__AAILX8wHvic822.jpg", "imp": ["http://mobile.mmbang.net/api/ad/mobile/jump?skey=71267058&silent=1&app_client_id=2&platform=mmbang&url=&resolution=1440%2A2560&time=1464164653&ad_type=4&os_version=5.0.2&device=MI%20NOTE%20Pro&api_version=3.13.0&sid=238184540&imei=867068020353107&vendor=Xiaomi&wma=0c%3A1d%3Aaf%3A9f%3A80%3A0b&device_id=867068020353107&type=launch&action=3&channel=channel&aid=d7b13a7951cc5ef1"], "countdown": 3, "width": "720"}, "success": true}
05-25 16:24:13.675 I/TDLog   (  848): onEvent# eventId:TrackingHomepageSpecialClumnSlide
05-25 16:24:13.675 D/yaya_template_Jerome(  848): result string is: {"message": "", "data": {"remind_list": [{"target_url": "com.iyaya.mmbang://app/v1/webview/advanced?url=https%3A%2F%2Fmobile.mmbang.net%2Fapps%2Fbabycj%2Fh5%2Fmine%2F%3Fpregnant_week%3D24%26user_id%3D7229525&showFunctionButton=0&native=0", "time": 1464157200.0}, {"target_url": "com.iyaya.mmbang://app/v1/webview/advanced?url=https%3A%2F%2Fmobile.mmbang.net%2Fapps%2Fbabycj%2Fh5%2Fmine%2F%3Fpregnant_week%3D28%26user_id%3D7229525&showFunctionButton=0&native=0", "time": 1466576400.0}, {"target_url": "com.iyaya.mmbang://app/v1/webview/advanced?url=https%3A%2F%2Fmobile.mmbang.net%2Fapps%2Fbabycj%2Fh5%2Fmine%2F%3Fpregnant_week%3D30%26user_id%3D7229525&showFunctionButton=0&native=0", "time": 1467786000.0}, {"target_url": "com.iyaya.mmbang://app/v1/webview/advanced?url=https%3A%2F%2Fmobile.mmbang.net%2Fapps%2Fbabycj%2Fh5%2Fmine%2F%3Fpregnant_week%3D32%26user_id%3D7229525&showFunctionButton=0&native=0", "time": 1468995600.0}, {"target_url": "com.iyaya.mmbang://app/v1/webview/advanced?url=https%3A%2F%2Fmobile.mmbang.net%2Fapps%2Fbabycj%2Fh5%2Fmine%2F%3Fpregnant_week%3D34%26user_id%3D7229525&showFunctionButton=0&native=0", "time": 1470205200.0}, {"target_url": "com.iyaya.mmbang://app/v1/webview/advanced?url=https%3A%2F%2Fmobile.mmbang.net%2Fapps%2Fbabycj%2Fh5%2Fmine%2F%3Fpregnant_week%3D36%26user_id%3D7229525&showFunctionButton=0&native=0", "time": 1471414800.0}, {"target_url": "com.iyaya.mmbang://app/v1/webview/advanced?url=https%3A%2F%2Fmobile.mmbang.net%2Fapps%2Fbabycj%2Fh5%2Fmine%2F%3Fpregnant_week%3D37%26user_id%3D7229525&showFunctionButton=0&native=0", "time": 1472019600.0}, {"target_url": "com.iyaya.mmbang://app/v1/webview/advanced?url=https%3A%2F%2Fmobile.mmbang.net%2Fapps%2Fbabycj%2Fh5%2Fmine%2F%3Fpregnant_week%3D38%26user_id%3D7229525&showFunctionButton=0&native=0", "time": 1472624400.0}, {"target_url": "com.iyaya.mmbang://app/v1/webview/advanced?url=https%3A%2F%2Fmobile.mmbang.net%2Fapps%2Fbabycj%2Fh5%2Fmine%2F%3Fpregnant_week%3D39%26user_id%3D7229525&showFunctionButton=0&native=0", "time": 1473229200.0}]}, "success": true}
05-25 16:24:13.685 I/Timeline(  848): Timeline: Activity_idle id: android.os.BinderProxy@26f18656 time:21645851
05-25 16:24:13.685 D/yaya_template_AlarmService(  848): onStartCommand
05-25 16:24:13.685 D/yaya_template_AlarmService(  848): alarm, cancelAlarm, requestCode=1003
05-25 16:24:13.695 E/yaya_template_zhangcl(  848): triggerat0 : 1970-01-18 06:42:37
