05-25 16:22:51.915 D/wpa_supplicant( 1538): CTRL_IFACE monitor sent successfully to /data/misc/wifi/sockets/wpa_ctrl_476-1\x00
05-25 16:22:51.915 D/wpa_supplicant( 1538): CTRL_IFACE monitor sent successfully to /data/misc/wifi/sockets/wpa_ctrl_1022-2\x00
05-25 16:22:51.915 D/wpa_supplicant( 1538): BSS: last_scan_res_used=41/64
05-25 16:22:51.915 D/wpa_supplicant( 1538): wlan0: Scan-only results received
05-25 16:22:51.915 D/wpa_supplicant( 1538): CTRL_IFACE monitor sent successfully to /data/misc/wifi/sockets/wpa_ctrl_476-1\x00
05-25 16:22:51.915 D/wpa_supplicant( 1538): CTRL_IFACE monitor sent successfully to /data/misc/wifi/sockets/wpa_ctrl_1022-2\x00
05-25 16:22:51.915 D/wpa_supplicant( 1538): wlan0: Radio work 'scan'@0x7f8d51e4c0 done in 0.504484 seconds
05-25 16:22:51.925 D/wpa_supplicant( 1538): wlan0: Control interface command 'BSS RANGE=0- MASK=0x23987'
05-25 16:22:51.925 D/wpa_supplicant( 1538): wlan0: Control interface command 'BSS RANGE=1838- MASK=0x23987'
05-25 16:22:51.955 D/wpa_supplicant( 1538): wlan0: Control interface command 'STATUS-NO_EVENTS'
05-25 16:22:51.955 D/wpa_supplicant( 1538): wlan0: Control interface command 'SIGNAL_POLL'
05-25 16:22:51.965 D/StatusBar.NetworkController( 1432): slot=-10;action=android.net.wifi.RSSI_CHANGED
05-25 16:22:51.965 D/StatusBar.NetworkController( 1432): updateNetworkName mNetworkName[0]=只能拨打紧急呼救电话 mTempNetworkName[0] = 只能拨打紧急呼救电话
05-25 16:22:51.975 D/StatusBar.NetworkController( 1432): updateNetworkName mNetworkName[1]=无服务 mTempNetworkName[1] = 无服务
05-25 16:22:51.995 D/WhetstoneService( 1809): deal background too Frequently, ingore
05-25 16:22:52.065 F/Looper  (10642): Thread identity changed from 0x293600000cec to 0x293600002992 while dispatching to android.os.Handler com.qihoo.appstore.persistent.a@245a7c24 what=0
05-25 16:22:52.065 E/JavaBinder(10642): !!! FAILED BINDER TRANSACTION !!!
05-25 16:22:52.065 E/ServiceManager(10642): error in getService
05-25 16:22:52.065 E/ServiceManager(10642): android.os.TransactionTooLargeException
05-25 16:22:52.065 E/ServiceManager(10642): 	at android.os.BinderProxy.transactNative(Native Method)
05-25 16:22:52.065 E/ServiceManager(10642): 	at android.os.BinderProxy.transact(Binder.java:496)
05-25 16:22:52.065 E/ServiceManager(10642): 	at android.os.ServiceManagerProxy.getService(ServiceManagerNative.java:123)
05-25 16:22:52.065 E/ServiceManager(10642): 	at android.os.ServiceManager.getService(ServiceManager.java:55)
05-25 16:22:52.065 E/ServiceManager(10642): 	at android.app.ActivityManagerNative$1.create(ActivityManagerNative.java:2339)
05-25 16:22:52.065 E/ServiceManager(10642): 	at android.app.ActivityManagerNative$1.create(ActivityManagerNative.java:2337)
05-25 16:22:52.065 E/ServiceManager(10642): 	at android.util.Singleton.get(Singleton.java:34)
05-25 16:22:52.065 E/ServiceManager(10642): 	at android.app.ActivityManagerNative.getDefault(ActivityManagerNative.java:82)
05-25 16:22:52.065 E/ServiceManager(10642): 	at com.android.internal.os.RuntimeInit.wtf(RuntimeInit.java:345)
05-25 16:22:52.065 E/ServiceManager(10642): 	at android.util.Log$1.onTerribleFailure(Log.java:104)
05-25 16:22:52.065 E/ServiceManager(10642): 	at android.util.Log.wtf(Log.java:298)
05-25 16:22:52.065 E/ServiceManager(10642): 	at android.util.Log.wtf(Log.java:260)
05-25 16:22:52.065 E/ServiceManager(10642): 	at android.os.Looper.loop(Looper.java:145)
05-25 16:22:52.065 E/ServiceManager(10642): 	at android.os.HandlerThread.run(HandlerThread.java:61)
05-25 16:22:52.065 E/AndroidRuntime(10642): Error reporting WTF
05-25 16:22:52.065 E/AndroidRuntime(10642): java.lang.NullPointerException: Attempt to invoke interface method 'boolean android.app.IActivityManager.handleApplicationWtf(android.os.IBinder, java.lang.String, boolean, android.app.ApplicationErrorReport$CrashInfo)' on a null object reference
05-25 16:22:52.065 E/AndroidRuntime(10642): 	at com.android.internal.os.RuntimeInit.wtf(RuntimeInit.java:345)
05-25 16:22:52.065 E/AndroidRuntime(10642): 	at android.util.Log$1.onTerribleFailure(Log.java:104)
05-25 16:22:52.065 E/AndroidRuntime(10642): 	at android.util.Log.wtf(Log.java:298)
05-25 16:22:52.065 E/AndroidRuntime(10642): 	at android.util.Log.wtf(Log.java:260)
05-25 16:22:52.065 E/AndroidRuntime(10642): 	at android.os.Looper.loop(Looper.java:145)
05-25 16:22:52.065 E/AndroidRuntime(10642): 	at android.os.HandlerThread.run(HandlerThread.java:61)
05-25 16:22:52.065 E/AndroidRuntime(10642): Original WTF:
05-25 16:22:52.065 E/AndroidRuntime(10642): android.util.Log$TerribleFailure: Thread identity changed from 0x293600000cec to 0x293600002992 while dispatching to android.os.Handler com.qihoo.appstore.persistent.a@245a7c24 what=0
05-25 16:22:52.065 E/AndroidRuntime(10642): 	at android.util.Log.wtf(Log.java:295)
05-25 16:22:52.065 E/AndroidRuntime(10642): 	at android.util.Log.wtf(Log.java:260)
05-25 16:22:52.065 E/AndroidRuntime(10642): 	at android.os.Looper.loop(Looper.java:145)
05-25 16:22:52.065 E/AndroidRuntime(10642): 	at android.os.HandlerThread.run(HandlerThread.java:61)
05-25 16:22:52.215 W/System.err( 3061): java.lang.ArrayIndexOutOfBoundsException: length=58; index=58
05-25 16:22:52.215 W/System.err( 3061): 	at com.lbe.security.service.provider.internal.AppOpsAdapter$1.getDefaultOp(AppOpsAdapter.java:279)
05-25 16:22:52.225 W/System.err( 3061): 	at com.android.internal.app.IOpsCallback$Stub.onTransact(IOpsCallback.java:68)
05-25 16:22:52.225 W/System.err( 3061): 	at android.os.Binder.execTransact(Binder.java:446)
05-25 16:22:52.525 W/ActivityManager( 1022): getRunningAppProcesses: caller 11141 does not hold REAL_GET_TASKS; limiting output
05-25 16:22:52.665 I/Timeline(  848): Timeline: Activity_launch_request time:21564834
05-25 16:22:52.685 D/SystemAdController( 2027): Activity:ActivityInfo{3dba0903 com.yaya.mmbang.activity.MainActivity}is not the default one
05-25 16:22:52.685 D/AdClientRecord( 2027): Splash target was not initialized.
05-25 16:22:52.685 D/SystemAdController( 2027): Package:com.yaya.mmbang is not in the list
05-25 16:22:52.685 D/SystemAdController( 2027): requestSplashScreen duration:0
05-25 16:22:52.685 I/ActivityManager( 1022): START u0 {flg=0x4000000 cmp=com.yaya.mmbang/.activity.MainActivity (has extras)} from uid 11141 on display 0
05-25 16:22:52.705 D/yaya_template_UrlCtrlUtil(  848): UrlCtrlUtil, target_url=com.iyaya.mmbang://app/webview/navigate/https%3A%2F%2Fwww.baidu.com/
05-25 16:22:52.705 D/yaya_template_url=(  848): https://www.baidu.com
05-25 16:22:52.715 I/Timeline(  848): Timeline: Activity_launch_request time:21564880
05-25 16:22:52.725 D/SystemAdController( 2027): Activity:ActivityInfo{3246f080 com.yaya.mmbang.activity.WebViewLinkActivity}is not the default one
05-25 16:22:52.725 D/AdClientRecord( 2027): Splash target was not initialized.
05-25 16:22:52.725 D/SystemAdController( 2027): Package:com.yaya.mmbang is not in the list
05-25 16:22:52.725 D/SystemAdController( 2027): requestSplashScreen duration:1
05-25 16:22:52.795 I/ActivityManager( 1022): START u0 {cmp=com.yaya.mmbang/.activity.WebViewLinkActivity (has extras)} from uid 11141 on display 0
05-25 16:22:52.805 I/TDLog   (  848): onPause# activity.SplashActivity
05-25 16:22:52.805 D/PowerKeeperEventLogManager( 2224): notifyForegroundCompomentChanged ComponentInfo{com.yaya.mmbang/com.yaya.mmbang.activity.WebViewLinkActivity}
05-25 16:22:52.805 I/Timeline( 1022): Timeline: App_transition_ready time:21564974
05-25 16:22:52.815 I/yaya_template_BaseSpmActivity(  848): onCreate current acitvity is com.yaya.mmbang.activity.WebViewLinkActivity
05-25 16:22:52.815 E/yaya_template_MMBLocationManager(  848): timeout : 30000, canUseCache : true , needCity : false
05-25 16:22:52.825 E/MMBBaseLocationClient(  848): 开始检查缓存~~
05-25 16:22:52.825 E/yaya_template_BaseBDLocationActivity(  848): onCoordinateSuccess coordinate.latitude : 31.199525 , coordinate.longitude : 121.582477
05-25 16:22:52.835 W/PushService( 1521): 2016-05-25 16:22:52,840 - [WARN::PushService] - [Thread:49] receive a message, appid=2882303761517130032, msgid= G6e11464164563527
05-25 16:22:52.845 E/yaya_template_BaseBDLocationActivity(  848): onGeoAddressSuccess addressLocation : coordinate:bem@cfee86a country: province: city:上海 district: formattedAddress:
05-25 16:22:52.845 E/MMBBaseLocationClient(  848): 缓存命中 : coordinate:bem@cfee86a country: province: city:上海 district: formattedAddress:
05-25 16:22:52.885 W/ActivityManager( 1022): getRunningAppProcesses: caller 10104 does not hold REAL_GET_TASKS; limiting output
05-25 16:22:52.885 W/System.err( 3061): java.lang.ArrayIndexOutOfBoundsException: length=58; index=58
05-25 16:22:52.885 W/System.err( 3061): 	at com.lbe.security.service.provider.internal.AppOpsAdapter$1.getDefaultOp(AppOpsAdapter.java:279)
05-25 16:22:52.885 W/System.err( 3061): 	at com.android.internal.app.IOpsCallback$Stub.onTransact(IOpsCallback.java:68)
05-25 16:22:52.885 W/System.err( 3061): 	at android.os.Binder.execTransact(Binder.java:446)
05-25 16:22:52.935 I/art     (  848): Explicit concurrent mark sweep GC freed 11906(928KB) AllocSpace objects, 9(291KB) LOS objects, 40% free, 15MB/26MB, paused 1.188ms total 37.079ms
05-25 16:22:52.965 I/WebViewFactory(  848): Loading com.google.android.webview version 37 (1602158-arm) (code 111201)
05-25 16:22:52.975 I/LibraryLoader(  848): Loading: webviewchromium
05-25 16:22:52.975 I/LibraryLoader(  848): Time to load native libraries: 3 ms (timestamps 5145-5148)
05-25 16:22:52.975 I/LibraryLoader(  848): Expected native library version number "",actual native library version number ""
05-25 16:22:52.985 V/WebViewChromiumFactoryProvider(  848): Binding Chromium to main looper Looper (main, tid 1) {23d09a1f}
05-25 16:22:52.985 I/LibraryLoader(  848): Expected native library version number "",actual native library version number ""
05-25 16:22:52.985 I/chromium(  848): [INFO:library_loader_hooks.cc(106)] Chromium logging enabled: level = 0, default verbosity = 0
05-25 16:22:52.995 I/art     (  848): Explicit concurrent mark sweep GC freed 976(73KB) AllocSpace objects, 1(16KB) LOS objects, 40% free, 16MB/26MB, paused 4.151ms total 25.142ms
05-25 16:22:52.995 I/BrowserStartupController(  848): Initializing chromium process, renderers=0
05-25 16:22:52.995 W/art     (  848): Attempt to remove local handle scope entry from IRT, ignoring
05-25 16:22:53.005 I/XiaomiFirewall( 1562): firewall pkgName:com.yaya.mmbang, result:0
05-25 16:22:53.005 W/chromium(  848): [WARNING:resource_bundle.cc(315)] locale_file_path.empty()
05-25 16:22:53.005 I/chromium(  848): [INFO:aw_browser_main_parts.cc(63)] Load from apk succesful, fd=85 off=873240 len=2961
05-25 16:22:53.005 I/chromium(  848): [INFO:aw_browser_main_parts.cc(78)] Loading webviewchromium.pak from, fd:86 off:229524 len:643667
05-25 16:22:53.015 W/AudioManagerAndroid(  848): Requires BLUETOOTH permission
05-25 16:22:53.055 I/art     (  848): Explicit concurrent mark sweep GC freed 595(41KB) AllocSpace objects, 0(0B) LOS objects, 39% free, 16MB/26MB, paused 805us total 19.411ms
05-25 16:22:53.065 W/chromium(  848): [WARNING:proxy_service.cc(901)] PAC support disabled because there is no system implementation
05-25 16:22:53.075 W/chromium(  848): [WARNING:data_reduction_proxy_settings.cc(403)] SPDY proxy OFF at startup
05-25 16:22:53.085 W/art     (  848): Attempt to remove local handle scope entry from IRT, ignoring
05-25 16:22:53.085 W/AwContents(  848): onDetachedFromWindow called when already detached. Ignoring
05-25 16:22:53.085 D/EgretLoader(  848): EgretLoader(Context context)
05-25 16:22:53.095 D/EgretLoader(  848): The context is not activity
05-25 16:22:53.095 I/art     (  848): Explicit concurrent mark sweep GC freed 1717(118KB) AllocSpace objects, 0(0B) LOS objects, 40% free, 16MB/27MB, paused 1.672ms total 22.596ms
05-25 16:22:53.105 W/art     (  848): Attempt to remove local handle scope entry from IRT, ignoring
05-25 16:22:53.115 I/TDLog   (  848): onResume# activity.WebViewLinkActivity
05-25 16:22:53.145 I/art     (  848): Explicit concurrent mark sweep GC freed 388(56KB) AllocSpace objects, 2(32KB) LOS objects, 39% free, 16MB/27MB, paused 524us total 17.213ms
05-25 16:22:53.145 D/MultipleRenderable( 1432): add: miui.maml.FancyDrawable@1000109a
05-25 16:22:53.145 D/RendererCore( 1432): add: miui.maml.FancyDrawable@1000109a size:3
05-25 16:22:53.175 I/Timeline( 1022): Timeline: App_transition_ready time:21565347
05-25 16:22:53.185 I/Timeline( 1022): Timeline: App_transition_ready time:21565351
05-25 16:22:53.195 D/yaya_template_bacy(  848): xiaomi->[Thread:3227] receive an intent from server, action=com.xiaomi.mipush.RECEIVE_MESSAGE
05-25 16:22:53.205 D/yaya_template_bacy(  848): xiaomi->[Thread:3227] processing a message, action=Notification
05-25 16:22:53.205 D/MultipleRenderable( 1432): add: miui.maml.FancyDrawable@3133dba7
05-25 16:22:53.205 D/RendererCore( 1432): add: miui.maml.FancyDrawable@3133dba7 size:4
05-25 16:22:53.215 V/NotificationService( 1022): enqueueNotificationInternal: pkg=com.qihoo.appstore id=10012 notification=Notification(pri=1 contentView=com.qihoo.appstore/0x7f030100 vibrate=null sound=null defaults=0x0 flags=0x2 color=0x00000000 vis=PRIVATE)
05-25 16:22:53.215 I/Timeline( 1022): Timeline: App_transition_ready time:21565385
05-25 16:22:53.225 V/NotificationService( 1022): enqueueNotificationInternal: pkg=com.qihoo.appstore id=10012 notification=Notification(pri=1 contentView=com.qihoo.appstore/0x7f030100 vibrate=null sound=null defaults=0x0 flags=0x42 color=0x00000000 vis=PRIVATE)
05-25 16:22:53.235 I/ActivityManager( 1022): Displayed com.yaya.mmbang/.activity.WebViewLinkActivity: +431ms
05-25 16:22:53.235 D/NotificationService( 1022): [csl] buzzBeepBlinkLocked() zenMode = 0, zenConfig = ZenModeConfig[allowCalls=true,allowMessages=false,allowFrom=contacts,allowEvents=false,allowMusic=false,allowAlarm=true,allowVibrate=false,allowLight=true,sleepMode=null,sleepStart=22.0,sleepEnd=7.0,conditionComponents=null,conditionIds=null,exitCondition=null,exitConditionComponent=null]
05-25 16:22:53.235 V/NotificationService( 1022): pkg=com.qihoo.appstore canInterrupt=true intercept=false
05-25 16:22:53.235 V/NotificationService( 1022): Interrupting!
05-25 16:22:53.245 I/RenderThread( 1432): Sleep for long time:9223372036854775807 ms
05-25 16:22:53.245 I/art     ( 1432): Note: end time exceeds epoch: 
05-25 16:22:53.275 D/NotificationService( 1022): [csl] buzzBeepBlinkLocked() zenMode = 0, zenConfig = ZenModeConfig[allowCalls=true,allowMessages=false,allowFrom=contacts,allowEvents=false,allowMusic=false,allowAlarm=true,allowVibrate=false,allowLight=true,sleepMode=null,sleepStart=22.0,sleepEnd=7.0,conditionComponents=null,conditionIds=null,exitCondition=null,exitConditionComponent=null]
05-25 16:22:53.275 V/NotificationService( 1022): pkg=com.qihoo.appstore canInterrupt=true intercept=false
05-25 16:22:53.275 V/NotificationService( 1022): Interrupting!
05-25 16:22:53.275 I/System.out(  848): onPageStarted, url=https://www.baidu.com/
05-25 16:22:53.295 I/Timeline(  848): Timeline: Activity_idle id: android.os.BinderProxy@307853ed time:21565461
05-25 16:22:53.305 D/PhoneStatusBar( 1432): updateNotification pkg=com.qihoo.appstore;id=10012
05-25 16:22:53.315 I/art     (  848): Explicit concurrent mark sweep GC freed 1955(130KB) AllocSpace objects, 5(139KB) LOS objects, 40% free, 16MB/27MB, paused 736us total 18.043ms
05-25 16:22:53.325 D/SizeAdaptiveLayout( 1432): com.android.internal.widget.SizeAdaptiveLayout{b1af17 V.E..... ......ID 0,0-1260,232 #7f0800c1 app:id/adaptive}child view android.widget.RelativeLayout{31cabf04 V.E..... ......ID 0,0-1260,256} measured out of bounds at 231px clamped to 232px
05-25 16:22:53.335 W/chromium(  848): [WARNING:simple_index_file.cc(337)] Could not map Simple Index file.
05-25 16:22:53.345 D/PhoneStatusBar( 1432): updateNotification pkg=com.qihoo.appstore;id=10012
05-25 16:22:53.345 D/DnsFallback(  430): query: www.baidu.com
05-25 16:22:53.345 I/art     (  848): Explicit concurrent mark sweep GC freed 105(5KB) AllocSpace objects, 0(0B) LOS objects, 39% free, 16MB/27MB, paused 632us total 17.472ms
05-25 16:22:53.365 D/SizeAdaptiveLayout( 1432): com.android.internal.widget.SizeAdaptiveLayout{b1af17 V.E..... ......ID 0,0-1260,232 #7f0800c1 app:id/adaptive}child view android.widget.RelativeLayout{31cabf04 V.E..... ......ID 0,0-1260,256} measured out of bounds at 231px clamped to 232px
05-25 16:22:53.385 I/art     (  848): Explicit concurrent mark sweep GC freed 6(208B) AllocSpace objects, 0(0B) LOS objects, 39% free, 16MB/27MB, paused 620us total 17.513ms
05-25 16:22:53.395 I/chromium(  848): [INFO:SkUtilsArm.cpp(179)] Device supports ARM NEON instructions!
05-25 16:22:53.395 I/chromium(  848): 
05-25 16:22:53.425 I/art     (  848): Explicit concurrent mark sweep GC freed 6004(308KB) AllocSpace objects, 0(0B) LOS objects, 39% free, 16MB/27MB, paused 1.405ms total 27.661ms
05-25 16:22:53.465 I/art     (  848): Explicit concurrent mark sweep GC freed 1796(110KB) AllocSpace objects, 0(0B) LOS objects, 40% free, 16MB/27MB, paused 535us total 17.493ms
05-25 16:22:53.505 D/TaskPersister( 1022): removeObsoleteFile: deleting file=4497_task.xml
05-25 16:22:53.535 W/ActivityManager( 1022): getRunningAppProcesses: caller 11141 does not hold REAL_GET_TASKS; limiting output
05-25 16:22:53.565 I/Timeline( 1022): Timeline: Activity_windows_visible id: ActivityRecord{3e8f02c u0 com.yaya.mmbang/.activity.WebViewLinkActivity t4498} time:21565734
05-25 16:22:53.565 W/SystemAdController( 2027): aInfo:ActivityInfo{87b96b9 com.yaya.mmbang.activity.SplashActivity} has been destroyed, return
05-25 16:22:53.565 I/yaya_template_com.yaya.mmbang.activity.SplashActivity(  848): onDestroy
05-25 16:22:53.575 I/Timeline( 1022): Timeline: App_transition_stopped time:21565743
05-25 16:22:53.605 D/DnsFallback(  430): query: m.baidu.com
05-25 16:22:53.615 I/art     (  848): Explicit concurrent mark sweep GC freed 1195(69KB) AllocSpace objects, 1(16KB) LOS objects, 40% free, 16MB/27MB, paused 2.129ms total 20.266ms
05-25 16:22:53.655 I/art     (  848): Explicit concurrent mark sweep GC freed 140(7KB) AllocSpace objects, 0(0B) LOS objects, 40% free, 16MB/27MB, paused 732us total 18.236ms
05-25 16:22:53.695 I/art     (  848): Explicit concurrent mark sweep GC freed 4020(222KB) AllocSpace objects, 0(0B) LOS objects, 39% free, 16MB/27MB, paused 844us total 19.955ms
05-25 16:22:53.735 I/art     (  848): Explicit concurrent mark sweep GC freed 344(30KB) AllocSpace objects, 1(16KB) LOS objects, 39% free, 16MB/27MB, paused 600us total 18.532ms
05-25 16:22:53.745 D/yaya_template_(  848): onPageFinished, url=https://www.baidu.com/
05-25 16:22:53.775 I/art     (  848): Explicit concurrent mark sweep GC freed 159(9KB) AllocSpace objects, 3(101KB) LOS objects, 39% free, 16MB/27MB, paused 740us total 18.468ms
05-25 16:22:53.885 W/ActivityManager( 1022): getRunningAppProcesses: caller 10104 does not hold REAL_GET_TASKS; limiting output
05-25 16:22:53.895 W/System.err( 3061): java.lang.ArrayIndexOutOfBoundsException: length=58; index=58
05-25 16:22:53.895 W/System.err( 3061): 	at com.lbe.security.service.provider.internal.AppOpsAdapter$1.getDefaultOp(AppOpsAdapter.java:279)
05-25 16:22:53.895 W/System.err( 3061): 	at com.android.internal.app.IOpsCallback$Stub.onTransact(IOpsCallback.java:68)
05-25 16:22:53.895 W/System.err( 3061): 	at android.os.Binder.execTransact(Binder.java:446)
05-25 16:22:54.065 W/ContextImpl( 1432): Calling a method in the system process without a qualified user: android.app.ContextImpl.sendBroadcast:1323 android.content.ContextWrapper.sendBroadcast:376 com.android.systemui.taskmanager.TaskManagerView.sendVisibilityChangedBroadcast:650 com.android.systemui.taskmanager.TaskManagerView.access$1700:86 com.android.systemui.taskmanager.TaskManagerView$11.run:581 
05-25 16:22:54.195 W/ContextImpl( 1432): Calling a method in the system process without a qualified user: android.app.ContextImpl.sendBroadcast:1323 android.content.ContextWrapper.sendBroadcast:376 com.android.systemui.taskmanager.TaskManagerView.sendVisibilityChangedBroadcast:650 com.android.systemui.taskmanager.TaskManagerView.show:595 com.android.systemui.taskmanager.TaskManagerView$6.onClick:385 
05-25 16:22:54.195 I/Analytics( 1432): start session(com.android.systemui)
05-25 16:22:54.195 I/Analytics( 1432): end session(com.android.systemui)
05-25 16:22:54.195 W/ContextImpl( 1432): Calling a method in the system process without a qualified user: android.app.ContextImpl.bindService:1752 android.content.ContextWrapper.bindService:538 miui.analytics.Analytics.endSession:120 com.android.systemui.taskmanager.TaskManagerView.show:638 com.android.systemui.taskmanager.TaskManagerView$6.onClick:385 
05-25 16:22:54.305 D/yaya_template_[WebView](  848): WebView, [The page at 'https://www.baidu.com/' was loaded over HTTPS, but ran insecure content from 'http://127.0.0.1:7777/geolocation?timeout=10000&callback=jsonp2&gps=1&t=0.5192949150223285&_=1464164574309': this content should also be loaded over HTTPS.
05-25 16:22:54.305 D/yaya_template_[WebView](  848): ] sourceID: https://www.baidu.com/ lineNumber: 0 message: The page at 'https://www.baidu.com/' was loaded over HTTPS, but ran insecure content from 'http://127.0.0.1:7777/geolocation?timeout=10000&callback=jsonp2&gps=1&t=0.5192949150223285&_=1464164574309': this content should also be loaded over HTTPS.
05-25 16:22:54.305 I/chromium(  848): [INFO:CONSOLE(0)] "The page at 'https://www.baidu.com/' was loaded over HTTPS, but ran insecure content from 'http://127.0.0.1:7777/geolocation?timeout=10000&callback=jsonp2&gps=1&t=0.5192949150223285&_=1464164574309': this content should also be loaded over HTTPS.
05-25 16:22:54.305 I/chromium(  848): ", source: https://www.baidu.com/ (0)
05-25 16:22:54.305 W/chromium(  848): [WARNING:web_contents_impl.cc(2573)] https://www.baidu.com ran insecure content from http://127.0.0.1:7777/geolocation?timeout=10000&callback=jsonp2&gps=1&t=0.5192949150223285&_=1464164574309
05-25 16:22:54.345 D/Ulp_jni ( 1022): JNI:Inupdate_criteria: action:1, minTime:0, minDistance:0.000000, singleShot:0, horizontalAccuracy:1, powerRequirement:1 
05-25 16:22:54.345 D/Ulp_jni ( 1022): JNI:Inupdate_criteria: After translation action:1, minTime:0, minDistance:0.000000, singleShot:0, horizontalAccuracy:1, powerRequirement:1 
05-25 16:22:54.345 D/Ulp_jni ( 1022): JNI:In update_criteria:Before call to interface->update_criteria(native_criteria)
05-25 16:22:54.345 V/UlpEngine( 1022): unique Criteria :UlpLocRequest Int: 0 Qual: 102 SS: 2147483647
05-25 16:22:54.345 D/Ulp_jni ( 1022): JNI:start
05-25 16:22:54.345 D/Ulp_jni ( 1022): ulp_network_location_request_cb invoked
05-25 16:22:54.355 D/baidu_location_service( 1659): wifimanager start scan ...
05-25 16:22:54.365 E/WifiStateMachine( 1022): WifiStateMachine CMD_START_SCAN source 10029 txSuccessRate=25.63 rxSuccessRate=27.57 targetRoamBSSID=any RSSI=-55
05-25 16:22:54.365 D/wpa_supplicant( 1538): wlan0: Control interface command 'SCAN TYPE=ONLY'
05-25 16:22:54.365 D/wpa_supplicant( 1538): wlan0: Setting scan request: 0.000000 sec
05-25 16:22:54.365 D/wpa_supplicant( 1538): wlan0: Starting AP scan for wildcard SSID
05-25 16:22:54.365 D/wpa_supplicant( 1538): wlan0: Add radio work 'scan'@0x7f8d51e420
05-25 16:22:54.365 D/wpa_supplicant( 1538): wlan0: First radio work item in the queue - schedule start immediately
05-25 16:22:54.365 D/wpa_supplicant( 1538): wlan0: Starting radio work 'scan'@0x7f8d51e420 after 0.000024 second wait
05-25 16:22:54.365 D/wpa_supplicant( 1538): wlan0: nl80211: scan request
05-25 16:22:54.365 D/wpa_supplicant( 1538): nl80211: Scan SSID - hexdump(len=0): [NULL]
05-25 16:22:54.365 D/wpa_supplicant( 1538): Scan requested (ret=0) - scan timeout 30 seconds
05-25 16:22:54.365 D/wpa_supplicant( 1538): nl80211: Event message available
05-25 16:22:54.365 D/wpa_supplicant( 1538): nl80211: Drv Event 33 (NL80211_CMD_TRIGGER_SCAN) received for wlan0
05-25 16:22:54.365 D/wpa_supplicant( 1538): wlan0: nl80211: Scan trigger
05-25 16:22:54.365 D/wpa_supplicant( 1538): wlan0: Event SCAN_STARTED (49) received
05-25 16:22:54.365 D/wpa_supplicant( 1538): wlan0: Own scan request started a scan in 0.000066 seconds
05-25 16:22:54.365 I/wpa_supplicant( 1538): wlan0: CTRL-EVENT-SCAN-STARTED 
05-25 16:22:54.365 D/wpa_supplicant( 1538): CTRL_IFACE monitor sent successfully to /data/misc/wifi/sockets/wpa_ctrl_476-1\x00
05-25 16:22:54.365 D/wpa_supplicant( 1538): CTRL_IFACE monitor sent successfully to /data/misc/wifi/sockets/wpa_ctrl_1022-2\x00
05-25 16:22:54.365 I/WifiHAL ( 1022): Poll result = 1
05-25 16:22:54.365 I/WifiHAL ( 1022): Found some events!!!
05-25 16:22:54.365 D/WifiHAL ( 1022): no_seq_check received
05-25 16:22:54.365 I/WifiHAL ( 1022): event received NL80211_CMD_TRIGGER_SCAN
05-25 16:22:54.365 I/WifiHAL ( 1022): event received NL80211_CMD_TRIGGER_SCAN, vendor_id = 0x0
05-25 16:22:54.365 I/WifiHAL ( 1022): event ignored!!
05-25 16:22:54.375 D/Ulp_jni ( 1022): JNI:Inupdate_criteria: action:1, minTime:0, minDistance:0.000000, singleShot:0, horizontalAccuracy:3, powerRequirement:3 
05-25 16:22:54.375 D/Ulp_jni ( 1022): JNI:Inupdate_criteria: After translation action:1, minTime:0, minDistance:0.000000, singleShot:0, horizontalAccuracy:3, powerRequirement:3 
05-25 16:22:54.375 D/Ulp_jni ( 1022): JNI:In update_criteria:Before call to interface->update_criteria(native_criteria)
05-25 16:22:54.375 V/UlpEngine( 1022): unique Criteria :UlpLocRequest Int: 0 Qual: 100 SS: 2147483647
05-25 16:22:54.375 D/Ulp_jni ( 1022): JNI:Inupdate_criteria: action:2, minTime:0, minDistance:0.000000, singleShot:0, horizontalAccuracy:1, powerRequirement:1 
05-25 16:22:54.375 D/Ulp_jni ( 1022): JNI:Inupdate_criteria: After translation action:2, minTime:0, minDistance:0.000000, singleShot:0, horizontalAccuracy:1, powerRequirement:1 
05-25 16:22:54.375 D/Ulp_jni ( 1022): JNI:In update_criteria:Before call to interface->update_criteria(native_criteria)
05-25 16:22:54.375 V/UlpEngine( 1022): remove Criteria :UlpLocRequest Int: 0 Qual: 102 SS: 2147483647
05-25 16:22:54.535 W/ActivityManager( 1022): getRunningAppProcesses: caller 11141 does not hold REAL_GET_TASKS; limiting output
05-25 16:22:54.675 W/InputMethodManagerService( 1022): Window already focused, ignoring focus gain of: com.android.internal.view.IInputMethodClient$Stub$Proxy@1b37f48c attribute=null, token = android.os.BinderProxy@24feb03a
05-25 16:22:54.835 I/System.out(  848): onPageStarted, url=http://wappass.baidu.com/passport/?login&tpl=wimn&ssid=0&from=844b&uid=&pu=sz%401320_1001%2Cta%40iphone_2_5.0_3_537&bd_page_type=1&tn=&regtype=1&u=https://m.baidu.com
05-25 16:22:54.835 D/DnsFallback(  430): query: wappass.baidu.com
05-25 16:22:54.895 W/ActivityManager( 1022): getRunningAppProcesses: caller 10104 does not hold REAL_GET_TASKS; limiting output
05-25 16:22:54.895 W/System.err( 3061): java.lang.ArrayIndexOutOfBoundsException: length=58; index=58
05-25 16:22:54.895 W/System.err( 3061): 	at com.lbe.security.service.provider.internal.AppOpsAdapter$1.getDefaultOp(AppOpsAdapter.java:279)
05-25 16:22:54.895 W/System.err( 3061): 	at com.android.internal.app.IOpsCallback$Stub.onTransact(IOpsCallback.java:68)
05-25 16:22:54.895 W/System.err( 3061): 	at android.os.Binder.execTransact(Binder.java:446)
05-25 16:22:54.935 E/UlpEngine( 1022): newWork = null
05-25 16:22:54.935 D/Ulp_jni ( 1022): JNI:Inupdate_criteria: action:2, minTime:0, minDistance:0.000000, singleShot:0, horizontalAccuracy:3, powerRequirement:3 
05-25 16:22:54.935 D/Ulp_jni ( 1022): JNI:Inupdate_criteria: After translation action:2, minTime:0, minDistance:0.000000, singleShot:0, horizontalAccuracy:3, powerRequirement:3 
05-25 16:22:54.935 D/Ulp_jni ( 1022): JNI:In update_criteria:Before call to interface->update_criteria(native_criteria)
05-25 16:22:54.935 D/Ulp_jni ( 1022): JNI:stop
05-25 16:22:54.935 D/Ulp_jni ( 1022): ulp_network_location_request_cb invoked
05-25 16:22:54.965 D/wpa_supplicant( 1538): wlan0: Control interface command 'SIGNAL_POLL'
05-25 16:22:54.965 D/StatusBar.NetworkController( 1432): slot=-10;action=android.net.wifi.RSSI_CHANGED
05-25 16:22:54.975 D/StatusBar.NetworkController( 1432): updateNetworkName mNetworkName[0]=只能拨打紧急呼救电话 mTempNetworkName[0] = 只能拨打紧急呼救电话
05-25 16:22:54.975 D/StatusBar.NetworkController( 1432): updateNetworkName mNetworkName[1]=无服务 mTempNetworkName[1] = 无服务
05-25 16:22:55.065 F/Looper  (10642): Thread identity changed from 0x293600000cec to 0x293600002992 while dispatching to android.os.Handler com.qihoo.appstore.persistent.a@245a7c24 what=0
05-25 16:22:55.065 E/JavaBinder(10642): !!! FAILED BINDER TRANSACTION !!!
05-25 16:22:55.065 E/ServiceManager(10642): error in getService
05-25 16:22:55.065 E/ServiceManager(10642): android.os.TransactionTooLargeException
05-25 16:22:55.065 E/ServiceManager(10642): 	at android.os.BinderProxy.transactNative(Native Method)
05-25 16:22:55.065 E/ServiceManager(10642): 	at android.os.BinderProxy.transact(Binder.java:496)
05-25 16:22:55.065 E/ServiceManager(10642): 	at android.os.ServiceManagerProxy.getService(ServiceManagerNative.java:123)
05-25 16:22:55.065 E/ServiceManager(10642): 	at android.os.ServiceManager.getService(ServiceManager.java:55)
05-25 16:22:55.065 E/ServiceManager(10642): 	at android.app.ActivityManagerNative$1.create(ActivityManagerNative.java:2339)
05-25 16:22:55.065 E/ServiceManager(10642): 	at android.app.ActivityManagerNative$1.create(ActivityManagerNative.java:2337)
05-25 16:22:55.065 E/ServiceManager(10642): 	at android.util.Singleton.get(Singleton.java:34)
05-25 16:22:55.065 E/ServiceManager(10642): 	at android.app.ActivityManagerNative.getDefault(ActivityManagerNative.java:82)
05-25 16:22:55.065 E/ServiceManager(10642): 	at com.android.internal.os.RuntimeInit.wtf(RuntimeInit.java:345)
05-25 16:22:55.065 E/ServiceManager(10642): 	at android.util.Log$1.onTerribleFailure(Log.java:104)
05-25 16:22:55.065 E/ServiceManager(10642): 	at android.util.Log.wtf(Log.java:298)
05-25 16:22:55.065 E/ServiceManager(10642): 	at android.util.Log.wtf(Log.java:260)
05-25 16:22:55.065 E/ServiceManager(10642): 	at android.os.Looper.loop(Looper.java:145)
05-25 16:22:55.065 E/ServiceManager(10642): 	at android.os.HandlerThread.run(HandlerThread.java:61)
05-25 16:22:55.065 E/AndroidRuntime(10642): Error reporting WTF
05-25 16:22:55.065 E/AndroidRuntime(10642): java.lang.NullPointerException: Attempt to invoke interface method 'boolean android.app.IActivityManager.handleApplicationWtf(android.os.IBinder, java.lang.String, boolean, android.app.ApplicationErrorReport$CrashInfo)' on a null object reference
05-25 16:22:55.065 E/AndroidRuntime(10642): 	at com.android.internal.os.RuntimeInit.wtf(RuntimeInit.java:345)
05-25 16:22:55.065 E/AndroidRuntime(10642): 	at android.util.Log$1.onTerribleFailure(Log.java:104)
05-25 16:22:55.065 E/AndroidRuntime(10642): 	at android.util.Log.wtf(Log.java:298)
05-25 16:22:55.065 E/AndroidRuntime(10642): 	at android.util.Log.wtf(Log.java:260)
05-25 16:22:55.065 E/AndroidRuntime(10642): 	at android.os.Looper.loop(Looper.java:145)
05-25 16:22:55.065 E/AndroidRuntime(10642): 	at android.os.HandlerThread.run(HandlerThread.java:61)
05-25 16:22:55.065 E/AndroidRuntime(10642): Original WTF:
05-25 16:22:55.065 E/AndroidRuntime(10642): android.util.Log$TerribleFailure: Thread identity changed from 0x293600000cec to 0x293600002992 while dispatching to android.os.Handler com.qihoo.appstore.persistent.a@245a7c24 what=0
05-25 16:22:55.065 E/AndroidRuntime(10642): 	at android.util.Log.wtf(Log.java:295)
05-25 16:22:55.065 E/AndroidRuntime(10642): 	at android.util.Log.wtf(Log.java:260)
05-25 16:22:55.065 E/AndroidRuntime(10642): 	at android.os.Looper.loop(Looper.java:145)
05-25 16:22:55.065 E/AndroidRuntime(10642): 	at android.os.HandlerThread.run(HandlerThread.java:61)
05-25 16:22:55.435 I/XiaomiFirewall( 1562): firewall pkgName:com.yaya.mmbang, result:0
05-25 16:22:55.475 D/DnsFallback(  430): query: hm.baidu.com
05-25 16:22:55.615 D/DnsFallback(  430): query: boscdn.bpc.baidu.com
05-25 16:22:55.625 W/ActivityManager( 1022): getRunningAppProcesses: caller 11141 does not hold REAL_GET_TASKS; limiting output
05-25 16:22:55.685 W/System.err( 3061): java.lang.ArrayIndexOutOfBoundsException: length=58; index=58
05-25 16:22:55.685 W/System.err( 3061): 	at com.lbe.security.service.provider.internal.AppOpsAdapter$1.getDefaultOp(AppOpsAdapter.java:279)
05-25 16:22:55.685 W/System.err( 3061): 	at com.android.internal.app.IOpsCallback$Stub.onTransact(IOpsCallback.java:68)
05-25 16:22:55.685 W/System.err( 3061): 	at android.os.Binder.execTransact(Binder.java:446)
05-25 16:22:55.685 W/ActivityManager( 1022): getTasks: caller 10550 does not hold REAL_GET_TASKS; limiting output
05-25 16:22:55.695 W/ActivityManager( 1022): getRunningAppProcesses: caller 10550 does not hold REAL_GET_TASKS; limiting output
05-25 16:22:55.695 D/DnsFallback(  430): query: static1.searchbox.baidu.com
05-25 16:22:55.835 D/yaya_template_(  848): onPageFinished, url=http://wappass.baidu.com/passport/?login&tpl=wimn&ssid=0&from=844b&uid=&pu=sz%401320_1001%2Cta%40iphone_2_5.0_3_537&bd_page_type=1&tn=&regtype=1&u=https://m.baidu.com
05-25 16:22:55.875 I/MSM-irqbalance(  807): Decided to move IRQ65 from CPU3 to CPU2
05-25 16:22:55.905 W/ActivityManager( 1022): getRunningAppProcesses: caller 10104 does not hold REAL_GET_TASKS; limiting output
05-25 16:22:55.905 W/System.err( 3061): java.lang.ArrayIndexOutOfBoundsException: length=58; index=58
05-25 16:22:55.905 W/System.err( 3061): 	at com.lbe.security.service.provider.internal.AppOpsAdapter$1.getDefaultOp(AppOpsAdapter.java:279)
05-25 16:22:55.905 W/System.err( 3061): 	at com.android.internal.app.IOpsCallback$Stub.onTransact(IOpsCallback.java:68)
05-25 16:22:55.905 W/System.err( 3061): 	at android.os.Binder.execTransact(Binder.java:446)
05-25 16:22:55.925 I/art     (  848): Explicit concurrent mark sweep GC freed 3386(222KB) AllocSpace objects, 7(213KB) LOS objects, 39% free, 16MB/27MB, paused 757us total 33.015ms
05-25 16:22:55.955 I/art     (  848): Explicit concurrent mark sweep GC freed 127(5KB) AllocSpace objects, 0(0B) LOS objects, 39% free, 16MB/27MB, paused 763us total 17.122ms
05-25 16:22:55.995 I/art     (  848): Explicit concurrent mark sweep GC freed 3(96B) AllocSpace objects, 0(0B) LOS objects, 39% free, 16MB/27MB, paused 852us total 17.061ms
05-25 16:22:56.025 I/art     (  848): Explicit concurrent mark sweep GC freed 3(96B) AllocSpace objects, 0(0B) LOS objects, 39% free, 16MB/27MB, paused 558us total 16.853ms
05-25 16:22:56.065 I/art     (  848): Explicit concurrent mark sweep GC freed 3(96B) AllocSpace objects, 0(0B) LOS objects, 39% free, 16MB/27MB, paused 752us total 17.187ms
05-25 16:22:56.245 D/MultipleRenderable( 1432): add: miui.maml.FancyDrawable@294dd44a
05-25 16:22:56.245 D/RendererCore( 1432): add: miui.maml.FancyDrawable@294dd44a size:5
05-25 16:22:56.265 I/art     (  848): Explicit concurrent mark sweep GC freed 1075(64KB) AllocSpace objects, 1(16KB) LOS objects, 40% free, 16MB/27MB, paused 959us total 23.758ms
05-25 16:22:56.305 D/MultipleRenderable( 1432): add: miui.maml.FancyDrawable@369ceb16
05-25 16:22:56.305 D/RendererCore( 1432): add: miui.maml.FancyDrawable@369ceb16 size:6
05-25 16:22:56.315 I/art     (  848): Explicit concurrent mark sweep GC freed 20(712B) AllocSpace objects, 0(0B) LOS objects, 39% free, 16MB/27MB, paused 635us total 19.547ms
05-25 16:22:56.325 I/RenderThread( 1432): Sleep for long time:9223372036854775807 ms
05-25 16:22:56.325 I/art     ( 1432): Note: end time exceeds epoch: 
05-25 16:22:56.345 I/art     (  848): Explicit concurrent mark sweep GC freed 9(336B) AllocSpace objects, 0(0B) LOS objects, 40% free, 16MB/27MB, paused 544us total 17.587ms
05-25 16:22:56.375 I/NLP     ( 1659): Location result:[location successful by Baidu], reason:[network location] locType=161
05-25 16:22:56.385 I/art     (  848): Explicit concurrent mark sweep GC freed 21(2000B) AllocSpace objects, 0(0B) LOS objects, 39% free, 16MB/27MB, paused 857us total 17.294ms
05-25 16:22:56.385 E/LocSvc_eng( 1022): E/int loc_eng_inject_location(loc_eng_data_s_type&, double, double, float): log_eng state error: instance not initialized
05-25 16:22:56.385 D/LBSSystemMonitorService( 1022): handleMessage what - 7
05-25 16:22:56.385 D/Wiper_jni( 1022): Send Passive Location.
05-25 16:22:56.395 E/LocSvc_LBSApiV02( 1022): E/virtual int lbs_core::LBSApiV02::injectCoarsePosition(const CoarsePositionInfo&):312]: Error : st = 0, ind.status = 1
05-25 16:22:56.425 I/art     (  848): Explicit concurrent mark sweep GC freed 3(96B) AllocSpace objects, 0(0B) LOS objects, 39% free, 16MB/27MB, paused 970us total 18.192ms
05-25 16:22:56.635 W/ActivityManager( 1022): getRunningAppProcesses: caller 11141 does not hold REAL_GET_TASKS; limiting output
05-25 16:22:56.655 I/art     (  848): Explicit concurrent mark sweep GC freed 1069(64KB) AllocSpace objects, 1(16KB) LOS objects, 40% free, 16MB/27MB, paused 1.042ms total 51.966ms
05-25 16:22:56.705 I/art     (  848): Explicit concurrent mark sweep GC freed 20(712B) AllocSpace objects, 0(0B) LOS objects, 39% free, 16MB/27MB, paused 894us total 21.139ms
05-25 16:22:56.735 W/ContextImpl( 1432): Calling a method in the system process without a qualified user: android.app.ContextImpl.sendBroadcast:1323 android.content.ContextWrapper.sendBroadcast:376 com.android.systemui.taskmanager.TaskManagerView.sendVisibilityChangedBroadcast:650 com.android.systemui.taskmanager.TaskManagerView.show:595 com.android.systemui.taskmanager.TaskManagerView$6.onClick:385 
05-25 16:22:56.745 I/Analytics( 1432): start session(com.android.systemui)
05-25 16:22:56.745 I/Analytics( 1432): end session(com.android.systemui)
05-25 16:22:56.745 W/ContextImpl( 1432): Calling a method in the system process without a qualified user: android.app.ContextImpl.bindService:1752 android.content.ContextWrapper.bindService:538 miui.analytics.Analytics.endSession:120 com.android.systemui.taskmanager.TaskManagerView.show:638 com.android.systemui.taskmanager.TaskManagerView$6.onClick:385 
05-25 16:22:56.745 I/art     (  848): Explicit concurrent mark sweep GC freed 3(96B) AllocSpace objects, 0(0B) LOS objects, 39% free, 16MB/27MB, paused 866us total 19.095ms
05-25 16:22:56.785 I/art     (  848): Explicit concurrent mark sweep GC freed 3(96B) AllocSpace objects, 0(0B) LOS objects, 39% free, 16MB/27MB, paused 735us total 17.249ms
05-25 16:22:56.825 I/art     (  848): Explicit concurrent mark sweep GC freed 3(96B) AllocSpace objects, 0(0B) LOS objects, 39% free, 16MB/27MB, paused 890us total 18.159ms
05-25 16:22:56.905 W/ActivityManager( 1022): getRunningAppProcesses: caller 10104 does not hold REAL_GET_TASKS; limiting output
05-25 16:22:56.915 W/System.err( 3061): java.lang.ArrayIndexOutOfBoundsException: length=58; index=58
05-25 16:22:56.915 W/System.err( 3061): 	at com.lbe.security.service.provider.internal.AppOpsAdapter$1.getDefaultOp(AppOpsAdapter.java:279)
05-25 16:22:56.915 W/System.err( 3061): 	at com.android.internal.app.IOpsCallback$Stub.onTransact(IOpsCallback.java:68)
05-25 16:22:56.915 W/System.err( 3061): 	at android.os.Binder.execTransact(Binder.java:446)
05-25 16:22:57.075 W/ActivityManager( 1022): getRunningAppProcesses: caller 10291 does not hold REAL_GET_TASKS; limiting output
05-25 16:22:57.225 W/InputMethodManagerService( 1022): Window already focused, ignoring focus gain of: com.android.internal.view.IInputMethodClient$Stub$Proxy@1d3e4c8d attribute=null, token = android.os.BinderProxy@24feb03a
05-25 16:22:57.265 D/MultipleRenderable( 1432): add: miui.maml.FancyDrawable@2eb91625
05-25 16:22:57.265 D/RendererCore( 1432): add: miui.maml.FancyDrawable@2eb91625 size:7
05-25 16:22:57.285 D/MultipleRenderable( 1432): add: miui.maml.FancyDrawable@f2be3fa
05-25 16:22:57.285 D/RendererCore( 1432): add: miui.maml.FancyDrawable@f2be3fa size:8
05-25 16:22:57.315 I/RenderThread( 1432): Sleep for long time:9223372036854775807 ms
05-25 16:22:57.315 I/art     ( 1432): Note: end time exceeds epoch: 
05-25 16:22:57.555 D/wpa_supplicant( 1538): nl80211: Event message available
05-25 16:22:57.555 D/wpa_supplicant( 1538): nl80211: Drv Event 34 (NL80211_CMD_NEW_SCAN_RESULTS) received for wlan0
05-25 16:22:57.555 D/wpa_supplicant( 1538): wlan0: nl80211: New scan results available
05-25 16:22:57.555 D/wpa_supplicant( 1538): nl80211: Scan included frequencies:
05-25 16:22:57.555 D/wpa_supplicant( 1538): wlan0: Event SCAN_RESULTS (3) received
05-25 16:22:57.555 D/wpa_supplicant( 1538): wlan0: Scan completed in 3.196436 seconds
05-25 16:22:57.555 D/wpa_supplicant( 1538): nl80211: Associated on 5745 MHz
05-25 16:22:57.555 D/wpa_supplicant( 1538): nl80211: Associated with 32:0f:0e:20:60:90
05-25 16:22:57.555 D/wpa_supplicant( 1538): nl80211: Received scan results (41 BSSes)
05-25 16:22:57.555 D/wpa_supplicant( 1538): nl80211: Scan results indicate BSS status with 32:0f:0e:20:60:90 as associated
05-25 16:22:57.565 D/wpa_supplicant( 1538): wlan0: BSS: Start scan result update 677
05-25 16:22:57.565 D/wpa_supplicant( 1538): wlan0: BSS: Add new id 1857 BSSID 32:0f:0e:20:64:2b SSID 'iyaya_guest5.8'
05-25 16:22:57.565 D/wpa_supplicant( 1538): CTRL_IFACE monitor sent successfully to /data/misc/wifi/sockets/wpa_ctrl_476-1\x00
05-25 16:22:57.565 D/wpa_supplicant( 1538): CTRL_IFACE monitor sent successfully to /data/misc/wifi/sockets/wpa_ctrl_1022-2\x00
05-25 16:22:57.565 D/wpa_supplicant( 1538): wlan0: BSS: Add new id 1858 BSSID 22:0f:0e:20:64:2b SSID 'iyaya_5.8'
05-25 16:22:57.565 D/wpa_supplicant( 1538): CTRL_IFACE monitor sent successfully to /data/misc/wifi/sockets/wpa_ctrl_476-1\x00
05-25 16:22:57.565 D/wpa_supplicant( 1538): CTRL_IFACE monitor sent successfully to /data/misc/wifi/sockets/wpa_ctrl_1022-2\x00
05-25 16:22:57.565 D/wpa_supplicant( 1538): wlan0: BSS: Add new id 1859 BSSID 10:0f:0e:20:64:2b SSID 'iyaya_guest'
05-25 16:22:57.565 D/wpa_supplicant( 1538): CTRL_IFACE monitor sent successfully to /data/misc/wifi/sockets/wpa_ctrl_476-1\x00
05-25 16:22:57.565 D/wpa_supplicant( 1538): CTRL_IFACE monitor sent successfully to /data/misc/wifi/sockets/wpa_ctrl_1022-2\x00
05-25 16:22:57.565 D/wpa_supplicant( 1538): wlan0: BSS: Add new id 1860 BSSID 12:0f:0e:20:64:2b SSID 'iyaya'
05-25 16:22:57.565 D/wpa_supplicant( 1538): CTRL_IFACE monitor sent successfully to /data/misc/wifi/sockets/wpa_ctrl_476-1\x00
05-25 16:22:57.565 D/wpa_supplicant( 1538): CTRL_IFACE monitor sent successfully to /data/misc/wifi/sockets/wpa_ctrl_1022-2\x00
05-25 16:22:57.565 D/wpa_supplicant( 1538): wlan0: BSS: Add new id 1861 BSSID d0:03:4b:d4:bd:62 SSID 'appleAirport'
05-25 16:22:57.565 D/wpa_supplicant( 1538): CTRL_IFACE monitor sent successfully to /data/misc/wifi/sockets/wpa_ctrl_476-1\x00
05-25 16:22:57.565 D/wpa_supplicant( 1538): CTRL_IFACE monitor sent successfully to /data/misc/wifi/sockets/wpa_ctrl_1022-2\x00
05-25 16:22:57.565 D/wpa_supplicant( 1538): wlan0: BSS: Add new id 1862 BSSID 10:0f:0e:20:65:78 SSID 'iyaya_guest5.8'
05-25 16:22:57.565 D/wpa_supplicant( 1538): CTRL_IFACE monitor sent successfully to /data/misc/wifi/sockets/wpa_ctrl_476-1\x00
05-25 16:22:57.565 D/wpa_supplicant( 1538): CTRL_IFACE monitor sent successfully to /data/misc/wifi/sockets/wpa_ctrl_1022-2\x00
05-25 16:22:57.565 D/wpa_supplicant( 1538): wlan0: BSS: Add new id 1863 BSSID 6c:e8:73:29:26:c8 SSID 'WIFI_Audio'
05-25 16:22:57.565 D/wpa_supplicant( 1538): CTRL_IFACE monitor sent successfully to /data/misc/wifi/sockets/wpa_ctrl_476-1\x00
05-25 16:22:57.565 D/wpa_supplicant( 1538): CTRL_IFACE monitor sent successfully to /data/misc/wifi/sockets/wpa_ctrl_1022-2\x00
05-25 16:22:57.565 D/wpa_supplicant( 1538): wlan0: BSS: Remove id 1830 BSSID f0:b4:29:2c:89:06 SSID 'Smartap_5G' due to no match in scan
05-25 16:22:57.565 D/wpa_supplicant( 1538): CTRL_IFACE monitor sent successfully to /data/misc/wifi/sockets/wpa_ctrl_476-1\x00
05-25 16:22:57.565 D/wpa_supplicant( 1538): CTRL_IFACE monitor sent successfully to /data/misc/wifi/sockets/wpa_ctrl_1022-2\x00
05-25 16:22:57.565 D/wpa_supplicant( 1538): wlan0: BSS: Remove id 1843 BSSID f0:b4:29:2c:7c:73 SSID 'ESP_IOT_5G' due to no match in scan
05-25 16:22:57.565 D/wpa_supplicant( 1538): CTRL_IFACE monitor sent successfully to /data/misc/wifi/sockets/wpa_ctrl_476-1\x00
05-25 16:22:57.565 D/wpa_supplicant( 1538): CTRL_IFACE monitor sent successfully to /data/misc/wifi/sockets/wpa_ctrl_1022-2\x00
05-25 16:22:57.565 D/wpa_supplicant( 1538): BSS: last_scan_res_used=41/64
05-25 16:22:57.565 D/wpa_supplicant( 1538): wlan0: Scan-only results received
05-25 16:22:57.565 D/wpa_supplicant( 1538): CTRL_IFACE monitor sent successfully to /data/misc/wifi/sockets/wpa_ctrl_476-1\x00
05-25 16:22:57.565 D/wpa_supplicant( 1538): CTRL_IFACE monitor sent successfully to /data/misc/wifi/sockets/wpa_ctrl_1022-2\x00
05-25 16:22:57.565 D/wpa_supplicant( 1538): wlan0: Radio work 'scan'@0x7f8d51e420 done in 3.203957 seconds
05-25 16:22:57.565 I/WifiHAL ( 1022): Poll result = 1
05-25 16:22:57.565 I/WifiHAL ( 1022): Found some events!!!
05-25 16:22:57.565 D/WifiHAL ( 1022): no_seq_check received
05-25 16:22:57.565 I/WifiHAL ( 1022): event received NL80211_CMD_NEW_SCAN_RESULTS
05-25 16:22:57.565 I/WifiHAL ( 1022): event received NL80211_CMD_NEW_SCAN_RESULTS, vendor_id = 0x0
05-25 16:22:57.565 I/WifiHAL ( 1022): event ignored!!
05-25 16:22:57.575 D/wpa_supplicant( 1538): wlan0: Control interface command 'BSS RANGE=0- MASK=0x23987'
05-25 16:22:57.575 D/wpa_supplicant( 1538): wlan0: Control interface command 'BSS RANGE=1841- MASK=0x23987'
05-25 16:22:57.605 D/wpa_supplicant( 1538): wlan0: Control interface command 'STATUS-NO_EVENTS'
05-25 16:22:57.605 D/LBSSystemMonitorService( 1022): handleMessage what - 4
05-25 16:22:57.605 D/Wiper_jni( 1022): Send Network Location.
05-25 16:22:57.615 V/LocationPolicy( 1022): onProcessStateChanged
05-25 16:22:57.625 D/SecShell( 8231): start get packageName
05-25 16:22:57.625 D/SecShell( 8231): end get packageName
05-25 16:22:57.625 D/SecShell( 8231): start get packageName
05-25 16:22:57.625 D/SecShell( 8231): end get packageName
05-25 16:22:57.625 V/MSAPMReceiver(28163): Got intent:android.net.wifi.SCAN_RESULTS
05-25 16:22:57.625 V/MSAPMReceiver(28163): Got intent SCAN_RESULTS
05-25 16:22:57.625 V/MSAPM   (28163): notify_scan_results_available
05-25 16:22:57.625 E/MSAPM   (28163): Handler not yet initialized. Can't send!
05-25 16:22:57.635 V/LocationPolicy( 1022): onProcessStateChanged
05-25 16:22:57.635 W/ActivityManager( 1022): getRunningAppProcesses: caller 11141 does not hold REAL_GET_TASKS; limiting output
05-25 16:22:57.635 D/SecShell( 8231): start get packageName
05-25 16:22:57.635 D/SecShell( 8231): end get packageName
05-25 16:22:57.645 D/SecShell( 8231): start get packageName
05-25 16:22:57.645 D/SecShell( 8231): end get packageName
05-25 16:22:57.645 D/SecShell( 8231): start get packageName
05-25 16:22:57.645 W/BroadcastQueueInjector( 1022): Unable to launch app com.qihoo.browser/10099 for broadcast Intent { act=android.net.wifi.SCAN_RESULTS flg=0x4000010 }: process is not permitted to autostart
05-25 16:22:57.645 D/SecShell( 8231): end get packageName
05-25 16:22:57.655 V/LocationPolicy( 1022): onProcessStateChanged
05-25 16:22:57.655 D/SecShell( 8231): start get packageName
05-25 16:22:57.655 D/SecShell( 8231): end get packageName
05-25 16:22:57.665 D/SecShell( 8231): start get packageName
05-25 16:22:57.665 D/SecShell( 8231): end get packageName
05-25 16:22:57.665 V/LocationPolicy( 1022): onProcessStateChanged
05-25 16:22:57.665 D/SecShell( 8231): start get packageName
05-25 16:22:57.665 D/SecShell( 8231): end get packageName
05-25 16:22:57.675 D/SecShell( 8231): start get packageName
05-25 16:22:57.675 D/SecShell( 8231): end get packageName
05-25 16:22:57.675 D/SecShell( 8231): start get packageName
05-25 16:22:57.675 D/SecShell( 8231): end get packageName
05-25 16:22:57.675 D/SecShell( 8231): start get packageName
05-25 16:22:57.675 D/SecShell( 8231): end get packageName
05-25 16:22:57.675 D/SecShell( 8231): READLINK ERROR
05-25 16:22:57.675 D/SecShell( 8231): READLINK ERROR
05-25 16:22:57.675 D/SecShell( 8231): start get packageName
05-25 16:22:57.675 D/SecShell( 8231): end get packageName
05-25 16:22:57.685 D/SecShell( 8231): start get packageName
05-25 16:22:57.685 D/SecShell( 8231): end get packageName
05-25 16:22:57.685 D/SecShell( 8231): start get packageName
05-25 16:22:57.695 D/SecShell( 8231): end get packageName
05-25 16:22:57.695 D/SecShell( 8231): start get packageName
05-25 16:22:57.695 D/SecShell( 8231): end get packageName
05-25 16:22:57.705 D/SecShell( 8231): start get packageName
05-25 16:22:57.705 D/SecShell( 8231): end get packageName
05-25 16:22:57.705 D/SecShell( 8231): start get packageName
05-25 16:22:57.705 D/SecShell( 8231): end get packageName
05-25 16:22:57.715 D/SecShell( 8231): start get packageName
05-25 16:22:57.715 D/SecShell( 8231): end get packageName
05-25 16:22:57.725 D/SecShell( 8231): start get packageName
05-25 16:22:57.725 D/SecShell( 8231): end get packageName
05-25 16:22:57.725 D/SecShell( 8231): start get packageName
05-25 16:22:57.725 D/SecShell( 8231): end get packageName
05-25 16:22:57.735 D/SecShell( 8231): start get packageName
05-25 16:22:57.735 D/SecShell( 8231): end get packageName
05-25 16:22:57.745 D/SecShell( 8231): start get packageName
05-25 16:22:57.745 D/SecShell( 8231): end get packageName
05-25 16:22:57.755 D/SecShell( 8231): start get packageName
05-25 16:22:57.755 D/SecShell( 8231): end get packageName
05-25 16:22:57.755 W/ContextImpl( 1432): Calling a method in the system process without a qualified user: android.app.ContextImpl.sendBroadcast:1323 android.content.ContextWrapper.sendBroadcast:376 com.android.systemui.taskmanager.TaskManagerView.sendVisibilityChangedBroadcast:650 com.android.systemui.taskmanager.TaskManagerView.show:595 com.android.systemui.taskmanager.TaskManagerView.showTaskByAnimation:260 
05-25 16:22:57.765 D/SecShell( 8231): start get packageName
05-25 16:22:57.765 I/Analytics( 1432): start session(com.android.systemui)
