05-25 16:23:52.125 E/ServiceManager(10642): 	at android.util.Log$1.onTerribleFailure(Log.java:104)
05-25 16:23:52.125 E/ServiceManager(10642): 	at android.util.Log.wtf(Log.java:298)
05-25 16:23:52.125 E/ServiceManager(10642): 	at android.util.Log.wtf(Log.java:260)
05-25 16:23:52.125 E/ServiceManager(10642): 	at android.os.Looper.loop(Looper.java:145)
05-25 16:23:52.125 E/ServiceManager(10642): 	at android.os.HandlerThread.run(HandlerThread.java:61)
05-25 16:23:52.125 E/AndroidRuntime(10642): Error reporting WTF
05-25 16:23:52.125 E/AndroidRuntime(10642): java.lang.NullPointerException: Attempt to invoke interface method 'boolean android.app.IActivityManager.handleApplicationWtf(android.os.IBinder, java.lang.String, boolean, android.app.ApplicationErrorReport$CrashInfo)' on a null object reference
05-25 16:23:52.125 E/AndroidRuntime(10642): 	at com.android.internal.os.RuntimeInit.wtf(RuntimeInit.java:345)
05-25 16:23:52.125 E/AndroidRuntime(10642): 	at android.util.Log$1.onTerribleFailure(Log.java:104)
05-25 16:23:52.125 E/AndroidRuntime(10642): 	at android.util.Log.wtf(Log.java:298)
05-25 16:23:52.125 E/AndroidRuntime(10642): 	at android.util.Log.wtf(Log.java:260)
05-25 16:23:52.125 E/AndroidRuntime(10642): 	at android.os.Looper.loop(Looper.java:145)
05-25 16:23:52.125 E/AndroidRuntime(10642): 	at android.os.HandlerThread.run(HandlerThread.java:61)
05-25 16:23:52.125 E/AndroidRuntime(10642): Original WTF:
05-25 16:23:52.125 E/AndroidRuntime(10642): android.util.Log$TerribleFailure: Thread identity changed from 0x293600000cec to 0x293600002992 while dispatching to android.os.Handler com.qihoo.appstore.persistent.a@245a7c24 what=0
05-25 16:23:52.125 E/AndroidRuntime(10642): 	at android.util.Log.wtf(Log.java:295)
05-25 16:23:52.125 E/AndroidRuntime(10642): 	at android.util.Log.wtf(Log.java:260)
05-25 16:23:52.125 E/AndroidRuntime(10642): 	at android.os.Looper.loop(Looper.java:145)
05-25 16:23:52.125 E/AndroidRuntime(10642): 	at android.os.HandlerThread.run(HandlerThread.java:61)
05-25 16:23:52.175 D/wpa_supplicant( 1538): wlan0: Control interface command 'SIGNAL_POLL'
05-25 16:23:52.425 D/MultipleRenderable( 1432): add: miui.maml.FancyDrawable@146cb68f
05-25 16:23:52.425 D/RendererCore( 1432): add: miui.maml.FancyDrawable@146cb68f size:19
05-25 16:23:52.455 D/MultipleRenderable( 1432): add: miui.maml.FancyDrawable@13837d1c
05-25 16:23:52.455 D/RendererCore( 1432): add: miui.maml.FancyDrawable@13837d1c size:20
05-25 16:23:52.505 I/RenderThread( 1432): Sleep for long time:9223372036854775807 ms
05-25 16:23:52.505 I/art     ( 1432): Note: end time exceeds epoch: 
05-25 16:23:52.535 W/ActivityManager( 1022): getRunningAppProcesses: caller 10104 does not hold REAL_GET_TASKS; limiting output
05-25 16:23:52.545 W/System.err( 3061): java.lang.ArrayIndexOutOfBoundsException: length=58; index=58
05-25 16:23:52.545 W/System.err( 3061): 	at com.lbe.security.service.provider.internal.AppOpsAdapter$1.getDefaultOp(AppOpsAdapter.java:279)
05-25 16:23:52.545 W/System.err( 3061): 	at com.android.internal.app.IOpsCallback$Stub.onTransact(IOpsCallback.java:68)
05-25 16:23:52.545 W/System.err( 3061): 	at android.os.Binder.execTransact(Binder.java:446)
05-25 16:23:52.565 W/System.err( 3061): java.lang.ArrayIndexOutOfBoundsException: length=58; index=58
05-25 16:23:52.565 W/System.err( 3061): 	at com.lbe.security.service.provider.internal.AppOpsAdapter$1.getDefaultOp(AppOpsAdapter.java:279)
05-25 16:23:52.565 W/System.err( 3061): 	at com.android.internal.app.IOpsCallback$Stub.onTransact(IOpsCallback.java:68)
05-25 16:23:52.565 W/System.err( 3061): 	at android.os.Binder.execTransact(Binder.java:446)
05-25 16:23:52.935 W/ContextImpl( 1432): Calling a method in the system process without a qualified user: android.app.ContextImpl.sendBroadcast:1323 android.content.ContextWrapper.sendBroadcast:376 com.android.systemui.taskmanager.TaskManagerView.sendVisibilityChangedBroadcast:650 com.android.systemui.taskmanager.TaskManagerView.show:595 com.android.systemui.taskmanager.TaskManagerView$6.onClick:385 
05-25 16:23:52.945 I/Analytics( 1432): start session(com.android.systemui)
05-25 16:23:52.945 I/Analytics( 1432): end session(com.android.systemui)
05-25 16:23:52.945 W/ContextImpl( 1432): Calling a method in the system process without a qualified user: android.app.ContextImpl.bindService:1752 android.content.ContextWrapper.bindService:538 miui.analytics.Analytics.endSession:120 com.android.systemui.taskmanager.TaskManagerView.show:638 com.android.systemui.taskmanager.TaskManagerView$6.onClick:385 
05-25 16:23:52.945 W/ActivityManager( 1022): getRunningAppProcesses: caller 11141 does not hold REAL_GET_TASKS; limiting output
05-25 16:23:53.325 V/NotificationService( 1022): enqueueNotificationInternal: pkg=com.qihoo.appstore id=10012 notification=Notification(pri=1 contentView=com.qihoo.appstore/0x7f030100 vibrate=null sound=null defaults=0x0 flags=0x2 color=0x00000000 vis=PRIVATE)
05-25 16:23:53.345 V/NotificationService( 1022): enqueueNotificationInternal: pkg=com.qihoo.appstore id=10012 notification=Notification(pri=1 contentView=com.qihoo.appstore/0x7f030100 vibrate=null sound=null defaults=0x0 flags=0x42 color=0x00000000 vis=PRIVATE)
05-25 16:23:53.345 D/NotificationService( 1022): [csl] buzzBeepBlinkLocked() zenMode = 0, zenConfig = ZenModeConfig[allowCalls=true,allowMessages=false,allowFrom=contacts,allowEvents=false,allowMusic=false,allowAlarm=true,allowVibrate=false,allowLight=true,sleepMode=null,sleepStart=22.0,sleepEnd=7.0,conditionComponents=null,conditionIds=null,exitCondition=null,exitConditionComponent=null]
05-25 16:23:53.345 V/NotificationService( 1022): pkg=com.qihoo.appstore canInterrupt=true intercept=false
05-25 16:23:53.345 V/NotificationService( 1022): Interrupting!
05-25 16:23:53.375 D/NotificationService( 1022): [csl] buzzBeepBlinkLocked() zenMode = 0, zenConfig = ZenModeConfig[allowCalls=true,allowMessages=false,allowFrom=contacts,allowEvents=false,allowMusic=false,allowAlarm=true,allowVibrate=false,allowLight=true,sleepMode=null,sleepStart=22.0,sleepEnd=7.0,conditionComponents=null,conditionIds=null,exitCondition=null,exitConditionComponent=null]
05-25 16:23:53.375 V/NotificationService( 1022): pkg=com.qihoo.appstore canInterrupt=true intercept=false
05-25 16:23:53.375 V/NotificationService( 1022): Interrupting!
05-25 16:23:53.425 D/PhoneStatusBar( 1432): updateNotification pkg=com.qihoo.appstore;id=10012
05-25 16:23:53.425 W/InputMethodManagerService( 1022): Window already focused, ignoring focus gain of: com.android.internal.view.IInputMethodClient$Stub$Proxy@35dc771f attribute=null, token = android.os.BinderProxy@24feb03a
05-25 16:23:53.425 I/art     ( 1022): Background partial concurrent mark sweep GC freed 139288(8MB) AllocSpace objects, 62(1640KB) LOS objects, 23% free, 51MB/67MB, paused 1.681ms total 222.431ms
05-25 16:23:53.435 I/art     (  848): Explicit concurrent mark sweep GC freed 1303(86KB) AllocSpace objects, 2(32KB) LOS objects, 40% free, 16MB/27MB, paused 881us total 41.346ms
05-25 16:23:53.445 D/SizeAdaptiveLayout( 1432): com.android.internal.widget.SizeAdaptiveLayout{b1af17 V.E..... ......ID 0,0-1260,232 #7f0800c1 app:id/adaptive}child view android.widget.RelativeLayout{31cabf04 V.E..... ......ID 0,0-1260,256} measured out of bounds at 231px clamped to 232px
05-25 16:23:53.445 D/PhoneStatusBar( 1432): updateNotification pkg=com.qihoo.appstore;id=10012
05-25 16:23:53.465 D/SizeAdaptiveLayout( 1432): com.android.internal.widget.SizeAdaptiveLayout{b1af17 V.E..... ......ID 0,0-1260,232 #7f0800c1 app:id/adaptive}child view android.widget.RelativeLayout{31cabf04 V.E..... ......ID 0,0-1260,256} measured out of bounds at 231px clamped to 232px
05-25 16:23:53.465 I/art     (  848): Explicit concurrent mark sweep GC freed 147(6KB) AllocSpace objects, 0(0B) LOS objects, 40% free, 16MB/27MB, paused 685us total 15.435ms
05-25 16:23:53.505 I/art     (  848): Explicit concurrent mark sweep GC freed 4(176B) AllocSpace objects, 0(0B) LOS objects, 40% free, 16MB/27MB, paused 709us total 15.756ms
05-25 16:23:53.535 I/art     (  848): Explicit concurrent mark sweep GC freed 14(512B) AllocSpace objects, 0(0B) LOS objects, 40% free, 16MB/27MB, paused 663us total 16.485ms
05-25 16:23:53.545 W/ActivityManager( 1022): getRunningAppProcesses: caller 10104 does not hold REAL_GET_TASKS; limiting output
05-25 16:23:53.545 W/System.err( 3061): java.lang.ArrayIndexOutOfBoundsException: length=58; index=58
05-25 16:23:53.545 W/System.err( 3061): 	at com.lbe.security.service.provider.internal.AppOpsAdapter$1.getDefaultOp(AppOpsAdapter.java:279)
05-25 16:23:53.555 W/System.err( 3061): 	at com.android.internal.app.IOpsCallback$Stub.onTransact(IOpsCallback.java:68)
05-25 16:23:53.555 W/System.err( 3061): 	at android.os.Binder.execTransact(Binder.java:446)
05-25 16:23:53.565 I/art     (  848): Explicit concurrent mark sweep GC freed 3(96B) AllocSpace objects, 0(0B) LOS objects, 40% free, 16MB/27MB, paused 780us total 16.773ms
05-25 16:23:53.745 I/art     (  848): Explicit concurrent mark sweep GC freed 1062(64KB) AllocSpace objects, 1(16KB) LOS objects, 39% free, 16MB/27MB, paused 2.277ms total 37.543ms
05-25 16:23:53.795 I/art     (  848): Explicit concurrent mark sweep GC freed 20(712B) AllocSpace objects, 0(0B) LOS objects, 40% free, 16MB/27MB, paused 773us total 23.459ms
05-25 16:23:53.835 I/art     (  848): Explicit concurrent mark sweep GC freed 3(96B) AllocSpace objects, 0(0B) LOS objects, 40% free, 16MB/27MB, paused 552us total 18.062ms
05-25 16:23:53.865 I/art     (  848): Explicit concurrent mark sweep GC freed 3(96B) AllocSpace objects, 0(0B) LOS objects, 40% free, 16MB/27MB, paused 673us total 16.770ms
05-25 16:23:53.905 I/art     (  848): Explicit concurrent mark sweep GC freed 3(96B) AllocSpace objects, 0(0B) LOS objects, 40% free, 16MB/27MB, paused 1.019ms total 17.306ms
05-25 16:23:53.955 W/ActivityManager( 1022): getRunningAppProcesses: caller 11141 does not hold REAL_GET_TASKS; limiting output
05-25 16:23:54.125 I/art     (  848): Explicit concurrent mark sweep GC freed 1071(64KB) AllocSpace objects, 1(16KB) LOS objects, 39% free, 16MB/27MB, paused 1.833ms total 39.442ms
05-25 16:23:54.175 I/art     (  848): Explicit concurrent mark sweep GC freed 20(712B) AllocSpace objects, 0(0B) LOS objects, 40% free, 16MB/27MB, paused 888us total 23.309ms
05-25 16:23:54.225 I/art     (  848): Explicit concurrent mark sweep GC freed 3(96B) AllocSpace objects, 0(0B) LOS objects, 40% free, 16MB/27MB, paused 1.024ms total 21.800ms
05-25 16:23:54.265 I/art     (  848): Explicit concurrent mark sweep GC freed 4(128B) AllocSpace objects, 0(0B) LOS objects, 40% free, 16MB/27MB, paused 1.058ms total 17.172ms
05-25 16:23:54.295 I/art     (  848): Explicit concurrent mark sweep GC freed 3(96B) AllocSpace objects, 0(0B) LOS objects, 40% free, 16MB/27MB, paused 1.153ms total 17.497ms
05-25 16:23:54.555 W/ActivityManager( 1022): getRunningAppProcesses: caller 10104 does not hold REAL_GET_TASKS; limiting output
05-25 16:23:54.565 W/System.err( 3061): java.lang.ArrayIndexOutOfBoundsException: length=58; index=58
05-25 16:23:54.565 W/System.err( 3061): 	at com.lbe.security.service.provider.internal.AppOpsAdapter$1.getDefaultOp(AppOpsAdapter.java:279)
05-25 16:23:54.565 W/System.err( 3061): 	at com.android.internal.app.IOpsCallback$Stub.onTransact(IOpsCallback.java:68)
05-25 16:23:54.565 W/System.err( 3061): 	at android.os.Binder.execTransact(Binder.java:446)
05-25 16:23:54.955 W/ActivityManager( 1022): getRunningAppProcesses: caller 11141 does not hold REAL_GET_TASKS; limiting output
05-25 16:23:55.125 F/Looper  (10642): Thread identity changed from 0x293600000cec to 0x293600002992 while dispatching to android.os.Handler com.qihoo.appstore.persistent.a@245a7c24 what=0
05-25 16:23:55.125 E/JavaBinder(10642): !!! FAILED BINDER TRANSACTION !!!
05-25 16:23:55.125 E/ServiceManager(10642): error in getService
05-25 16:23:55.125 E/ServiceManager(10642): android.os.TransactionTooLargeException
05-25 16:23:55.125 E/ServiceManager(10642): 	at android.os.BinderProxy.transactNative(Native Method)
05-25 16:23:55.125 E/ServiceManager(10642): 	at android.os.BinderProxy.transact(Binder.java:496)
05-25 16:23:55.125 E/ServiceManager(10642): 	at android.os.ServiceManagerProxy.getService(ServiceManagerNative.java:123)
05-25 16:23:55.125 E/ServiceManager(10642): 	at android.os.ServiceManager.getService(ServiceManager.java:55)
05-25 16:23:55.125 E/ServiceManager(10642): 	at android.app.ActivityManagerNative$1.create(ActivityManagerNative.java:2339)
05-25 16:23:55.125 E/ServiceManager(10642): 	at android.app.ActivityManagerNative$1.create(ActivityManagerNative.java:2337)
05-25 16:23:55.125 E/ServiceManager(10642): 	at android.util.Singleton.get(Singleton.java:34)
05-25 16:23:55.125 E/ServiceManager(10642): 	at android.app.ActivityManagerNative.getDefault(ActivityManagerNative.java:82)
05-25 16:23:55.125 E/ServiceManager(10642): 	at com.android.internal.os.RuntimeInit.wtf(RuntimeInit.java:345)
05-25 16:23:55.125 E/ServiceManager(10642): 	at android.util.Log$1.onTerribleFailure(Log.java:104)
05-25 16:23:55.125 E/ServiceManager(10642): 	at android.util.Log.wtf(Log.java:298)
05-25 16:23:55.125 E/ServiceManager(10642): 	at android.util.Log.wtf(Log.java:260)
05-25 16:23:55.125 E/ServiceManager(10642): 	at android.os.Looper.loop(Looper.java:145)
05-25 16:23:55.125 E/ServiceManager(10642): 	at android.os.HandlerThread.run(HandlerThread.java:61)
05-25 16:23:55.125 E/AndroidRuntime(10642): Error reporting WTF
05-25 16:23:55.125 E/AndroidRuntime(10642): java.lang.NullPointerException: Attempt to invoke interface method 'boolean android.app.IActivityManager.handleApplicationWtf(android.os.IBinder, java.lang.String, boolean, android.app.ApplicationErrorReport$CrashInfo)' on a null object reference
05-25 16:23:55.125 E/AndroidRuntime(10642): 	at com.android.internal.os.RuntimeInit.wtf(RuntimeInit.java:345)
05-25 16:23:55.125 E/AndroidRuntime(10642): 	at android.util.Log$1.onTerribleFailure(Log.java:104)
05-25 16:23:55.125 E/AndroidRuntime(10642): 	at android.util.Log.wtf(Log.java:298)
05-25 16:23:55.125 E/AndroidRuntime(10642): 	at android.util.Log.wtf(Log.java:260)
05-25 16:23:55.125 E/AndroidRuntime(10642): 	at android.os.Looper.loop(Looper.java:145)
05-25 16:23:55.125 E/AndroidRuntime(10642): 	at android.os.HandlerThread.run(HandlerThread.java:61)
05-25 16:23:55.125 E/AndroidRuntime(10642): Original WTF:
05-25 16:23:55.125 E/AndroidRuntime(10642): android.util.Log$TerribleFailure: Thread identity changed from 0x293600000cec to 0x293600002992 while dispatching to android.os.Handler com.qihoo.appstore.persistent.a@245a7c24 what=0
05-25 16:23:55.125 E/AndroidRuntime(10642): 	at android.util.Log.wtf(Log.java:295)
05-25 16:23:55.125 E/AndroidRuntime(10642): 	at android.util.Log.wtf(Log.java:260)
05-25 16:23:55.125 E/AndroidRuntime(10642): 	at android.os.Looper.loop(Looper.java:145)
05-25 16:23:55.125 E/AndroidRuntime(10642): 	at android.os.HandlerThread.run(HandlerThread.java:61)
05-25 16:23:55.185 D/wpa_supplicant( 1538): wlan0: Control interface command 'SIGNAL_POLL'
05-25 16:23:55.565 W/ActivityManager( 1022): getRunningAppProcesses: caller 10104 does not hold REAL_GET_TASKS; limiting output
05-25 16:23:55.575 D/MultipleRenderable( 1432): add: miui.maml.FancyDrawable@b338623
05-25 16:23:55.575 D/RendererCore( 1432): add: miui.maml.FancyDrawable@b338623 size:21
05-25 16:23:55.575 I/MediaPlaybackService( 1088): release wifilock actually, isHeld=true
05-25 16:23:55.575 D/WifiService( 1022): releaseWifiLockLocked: WifiLock{com.miui.player.service.MediaPlaybackService type=1 binder=android.os.BinderProxy@d82ebb1}
05-25 16:23:55.575 W/System.err( 3061): java.lang.ArrayIndexOutOfBoundsException: length=58; index=58
05-25 16:23:55.575 W/System.err( 3061): 	at com.lbe.security.service.provider.internal.AppOpsAdapter$1.getDefaultOp(AppOpsAdapter.java:279)
05-25 16:23:55.575 W/System.err( 3061): 	at com.android.internal.app.IOpsCallback$Stub.onTransact(IOpsCallback.java:68)
05-25 16:23:55.575 W/System.err( 3061): 	at android.os.Binder.execTransact(Binder.java:446)
05-25 16:23:55.625 D/MultipleRenderable( 1432): add: miui.maml.FancyDrawable@19e0f720
05-25 16:23:55.625 D/RendererCore( 1432): add: miui.maml.FancyDrawable@19e0f720 size:22
05-25 16:23:55.675 I/RenderThread( 1432): Sleep for long time:9223372036854775807 ms
05-25 16:23:55.675 I/art     ( 1432): Note: end time exceeds epoch: 
05-25 16:23:55.965 W/ActivityManager( 1022): getRunningAppProcesses: caller 11141 does not hold REAL_GET_TASKS; limiting output
05-25 16:23:56.465 I/art     (  848): Explicit concurrent mark sweep GC freed 1215(82KB) AllocSpace objects, 2(32KB) LOS objects, 40% free, 16MB/27MB, paused 1.679ms total 35.796ms
05-25 16:23:56.495 W/ContextImpl( 1432): Calling a method in the system process without a qualified user: android.app.ContextImpl.sendBroadcast:1323 android.content.ContextWrapper.sendBroadcast:376 com.android.systemui.taskmanager.TaskManagerView.sendVisibilityChangedBroadcast:650 com.android.systemui.taskmanager.TaskManagerView.access$1700:86 com.android.systemui.taskmanager.TaskManagerView$11.run:581 
05-25 16:23:56.515 I/art     (  848): Explicit concurrent mark sweep GC freed 50(1792B) AllocSpace objects, 0(0B) LOS objects, 40% free, 16MB/27MB, paused 611us total 22.404ms
05-25 16:23:56.515 W/System.err( 3061): java.lang.ArrayIndexOutOfBoundsException: length=58; index=58
05-25 16:23:56.515 W/System.err( 3061): 	at com.lbe.security.service.provider.internal.AppOpsAdapter$1.getDefaultOp(AppOpsAdapter.java:279)
05-25 16:23:56.515 W/System.err( 3061): 	at com.android.internal.app.IOpsCallback$Stub.onTransact(IOpsCallback.java:68)
05-25 16:23:56.515 W/System.err( 3061): 	at android.os.Binder.execTransact(Binder.java:446)
05-25 16:23:56.515 W/ActivityManager( 1022): getTasks: caller 10550 does not hold REAL_GET_TASKS; limiting output
05-25 16:23:56.525 W/ActivityManager( 1022): getRunningAppProcesses: caller 10550 does not hold REAL_GET_TASKS; limiting output
05-25 16:23:56.545 I/art     (  848): Explicit concurrent mark sweep GC freed 3(96B) AllocSpace objects, 0(0B) LOS objects, 40% free, 16MB/27MB, paused 760us total 16.259ms
05-25 16:23:56.565 I/Timeline(  970): Timeline: Activity_launch_request time:21628732
05-25 16:23:56.575 D/AdClientRecord( 2027): Splash target was not initialized.
05-25 16:23:56.575 D/SystemAdController( 2027): Package:com.yaya.mmbang is not in the list
05-25 16:23:56.575 D/SystemAdController( 2027): requestSplashScreen duration:3
05-25 16:23:56.575 I/ActivityManager( 1022): START u0 {act=android.intent.action.MAIN cat=[android.intent.category.LAUNCHER] flg=0x10200000 cmp=com.yaya.mmbang/.activity.SplashActivity} from uid 2000 on display 0
05-25 16:23:56.585 W/ActivityManager( 1022): getRunningAppProcesses: caller 10104 does not hold REAL_GET_TASKS; limiting output
05-25 16:23:56.585 I/art     (  848): Explicit concurrent mark sweep GC freed 3(96B) AllocSpace objects, 0(0B) LOS objects, 40% free, 16MB/27MB, paused 798us total 16.313ms
05-25 16:23:56.585 W/System.err( 3061): java.lang.ArrayIndexOutOfBoundsException: length=58; index=58
05-25 16:23:56.585 W/System.err( 3061): 	at com.lbe.security.service.provider.internal.AppOpsAdapter$1.getDefaultOp(AppOpsAdapter.java:279)
05-25 16:23:56.585 W/System.err( 3061): 	at com.android.internal.app.IOpsCallback$Stub.onTransact(IOpsCallback.java:68)
05-25 16:23:56.585 W/System.err( 3061): 	at android.os.Binder.execTransact(Binder.java:446)
05-25 16:23:56.615 I/art     (  848): Explicit concurrent mark sweep GC freed 3(96B) AllocSpace objects, 0(0B) LOS objects, 40% free, 16MB/27MB, paused 637us total 16.553ms
05-25 16:23:56.805 I/art     (  848): Explicit concurrent mark sweep GC freed 1060(63KB) AllocSpace objects, 1(16KB) LOS objects, 40% free, 16MB/27MB, paused 599us total 29.992ms
05-25 16:23:56.845 I/art     (  848): Explicit concurrent mark sweep GC freed 20(712B) AllocSpace objects, 0(0B) LOS objects, 40% free, 16MB/27MB, paused 744us total 16.988ms
05-25 16:23:56.875 I/art     (  848): Explicit concurrent mark sweep GC freed 3(96B) AllocSpace objects, 0(0B) LOS objects, 40% free, 16MB/27MB, paused 739us total 16.995ms
05-25 16:23:56.915 I/art     (  848): Explicit concurrent mark sweep GC freed 3(96B) AllocSpace objects, 0(0B) LOS objects, 40% free, 16MB/27MB, paused 1.061ms total 17.107ms
05-25 16:23:56.945 I/art     (  848): Explicit concurrent mark sweep GC freed 3(96B) AllocSpace objects, 0(0B) LOS objects, 40% free, 16MB/27MB, paused 709us total 17.026ms
05-25 16:23:56.975 W/ActivityManager( 1022): getRunningAppProcesses: caller 11141 does not hold REAL_GET_TASKS; limiting output
05-25 16:23:57.075 W/ActivityManager( 1022): getRunningAppProcesses: caller 10291 does not hold REAL_GET_TASKS; limiting output
05-25 16:23:57.085 W/ContextImpl( 1432): Calling a method in the system process without a qualified user: android.app.ContextImpl.sendBroadcast:1323 android.content.ContextWrapper.sendBroadcast:376 com.android.systemui.taskmanager.TaskManagerView.sendVisibilityChangedBroadcast:650 com.android.systemui.taskmanager.TaskManagerView.show:595 com.android.systemui.statusbar.phone.PhoneStatusBar$H.handleMessage:2902 
05-25 16:23:57.085 I/Analytics( 1432): start session(com.android.systemui)
05-25 16:23:57.085 I/Analytics( 1432): end session(com.android.systemui)
05-25 16:23:57.085 W/ContextImpl( 1432): Calling a method in the system process without a qualified user: android.app.ContextImpl.bindService:1752 android.content.ContextWrapper.bindService:538 miui.analytics.Analytics.endSession:120 com.android.systemui.taskmanager.TaskManagerView.show:638 com.android.systemui.statusbar.phone.PhoneStatusBar$H.handleMessage:2902 
05-25 16:23:57.155 I/art     (  848): Explicit concurrent mark sweep GC freed 1083(64KB) AllocSpace objects, 1(16KB) LOS objects, 40% free, 16MB/27MB, paused 967us total 32.245ms
05-25 16:23:57.205 I/art     (  848): Explicit concurrent mark sweep GC freed 20(712B) AllocSpace objects, 0(0B) LOS objects, 40% free, 16MB/27MB, paused 675us total 22.877ms
05-25 16:23:57.245 I/art     (  848): Explicit concurrent mark sweep GC freed 3(96B) AllocSpace objects, 0(0B) LOS objects, 40% free, 16MB/27MB, paused 566us total 17.634ms
05-25 16:23:57.285 I/art     (  848): Explicit concurrent mark sweep GC freed 4(128B) AllocSpace objects, 0(0B) LOS objects, 40% free, 16MB/27MB, paused 901us total 18.278ms
05-25 16:23:57.315 I/art     (  848): Explicit concurrent mark sweep GC freed 3(96B) AllocSpace objects, 0(0B) LOS objects, 40% free, 16MB/27MB, paused 837us total 18.132ms
05-25 16:23:57.555 W/InputMethodManagerService( 1022): Window already focused, ignoring focus gain of: com.android.internal.view.IInputMethodClient$Stub$Proxy@432b158 attribute=null, token = android.os.BinderProxy@24feb03a
05-25 16:23:57.585 W/ActivityManager( 1022): getRunningAppProcesses: caller 10104 does not hold REAL_GET_TASKS; limiting output
05-25 16:23:57.595 W/System.err( 3061): java.lang.ArrayIndexOutOfBoundsException: length=58; index=58
05-25 16:23:57.595 W/System.err( 3061): 	at com.lbe.security.service.provider.internal.AppOpsAdapter$1.getDefaultOp(AppOpsAdapter.java:279)
05-25 16:23:57.595 W/System.err( 3061): 	at com.android.internal.app.IOpsCallback$Stub.onTransact(IOpsCallback.java:68)
05-25 16:23:57.595 W/System.err( 3061): 	at android.os.Binder.execTransact(Binder.java:446)
05-25 16:23:57.975 W/ActivityManager( 1022): getRunningAppProcesses: caller 11141 does not hold REAL_GET_TASKS; limiting output
05-25 16:23:58.125 F/Looper  (10642): Thread identity changed from 0x293600000cec to 0x293600002992 while dispatching to android.os.Handler com.qihoo.appstore.persistent.a@245a7c24 what=0
05-25 16:23:58.125 E/JavaBinder(10642): !!! FAILED BINDER TRANSACTION !!!
05-25 16:23:58.125 E/ServiceManager(10642): error in getService
05-25 16:23:58.125 E/ServiceManager(10642): android.os.TransactionTooLargeException
05-25 16:23:58.125 E/ServiceManager(10642): 	at android.os.BinderProxy.transactNative(Native Method)
05-25 16:23:58.125 E/ServiceManager(10642): 	at android.os.BinderProxy.transact(Binder.java:496)
05-25 16:23:58.125 E/ServiceManager(10642): 	at android.os.ServiceManagerProxy.getService(ServiceManagerNative.java:123)
05-25 16:23:58.125 E/ServiceManager(10642): 	at android.os.ServiceManager.getService(ServiceManager.java:55)
05-25 16:23:58.125 E/ServiceManager(10642): 	at android.app.ActivityManagerNative$1.create(ActivityManagerNative.java:2339)
05-25 16:23:58.125 E/ServiceManager(10642): 	at android.app.ActivityManagerNative$1.create(ActivityManagerNative.java:2337)
05-25 16:23:58.125 E/ServiceManager(10642): 	at android.util.Singleton.get(Singleton.java:34)
05-25 16:23:58.125 E/ServiceManager(10642): 	at android.app.ActivityManagerNative.getDefault(ActivityManagerNative.java:82)
05-25 16:23:58.125 E/ServiceManager(10642): 	at com.android.internal.os.RuntimeInit.wtf(RuntimeInit.java:345)
05-25 16:23:58.125 E/ServiceManager(10642): 	at android.util.Log$1.onTerribleFailure(Log.java:104)
05-25 16:23:58.125 E/ServiceManager(10642): 	at android.util.Log.wtf(Log.java:298)
05-25 16:23:58.125 E/ServiceManager(10642): 	at android.util.Log.wtf(Log.java:260)
05-25 16:23:58.125 E/ServiceManager(10642): 	at android.os.Looper.loop(Looper.java:145)
05-25 16:23:58.125 E/ServiceManager(10642): 	at android.os.HandlerThread.run(HandlerThread.java:61)
05-25 16:23:58.125 E/AndroidRuntime(10642): Error reporting WTF
05-25 16:23:58.125 E/AndroidRuntime(10642): java.lang.NullPointerException: Attempt to invoke interface method 'boolean android.app.IActivityManager.handleApplicationWtf(android.os.IBinder, java.lang.String, boolean, android.app.ApplicationErrorReport$CrashInfo)' on a null object reference
05-25 16:23:58.125 E/AndroidRuntime(10642): 	at com.android.internal.os.RuntimeInit.wtf(RuntimeInit.java:345)
05-25 16:23:58.125 E/AndroidRuntime(10642): 	at android.util.Log$1.onTerribleFailure(Log.java:104)
05-25 16:23:58.125 E/AndroidRuntime(10642): 	at android.util.Log.wtf(Log.java:298)
05-25 16:23:58.125 E/AndroidRuntime(10642): 	at android.util.Log.wtf(Log.java:260)
05-25 16:23:58.125 E/AndroidRuntime(10642): 	at android.os.Looper.loop(Looper.java:145)
05-25 16:23:58.125 E/AndroidRuntime(10642): 	at android.os.HandlerThread.run(HandlerThread.java:61)
05-25 16:23:58.125 E/AndroidRuntime(10642): Original WTF:
05-25 16:23:58.125 E/AndroidRuntime(10642): android.util.Log$TerribleFailure: Thread identity changed from 0x293600000cec to 0x293600002992 while dispatching to android.os.Handler com.qihoo.appstore.persistent.a@245a7c24 what=0
05-25 16:23:58.125 E/AndroidRuntime(10642): 	at android.util.Log.wtf(Log.java:295)
05-25 16:23:58.125 E/AndroidRuntime(10642): 	at android.util.Log.wtf(Log.java:260)
05-25 16:23:58.125 E/AndroidRuntime(10642): 	at android.os.Looper.loop(Looper.java:145)
05-25 16:23:58.125 E/AndroidRuntime(10642): 	at android.os.HandlerThread.run(HandlerThread.java:61)
05-25 16:23:58.155 W/UnimplementedWebViewApi(  848): Unimplemented WebView method onKeyMultiple called from: android.webkit.WebView.onKeyMultiple(WebView.java:2317)
05-25 16:23:58.155 W/UnimplementedWebViewApi(  848): Unimplemented WebView method onKeyDown called from: android.webkit.WebView.onKeyDown(WebView.java:2307)
05-25 16:23:58.185 I/System.out(  848): onPageStarted, url=http://wappass.baidu.com/passport/login?clientfrom=&adapter=0&ssid=&from=&authsite=&bd_page_type=&uid=1464164614092_406&pu=&tpl=&u=https://wap.baidu.com%3Fuid%3D1464164614092_406&type=&bdcm=9d310a95d5628535d8dde71190ef76c6a7ef637c&tn=&regist_mode=&login_share_strategy=&subpro=&skin=default_v2&client=&connect=0&smsLoginLink=1&loginLink=&bindToSmsLogin=&overseas=&is_voice_sms=&subpro=&hideSLogin=
05-25 16:23:58.185 I/XiaomiFirewall( 1562): firewall pkgName:com.yaya.mmbang, result:0
05-25 16:23:58.185 D/DnsFallback(  430): query: wappass.baidu.com
05-25 16:23:58.195 D/wpa_supplicant( 1538): wlan0: Control interface command 'SIGNAL_POLL'
05-25 16:23:58.255 D/DnsFallback(  430): query: hm.baidu.com
05-25 16:23:58.555 D/yaya_template_(  848): onPageFinished, url=http://wappass.baidu.com/passport/login?clientfrom=&adapter=0&ssid=&from=&authsite=&bd_page_type=&uid=1464164614092_406&pu=&tpl=&u=https://wap.baidu.com%3Fuid%3D1464164614092_406&type=&bdcm=9d310a95d5628535d8dde71190ef76c6a7ef637c&tn=&regist_mode=&login_share_strategy=&subpro=&skin=default_v2&client=&connect=0&smsLoginLink=1&loginLink=&bindToSmsLogin=&overseas=&is_voice_sms=&subpro=&hideSLogin=
05-25 16:23:58.595 W/ActivityManager( 1022): getRunningAppProcesses: caller 10104 does not hold REAL_GET_TASKS; limiting output
05-25 16:23:58.605 W/System.err( 3061): java.lang.ArrayIndexOutOfBoundsException: length=58; index=58
05-25 16:23:58.605 W/System.err( 3061): 	at com.lbe.security.service.provider.internal.AppOpsAdapter$1.getDefaultOp(AppOpsAdapter.java:279)
05-25 16:23:58.605 W/System.err( 3061): 	at com.android.internal.app.IOpsCallback$Stub.onTransact(IOpsCallback.java:68)
05-25 16:23:58.605 W/System.err( 3061): 	at android.os.Binder.execTransact(Binder.java:446)
05-25 16:23:58.975 W/ActivityManager( 1022): getRunningAppProcesses: caller 11141 does not hold REAL_GET_TASKS; limiting output
05-25 16:23:59.225 D/MultipleRenderable( 1432): add: miui.maml.FancyDrawable@8a90177
05-25 16:23:59.225 D/RendererCore( 1432): add: miui.maml.FancyDrawable@8a90177 size:23
05-25 16:23:59.265 D/MultipleRenderable( 1432): add: miui.maml.FancyDrawable@77211e4
05-25 16:23:59.265 D/RendererCore( 1432): add: miui.maml.FancyDrawable@77211e4 size:24
05-25 16:23:59.295 I/RenderThread( 1432): Sleep for long time:9223372036854775807 ms
05-25 16:23:59.295 I/art     ( 1432): Note: end time exceeds epoch: 
05-25 16:23:59.485 I/art     (  848): Explicit concurrent mark sweep GC freed 2567(174KB) AllocSpace objects, 7(205KB) LOS objects, 40% free, 16MB/27MB, paused 1.091ms total 37.306ms
05-25 16:23:59.545 I/art     (  848): Explicit concurrent mark sweep GC freed 117(5KB) AllocSpace objects, 0(0B) LOS objects, 40% free, 16MB/27MB, paused 948us total 24.997ms
05-25 16:23:59.595 I/art     (  848): Explicit concurrent mark sweep GC freed 3(96B) AllocSpace objects, 0(0B) LOS objects, 40% free, 16MB/27MB, paused 595us total 21.321ms
05-25 16:23:59.605 W/ActivityManager( 1022): getRunningAppProcesses: caller 10104 does not hold REAL_GET_TASKS; limiting output
05-25 16:23:59.605 W/System.err( 3061): java.lang.ArrayIndexOutOfBoundsException: length=58; index=58
05-25 16:23:59.615 W/System.err( 3061): 	at com.lbe.security.service.provider.internal.AppOpsAdapter$1.getDefaultOp(AppOpsAdapter.java:279)
05-25 16:23:59.615 W/System.err( 3061): 	at com.android.internal.app.IOpsCallback$Stub.onTransact(IOpsCallback.java:68)
05-25 16:23:59.615 W/System.err( 3061): 	at android.os.Binder.execTransact(Binder.java:446)
05-25 16:23:59.625 I/art     (  848): Explicit concurrent mark sweep GC freed 3(96B) AllocSpace objects, 0(0B) LOS objects, 40% free, 16MB/27MB, paused 775us total 17.839ms
05-25 16:23:59.665 I/art     (  848): Explicit concurrent mark sweep GC freed 3(96B) AllocSpace objects, 0(0B) LOS objects, 40% free, 16MB/27MB, paused 849us total 17.862ms
05-25 16:23:59.825 I/art     (  848): Explicit concurrent mark sweep GC freed 1060(63KB) AllocSpace objects, 1(16KB) LOS objects, 40% free, 16MB/27MB, paused 605us total 30.988ms
05-25 16:23:59.855 I/art     (  848): Explicit concurrent mark sweep GC freed 20(712B) AllocSpace objects, 0(0B) LOS objects, 40% free, 16MB/27MB, paused 809us total 18.220ms
05-25 16:23:59.895 I/art     (  848): Explicit concurrent mark sweep GC freed 3(96B) AllocSpace objects, 0(0B) LOS objects, 40% free, 16MB/27MB, paused 477us total 17.677ms
05-25 16:23:59.935 I/art     (  848): Explicit concurrent mark sweep GC freed 3(96B) AllocSpace objects, 0(0B) LOS objects, 40% free, 16MB/27MB, paused 467us total 17.605ms
05-25 16:23:59.965 I/art     (  848): Explicit concurrent mark sweep GC freed 3(96B) AllocSpace objects, 0(0B) LOS objects, 40% free, 16MB/27MB, paused 797us total 17.945ms
05-25 16:23:59.985 W/ActivityManager( 1022): getRunningAppProcesses: caller 11141 does not hold REAL_GET_TASKS; limiting output
05-25 16:24:00.015 V/LocationPolicy( 1022): onProcessStateChanged
05-25 16:24:00.015 V/LocationPolicy( 1022): onProcessStateChanged
05-25 16:24:00.125 W/ContextImpl( 1432): Calling a method in the system process without a qualified user: android.app.ContextImpl.sendBroadcast:1323 android.content.ContextWrapper.sendBroadcast:376 com.android.systemui.taskmanager.TaskManagerView.sendVisibilityChangedBroadcast:650 com.android.systemui.taskmanager.TaskManagerView.access$1700:86 com.android.systemui.taskmanager.TaskManagerView$11.run:581 
05-25 16:24:00.125 I/art     (  848): Explicit concurrent mark sweep GC freed 1069(64KB) AllocSpace objects, 1(16KB) LOS objects, 40% free, 16MB/27MB, paused 803us total 19.535ms
05-25 16:24:00.165 I/art     (  848): Explicit concurrent mark sweep GC freed 20(712B) AllocSpace objects, 0(0B) LOS objects, 40% free, 16MB/27MB, paused 609us total 17.085ms
05-25 16:24:00.195 I/art     (  848): Explicit concurrent mark sweep GC freed 3(96B) AllocSpace objects, 0(0B) LOS objects, 40% free, 16MB/27MB, paused 750us total 17.211ms
05-25 16:24:00.235 I/art     (  848): Explicit concurrent mark sweep GC freed 3(96B) AllocSpace objects, 0(0B) LOS objects, 40% free, 16MB/27MB, paused 681us total 16.410ms
05-25 16:24:00.255 W/ContextImpl( 1432): Calling a method in the system process without a qualified user: android.app.ContextImpl.sendBroadcast:1323 android.content.ContextWrapper.sendBroadcast:376 com.android.systemui.taskmanager.TaskManagerView.sendVisibilityChangedBroadcast:650 com.android.systemui.taskmanager.TaskManagerView.show:595 com.android.systemui.taskmanager.TaskManagerView$6.onClick:385 
05-25 16:24:00.265 I/Analytics( 1432): start session(com.android.systemui)
05-25 16:24:00.265 I/Analytics( 1432): end session(com.android.systemui)
05-25 16:24:00.265 W/ContextImpl( 1432): Calling a method in the system process without a qualified user: android.app.ContextImpl.bindService:1752 android.content.ContextWrapper.bindService:538 miui.analytics.Analytics.endSession:120 com.android.systemui.taskmanager.TaskManagerView.show:638 com.android.systemui.taskmanager.TaskManagerView$6.onClick:385 
05-25 16:24:00.265 I/art     (  848): Explicit concurrent mark sweep GC freed 4(128B) AllocSpace objects, 0(0B) LOS objects, 40% free, 16MB/27MB, paused 597us total 18.191ms
05-25 16:24:00.615 W/ActivityManager( 1022): getRunningAppProcesses: caller 10104 does not hold REAL_GET_TASKS; limiting output
05-25 16:24:00.615 W/System.err( 3061): java.lang.ArrayIndexOutOfBoundsException: length=58; index=58
05-25 16:24:00.615 W/System.err( 3061): 	at com.lbe.security.service.provider.internal.AppOpsAdapter$1.getDefaultOp(AppOpsAdapter.java:279)
05-25 16:24:00.625 W/System.err( 3061): 	at com.android.internal.app.IOpsCallback$Stub.onTransact(IOpsCallback.java:68)
05-25 16:24:00.625 W/System.err( 3061): 	at android.os.Binder.execTransact(Binder.java:446)
05-25 16:24:00.745 W/InputMethodManagerService( 1022): Window already focused, ignoring focus gain of: com.android.internal.view.IInputMethodClient$Stub$Proxy@11a5370 attribute=null, token = android.os.BinderProxy@24feb03a
05-25 16:24:00.785 I/XiaomiFirewall( 1562): firewall pkgName:com.yaya.mmbang, result:0
05-25 16:24:00.795 W/UnimplementedWebViewApi(  848): Unimplemented WebView method onKeyMultiple called from: android.webkit.WebView.onKeyMultiple(WebView.java:2317)
05-25 16:24:00.795 W/UnimplementedWebViewApi(  848): Unimplemented WebView method onKeyDown called from: android.webkit.WebView.onKeyDown(WebView.java:2307)
05-25 16:24:00.805 D/MultipleRenderable( 1432): add: miui.maml.FancyDrawable@5015c8b
05-25 16:24:00.805 D/RendererCore( 1432): add: miui.maml.FancyDrawable@5015c8b size:25
05-25 16:24:00.835 D/MultipleRenderable( 1432): add: miui.maml.FancyDrawable@2a48f168
05-25 16:24:00.835 D/RendererCore( 1432): add: miui.maml.FancyDrawable@2a48f168 size:26
05-25 16:24:00.855 I/RenderThread( 1432): Sleep for long time:9223372036854775807 ms
05-25 16:24:00.855 I/art     ( 1432): Note: end time exceeds epoch: 
05-25 16:24:00.875 I/MSM-irqbalance(  807): Decided to move IRQ215 from CPU1 to CPU2
05-25 16:24:00.985 W/ActivityManager( 1022): getRunningAppProcesses: caller 11141 does not hold REAL_GET_TASKS; limiting output
05-25 16:24:01.125 F/Looper  (10642): Thread identity changed from 0x293600000cec to 0x293600002992 while dispatching to android.os.Handler com.qihoo.appstore.persistent.a@245a7c24 what=0
05-25 16:24:01.135 E/JavaBinder(10642): !!! FAILED BINDER TRANSACTION !!!
05-25 16:24:01.135 E/ServiceManager(10642): error in getService
05-25 16:24:01.135 E/ServiceManager(10642): android.os.TransactionTooLargeException
05-25 16:24:01.135 E/ServiceManager(10642): 	at android.os.BinderProxy.transactNative(Native Method)
05-25 16:24:01.135 E/ServiceManager(10642): 	at android.os.BinderProxy.transact(Binder.java:496)
05-25 16:24:01.135 E/ServiceManager(10642): 	at android.os.ServiceManagerProxy.getService(ServiceManagerNative.java:123)
05-25 16:24:01.135 E/ServiceManager(10642): 	at android.os.ServiceManager.getService(ServiceManager.java:55)
05-25 16:24:01.135 E/ServiceManager(10642): 	at android.app.ActivityManagerNative$1.create(ActivityManagerNative.java:2339)
05-25 16:24:01.135 E/ServiceManager(10642): 	at android.app.ActivityManagerNative$1.create(ActivityManagerNative.java:2337)
05-25 16:24:01.135 E/ServiceManager(10642): 	at android.util.Singleton.get(Singleton.java:34)
05-25 16:24:01.135 E/ServiceManager(10642): 	at android.app.ActivityManagerNative.getDefault(ActivityManagerNative.java:82)
05-25 16:24:01.135 E/ServiceManager(10642): 	at com.android.internal.os.RuntimeInit.wtf(RuntimeInit.java:345)
05-25 16:24:01.135 E/ServiceManager(10642): 	at android.util.Log$1.onTerribleFailure(Log.java:104)
05-25 16:24:01.135 E/ServiceManager(10642): 	at android.util.Log.wtf(Log.java:298)
05-25 16:24:01.135 E/ServiceManager(10642): 	at android.util.Log.wtf(Log.java:260)
05-25 16:24:01.135 E/ServiceManager(10642): 	at android.os.Looper.loop(Looper.java:145)
05-25 16:24:01.135 E/ServiceManager(10642): 	at android.os.HandlerThread.run(HandlerThread.java:61)
05-25 16:24:01.135 E/AndroidRuntime(10642): Error reporting WTF
05-25 16:24:01.135 E/AndroidRuntime(10642): java.lang.NullPointerException: Attempt to invoke interface method 'boolean android.app.IActivityManager.handleApplicationWtf(android.os.IBinder, java.lang.String, boolean, android.app.ApplicationErrorReport$CrashInfo)' on a null object reference
05-25 16:24:01.135 E/AndroidRuntime(10642): 	at com.android.internal.os.RuntimeInit.wtf(RuntimeInit.java:345)
05-25 16:24:01.135 E/AndroidRuntime(10642): 	at android.util.Log$1.onTerribleFailure(Log.java:104)
05-25 16:24:01.135 E/AndroidRuntime(10642): 	at android.util.Log.wtf(Log.java:298)
05-25 16:24:01.135 E/AndroidRuntime(10642): 	at android.util.Log.wtf(Log.java:260)
05-25 16:24:01.135 E/AndroidRuntime(10642): 	at android.os.Looper.loop(Looper.java:145)
05-25 16:24:01.135 E/AndroidRuntime(10642): 	at android.os.HandlerThread.run(HandlerThread.java:61)
05-25 16:24:01.135 E/AndroidRuntime(10642): Original WTF:
05-25 16:24:01.135 E/AndroidRuntime(10642): android.util.Log$TerribleFailure: Thread identity changed from 0x293600000cec to 0x293600002992 while dispatching to android.os.Handler com.qihoo.appstore.persistent.a@245a7c24 what=0
05-25 16:24:01.135 E/AndroidRuntime(10642): 	at android.util.Log.wtf(Log.java:295)
05-25 16:24:01.135 E/AndroidRuntime(10642): 	at android.util.Log.wtf(Log.java:260)
05-25 16:24:01.135 E/AndroidRuntime(10642): 	at android.os.Looper.loop(Looper.java:145)
05-25 16:24:01.135 E/AndroidRuntime(10642): 	at android.os.HandlerThread.run(HandlerThread.java:61)
05-25 16:24:01.205 D/wpa_supplicant( 1538): wlan0: Control interface command 'SIGNAL_POLL'
05-25 16:24:01.215 D/StatusBar.NetworkController( 1432): slot=-10;action=android.net.wifi.RSSI_CHANGED
05-25 16:24:01.225 D/StatusBar.NetworkController( 1432): updateNetworkName mNetworkName[0]=只能拨打紧急呼救电话 mTempNetworkName[0] = 只能拨打紧急呼救电话
05-25 16:24:01.225 D/StatusBar.NetworkController( 1432): updateNetworkName mNetworkName[1]=无服务 mTempNetworkName[1] = 无服务
05-25 16:24:01.305 W/ContextImpl( 1432): Calling a method in the system process without a qualified user: android.app.ContextImpl.sendBroadcast:1323 android.content.ContextWrapper.sendBroadcast:376 com.android.systemui.taskmanager.TaskManagerView.sendVisibilityChangedBroadcast:650 com.android.systemui.taskmanager.TaskManagerView.show:595 com.android.systemui.statusbar.phone.PhoneStatusBar$H.handleMessage:2902 
05-25 16:24:01.305 I/Analytics( 1432): start session(com.android.systemui)
05-25 16:24:01.305 I/Analytics( 1432): end session(com.android.systemui)
05-25 16:24:01.305 W/ContextImpl( 1432): Calling a method in the system process without a qualified user: android.app.ContextImpl.bindService:1752 android.content.ContextWrapper.bindService:538 miui.analytics.Analytics.endSession:120 com.android.systemui.taskmanager.TaskManagerView.show:638 com.android.systemui.statusbar.phone.PhoneStatusBar$H.handleMessage:2902 
05-25 16:24:01.565 W/System.err( 3061): java.lang.ArrayIndexOutOfBoundsException: length=58; index=58
05-25 16:24:01.565 W/System.err( 3061): 	at com.lbe.security.service.provider.internal.AppOpsAdapter$1.getDefaultOp(AppOpsAdapter.java:279)
05-25 16:24:01.565 W/System.err( 3061): 	at com.android.internal.app.IOpsCallback$Stub.onTransact(IOpsCallback.java:68)
05-25 16:24:01.565 W/System.err( 3061): 	at android.os.Binder.execTransact(Binder.java:446)
05-25 16:24:01.565 W/ActivityManager( 1022): getTasks: caller 10550 does not hold REAL_GET_TASKS; limiting output
05-25 16:24:01.575 W/ActivityManager( 1022): getRunningAppProcesses: caller 10550 does not hold REAL_GET_TASKS; limiting output
05-25 16:24:01.625 W/ActivityManager( 1022): getRunningAppProcesses: caller 10104 does not hold REAL_GET_TASKS; limiting output
05-25 16:24:01.625 W/System.err( 3061): java.lang.ArrayIndexOutOfBoundsException: length=58; index=58
05-25 16:24:01.625 W/System.err( 3061): 	at com.lbe.security.service.provider.internal.AppOpsAdapter$1.getDefaultOp(AppOpsAdapter.java:279)
05-25 16:24:01.625 W/System.err( 3061): 	at com.android.internal.app.IOpsCallback$Stub.onTransact(IOpsCallback.java:68)
05-25 16:24:01.625 W/System.err( 3061): 	at android.os.Binder.execTransact(Binder.java:446)
05-25 16:24:01.815 W/InputMethodManagerService( 1022): Window already focused, ignoring focus gain of: com.android.internal.view.IInputMethodClient$Stub$Proxy@d29369c attribute=null, token = android.os.BinderProxy@24feb03a
05-25 16:24:01.995 W/ActivityManager( 1022): getRunningAppProcesses: caller 11141 does not hold REAL_GET_TASKS; limiting output
05-25 16:24:02.535 I/art     (  848): Explicit concurrent mark sweep GC freed 2063(123KB) AllocSpace objects, 2(32KB) LOS objects, 40% free, 16MB/27MB, paused 1.015ms total 34.803ms
05-25 16:24:02.575 I/art     (  848): Explicit concurrent mark sweep GC freed 39(1408B) AllocSpace objects, 0(0B) LOS objects, 40% free, 16MB/27MB, paused 599us total 20.053ms
05-25 16:24:02.575 W/System.err( 3061): java.lang.ArrayIndexOutOfBoundsException: length=58; index=58
05-25 16:24:02.575 W/System.err( 3061): 	at com.lbe.security.service.provider.internal.AppOpsAdapter$1.getDefaultOp(AppOpsAdapter.java:279)
05-25 16:24:02.575 W/System.err( 3061): 	at com.android.internal.app.IOpsCallback$Stub.onTransact(IOpsCallback.java:68)
05-25 16:24:02.575 W/System.err( 3061): 	at android.os.Binder.execTransact(Binder.java:446)
05-25 16:24:02.615 I/art     (  848): Explicit concurrent mark sweep GC freed 3(96B) AllocSpace objects, 0(0B) LOS objects, 40% free, 16MB/27MB, paused 776us total 17.068ms
05-25 16:24:02.635 W/ActivityManager( 1022): getRunningAppProcesses: caller 10104 does not hold REAL_GET_TASKS; limiting output
05-25 16:24:02.635 W/System.err( 3061): java.lang.ArrayIndexOutOfBoundsException: length=58; index=58
05-25 16:24:02.645 W/System.err( 3061): 	at com.lbe.security.service.provider.internal.AppOpsAdapter$1.getDefaultOp(AppOpsAdapter.java:279)
05-25 16:24:02.645 W/System.err( 3061): 	at com.android.internal.app.IOpsCallback$Stub.onTransact(IOpsCallback.java:68)
05-25 16:24:02.645 W/System.err( 3061): 	at android.os.Binder.execTransact(Binder.java:446)
05-25 16:24:02.645 I/art     (  848): Explicit concurrent mark sweep GC freed 3(96B) AllocSpace objects, 0(0B) LOS objects, 40% free, 16MB/27MB, paused 715us total 16.455ms
05-25 16:24:02.685 I/art     (  848): Explicit concurrent mark sweep GC freed 3(96B) AllocSpace objects, 0(0B) LOS objects, 40% free, 16MB/27MB, paused 974us total 17.087ms
05-25 16:24:02.895 I/art     (  848): Explicit concurrent mark sweep GC freed 1081(65KB) AllocSpace objects, 1(16KB) LOS objects, 40% free, 16MB/27MB, paused 852us total 35.415ms
05-25 16:24:02.935 I/art     (  848): Explicit concurrent mark sweep GC freed 25(904B) AllocSpace objects, 0(0B) LOS objects, 40% free, 16MB/27MB, paused 996us total 20.833ms
05-25 16:24:02.975 I/art     (  848): Explicit concurrent mark sweep GC freed 3(96B) AllocSpace objects, 0(0B) LOS objects, 40% free, 16MB/27MB, paused 857us total 17.742ms
05-25 16:24:02.995 W/ActivityManager( 1022): getRunningAppProcesses: caller 11141 does not hold REAL_GET_TASKS; limiting output
05-25 16:24:03.015 I/art     (  848): Explicit concurrent mark sweep GC freed 12(400B) AllocSpace objects, 0(0B) LOS objects, 40% free, 16MB/27MB, paused 806us total 16.962ms
05-25 16:24:03.045 I/art     (  848): Explicit concurrent mark sweep GC freed 3(96B) AllocSpace objects, 0(0B) LOS objects, 40% free, 16MB/27MB, paused 828us total 17.197ms
05-25 16:24:03.275 I/art     (  848): Explicit concurrent mark sweep GC freed 1061(63KB) AllocSpace objects, 1(16KB) LOS objects, 40% free, 16MB/27MB, paused 1.457ms total 33.628ms
05-25 16:24:03.325 I/art     (  848): Explicit concurrent mark sweep GC freed 20(712B) AllocSpace objects, 0(0B) LOS objects, 40% free, 16MB/27MB, paused 1.058ms total 21.313ms
05-25 16:24:03.355 I/art     (  848): Explicit concurrent mark sweep GC freed 3(96B) AllocSpace objects, 0(0B) LOS objects, 40% free, 16MB/27MB, paused 717us total 16.826ms
05-25 16:24:03.385 I/art     (  848): Explicit concurrent mark sweep GC freed 4(112B) AllocSpace objects, 0(0B) LOS objects, 40% free, 16MB/27MB, paused 645us total 16.034ms
05-25 16:24:03.425 I/art     (  848): Explicit concurrent mark sweep GC freed 3(96B) AllocSpace objects, 0(0B) LOS objects, 40% free, 16MB/27MB, paused 695us total 16.349ms
05-25 16:24:03.645 W/ActivityManager( 1022): getRunningAppProcesses: caller 10104 does not hold REAL_GET_TASKS; limiting output
05-25 16:24:03.645 W/System.err( 3061): java.lang.ArrayIndexOutOfBoundsException: length=58; index=58
05-25 16:24:03.645 W/System.err( 3061): 	at com.lbe.security.service.provider.internal.AppOpsAdapter$1.getDefaultOp(AppOpsAdapter.java:279)
05-25 16:24:03.645 W/System.err( 3061): 	at com.android.internal.app.IOpsCallback$Stub.onTransact(IOpsCallback.java:68)
05-25 16:24:03.645 W/System.err( 3061): 	at android.os.Binder.execTransact(Binder.java:446)
05-25 16:24:04.005 W/ActivityManager( 1022): getRunningAppProcesses: caller 11141 does not hold REAL_GET_TASKS; limiting output
05-25 16:24:04.135 F/Looper  (10642): Thread identity changed from 0x293600000cec to 0x293600002992 while dispatching to android.os.Handler com.qihoo.appstore.persistent.a@245a7c24 what=0
05-25 16:24:04.135 E/JavaBinder(10642): !!! FAILED BINDER TRANSACTION !!!
05-25 16:24:04.135 E/ServiceManager(10642): error in getService
05-25 16:24:04.135 E/ServiceManager(10642): android.os.TransactionTooLargeException
05-25 16:24:04.135 E/ServiceManager(10642): 	at android.os.BinderProxy.transactNative(Native Method)
05-25 16:24:04.135 E/ServiceManager(10642): 	at android.os.BinderProxy.transact(Binder.java:496)
05-25 16:24:04.135 E/ServiceManager(10642): 	at android.os.ServiceManagerProxy.getService(ServiceManagerNative.java:123)
05-25 16:24:04.135 E/ServiceManager(10642): 	at android.os.ServiceManager.getService(ServiceManager.java:55)
05-25 16:24:04.135 E/ServiceManager(10642): 	at android.app.ActivityManagerNative$1.create(ActivityManagerNative.java:2339)
05-25 16:24:04.135 E/ServiceManager(10642): 	at android.app.ActivityManagerNative$1.create(ActivityManagerNative.java:2337)
05-25 16:24:04.135 E/ServiceManager(10642): 	at android.util.Singleton.get(Singleton.java:34)
05-25 16:24:04.135 E/ServiceManager(10642): 	at android.app.ActivityManagerNative.getDefault(ActivityManagerNative.java:82)
05-25 16:24:04.135 E/ServiceManager(10642): 	at com.android.internal.os.RuntimeInit.wtf(RuntimeInit.java:345)
05-25 16:24:04.135 E/ServiceManager(10642): 	at android.util.Log$1.onTerribleFailure(Log.java:104)
05-25 16:24:04.135 E/ServiceManager(10642): 	at android.util.Log.wtf(Log.java:298)
05-25 16:24:04.135 E/ServiceManager(10642): 	at android.util.Log.wtf(Log.java:260)
05-25 16:24:04.135 E/ServiceManager(10642): 	at android.os.Looper.loop(Looper.java:145)
05-25 16:24:04.135 E/ServiceManager(10642): 	at android.os.HandlerThread.run(HandlerThread.java:61)
05-25 16:24:04.135 E/AndroidRuntime(10642): Error reporting WTF
05-25 16:24:04.135 E/AndroidRuntime(10642): java.lang.NullPointerException: Attempt to invoke interface method 'boolean android.app.IActivityManager.handleApplicationWtf(android.os.IBinder, java.lang.String, boolean, android.app.ApplicationErrorReport$CrashInfo)' on a null object reference
05-25 16:24:04.135 E/AndroidRuntime(10642): 	at com.android.internal.os.RuntimeInit.wtf(RuntimeInit.java:345)
05-25 16:24:04.135 E/AndroidRuntime(10642): 	at android.util.Log$1.onTerribleFailure(Log.java:104)
05-25 16:24:04.135 E/AndroidRuntime(10642): 	at android.util.Log.wtf(Log.java:298)
05-25 16:24:04.135 E/AndroidRuntime(10642): 	at android.util.Log.wtf(Log.java:260)
