05-25 16:23:27.795 D/SizeAdaptiveLayout( 1432): com.android.internal.widget.SizeAdaptiveLayout{8ff80ef V.E..... ......ID 0,0-1260,232 #7f0800c1 app:id/adaptive}child view android.widget.FrameLayout{15ece7fc V.E..... ......ID 0,0-1260,231 #1020330 android:id/status_bar_latest_event_content} measured out of bounds at 231px clamped to 232px
05-25 16:23:27.795 D/PhoneStatusBar( 1432): updateNotification pkg=android;id=17040645
05-25 16:23:27.815 W/ActivityManager( 1022): getRunningAppProcesses: caller 11141 does not hold REAL_GET_TASKS; limiting output
05-25 16:23:27.815 D/SizeAdaptiveLayout( 1432): com.android.internal.widget.SizeAdaptiveLayout{8ff80ef V.E..... ......ID 0,0-1260,232 #7f0800c1 app:id/adaptive}child view android.widget.FrameLayout{15ece7fc V.E..... ......ID 0,0-1260,231 #1020330 android:id/status_bar_latest_event_content} measured out of bounds at 231px clamped to 232px
05-25 16:23:27.835 W/PushService( 1521): 2016-05-25 16:23:27,845 - [WARN::PushService] - [Thread:1] Service called on timer
05-25 16:23:28.075 D/wpa_supplicant( 1538): wlan0: Control interface command 'SIGNAL_POLL'
05-25 16:23:28.095 F/Looper  (10642): Thread identity changed from 0x293600000cec to 0x293600002992 while dispatching to android.os.Handler com.qihoo.appstore.persistent.a@245a7c24 what=0
05-25 16:23:28.105 E/JavaBinder(10642): !!! FAILED BINDER TRANSACTION !!!
05-25 16:23:28.105 E/ServiceManager(10642): error in getService
05-25 16:23:28.105 E/ServiceManager(10642): android.os.TransactionTooLargeException
05-25 16:23:28.105 E/ServiceManager(10642): 	at android.os.BinderProxy.transactNative(Native Method)
05-25 16:23:28.105 E/ServiceManager(10642): 	at android.os.BinderProxy.transact(Binder.java:496)
05-25 16:23:28.105 E/ServiceManager(10642): 	at android.os.ServiceManagerProxy.getService(ServiceManagerNative.java:123)
05-25 16:23:28.105 E/ServiceManager(10642): 	at android.os.ServiceManager.getService(ServiceManager.java:55)
05-25 16:23:28.105 E/ServiceManager(10642): 	at android.app.ActivityManagerNative$1.create(ActivityManagerNative.java:2339)
05-25 16:23:28.105 E/ServiceManager(10642): 	at android.app.ActivityManagerNative$1.create(ActivityManagerNative.java:2337)
05-25 16:23:28.105 E/ServiceManager(10642): 	at android.util.Singleton.get(Singleton.java:34)
05-25 16:23:28.105 E/ServiceManager(10642): 	at android.app.ActivityManagerNative.getDefault(ActivityManagerNative.java:82)
05-25 16:23:28.105 E/ServiceManager(10642): 	at com.android.internal.os.RuntimeInit.wtf(RuntimeInit.java:345)
05-25 16:23:28.105 E/ServiceManager(10642): 	at android.util.Log$1.onTerribleFailure(Log.java:104)
05-25 16:23:28.105 E/ServiceManager(10642): 	at android.util.Log.wtf(Log.java:298)
05-25 16:23:28.105 E/ServiceManager(10642): 	at android.util.Log.wtf(Log.java:260)
05-25 16:23:28.105 E/ServiceManager(10642): 	at android.os.Looper.loop(Looper.java:145)
05-25 16:23:28.105 E/ServiceManager(10642): 	at android.os.HandlerThread.run(HandlerThread.java:61)
05-25 16:23:28.105 E/AndroidRuntime(10642): Error reporting WTF
05-25 16:23:28.105 E/AndroidRuntime(10642): java.lang.NullPointerException: Attempt to invoke interface method 'boolean android.app.IActivityManager.handleApplicationWtf(android.os.IBinder, java.lang.String, boolean, android.app.ApplicationErrorReport$CrashInfo)' on a null object reference
05-25 16:23:28.105 E/AndroidRuntime(10642): 	at com.android.internal.os.RuntimeInit.wtf(RuntimeInit.java:345)
05-25 16:23:28.105 E/AndroidRuntime(10642): 	at android.util.Log$1.onTerribleFailure(Log.java:104)
05-25 16:23:28.105 E/AndroidRuntime(10642): 	at android.util.Log.wtf(Log.java:298)
05-25 16:23:28.105 E/AndroidRuntime(10642): 	at android.util.Log.wtf(Log.java:260)
05-25 16:23:28.105 E/AndroidRuntime(10642): 	at android.os.Looper.loop(Looper.java:145)
05-25 16:23:28.105 E/AndroidRuntime(10642): 	at android.os.HandlerThread.run(HandlerThread.java:61)
05-25 16:23:28.105 E/AndroidRuntime(10642): Original WTF:
05-25 16:23:28.105 E/AndroidRuntime(10642): android.util.Log$TerribleFailure: Thread identity changed from 0x293600000cec to 0x293600002992 while dispatching to android.os.Handler com.qihoo.appstore.persistent.a@245a7c24 what=0
05-25 16:23:28.105 E/AndroidRuntime(10642): 	at android.util.Log.wtf(Log.java:295)
05-25 16:23:28.105 E/AndroidRuntime(10642): 	at android.util.Log.wtf(Log.java:260)
05-25 16:23:28.105 E/AndroidRuntime(10642): 	at android.os.Looper.loop(Looper.java:145)
05-25 16:23:28.105 E/AndroidRuntime(10642): 	at android.os.HandlerThread.run(HandlerThread.java:61)
05-25 16:23:28.235 V/NotificationService( 1022): enqueueNotificationInternal: pkg=android id=17040645 notification=Notification(pri=0 contentView=null vibrate=null sound=null defaults=0x0 flags=0x2 color=0xff607d8b vis=PRIVATE)
05-25 16:23:28.245 I/ValidateNoPeople( 1022): skipping global notification
05-25 16:23:28.245 D/NotificationService( 1022): [csl] buzzBeepBlinkLocked() zenMode = 0, zenConfig = ZenModeConfig[allowCalls=true,allowMessages=false,allowFrom=contacts,allowEvents=false,allowMusic=false,allowAlarm=true,allowVibrate=false,allowLight=true,sleepMode=null,sleepStart=22.0,sleepEnd=7.0,conditionComponents=null,conditionIds=null,exitCondition=null,exitConditionComponent=null]
05-25 16:23:28.245 V/NotificationService( 1022): pkg=android canInterrupt=true intercept=false
05-25 16:23:28.245 V/NotificationService( 1022): Interrupting!
05-25 16:23:28.255 D/MultipleRenderable( 1432): add: miui.maml.FancyDrawable@2d75be85
05-25 16:23:28.255 D/RendererCore( 1432): add: miui.maml.FancyDrawable@2d75be85 size:9
05-25 16:23:28.275 W/ActivityManager( 1022): getRunningAppProcesses: caller 10104 does not hold REAL_GET_TASKS; limiting output
05-25 16:23:28.275 W/System.err( 3061): java.lang.ArrayIndexOutOfBoundsException: length=58; index=58
05-25 16:23:28.275 W/System.err( 3061): 	at com.lbe.security.service.provider.internal.AppOpsAdapter$1.getDefaultOp(AppOpsAdapter.java:279)
05-25 16:23:28.275 W/System.err( 3061): 	at com.android.internal.app.IOpsCallback$Stub.onTransact(IOpsCallback.java:68)
05-25 16:23:28.275 W/System.err( 3061): 	at android.os.Binder.execTransact(Binder.java:446)
05-25 16:23:28.285 D/MultipleRenderable( 1432): add: miui.maml.FancyDrawable@1b0cd4da
05-25 16:23:28.285 D/RendererCore( 1432): add: miui.maml.FancyDrawable@1b0cd4da size:10
05-25 16:23:28.295 D/PhoneStatusBar( 1432): updateNotification pkg=android;id=17040645
05-25 16:23:28.315 D/SizeAdaptiveLayout( 1432): com.android.internal.widget.SizeAdaptiveLayout{8ff80ef V.E..... ......ID 0,0-1260,232 #7f0800c1 app:id/adaptive}child view android.widget.FrameLayout{15ece7fc V.E..... ......ID 0,0-1260,231 #1020330 android:id/status_bar_latest_event_content} measured out of bounds at 231px clamped to 232px
05-25 16:23:28.315 I/RenderThread( 1432): Sleep for long time:9223372036854775807 ms
05-25 16:23:28.315 I/art     ( 1432): Note: end time exceeds epoch: 
05-25 16:23:28.735 W/ContextImpl( 1432): Calling a method in the system process without a qualified user: android.app.ContextImpl.sendBroadcast:1323 android.content.ContextWrapper.sendBroadcast:376 com.android.systemui.taskmanager.TaskManagerView.sendVisibilityChangedBroadcast:650 com.android.systemui.taskmanager.TaskManagerView.show:595 com.android.systemui.taskmanager.TaskManagerView$6.onClick:385 
05-25 16:23:28.735 I/Analytics( 1432): start session(com.android.systemui)
05-25 16:23:28.735 I/Analytics( 1432): end session(com.android.systemui)
05-25 16:23:28.735 W/ContextImpl( 1432): Calling a method in the system process without a qualified user: android.app.ContextImpl.bindService:1752 android.content.ContextWrapper.bindService:538 miui.analytics.Analytics.endSession:120 com.android.systemui.taskmanager.TaskManagerView.show:638 com.android.systemui.taskmanager.TaskManagerView$6.onClick:385 
05-25 16:23:28.815 W/ActivityManager( 1022): getRunningAppProcesses: caller 11141 does not hold REAL_GET_TASKS; limiting output
05-25 16:23:29.205 W/InputMethodManagerService( 1022): Window already focused, ignoring focus gain of: com.android.internal.view.IInputMethodClient$Stub$Proxy@1cfcf57 attribute=null, token = android.os.BinderProxy@24feb03a
05-25 16:23:29.265 I/XiaomiFirewall( 1562): firewall pkgName:com.yaya.mmbang, result:0
05-25 16:23:29.275 I/System.out(  848): onPageStarted, url=http://wappass.baidu.com/passport/getpass?clientfrom=&adapter=0&ssid=&from=844b&authsite=&bd_page_type=1&uid=1464164574939_594&pu=sz%401320_1001%2Cta%40iphone_2_5.0_3_537&tpl=wimn&u=https://m.baidu.com%3Fuid%3D1464164574939_594&type=&bdcm=e4937fd0e950352afb5c10385343fbf2b2118b7c&tn=&regist_mode=&login_share_strategy=&subpro=&skin=default_v2&client=&connect=0&smsLoginLink=1&loginLink=&bindToSmsLogin=&overseas=&is_voice_sms=&subpro=&hideSLogin=
05-25 16:23:29.285 W/ActivityManager( 1022): getRunningAppProcesses: caller 10104 does not hold REAL_GET_TASKS; limiting output
05-25 16:23:29.285 W/System.err( 3061): java.lang.ArrayIndexOutOfBoundsException: length=58; index=58
05-25 16:23:29.285 W/System.err( 3061): 	at com.lbe.security.service.provider.internal.AppOpsAdapter$1.getDefaultOp(AppOpsAdapter.java:279)
05-25 16:23:29.285 W/System.err( 3061): 	at com.android.internal.app.IOpsCallback$Stub.onTransact(IOpsCallback.java:68)
05-25 16:23:29.285 W/System.err( 3061): 	at android.os.Binder.execTransact(Binder.java:446)
05-25 16:23:29.305 I/art     (  848): Explicit concurrent mark sweep GC freed 2209(136KB) AllocSpace objects, 5(139KB) LOS objects, 40% free, 16MB/27MB, paused 849us total 39.271ms
05-25 16:23:29.355 I/art     (  848): Explicit concurrent mark sweep GC freed 235(20KB) AllocSpace objects, 0(0B) LOS objects, 39% free, 16MB/27MB, paused 782us total 21.249ms
05-25 16:23:29.395 I/art     (  848): Explicit concurrent mark sweep GC freed 8(368B) AllocSpace objects, 0(0B) LOS objects, 40% free, 16MB/27MB, paused 635us total 17.810ms
05-25 16:23:29.405 V/LocationPolicy( 1022): onProcessStateChanged
05-25 16:23:29.405 D/PhoneStatusBar( 1432): removeNotification key=android.os.Binder@1f55f064 old=StatusBarNotification(pkg=android user=UserHandle{-1} id=17040645 tag=null score=0 key=-1|android|17040645|null|1000: Notification(pri=0 contentView=android/0x1090083 vibrate=null sound=null defaults=0x0 flags=0x2 color=0xff607d8b vis=PRIVATE))
05-25 16:23:29.405 W/ContextImpl( 1432): Calling a method in the system process without a qualified user: android.app.ContextImpl.sendBroadcast:1323 android.content.ContextWrapper.sendBroadcast:376 com.android.systemui.statusbar.phone.PhoneStatusBar.updateAppMessage:1649 com.android.systemui.statusbar.phone.PhoneStatusBar.updateAppMessage:1641 com.android.systemui.statusbar.phone.PhoneStatusBar.removeNotification:2395 
05-25 16:23:29.435 I/art     (  848): Explicit concurrent mark sweep GC freed 5(208B) AllocSpace objects, 0(0B) LOS objects, 40% free, 16MB/27MB, paused 493us total 15.769ms
05-25 16:23:29.465 I/art     (  848): Explicit concurrent mark sweep GC freed 80(3KB) AllocSpace objects, 0(0B) LOS objects, 40% free, 16MB/27MB, paused 707us total 16.824ms
05-25 16:23:29.495 D/yaya_template_(  848): onPageFinished, url=http://wappass.baidu.com/passport/getpass?clientfrom=&adapter=0&ssid=&from=844b&authsite=&bd_page_type=1&uid=1464164574939_594&pu=sz%401320_1001%2Cta%40iphone_2_5.0_3_537&tpl=wimn&u=https://m.baidu.com%3Fuid%3D1464164574939_594&type=&bdcm=e4937fd0e950352afb5c10385343fbf2b2118b7c&tn=&regist_mode=&login_share_strategy=&subpro=&skin=default_v2&client=&connect=0&smsLoginLink=1&loginLink=&bindToSmsLogin=&overseas=&is_voice_sms=&subpro=&hideSLogin=
05-25 16:23:29.615 I/art     (  848): Explicit concurrent mark sweep GC freed 1171(75KB) AllocSpace objects, 4(117KB) LOS objects, 40% free, 16MB/27MB, paused 1.050ms total 31.198ms
05-25 16:23:29.655 I/art     (  848): Explicit concurrent mark sweep GC freed 48(2248B) AllocSpace objects, 0(0B) LOS objects, 39% free, 16MB/27MB, paused 681us total 16.946ms
05-25 16:23:29.685 I/art     (  848): Explicit concurrent mark sweep GC freed 3(96B) AllocSpace objects, 0(0B) LOS objects, 39% free, 16MB/27MB, paused 838us total 16.663ms
05-25 16:23:29.725 I/art     (  848): Explicit concurrent mark sweep GC freed 3(96B) AllocSpace objects, 0(0B) LOS objects, 39% free, 16MB/27MB, paused 661us total 16.692ms
05-25 16:23:29.755 I/art     (  848): Explicit concurrent mark sweep GC freed 3(96B) AllocSpace objects, 0(0B) LOS objects, 39% free, 16MB/27MB, paused 694us total 16.347ms
05-25 16:23:29.825 W/ActivityManager( 1022): getRunningAppProcesses: caller 11141 does not hold REAL_GET_TASKS; limiting output
05-25 16:23:29.905 I/art     (  848): Explicit concurrent mark sweep GC freed 1076(64KB) AllocSpace objects, 1(16KB) LOS objects, 40% free, 16MB/27MB, paused 799us total 17.312ms
05-25 16:23:29.935 I/art     (  848): Explicit concurrent mark sweep GC freed 20(712B) AllocSpace objects, 0(0B) LOS objects, 39% free, 16MB/27MB, paused 627us total 17.729ms
05-25 16:23:29.975 I/art     (  848): Explicit concurrent mark sweep GC freed 3(96B) AllocSpace objects, 0(0B) LOS objects, 39% free, 16MB/27MB, paused 910us total 17.746ms
05-25 16:23:30.015 I/art     (  848): Explicit concurrent mark sweep GC freed 3(96B) AllocSpace objects, 0(0B) LOS objects, 39% free, 16MB/27MB, paused 974us total 17.697ms
05-25 16:23:30.045 I/art     (  848): Explicit concurrent mark sweep GC freed 3(96B) AllocSpace objects, 0(0B) LOS objects, 39% free, 16MB/27MB, paused 648us total 17.717ms
05-25 16:23:30.285 W/ActivityManager( 1022): getRunningAppProcesses: caller 10104 does not hold REAL_GET_TASKS; limiting output
05-25 16:23:30.295 W/System.err( 3061): java.lang.ArrayIndexOutOfBoundsException: length=58; index=58
05-25 16:23:30.295 W/System.err( 3061): 	at com.lbe.security.service.provider.internal.AppOpsAdapter$1.getDefaultOp(AppOpsAdapter.java:279)
05-25 16:23:30.295 W/System.err( 3061): 	at com.android.internal.app.IOpsCallback$Stub.onTransact(IOpsCallback.java:68)
05-25 16:23:30.295 W/System.err( 3061): 	at android.os.Binder.execTransact(Binder.java:446)
05-25 16:23:30.825 W/ActivityManager( 1022): getRunningAppProcesses: caller 11141 does not hold REAL_GET_TASKS; limiting output
05-25 16:23:30.875 I/MSM-irqbalance(  807): Decided to move IRQ136 from CPU3 to CPU1
05-25 16:23:31.085 D/wpa_supplicant( 1538): wlan0: Control interface command 'SIGNAL_POLL'
05-25 16:23:31.095 F/Looper  (10642): Thread identity changed from 0x293600000cec to 0x293600002992 while dispatching to android.os.Handler com.qihoo.appstore.persistent.a@245a7c24 what=0
05-25 16:23:31.095 E/JavaBinder(10642): !!! FAILED BINDER TRANSACTION !!!
05-25 16:23:31.105 E/ServiceManager(10642): error in getService
05-25 16:23:31.105 E/ServiceManager(10642): android.os.TransactionTooLargeException
05-25 16:23:31.105 E/ServiceManager(10642): 	at android.os.BinderProxy.transactNative(Native Method)
05-25 16:23:31.105 E/ServiceManager(10642): 	at android.os.BinderProxy.transact(Binder.java:496)
05-25 16:23:31.105 E/ServiceManager(10642): 	at android.os.ServiceManagerProxy.getService(ServiceManagerNative.java:123)
05-25 16:23:31.105 E/ServiceManager(10642): 	at android.os.ServiceManager.getService(ServiceManager.java:55)
05-25 16:23:31.105 E/ServiceManager(10642): 	at android.app.ActivityManagerNative$1.create(ActivityManagerNative.java:2339)
05-25 16:23:31.105 E/ServiceManager(10642): 	at android.app.ActivityManagerNative$1.create(ActivityManagerNative.java:2337)
05-25 16:23:31.105 E/ServiceManager(10642): 	at android.util.Singleton.get(Singleton.java:34)
05-25 16:23:31.105 E/ServiceManager(10642): 	at android.app.ActivityManagerNative.getDefault(ActivityManagerNative.java:82)
05-25 16:23:31.105 E/ServiceManager(10642): 	at com.android.internal.os.RuntimeInit.wtf(RuntimeInit.java:345)
05-25 16:23:31.105 E/ServiceManager(10642): 	at android.util.Log$1.onTerribleFailure(Log.java:104)
05-25 16:23:31.105 E/ServiceManager(10642): 	at android.util.Log.wtf(Log.java:298)
05-25 16:23:31.105 E/ServiceManager(10642): 	at android.util.Log.wtf(Log.java:260)
05-25 16:23:31.105 E/ServiceManager(10642): 	at android.os.Looper.loop(Looper.java:145)
05-25 16:23:31.105 E/ServiceManager(10642): 	at android.os.HandlerThread.run(HandlerThread.java:61)
05-25 16:23:31.105 E/AndroidRuntime(10642): Error reporting WTF
05-25 16:23:31.105 E/AndroidRuntime(10642): java.lang.NullPointerException: Attempt to invoke interface method 'boolean android.app.IActivityManager.handleApplicationWtf(android.os.IBinder, java.lang.String, boolean, android.app.ApplicationErrorReport$CrashInfo)' on a null object reference
05-25 16:23:31.105 E/AndroidRuntime(10642): 	at com.android.internal.os.RuntimeInit.wtf(RuntimeInit.java:345)
05-25 16:23:31.105 E/AndroidRuntime(10642): 	at android.util.Log$1.onTerribleFailure(Log.java:104)
05-25 16:23:31.105 E/AndroidRuntime(10642): 	at android.util.Log.wtf(Log.java:298)
05-25 16:23:31.105 E/AndroidRuntime(10642): 	at android.util.Log.wtf(Log.java:260)
05-25 16:23:31.105 E/AndroidRuntime(10642): 	at android.os.Looper.loop(Looper.java:145)
05-25 16:23:31.105 E/AndroidRuntime(10642): 	at android.os.HandlerThread.run(HandlerThread.java:61)
05-25 16:23:31.105 E/AndroidRuntime(10642): Original WTF:
05-25 16:23:31.105 E/AndroidRuntime(10642): android.util.Log$TerribleFailure: Thread identity changed from 0x293600000cec to 0x293600002992 while dispatching to android.os.Handler com.qihoo.appstore.persistent.a@245a7c24 what=0
05-25 16:23:31.105 E/AndroidRuntime(10642): 	at android.util.Log.wtf(Log.java:295)
05-25 16:23:31.105 E/AndroidRuntime(10642): 	at android.util.Log.wtf(Log.java:260)
05-25 16:23:31.105 E/AndroidRuntime(10642): 	at android.os.Looper.loop(Looper.java:145)
05-25 16:23:31.105 E/AndroidRuntime(10642): 	at android.os.HandlerThread.run(HandlerThread.java:61)
05-25 16:23:31.225 W/System.err( 3061): java.lang.ArrayIndexOutOfBoundsException: length=58; index=58
05-25 16:23:31.235 W/System.err( 3061): 	at com.lbe.security.service.provider.internal.AppOpsAdapter$1.getDefaultOp(AppOpsAdapter.java:279)
05-25 16:23:31.235 W/System.err( 3061): 	at com.android.internal.app.IOpsCallback$Stub.onTransact(IOpsCallback.java:68)
05-25 16:23:31.235 W/System.err( 3061): 	at android.os.Binder.execTransact(Binder.java:446)
05-25 16:23:31.235 W/ActivityManager( 1022): getTasks: caller 10550 does not hold REAL_GET_TASKS; limiting output
05-25 16:23:31.245 W/ActivityManager( 1022): getRunningAppProcesses: caller 10550 does not hold REAL_GET_TASKS; limiting output
05-25 16:23:31.295 W/ActivityManager( 1022): getRunningAppProcesses: caller 10104 does not hold REAL_GET_TASKS; limiting output
05-25 16:23:31.305 W/System.err( 3061): java.lang.ArrayIndexOutOfBoundsException: length=58; index=58
05-25 16:23:31.305 W/System.err( 3061): 	at com.lbe.security.service.provider.internal.AppOpsAdapter$1.getDefaultOp(AppOpsAdapter.java:279)
05-25 16:23:31.305 W/System.err( 3061): 	at com.android.internal.app.IOpsCallback$Stub.onTransact(IOpsCallback.java:68)
05-25 16:23:31.305 W/System.err( 3061): 	at android.os.Binder.execTransact(Binder.java:446)
05-25 16:23:31.385 I/XiaomiFirewall( 1562): firewall pkgName:com.yaya.mmbang, result:0
05-25 16:23:31.395 I/System.out(  848): onPageStarted, url=http://wappass.baidu.com/wp/appealok?name=appealpwd&adapter=0&client=
05-25 16:23:31.395 E/WifiStateMachine( 1022): WifiStateMachine CMD_START_SCAN source -2 txSuccessRate=47.25 rxSuccessRate=49.42 targetRoamBSSID=any RSSI=-56
05-25 16:23:31.545 D/yaya_template_(  848): onPageFinished, url=http://wappass.baidu.com/wp/appealok?name=appealpwd&adapter=0&client=
05-25 16:23:31.835 W/ActivityManager( 1022): getRunningAppProcesses: caller 11141 does not hold REAL_GET_TASKS; limiting output
05-25 16:23:32.305 I/art     (  848): Explicit concurrent mark sweep GC freed 1512(103KB) AllocSpace objects, 5(133KB) LOS objects, 39% free, 16MB/27MB, paused 798us total 32.355ms
05-25 16:23:32.315 W/ActivityManager( 1022): getRunningAppProcesses: caller 10104 does not hold REAL_GET_TASKS; limiting output
05-25 16:23:32.315 W/System.err( 3061): java.lang.ArrayIndexOutOfBoundsException: length=58; index=58
05-25 16:23:32.315 W/System.err( 3061): 	at com.lbe.security.service.provider.internal.AppOpsAdapter$1.getDefaultOp(AppOpsAdapter.java:279)
05-25 16:23:32.315 W/System.err( 3061): 	at com.android.internal.app.IOpsCallback$Stub.onTransact(IOpsCallback.java:68)
05-25 16:23:32.315 W/System.err( 3061): 	at android.os.Binder.execTransact(Binder.java:446)
05-25 16:23:32.355 I/art     (  848): Explicit concurrent mark sweep GC freed 77(3KB) AllocSpace objects, 0(0B) LOS objects, 39% free, 16MB/27MB, paused 659us total 22.273ms
05-25 16:23:32.395 I/art     (  848): Explicit concurrent mark sweep GC freed 6(272B) AllocSpace objects, 0(0B) LOS objects, 40% free, 16MB/27MB, paused 700us total 17.495ms
05-25 16:23:32.425 I/art     (  848): Explicit concurrent mark sweep GC freed 3(96B) AllocSpace objects, 0(0B) LOS objects, 40% free, 16MB/27MB, paused 738us total 16.095ms
05-25 16:23:32.445 W/System.err( 3061): java.lang.ArrayIndexOutOfBoundsException: length=58; index=58
05-25 16:23:32.445 W/System.err( 3061): 	at com.lbe.security.service.provider.internal.AppOpsAdapter$1.getDefaultOp(AppOpsAdapter.java:279)
05-25 16:23:32.445 W/System.err( 3061): 	at com.android.internal.app.IOpsCallback$Stub.onTransact(IOpsCallback.java:68)
05-25 16:23:32.445 W/System.err( 3061): 	at android.os.Binder.execTransact(Binder.java:446)
05-25 16:23:32.455 I/art     (  848): Explicit concurrent mark sweep GC freed 3(96B) AllocSpace objects, 0(0B) LOS objects, 40% free, 16MB/27MB, paused 536us total 16.061ms
05-25 16:23:32.625 I/art     (  848): Explicit concurrent mark sweep GC freed 1062(64KB) AllocSpace objects, 1(16KB) LOS objects, 40% free, 16MB/27MB, paused 1.323ms total 36.798ms
05-25 16:23:32.675 I/art     (  848): Explicit concurrent mark sweep GC freed 20(712B) AllocSpace objects, 0(0B) LOS objects, 39% free, 16MB/27MB, paused 932us total 24.102ms
05-25 16:23:32.725 I/art     (  848): Explicit concurrent mark sweep GC freed 3(96B) AllocSpace objects, 0(0B) LOS objects, 39% free, 16MB/27MB, paused 847us total 21.687ms
05-25 16:23:32.755 I/art     (  848): Explicit concurrent mark sweep GC freed 3(96B) AllocSpace objects, 0(0B) LOS objects, 39% free, 16MB/27MB, paused 849us total 17.111ms
05-25 16:23:32.795 I/art     (  848): Explicit concurrent mark sweep GC freed 3(96B) AllocSpace objects, 0(0B) LOS objects, 39% free, 16MB/27MB, paused 1.168ms total 17.276ms
05-25 16:23:32.845 W/ActivityManager( 1022): getRunningAppProcesses: caller 11141 does not hold REAL_GET_TASKS; limiting output
05-25 16:23:32.865 D/ScreenElementRoot( 1432): resume
05-25 16:23:32.865 D/ScreenElementRoot( 1432): resume
05-25 16:23:32.865 I/ResourceManager( 1432): load image s_3.png
05-25 16:23:32.875 I/ResourceManager( 1432): try to load resource from extra resource:  of s_3.png
05-25 16:23:32.885 W/RingtonePlayer( 1432): STOP command without a player
05-25 16:23:32.885 I/ResourceManager( 1432): load image from extra resource:  of s_3.png
05-25 16:23:32.885 I/RenderThread( 1432): Sleep for long time:9223372036854775807 ms
05-25 16:23:32.885 I/art     ( 1432): Note: end time exceeds epoch: 
05-25 16:23:32.905 W/ProgressBarDelegate( 1432): Unknown Drawable subclass, src=android.graphics.drawable.ScaleDrawable@15f7bcf3
05-25 16:23:32.915 D/PowerKeeperEventLogManager( 2224): updatestatusbar value 0x80000
05-25 16:23:32.915 D/PhoneStatusBar( 1432): disable: 0x00000000 -> 0x00080000 (diff: 0x00080000)
05-25 16:23:32.915 D/PhoneStatusBar( 1432): disable: < expand icons alerts TICKER* system_info back home recent clock full hide keyguard >
05-25 16:23:32.935 D/ScreenElementRoot( 1432): pause
05-25 16:23:32.935 D/ScreenElementRoot( 1432): pause
05-25 16:23:32.955 W/InputMethodManagerService( 1022): Window already focused, ignoring focus gain of: com.android.internal.view.IInputMethodClient$Stub$Proxy@8b0a462 attribute=null, token = android.os.BinderProxy@24feb03a
05-25 16:23:32.955 W/ProgressBarDelegate( 1432): Unknown Drawable subclass, src=android.graphics.drawable.ScaleDrawable@15f7bcf3
05-25 16:23:32.955 D/PhoneStatusBar( 1432): disable: 0x00080000 -> 0x00000000 (diff: 0x00080000)
05-25 16:23:32.955 D/PowerKeeperEventLogManager( 2224): updatestatusbar value 0x0
05-25 16:23:32.955 D/PhoneStatusBar( 1432): disable: < expand icons alerts ticker* system_info back home recent clock full hide keyguard >
05-25 16:23:32.995 I/art     (  848): Explicit concurrent mark sweep GC freed 1069(64KB) AllocSpace objects, 1(16KB) LOS objects, 40% free, 16MB/27MB, paused 1.190ms total 25.592ms
05-25 16:23:33.035 I/art     (  848): Explicit concurrent mark sweep GC freed 20(712B) AllocSpace objects, 0(0B) LOS objects, 39% free, 16MB/27MB, paused 872us total 19.284ms
05-25 16:23:33.075 I/art     (  848): Explicit concurrent mark sweep GC freed 3(96B) AllocSpace objects, 0(0B) LOS objects, 39% free, 16MB/27MB, paused 862us total 16.743ms
05-25 16:23:33.115 I/art     (  848): Explicit concurrent mark sweep GC freed 3(96B) AllocSpace objects, 0(0B) LOS objects, 39% free, 16MB/27MB, paused 1.477ms total 17.309ms
05-25 16:23:33.145 I/art     (  848): Explicit concurrent mark sweep GC freed 3(96B) AllocSpace objects, 0(0B) LOS objects, 39% free, 16MB/27MB, paused 825us total 16.474ms
05-25 16:23:33.325 W/ActivityManager( 1022): getRunningAppProcesses: caller 10104 does not hold REAL_GET_TASKS; limiting output
05-25 16:23:33.325 W/System.err( 3061): java.lang.ArrayIndexOutOfBoundsException: length=58; index=58
05-25 16:23:33.325 W/System.err( 3061): 	at com.lbe.security.service.provider.internal.AppOpsAdapter$1.getDefaultOp(AppOpsAdapter.java:279)
05-25 16:23:33.325 W/System.err( 3061): 	at com.android.internal.app.IOpsCallback$Stub.onTransact(IOpsCallback.java:68)
05-25 16:23:33.325 W/System.err( 3061): 	at android.os.Binder.execTransact(Binder.java:446)
05-25 16:23:33.385 I/XiaomiFirewall( 1562): firewall pkgName:com.yaya.mmbang, result:0
05-25 16:23:33.405 I/System.out(  848): onPageStarted, url=http://wappass.baidu.com/wp/appealok?name=appeallogin&adapter=0&client=
05-25 16:23:33.525 D/yaya_template_(  848): onPageFinished, url=http://wappass.baidu.com/wp/appealok?name=appeallogin&adapter=0&client=
05-25 16:23:33.845 W/ActivityManager( 1022): getRunningAppProcesses: caller 11141 does not hold REAL_GET_TASKS; limiting output
05-25 16:23:34.005 I/System.out(  848): onPageStarted, url=http://wappass.baidu.com/passport/login?sms=1&statisticType=1&adapter=0
05-25 16:23:34.105 F/Looper  (10642): Thread identity changed from 0x293600000cec to 0x293600002992 while dispatching to android.os.Handler com.qihoo.appstore.persistent.a@245a7c24 what=0
05-25 16:23:34.105 E/JavaBinder(10642): !!! FAILED BINDER TRANSACTION !!!
05-25 16:23:34.105 E/ServiceManager(10642): error in getService
05-25 16:23:34.105 E/ServiceManager(10642): android.os.TransactionTooLargeException
05-25 16:23:34.105 E/ServiceManager(10642): 	at android.os.BinderProxy.transactNative(Native Method)
05-25 16:23:34.105 E/ServiceManager(10642): 	at android.os.BinderProxy.transact(Binder.java:496)
05-25 16:23:34.105 E/ServiceManager(10642): 	at android.os.ServiceManagerProxy.getService(ServiceManagerNative.java:123)
05-25 16:23:34.105 E/ServiceManager(10642): 	at android.os.ServiceManager.getService(ServiceManager.java:55)
05-25 16:23:34.105 E/ServiceManager(10642): 	at android.app.ActivityManagerNative$1.create(ActivityManagerNative.java:2339)
05-25 16:23:34.105 E/ServiceManager(10642): 	at android.app.ActivityManagerNative$1.create(ActivityManagerNative.java:2337)
05-25 16:23:34.105 E/ServiceManager(10642): 	at android.util.Singleton.get(Singleton.java:34)
05-25 16:23:34.105 E/ServiceManager(10642): 	at android.app.ActivityManagerNative.getDefault(ActivityManagerNative.java:82)
05-25 16:23:34.105 E/ServiceManager(10642): 	at com.android.internal.os.RuntimeInit.wtf(RuntimeInit.java:345)
05-25 16:23:34.105 E/ServiceManager(10642): 	at android.util.Log$1.onTerribleFailure(Log.java:104)
05-25 16:23:34.105 E/ServiceManager(10642): 	at android.util.Log.wtf(Log.java:298)
05-25 16:23:34.105 E/ServiceManager(10642): 	at android.util.Log.wtf(Log.java:260)
05-25 16:23:34.105 E/ServiceManager(10642): 	at android.os.Looper.loop(Looper.java:145)
05-25 16:23:34.105 E/ServiceManager(10642): 	at android.os.HandlerThread.run(HandlerThread.java:61)
05-25 16:23:34.105 D/wpa_supplicant( 1538): wlan0: Control interface command 'SIGNAL_POLL'
05-25 16:23:34.105 E/AndroidRuntime(10642): Error reporting WTF
05-25 16:23:34.105 E/AndroidRuntime(10642): java.lang.NullPointerException: Attempt to invoke interface method 'boolean android.app.IActivityManager.handleApplicationWtf(android.os.IBinder, java.lang.String, boolean, android.app.ApplicationErrorReport$CrashInfo)' on a null object reference
05-25 16:23:34.105 E/AndroidRuntime(10642): 	at com.android.internal.os.RuntimeInit.wtf(RuntimeInit.java:345)
05-25 16:23:34.105 E/AndroidRuntime(10642): 	at android.util.Log$1.onTerribleFailure(Log.java:104)
05-25 16:23:34.105 E/AndroidRuntime(10642): 	at android.util.Log.wtf(Log.java:298)
05-25 16:23:34.105 E/AndroidRuntime(10642): 	at android.util.Log.wtf(Log.java:260)
05-25 16:23:34.105 E/AndroidRuntime(10642): 	at android.os.Looper.loop(Looper.java:145)
05-25 16:23:34.105 E/AndroidRuntime(10642): 	at android.os.HandlerThread.run(HandlerThread.java:61)
05-25 16:23:34.105 E/AndroidRuntime(10642): Original WTF:
05-25 16:23:34.105 E/AndroidRuntime(10642): android.util.Log$TerribleFailure: Thread identity changed from 0x293600000cec to 0x293600002992 while dispatching to android.os.Handler com.qihoo.appstore.persistent.a@245a7c24 what=0
05-25 16:23:34.105 E/AndroidRuntime(10642): 	at android.util.Log.wtf(Log.java:295)
05-25 16:23:34.105 E/AndroidRuntime(10642): 	at android.util.Log.wtf(Log.java:260)
05-25 16:23:34.105 E/AndroidRuntime(10642): 	at android.os.Looper.loop(Looper.java:145)
05-25 16:23:34.105 E/AndroidRuntime(10642): 	at android.os.HandlerThread.run(HandlerThread.java:61)
05-25 16:23:34.335 W/ActivityManager( 1022): getRunningAppProcesses: caller 10104 does not hold REAL_GET_TASKS; limiting output
05-25 16:23:34.335 W/System.err( 3061): java.lang.ArrayIndexOutOfBoundsException: length=58; index=58
05-25 16:23:34.335 W/System.err( 3061): 	at com.lbe.security.service.provider.internal.AppOpsAdapter$1.getDefaultOp(AppOpsAdapter.java:279)
05-25 16:23:34.335 W/System.err( 3061): 	at com.android.internal.app.IOpsCallback$Stub.onTransact(IOpsCallback.java:68)
05-25 16:23:34.335 W/System.err( 3061): 	at android.os.Binder.execTransact(Binder.java:446)
05-25 16:23:34.365 D/yaya_template_(  848): onPageFinished, url=http://wappass.baidu.com/passport/login?sms=1&statisticType=1&adapter=0
05-25 16:23:34.855 W/ActivityManager( 1022): getRunningAppProcesses: caller 11141 does not hold REAL_GET_TASKS; limiting output
05-25 16:23:34.925 D/SystemAdController( 2027): Activity:ActivityInfo{3cb5e575 com.miui.home.launcher.Launcher}is not the default one
05-25 16:23:34.925 D/AdClientRecord( 2027): Splash target was not initialized.
05-25 16:23:34.925 D/SystemAdController( 2027): Package:com.miui.home is not in the list
05-25 16:23:34.925 D/SystemAdController( 2027): requestSplashScreen duration:0
05-25 16:23:34.925 I/ActivityManager( 1022): START u0 {act=android.intent.action.MAIN cat=[android.intent.category.HOME] flg=0x10200000 cmp=com.miui.home/.launcher.Launcher} from uid 1000 on display 0
05-25 16:23:35.335 I/art     (  848): Explicit concurrent mark sweep GC freed 2031(145KB) AllocSpace objects, 8(221KB) LOS objects, 40% free, 16MB/27MB, paused 962us total 34.996ms
05-25 16:23:35.345 W/ActivityManager( 1022): getRunningAppProcesses: caller 10104 does not hold REAL_GET_TASKS; limiting output
05-25 16:23:35.345 W/System.err( 3061): java.lang.ArrayIndexOutOfBoundsException: length=58; index=58
05-25 16:23:35.345 W/System.err( 3061): 	at com.lbe.security.service.provider.internal.AppOpsAdapter$1.getDefaultOp(AppOpsAdapter.java:279)
05-25 16:23:35.345 W/System.err( 3061): 	at com.android.internal.app.IOpsCallback$Stub.onTransact(IOpsCallback.java:68)
05-25 16:23:35.355 W/System.err( 3061): 	at android.os.Binder.execTransact(Binder.java:446)
05-25 16:23:35.385 I/art     (  848): Explicit concurrent mark sweep GC freed 182(8KB) AllocSpace objects, 0(0B) LOS objects, 39% free, 16MB/27MB, paused 1.010ms total 20.701ms
05-25 16:23:35.415 I/art     (  848): Explicit concurrent mark sweep GC freed 3(96B) AllocSpace objects, 0(0B) LOS objects, 39% free, 16MB/27MB, paused 843us total 16.874ms
05-25 16:23:35.455 I/art     (  848): Explicit concurrent mark sweep GC freed 5(256B) AllocSpace objects, 0(0B) LOS objects, 39% free, 16MB/27MB, paused 774us total 16.295ms
05-25 16:23:35.485 I/art     (  848): Explicit concurrent mark sweep GC freed 9(384B) AllocSpace objects, 0(0B) LOS objects, 40% free, 16MB/27MB, paused 666us total 17.375ms
05-25 16:23:35.705 I/art     (  848): Explicit concurrent mark sweep GC freed 1078(64KB) AllocSpace objects, 1(16KB) LOS objects, 40% free, 16MB/27MB, paused 1.154ms total 35.741ms
05-25 16:23:35.755 I/art     (  848): Explicit concurrent mark sweep GC freed 35(1256B) AllocSpace objects, 0(0B) LOS objects, 39% free, 16MB/27MB, paused 861us total 21.619ms
05-25 16:23:35.805 I/art     (  848): Explicit concurrent mark sweep GC freed 3(96B) AllocSpace objects, 0(0B) LOS objects, 39% free, 16MB/27MB, paused 1.232ms total 20.110ms
05-25 16:23:35.835 I/art     (  848): Explicit concurrent mark sweep GC freed 3(96B) AllocSpace objects, 0(0B) LOS objects, 39% free, 16MB/27MB, paused 767us total 17.679ms
05-25 16:23:35.855 W/ActivityManager( 1022): getRunningAppProcesses: caller 11141 does not hold REAL_GET_TASKS; limiting output
05-25 16:23:35.875 I/art     (  848): Explicit concurrent mark sweep GC freed 12(400B) AllocSpace objects, 0(0B) LOS objects, 39% free, 16MB/27MB, paused 781us total 16.831ms
05-25 16:23:35.875 I/MSM-irqbalance(  807): Decided to move IRQ65 from CPU2 to CPU1
05-25 16:23:36.065 I/art     (  848): Explicit concurrent mark sweep GC freed 1072(64KB) AllocSpace objects, 1(16KB) LOS objects, 39% free, 16MB/27MB, paused 972us total 24.231ms
05-25 16:23:36.115 I/art     (  848): Explicit concurrent mark sweep GC freed 24(872B) AllocSpace objects, 0(0B) LOS objects, 39% free, 16MB/27MB, paused 833us total 21.846ms
05-25 16:23:36.145 I/art     (  848): Explicit concurrent mark sweep GC freed 3(96B) AllocSpace objects, 0(0B) LOS objects, 39% free, 16MB/27MB, paused 545us total 16.676ms
05-25 16:23:36.185 I/art     (  848): Explicit concurrent mark sweep GC freed 3(96B) AllocSpace objects, 0(0B) LOS objects, 39% free, 16MB/27MB, paused 800us total 17.066ms
05-25 16:23:36.215 I/art     (  848): Explicit concurrent mark sweep GC freed 3(96B) AllocSpace objects, 0(0B) LOS objects, 39% free, 16MB/27MB, paused 865us total 16.934ms
05-25 16:23:36.295 W/System.err( 3061): java.lang.ArrayIndexOutOfBoundsException: length=58; index=58
05-25 16:23:36.305 W/System.err( 3061): 	at com.lbe.security.service.provider.internal.AppOpsAdapter$1.getDefaultOp(AppOpsAdapter.java:279)
05-25 16:23:36.305 W/System.err( 3061): 	at com.android.internal.app.IOpsCallback$Stub.onTransact(IOpsCallback.java:68)
05-25 16:23:36.305 W/System.err( 3061): 	at android.os.Binder.execTransact(Binder.java:446)
05-25 16:23:36.305 W/ActivityManager( 1022): getTasks: caller 10550 does not hold REAL_GET_TASKS; limiting output
05-25 16:23:36.315 W/ActivityManager( 1022): getRunningAppProcesses: caller 10550 does not hold REAL_GET_TASKS; limiting output
05-25 16:23:36.355 W/ActivityManager( 1022): getRunningAppProcesses: caller 10104 does not hold REAL_GET_TASKS; limiting output
05-25 16:23:36.355 W/System.err( 3061): java.lang.ArrayIndexOutOfBoundsException: length=58; index=58
05-25 16:23:36.355 W/System.err( 3061): 	at com.lbe.security.service.provider.internal.AppOpsAdapter$1.getDefaultOp(AppOpsAdapter.java:279)
05-25 16:23:36.355 W/System.err( 3061): 	at com.android.internal.app.IOpsCallback$Stub.onTransact(IOpsCallback.java:68)
05-25 16:23:36.355 W/System.err( 3061): 	at android.os.Binder.execTransact(Binder.java:446)
05-25 16:23:36.865 W/ActivityManager( 1022): getRunningAppProcesses: caller 11141 does not hold REAL_GET_TASKS; limiting output
05-25 16:23:37.025 I/XiaomiFirewall( 1562): firewall pkgName:com.yaya.mmbang, result:0
05-25 16:23:37.105 F/Looper  (10642): Thread identity changed from 0x293600000cec to 0x293600002992 while dispatching to android.os.Handler com.qihoo.appstore.persistent.a@245a7c24 what=0
05-25 16:23:37.105 E/JavaBinder(10642): !!! FAILED BINDER TRANSACTION !!!
05-25 16:23:37.105 E/ServiceManager(10642): error in getService
05-25 16:23:37.105 E/ServiceManager(10642): android.os.TransactionTooLargeException
05-25 16:23:37.105 E/ServiceManager(10642): 	at android.os.BinderProxy.transactNative(Native Method)
05-25 16:23:37.105 E/ServiceManager(10642): 	at android.os.BinderProxy.transact(Binder.java:496)
05-25 16:23:37.105 E/ServiceManager(10642): 	at android.os.ServiceManagerProxy.getService(ServiceManagerNative.java:123)
05-25 16:23:37.105 E/ServiceManager(10642): 	at android.os.ServiceManager.getService(ServiceManager.java:55)
05-25 16:23:37.105 E/ServiceManager(10642): 	at android.app.ActivityManagerNative$1.create(ActivityManagerNative.java:2339)
05-25 16:23:37.105 E/ServiceManager(10642): 	at android.app.ActivityManagerNative$1.create(ActivityManagerNative.java:2337)
05-25 16:23:37.105 E/ServiceManager(10642): 	at android.util.Singleton.get(Singleton.java:34)
05-25 16:23:37.105 E/ServiceManager(10642): 	at android.app.ActivityManagerNative.getDefault(ActivityManagerNative.java:82)
05-25 16:23:37.105 E/ServiceManager(10642): 	at com.android.internal.os.RuntimeInit.wtf(RuntimeInit.java:345)
05-25 16:23:37.105 E/ServiceManager(10642): 	at android.util.Log$1.onTerribleFailure(Log.java:104)
05-25 16:23:37.105 E/ServiceManager(10642): 	at android.util.Log.wtf(Log.java:298)
05-25 16:23:37.105 E/ServiceManager(10642): 	at android.util.Log.wtf(Log.java:260)
05-25 16:23:37.105 E/ServiceManager(10642): 	at android.os.Looper.loop(Looper.java:145)
05-25 16:23:37.105 E/ServiceManager(10642): 	at android.os.HandlerThread.run(HandlerThread.java:61)
05-25 16:23:37.105 E/AndroidRuntime(10642): Error reporting WTF
05-25 16:23:37.105 E/AndroidRuntime(10642): java.lang.NullPointerException: Attempt to invoke interface method 'boolean android.app.IActivityManager.handleApplicationWtf(android.os.IBinder, java.lang.String, boolean, android.app.ApplicationErrorReport$CrashInfo)' on a null object reference
05-25 16:23:37.105 E/AndroidRuntime(10642): 	at com.android.internal.os.RuntimeInit.wtf(RuntimeInit.java:345)
05-25 16:23:37.105 E/AndroidRuntime(10642): 	at android.util.Log$1.onTerribleFailure(Log.java:104)
05-25 16:23:37.105 E/AndroidRuntime(10642): 	at android.util.Log.wtf(Log.java:298)
05-25 16:23:37.105 E/AndroidRuntime(10642): 	at android.util.Log.wtf(Log.java:260)
05-25 16:23:37.105 E/AndroidRuntime(10642): 	at android.os.Looper.loop(Looper.java:145)
05-25 16:23:37.105 E/AndroidRuntime(10642): 	at android.os.HandlerThread.run(HandlerThread.java:61)
05-25 16:23:37.105 E/AndroidRuntime(10642): Original WTF:
05-25 16:23:37.105 E/AndroidRuntime(10642): android.util.Log$TerribleFailure: Thread identity changed from 0x293600000cec to 0x293600002992 while dispatching to android.os.Handler com.qihoo.appstore.persistent.a@245a7c24 what=0
05-25 16:23:37.105 E/AndroidRuntime(10642): 	at android.util.Log.wtf(Log.java:295)
05-25 16:23:37.105 E/AndroidRuntime(10642): 	at android.util.Log.wtf(Log.java:260)
05-25 16:23:37.105 E/AndroidRuntime(10642): 	at android.os.Looper.loop(Looper.java:145)
05-25 16:23:37.105 E/AndroidRuntime(10642): 	at android.os.HandlerThread.run(HandlerThread.java:61)
05-25 16:23:37.115 D/wpa_supplicant( 1538): wlan0: Control interface command 'SIGNAL_POLL'
05-25 16:23:37.125 D/StatusBar.NetworkController( 1432): slot=-10;action=android.net.wifi.RSSI_CHANGED
05-25 16:23:37.125 D/StatusBar.NetworkController( 1432): updateNetworkName mNetworkName[0]=只能拨打紧急呼救电话 mTempNetworkName[0] = 只能拨打紧急呼救电话
05-25 16:23:37.135 D/StatusBar.NetworkController( 1432): updateNetworkName mNetworkName[1]=无服务 mTempNetworkName[1] = 无服务
05-25 16:23:37.365 W/ActivityManager( 1022): getRunningAppProcesses: caller 10104 does not hold REAL_GET_TASKS; limiting output
05-25 16:23:37.375 W/System.err( 3061): java.lang.ArrayIndexOutOfBoundsException: length=58; index=58
05-25 16:23:37.375 W/System.err( 3061): 	at com.lbe.security.service.provider.internal.AppOpsAdapter$1.getDefaultOp(AppOpsAdapter.java:279)
05-25 16:23:37.375 W/System.err( 3061): 	at com.android.internal.app.IOpsCallback$Stub.onTransact(IOpsCallback.java:68)
05-25 16:23:37.375 W/System.err( 3061): 	at android.os.Binder.execTransact(Binder.java:446)
05-25 16:23:37.865 W/ActivityManager( 1022): getRunningAppProcesses: caller 11141 does not hold REAL_GET_TASKS; limiting output
05-25 16:23:38.045 W/UnimplementedWebViewApi(  848): Unimplemented WebView method onKeyDown called from: android.webkit.WebView.onKeyDown(WebView.java:2307)
05-25 16:23:38.355 I/art     (  848): Explicit concurrent mark sweep GC freed 1639(103KB) AllocSpace objects, 2(32KB) LOS objects, 40% free, 16MB/27MB, paused 1.018ms total 28.593ms
05-25 16:23:38.385 W/ActivityManager( 1022): getRunningAppProcesses: caller 10104 does not hold REAL_GET_TASKS; limiting output
05-25 16:23:38.385 W/System.err( 3061): java.lang.ArrayIndexOutOfBoundsException: length=58; index=58
05-25 16:23:38.385 W/System.err( 3061): 	at com.lbe.security.service.provider.internal.AppOpsAdapter$1.getDefaultOp(AppOpsAdapter.java:279)
05-25 16:23:38.385 W/System.err( 3061): 	at com.android.internal.app.IOpsCallback$Stub.onTransact(IOpsCallback.java:68)
05-25 16:23:38.385 W/System.err( 3061): 	at android.os.Binder.execTransact(Binder.java:446)
05-25 16:23:38.405 I/art     (  848): Explicit concurrent mark sweep GC freed 39(1408B) AllocSpace objects, 0(0B) LOS objects, 40% free, 16MB/27MB, paused 2.176ms total 23.248ms
05-25 16:23:38.435 I/art     (  848): Explicit concurrent mark sweep GC freed 3(96B) AllocSpace objects, 0(0B) LOS objects, 40% free, 16MB/27MB, paused 743us total 16.871ms
05-25 16:23:38.475 I/art     (  848): Explicit concurrent mark sweep GC freed 3(96B) AllocSpace objects, 0(0B) LOS objects, 40% free, 16MB/27MB, paused 715us total 16.838ms
05-25 16:23:38.505 I/art     (  848): Explicit concurrent mark sweep GC freed 3(96B) AllocSpace objects, 0(0B) LOS objects, 40% free, 16MB/27MB, paused 931us total 17.190ms
05-25 16:23:38.695 I/art     (  848): Explicit concurrent mark sweep GC freed 1063(64KB) AllocSpace objects, 1(16KB) LOS objects, 40% free, 16MB/27MB, paused 1.039ms total 32.638ms
05-25 16:23:38.755 I/art     (  848): Explicit concurrent mark sweep GC freed 20(712B) AllocSpace objects, 0(0B) LOS objects, 40% free, 16MB/27MB, paused 756us total 24.477ms
05-25 16:23:38.805 I/art     (  848): Explicit concurrent mark sweep GC freed 3(96B) AllocSpace objects, 0(0B) LOS objects, 40% free, 16MB/27MB, paused 946us total 21.401ms
05-25 16:23:38.835 I/art     (  848): Explicit concurrent mark sweep GC freed 3(96B) AllocSpace objects, 0(0B) LOS objects, 40% free, 16MB/27MB, paused 749us total 16.947ms
05-25 16:23:38.875 I/art     (  848): Explicit concurrent mark sweep GC freed 3(96B) AllocSpace objects, 0(0B) LOS objects, 40% free, 16MB/27MB, paused 644us total 16.815ms
05-25 16:23:38.875 W/ActivityManager( 1022): getRunningAppProcesses: caller 11141 does not hold REAL_GET_TASKS; limiting output
05-25 16:23:39.025 D/SecShell( 8231): start get packageName
05-25 16:23:39.025 D/SecShell( 8231): end get packageName
05-25 16:23:39.085 I/art     (  848): Explicit concurrent mark sweep GC freed 1069(64KB) AllocSpace objects, 1(16KB) LOS objects, 40% free, 16MB/27MB, paused 1.111ms total 28.101ms
05-25 16:23:39.125 I/art     (  848): Explicit concurrent mark sweep GC freed 28(1160B) AllocSpace objects, 0(0B) LOS objects, 39% free, 16MB/27MB, paused 707us total 21.647ms
05-25 16:23:39.165 I/art     (  848): Explicit concurrent mark sweep GC freed 7(256B) AllocSpace objects, 0(0B) LOS objects, 39% free, 16MB/27MB, paused 1.212ms total 17.364ms
05-25 16:23:39.195 I/art     (  848): Explicit concurrent mark sweep GC freed 3(96B) AllocSpace objects, 0(0B) LOS objects, 39% free, 16MB/27MB, paused 952us total 16.894ms
05-25 16:23:39.235 I/art     (  848): Explicit concurrent mark sweep GC freed 3(96B) AllocSpace objects, 0(0B) LOS objects, 39% free, 16MB/27MB, paused 840us total 17.139ms
05-25 16:23:39.395 W/ActivityManager( 1022): getRunningAppProcesses: caller 10104 does not hold REAL_GET_TASKS; limiting output
05-25 16:23:39.395 W/System.err( 3061): java.lang.ArrayIndexOutOfBoundsException: length=58; index=58
05-25 16:23:39.395 W/System.err( 3061): 	at com.lbe.security.service.provider.internal.AppOpsAdapter$1.getDefaultOp(AppOpsAdapter.java:279)
05-25 16:23:39.395 W/System.err( 3061): 	at com.android.internal.app.IOpsCallback$Stub.onTransact(IOpsCallback.java:68)
05-25 16:23:39.395 W/System.err( 3061): 	at android.os.Binder.execTransact(Binder.java:446)
05-25 16:23:39.885 W/ActivityManager( 1022): getRunningAppProcesses: caller 11141 does not hold REAL_GET_TASKS; limiting output
05-25 16:23:40.105 F/Looper  (10642): Thread identity changed from 0x293600000cec to 0x293600002992 while dispatching to android.os.Handler com.qihoo.appstore.persistent.a@245a7c24 what=0
05-25 16:23:40.105 E/JavaBinder(10642): !!! FAILED BINDER TRANSACTION !!!
05-25 16:23:40.115 E/ServiceManager(10642): error in getService
05-25 16:23:40.115 E/ServiceManager(10642): android.os.TransactionTooLargeException
05-25 16:23:40.115 E/ServiceManager(10642): 	at android.os.BinderProxy.transactNative(Native Method)
05-25 16:23:40.115 E/ServiceManager(10642): 	at android.os.BinderProxy.transact(Binder.java:496)
05-25 16:23:40.115 E/ServiceManager(10642): 	at android.os.ServiceManagerProxy.getService(ServiceManagerNative.java:123)
05-25 16:23:40.115 E/ServiceManager(10642): 	at android.os.ServiceManager.getService(ServiceManager.java:55)
05-25 16:23:40.115 E/ServiceManager(10642): 	at android.app.ActivityManagerNative$1.create(ActivityManagerNative.java:2339)
05-25 16:23:40.115 E/ServiceManager(10642): 	at android.app.ActivityManagerNative$1.create(ActivityManagerNative.java:2337)
05-25 16:23:40.115 E/ServiceManager(10642): 	at android.util.Singleton.get(Singleton.java:34)
05-25 16:23:40.115 E/ServiceManager(10642): 	at android.app.ActivityManagerNative.getDefault(ActivityManagerNative.java:82)
05-25 16:23:40.115 E/ServiceManager(10642): 	at com.android.internal.os.RuntimeInit.wtf(RuntimeInit.java:345)
05-25 16:23:40.115 E/ServiceManager(10642): 	at android.util.Log$1.onTerribleFailure(Log.java:104)
05-25 16:23:40.115 E/ServiceManager(10642): 	at android.util.Log.wtf(Log.java:298)
05-25 16:23:40.115 E/ServiceManager(10642): 	at android.util.Log.wtf(Log.java:260)
05-25 16:23:40.115 E/ServiceManager(10642): 	at android.os.Looper.loop(Looper.java:145)
05-25 16:23:40.115 E/ServiceManager(10642): 	at android.os.HandlerThread.run(HandlerThread.java:61)
05-25 16:23:40.115 E/AndroidRuntime(10642): Error reporting WTF
05-25 16:23:40.115 E/AndroidRuntime(10642): java.lang.NullPointerException: Attempt to invoke interface method 'boolean android.app.IActivityManager.handleApplicationWtf(android.os.IBinder, java.lang.String, boolean, android.app.ApplicationErrorReport$CrashInfo)' on a null object reference
05-25 16:23:40.115 E/AndroidRuntime(10642): 	at com.android.internal.os.RuntimeInit.wtf(RuntimeInit.java:345)
05-25 16:23:40.115 E/AndroidRuntime(10642): 	at android.util.Log$1.onTerribleFailure(Log.java:104)
05-25 16:23:40.115 E/AndroidRuntime(10642): 	at android.util.Log.wtf(Log.java:298)
05-25 16:23:40.115 E/AndroidRuntime(10642): 	at android.util.Log.wtf(Log.java:260)
05-25 16:23:40.115 E/AndroidRuntime(10642): 	at android.os.Looper.loop(Looper.java:145)
05-25 16:23:40.115 E/AndroidRuntime(10642): 	at android.os.HandlerThread.run(HandlerThread.java:61)
05-25 16:23:40.115 E/AndroidRuntime(10642): Original WTF:
05-25 16:23:40.115 E/AndroidRuntime(10642): android.util.Log$TerribleFailure: Thread identity changed from 0x293600000cec to 0x293600002992 while dispatching to android.os.Handler com.qihoo.appstore.persistent.a@245a7c24 what=0
05-25 16:23:40.115 E/AndroidRuntime(10642): 	at android.util.Log.wtf(Log.java:295)
05-25 16:23:40.115 E/AndroidRuntime(10642): 	at android.util.Log.wtf(Log.java:260)
05-25 16:23:40.115 E/AndroidRuntime(10642): 	at android.os.Looper.loop(Looper.java:145)
05-25 16:23:40.115 E/AndroidRuntime(10642): 	at android.os.HandlerThread.run(HandlerThread.java:61)
05-25 16:23:40.125 D/wpa_supplicant( 1538): wlan0: Control interface command 'SIGNAL_POLL'
05-25 16:23:40.155 D/MultipleRenderable( 1432): add: miui.maml.FancyDrawable@3678627e
05-25 16:23:40.155 D/RendererCore( 1432): add: miui.maml.FancyDrawable@3678627e size:11
05-25 16:23:40.205 D/MultipleRenderable( 1432): add: miui.maml.FancyDrawable@ab883df
05-25 16:23:40.205 D/RendererCore( 1432): add: miui.maml.FancyDrawable@ab883df size:12
05-25 16:23:40.245 I/RenderThread( 1432): Sleep for long time:9223372036854775807 ms
05-25 16:23:40.245 I/art     ( 1432): Note: end time exceeds epoch: 
05-25 16:23:40.405 W/ActivityManager( 1022): getRunningAppProcesses: caller 10104 does not hold REAL_GET_TASKS; limiting output
05-25 16:23:40.405 W/System.err( 3061): java.lang.ArrayIndexOutOfBoundsException: length=58; index=58
05-25 16:23:40.405 W/System.err( 3061): 	at com.lbe.security.service.provider.internal.AppOpsAdapter$1.getDefaultOp(AppOpsAdapter.java:279)
05-25 16:23:40.405 W/System.err( 3061): 	at com.android.internal.app.IOpsCallback$Stub.onTransact(IOpsCallback.java:68)
05-25 16:23:40.405 W/System.err( 3061): 	at android.os.Binder.execTransact(Binder.java:446)
