05-25 17:37:11.279 W/System.err( 3061): java.lang.ArrayIndexOutOfBoundsException: length=58; index=58
05-25 17:37:11.279 W/System.err( 3061): 	at com.lbe.security.service.provider.internal.AppOpsAdapter$1.getDefaultOp(AppOpsAdapter.java:279)
05-25 17:37:11.279 W/System.err( 3061): 	at com.android.internal.app.IOpsCallback$Stub.onTransact(IOpsCallback.java:68)
05-25 17:37:11.279 W/System.err( 3061): 	at android.os.Binder.execTransact(Binder.java:446)
05-25 17:37:11.449 D/wpa_supplicant( 1538): wlan0: Control interface command 'SIGNAL_POLL'
05-25 17:37:11.849 F/Looper  (10642): Thread identity changed from 0x293600000cec to 0x293600002992 while dispatching to android.os.Handler com.qihoo.appstore.persistent.a@245a7c24 what=0
05-25 17:37:11.849 E/JavaBinder(10642): !!! FAILED BINDER TRANSACTION !!!
05-25 17:37:11.849 E/ServiceManager(10642): error in getService
05-25 17:37:11.849 E/ServiceManager(10642): android.os.TransactionTooLargeException
05-25 17:37:11.849 E/ServiceManager(10642): 	at android.os.BinderProxy.transactNative(Native Method)
05-25 17:37:11.849 E/ServiceManager(10642): 	at android.os.BinderProxy.transact(Binder.java:496)
05-25 17:37:11.849 E/ServiceManager(10642): 	at android.os.ServiceManagerProxy.getService(ServiceManagerNative.java:123)
05-25 17:37:11.849 E/ServiceManager(10642): 	at android.os.ServiceManager.getService(ServiceManager.java:55)
05-25 17:37:11.849 E/ServiceManager(10642): 	at android.app.ActivityManagerNative$1.create(ActivityManagerNative.java:2339)
05-25 17:37:11.849 E/ServiceManager(10642): 	at android.app.ActivityManagerNative$1.create(ActivityManagerNative.java:2337)
05-25 17:37:11.849 E/ServiceManager(10642): 	at android.util.Singleton.get(Singleton.java:34)
05-25 17:37:11.849 E/ServiceManager(10642): 	at android.app.ActivityManagerNative.getDefault(ActivityManagerNative.java:82)
05-25 17:37:11.849 E/ServiceManager(10642): 	at com.android.internal.os.RuntimeInit.wtf(RuntimeInit.java:345)
05-25 17:37:11.849 E/ServiceManager(10642): 	at android.util.Log$1.onTerribleFailure(Log.java:104)
05-25 17:37:11.849 E/ServiceManager(10642): 	at android.util.Log.wtf(Log.java:298)
05-25 17:37:11.849 E/ServiceManager(10642): 	at android.util.Log.wtf(Log.java:260)
05-25 17:37:11.849 E/ServiceManager(10642): 	at android.os.Looper.loop(Looper.java:145)
05-25 17:37:11.849 E/ServiceManager(10642): 	at android.os.HandlerThread.run(HandlerThread.java:61)
05-25 17:37:11.859 E/AndroidRuntime(10642): Error reporting WTF
05-25 17:37:11.859 E/AndroidRuntime(10642): java.lang.NullPointerException: Attempt to invoke interface method 'boolean android.app.IActivityManager.handleApplicationWtf(android.os.IBinder, java.lang.String, boolean, android.app.ApplicationErrorReport$CrashInfo)' on a null object reference
05-25 17:37:11.859 E/AndroidRuntime(10642): 	at com.android.internal.os.RuntimeInit.wtf(RuntimeInit.java:345)
05-25 17:37:11.859 E/AndroidRuntime(10642): 	at android.util.Log$1.onTerribleFailure(Log.java:104)
05-25 17:37:11.859 E/AndroidRuntime(10642): 	at android.util.Log.wtf(Log.java:298)
05-25 17:37:11.859 E/AndroidRuntime(10642): 	at android.util.Log.wtf(Log.java:260)
05-25 17:37:11.859 E/AndroidRuntime(10642): 	at android.os.Looper.loop(Looper.java:145)
05-25 17:37:11.859 E/AndroidRuntime(10642): 	at android.os.HandlerThread.run(HandlerThread.java:61)
05-25 17:37:11.859 E/AndroidRuntime(10642): Original WTF:
05-25 17:37:11.859 E/AndroidRuntime(10642): android.util.Log$TerribleFailure: Thread identity changed from 0x293600000cec to 0x293600002992 while dispatching to android.os.Handler com.qihoo.appstore.persistent.a@245a7c24 what=0
05-25 17:37:11.859 E/AndroidRuntime(10642): 	at android.util.Log.wtf(Log.java:295)
05-25 17:37:11.859 E/AndroidRuntime(10642): 	at android.util.Log.wtf(Log.java:260)
05-25 17:37:11.859 E/AndroidRuntime(10642): 	at android.os.Looper.loop(Looper.java:145)
05-25 17:37:11.859 E/AndroidRuntime(10642): 	at android.os.HandlerThread.run(HandlerThread.java:61)
05-25 17:37:11.869 I/art     ( 8144): Explicit concurrent mark sweep GC freed 2356(147KB) AllocSpace objects, 4(112KB) LOS objects, 29% free, 38MB/54MB, paused 1.957ms total 62.961ms
05-25 17:37:11.929 I/art     ( 8144): Explicit concurrent mark sweep GC freed 89(3KB) AllocSpace objects, 0(0B) LOS objects, 29% free, 38MB/54MB, paused 849us total 29.826ms
05-25 17:37:11.979 I/art     ( 8144): Explicit concurrent mark sweep GC freed 3(96B) AllocSpace objects, 0(0B) LOS objects, 29% free, 38MB/54MB, paused 942us total 25.354ms
05-25 17:37:11.989 W/ActivityManager( 1022): getRunningAppProcesses: caller 11145 does not hold REAL_GET_TASKS; limiting output
05-25 17:37:12.019 I/art     ( 8144): Explicit concurrent mark sweep GC freed 12(400B) AllocSpace objects, 0(0B) LOS objects, 29% free, 38MB/54MB, paused 857us total 20.868ms
05-25 17:37:12.059 I/art     ( 8144): Explicit concurrent mark sweep GC freed 3(96B) AllocSpace objects, 0(0B) LOS objects, 29% free, 38MB/54MB, paused 817us total 20.850ms
05-25 17:37:12.289 W/ActivityManager( 1022): getRunningAppProcesses: caller 10104 does not hold REAL_GET_TASKS; limiting output
05-25 17:37:12.299 W/System.err( 3061): java.lang.ArrayIndexOutOfBoundsException: length=58; index=58
05-25 17:37:12.299 W/System.err( 3061): 	at com.lbe.security.service.provider.internal.AppOpsAdapter$1.getDefaultOp(AppOpsAdapter.java:279)
05-25 17:37:12.299 W/System.err( 3061): 	at com.android.internal.app.IOpsCallback$Stub.onTransact(IOpsCallback.java:68)
05-25 17:37:12.299 W/System.err( 3061): 	at android.os.Binder.execTransact(Binder.java:446)
05-25 17:37:12.339 I/art     ( 8144): Explicit concurrent mark sweep GC freed 1021(62KB) AllocSpace objects, 1(16KB) LOS objects, 29% free, 38MB/54MB, paused 1.064ms total 63.345ms
05-25 17:37:12.399 I/art     ( 8144): Explicit concurrent mark sweep GC freed 20(712B) AllocSpace objects, 0(0B) LOS objects, 29% free, 38MB/54MB, paused 961us total 24.991ms
05-25 17:37:12.439 I/art     ( 8144): Explicit concurrent mark sweep GC freed 3(96B) AllocSpace objects, 0(0B) LOS objects, 29% free, 38MB/54MB, paused 947us total 22.611ms
05-25 17:37:12.479 I/art     ( 8144): Explicit concurrent mark sweep GC freed 3(96B) AllocSpace objects, 0(0B) LOS objects, 29% free, 38MB/54MB, paused 697us total 21.035ms
05-25 17:37:12.519 I/art     ( 8144): Explicit concurrent mark sweep GC freed 3(96B) AllocSpace objects, 0(0B) LOS objects, 29% free, 38MB/54MB, paused 822us total 20.790ms
05-25 17:37:12.809 I/art     ( 8144): Explicit concurrent mark sweep GC freed 1106(65KB) AllocSpace objects, 1(16KB) LOS objects, 29% free, 38MB/54MB, paused 1.999ms total 60.026ms
05-25 17:37:12.879 I/art     ( 8144): Explicit concurrent mark sweep GC freed 65(2920B) AllocSpace objects, 0(0B) LOS objects, 29% free, 38MB/54MB, paused 1.111ms total 32.196ms
05-25 17:37:12.929 I/art     ( 8144): Explicit concurrent mark sweep GC freed 3(96B) AllocSpace objects, 0(0B) LOS objects, 29% free, 38MB/54MB, paused 965us total 26.118ms
05-25 17:37:12.959 W/System.err( 3061): java.lang.ArrayIndexOutOfBoundsException: length=58; index=58
05-25 17:37:12.959 W/System.err( 3061): 	at com.lbe.security.service.provider.internal.AppOpsAdapter$1.getDefaultOp(AppOpsAdapter.java:279)
05-25 17:37:12.959 W/System.err( 3061): 	at com.android.internal.app.IOpsCallback$Stub.onTransact(IOpsCallback.java:68)
05-25 17:37:12.959 W/System.err( 3061): 	at android.os.Binder.execTransact(Binder.java:446)
05-25 17:37:12.969 W/ActivityManager( 1022): getTasks: caller 10550 does not hold REAL_GET_TASKS; limiting output
05-25 17:37:12.979 I/art     ( 8144): Explicit concurrent mark sweep GC freed 3(96B) AllocSpace objects, 0(0B) LOS objects, 29% free, 38MB/54MB, paused 1.081ms total 20.036ms
05-25 17:37:12.979 W/ActivityManager( 1022): getRunningAppProcesses: caller 10550 does not hold REAL_GET_TASKS; limiting output
05-25 17:37:12.999 W/ActivityManager( 1022): getRunningAppProcesses: caller 11145 does not hold REAL_GET_TASKS; limiting output
05-25 17:37:13.019 I/art     ( 8144): Explicit concurrent mark sweep GC freed 37(2032B) AllocSpace objects, 0(0B) LOS objects, 29% free, 38MB/54MB, paused 987us total 20.722ms
05-25 17:37:13.079 D/DnsFallback(  430): query: localhost
05-25 17:37:13.089 I/XiaomiFirewall( 1562): firewall pkgName:com.yaya.mmbang, result:0
05-25 17:37:13.299 W/ActivityManager( 1022): getRunningAppProcesses: caller 10104 does not hold REAL_GET_TASKS; limiting output
05-25 17:37:13.319 W/System.err( 3061): java.lang.ArrayIndexOutOfBoundsException: length=58; index=58
05-25 17:37:13.319 W/System.err( 3061): 	at com.lbe.security.service.provider.internal.AppOpsAdapter$1.getDefaultOp(AppOpsAdapter.java:279)
05-25 17:37:13.319 W/System.err( 3061): 	at com.android.internal.app.IOpsCallback$Stub.onTransact(IOpsCallback.java:68)
05-25 17:37:13.319 W/System.err( 3061): 	at android.os.Binder.execTransact(Binder.java:446)
05-25 17:37:13.889 W/ActivityManager( 1022): getRunningAppProcesses: caller 10090 does not hold REAL_GET_TASKS; limiting output
05-25 17:37:14.009 W/ActivityManager( 1022): getRunningAppProcesses: caller 11145 does not hold REAL_GET_TASKS; limiting output
05-25 17:37:14.319 W/ActivityManager( 1022): getRunningAppProcesses: caller 10104 does not hold REAL_GET_TASKS; limiting output
05-25 17:37:14.329 W/System.err( 3061): java.lang.ArrayIndexOutOfBoundsException: length=58; index=58
05-25 17:37:14.329 W/System.err( 3061): 	at com.lbe.security.service.provider.internal.AppOpsAdapter$1.getDefaultOp(AppOpsAdapter.java:279)
05-25 17:37:14.329 W/System.err( 3061): 	at com.android.internal.app.IOpsCallback$Stub.onTransact(IOpsCallback.java:68)
05-25 17:37:14.329 W/System.err( 3061): 	at android.os.Binder.execTransact(Binder.java:446)
05-25 17:37:14.469 I/MSM-irqbalance(  807): Decided to move IRQ215 from CPU3 to CPU0
05-25 17:37:14.469 D/wpa_supplicant( 1538): wlan0: Control interface command 'SIGNAL_POLL'
05-25 17:37:14.639 D/MultipleRenderable( 1432): add: miui.maml.FancyDrawable@30f1e938
05-25 17:37:14.639 D/RendererCore( 1432): add: miui.maml.FancyDrawable@30f1e938 size:11
05-25 17:37:14.659 D/MultipleRenderable( 1432): add: miui.maml.FancyDrawable@255f8d11
05-25 17:37:14.659 D/RendererCore( 1432): add: miui.maml.FancyDrawable@255f8d11 size:12
05-25 17:37:14.699 I/RenderThread( 1432): Sleep for long time:9223372036854775807 ms
05-25 17:37:14.699 I/art     ( 1432): Note: end time exceeds epoch: 
05-25 17:37:14.749 I/art     ( 8144): Explicit concurrent mark sweep GC freed 1954(182KB) AllocSpace objects, 2(32KB) LOS objects, 29% free, 38MB/54MB, paused 1.343ms total 35.850ms
05-25 17:37:14.809 I/art     ( 8144): Explicit concurrent mark sweep GC freed 58(2200B) AllocSpace objects, 0(0B) LOS objects, 29% free, 38MB/54MB, paused 1.170ms total 30.039ms
05-25 17:37:14.849 F/Looper  (10642): Thread identity changed from 0x293600000cec to 0x293600002992 while dispatching to android.os.Handler com.qihoo.appstore.persistent.a@245a7c24 what=0
05-25 17:37:14.849 E/JavaBinder(10642): !!! FAILED BINDER TRANSACTION !!!
05-25 17:37:14.849 E/ServiceManager(10642): error in getService
05-25 17:37:14.849 E/ServiceManager(10642): android.os.TransactionTooLargeException
05-25 17:37:14.849 E/ServiceManager(10642): 	at android.os.BinderProxy.transactNative(Native Method)
05-25 17:37:14.849 E/ServiceManager(10642): 	at android.os.BinderProxy.transact(Binder.java:496)
05-25 17:37:14.849 E/ServiceManager(10642): 	at android.os.ServiceManagerProxy.getService(ServiceManagerNative.java:123)
05-25 17:37:14.849 E/ServiceManager(10642): 	at android.os.ServiceManager.getService(ServiceManager.java:55)
05-25 17:37:14.849 E/ServiceManager(10642): 	at android.app.ActivityManagerNative$1.create(ActivityManagerNative.java:2339)
05-25 17:37:14.849 E/ServiceManager(10642): 	at android.app.ActivityManagerNative$1.create(ActivityManagerNative.java:2337)
05-25 17:37:14.849 E/ServiceManager(10642): 	at android.util.Singleton.get(Singleton.java:34)
05-25 17:37:14.849 E/ServiceManager(10642): 	at android.app.ActivityManagerNative.getDefault(ActivityManagerNative.java:82)
05-25 17:37:14.849 E/ServiceManager(10642): 	at com.android.internal.os.RuntimeInit.wtf(RuntimeInit.java:345)
05-25 17:37:14.849 E/ServiceManager(10642): 	at android.util.Log$1.onTerribleFailure(Log.java:104)
05-25 17:37:14.849 E/ServiceManager(10642): 	at android.util.Log.wtf(Log.java:298)
05-25 17:37:14.849 E/ServiceManager(10642): 	at android.util.Log.wtf(Log.java:260)
05-25 17:37:14.849 E/ServiceManager(10642): 	at android.os.Looper.loop(Looper.java:145)
05-25 17:37:14.849 E/ServiceManager(10642): 	at android.os.HandlerThread.run(HandlerThread.java:61)
05-25 17:37:14.849 E/AndroidRuntime(10642): Error reporting WTF
05-25 17:37:14.849 E/AndroidRuntime(10642): java.lang.NullPointerException: Attempt to invoke interface method 'boolean android.app.IActivityManager.handleApplicationWtf(android.os.IBinder, java.lang.String, boolean, android.app.ApplicationErrorReport$CrashInfo)' on a null object reference
05-25 17:37:14.849 E/AndroidRuntime(10642): 	at com.android.internal.os.RuntimeInit.wtf(RuntimeInit.java:345)
05-25 17:37:14.849 E/AndroidRuntime(10642): 	at android.util.Log$1.onTerribleFailure(Log.java:104)
05-25 17:37:14.849 E/AndroidRuntime(10642): 	at android.util.Log.wtf(Log.java:298)
05-25 17:37:14.849 E/AndroidRuntime(10642): 	at android.util.Log.wtf(Log.java:260)
05-25 17:37:14.849 E/AndroidRuntime(10642): 	at android.os.Looper.loop(Looper.java:145)
05-25 17:37:14.849 E/AndroidRuntime(10642): 	at android.os.HandlerThread.run(HandlerThread.java:61)
05-25 17:37:14.849 E/AndroidRuntime(10642): Original WTF:
05-25 17:37:14.849 E/AndroidRuntime(10642): android.util.Log$TerribleFailure: Thread identity changed from 0x293600000cec to 0x293600002992 while dispatching to android.os.Handler com.qihoo.appstore.persistent.a@245a7c24 what=0
05-25 17:37:14.849 E/AndroidRuntime(10642): 	at android.util.Log.wtf(Log.java:295)
05-25 17:37:14.849 E/AndroidRuntime(10642): 	at android.util.Log.wtf(Log.java:260)
05-25 17:37:14.849 E/AndroidRuntime(10642): 	at android.os.Looper.loop(Looper.java:145)
05-25 17:37:14.849 E/AndroidRuntime(10642): 	at android.os.HandlerThread.run(HandlerThread.java:61)
05-25 17:37:14.859 I/art     ( 8144): Explicit concurrent mark sweep GC freed 3(96B) AllocSpace objects, 0(0B) LOS objects, 29% free, 38MB/54MB, paused 1.722ms total 23.186ms
05-25 17:37:14.909 I/art     ( 8144): Explicit concurrent mark sweep GC freed 3(96B) AllocSpace objects, 0(0B) LOS objects, 29% free, 38MB/54MB, paused 884us total 22.575ms
05-25 17:37:14.949 I/art     ( 8144): Explicit concurrent mark sweep GC freed 3(96B) AllocSpace objects, 0(0B) LOS objects, 29% free, 38MB/54MB, paused 895us total 23.182ms
05-25 17:37:15.009 W/ActivityManager( 1022): getRunningAppProcesses: caller 11145 does not hold REAL_GET_TASKS; limiting output
05-25 17:37:15.139 I/art     ( 8144): Explicit concurrent mark sweep GC freed 1061(66KB) AllocSpace objects, 1(16KB) LOS objects, 29% free, 38MB/54MB, paused 864us total 53.097ms
05-25 17:37:15.199 I/art     ( 8144): Explicit concurrent mark sweep GC freed 30(1032B) AllocSpace objects, 0(0B) LOS objects, 29% free, 38MB/54MB, paused 1.006ms total 28ms
05-25 17:37:15.249 I/art     ( 8144): Explicit concurrent mark sweep GC freed 3(96B) AllocSpace objects, 0(0B) LOS objects, 29% free, 38MB/54MB, paused 809us total 23.973ms
05-25 17:37:15.299 I/art     ( 8144): Explicit concurrent mark sweep GC freed 3(96B) AllocSpace objects, 0(0B) LOS objects, 29% free, 38MB/54MB, paused 927us total 21.965ms
05-25 17:37:15.339 W/ActivityManager( 1022): getRunningAppProcesses: caller 10104 does not hold REAL_GET_TASKS; limiting output
05-25 17:37:15.339 I/art     ( 8144): Explicit concurrent mark sweep GC freed 3(96B) AllocSpace objects, 0(0B) LOS objects, 29% free, 38MB/54MB, paused 979us total 21.549ms
05-25 17:37:15.339 W/System.err( 3061): java.lang.ArrayIndexOutOfBoundsException: length=58; index=58
05-25 17:37:15.339 W/System.err( 3061): 	at com.lbe.security.service.provider.internal.AppOpsAdapter$1.getDefaultOp(AppOpsAdapter.java:279)
05-25 17:37:15.339 W/System.err( 3061): 	at com.android.internal.app.IOpsCallback$Stub.onTransact(IOpsCallback.java:68)
05-25 17:37:15.339 W/System.err( 3061): 	at android.os.Binder.execTransact(Binder.java:446)
05-25 17:37:15.519 W/ContextImpl( 1432): Calling a method in the system process without a qualified user: android.app.ContextImpl.sendBroadcast:1323 android.content.ContextWrapper.sendBroadcast:376 com.android.systemui.taskmanager.TaskManagerView.sendVisibilityChangedBroadcast:650 com.android.systemui.taskmanager.TaskManagerView.access$1700:86 com.android.systemui.taskmanager.TaskManagerView$11.run:581 
05-25 17:37:15.549 I/art     ( 8144): Explicit concurrent mark sweep GC freed 1017(61KB) AllocSpace objects, 1(16KB) LOS objects, 29% free, 38MB/54MB, paused 1.026ms total 57.830ms
05-25 17:37:15.609 I/art     ( 8144): Explicit concurrent mark sweep GC freed 20(712B) AllocSpace objects, 0(0B) LOS objects, 29% free, 38MB/54MB, paused 876us total 26.262ms
05-25 17:37:15.619 I/Timeline( 8111): Timeline: Activity_launch_request time:22704206
05-25 17:37:15.619 I/ActivityManager( 1022): Waited long enough for: ServiceRecord{1e086912 u0 com.miui.player/.service.MediaPlaybackService}
05-25 17:37:15.629 D/AdClientRecord( 2027): Splash target was not initialized.
05-25 17:37:15.629 D/SystemAdController( 2027): Package:com.yaya.mmbang is not in the list
05-25 17:37:15.629 D/SystemAdController( 2027): requestSplashScreen duration:3
05-25 17:37:15.629 I/ActivityManager( 1022): START u0 {act=android.intent.action.MAIN cat=[android.intent.category.LAUNCHER] flg=0x10200000 cmp=com.yaya.mmbang/.activity.SplashActivity} from uid 2000 on display 0
05-25 17:37:15.639 E/ActivityManager( 1022): Invalid thumbnail dimensions: 0x0
05-25 17:37:15.639 W/ActivityManager( 1022): getTasks: caller 10550 does not hold REAL_GET_TASKS; limiting output
05-25 17:37:15.639 W/ActivityManager( 1022): getTasks: caller 10550 does not hold REAL_GET_TASKS; limiting output
05-25 17:37:15.649 D/PowerKeeperEventLogManager( 2224): notifyForegroundCompomentChanged ComponentInfo{com.yaya.mmbang/com.yaya.mmbang.login.NewbieProcessActivity}
05-25 17:37:15.649 I/art     ( 8144): Explicit concurrent mark sweep GC freed 3(96B) AllocSpace objects, 0(0B) LOS objects, 29% free, 38MB/54MB, paused 803us total 19.912ms
05-25 17:37:15.649 I/TDLog   ( 8144): onResume# login.NewbieProcessActivity
05-25 17:37:15.659 I/Timeline( 1022): Timeline: App_transition_ready time:22704247
05-25 17:37:15.659 I/Timeline( 1022): Timeline: App_transition_stopped time:22704247
05-25 17:37:15.669 V/LocationPolicy( 1022): onProcessStateChanged
05-25 17:37:15.669 V/LocationPolicy( 1022): onProcessStateChanged
05-25 17:37:15.679 I/Timeline( 8144): Timeline: Activity_idle id: android.os.BinderProxy@1bec8993 time:22704262
05-25 17:37:15.699 I/art     ( 8144): Explicit concurrent mark sweep GC freed 354(38KB) AllocSpace objects, 2(32KB) LOS objects, 29% free, 38MB/54MB, paused 702us total 25.706ms
05-25 17:37:15.739 I/art     ( 8144): Explicit concurrent mark sweep GC freed 80(3KB) AllocSpace objects, 0(0B) LOS objects, 29% free, 38MB/54MB, paused 542us total 19.822ms
05-25 17:37:16.019 W/ActivityManager( 1022): getRunningAppProcesses: caller 11145 does not hold REAL_GET_TASKS; limiting output
05-25 17:37:16.349 W/ActivityManager( 1022): getRunningAppProcesses: caller 10104 does not hold REAL_GET_TASKS; limiting output
05-25 17:37:16.369 W/System.err( 3061): java.lang.ArrayIndexOutOfBoundsException: length=58; index=58
05-25 17:37:16.369 W/System.err( 3061): 	at com.lbe.security.service.provider.internal.AppOpsAdapter$1.getDefaultOp(AppOpsAdapter.java:279)
05-25 17:37:16.369 W/System.err( 3061): 	at com.android.internal.app.IOpsCallback$Stub.onTransact(IOpsCallback.java:68)
05-25 17:37:16.369 W/System.err( 3061): 	at android.os.Binder.execTransact(Binder.java:446)
05-25 17:37:16.789 V/NotificationService( 1022): enqueueNotificationInternal: pkg=com.qihoo.appstore id=10012 notification=Notification(pri=1 contentView=com.qihoo.appstore/0x7f030100 vibrate=null sound=null defaults=0x0 flags=0x2 color=0x00000000 vis=PRIVATE)
05-25 17:37:16.819 V/NotificationService( 1022): enqueueNotificationInternal: pkg=com.qihoo.appstore id=10012 notification=Notification(pri=1 contentView=com.qihoo.appstore/0x7f030100 vibrate=null sound=null defaults=0x0 flags=0x42 color=0x00000000 vis=PRIVATE)
05-25 17:37:16.829 D/NotificationService( 1022): [csl] buzzBeepBlinkLocked() zenMode = 0, zenConfig = ZenModeConfig[allowCalls=true,allowMessages=false,allowFrom=contacts,allowEvents=false,allowMusic=false,allowAlarm=true,allowVibrate=false,allowLight=true,sleepMode=null,sleepStart=22.0,sleepEnd=7.0,conditionComponents=null,conditionIds=null,exitCondition=null,exitConditionComponent=null]
05-25 17:37:16.829 V/NotificationService( 1022): pkg=com.qihoo.appstore canInterrupt=true intercept=false
05-25 17:37:16.829 V/NotificationService( 1022): Interrupting!
05-25 17:37:16.879 D/dev-gaocx( 1432): VolumePanel show 
05-25 17:37:16.879 D/NotificationService( 1022): [csl] buzzBeepBlinkLocked() zenMode = 0, zenConfig = ZenModeConfig[allowCalls=true,allowMessages=false,allowFrom=contacts,allowEvents=false,allowMusic=false,allowAlarm=true,allowVibrate=false,allowLight=true,sleepMode=null,sleepStart=22.0,sleepEnd=7.0,conditionComponents=null,conditionIds=null,exitCondition=null,exitConditionComponent=null]
05-25 17:37:16.879 V/NotificationService( 1022): pkg=com.qihoo.appstore canInterrupt=true intercept=false
05-25 17:37:16.879 V/NotificationService( 1022): Interrupting!
05-25 17:37:16.919 I/CircleProgressView( 1432): progress:0
05-25 17:37:16.919 D/dev-gaocx( 1432): VolumePanel updateMajorProgress -1 0 7
05-25 17:37:16.919 I/CircleProgressView( 1432): progress:175
05-25 17:37:16.959 D/FancyDrawable( 1432): cleanUp:   [miui.maml.FancyDrawable@b67774f]
05-25 17:37:16.959 D/MultipleRenderable( 1432): remove: null
05-25 17:37:16.959 D/MultipleRenderable( 1432): remove: null
05-25 17:37:16.959 D/MultipleRenderable( 1432): remove: null
05-25 17:37:16.959 D/MultipleRenderable( 1432): remove: null
05-25 17:37:16.959 D/MultipleRenderable( 1432): remove: null
05-25 17:37:16.959 D/MultipleRenderable( 1432): remove: null
05-25 17:37:16.959 D/MultipleRenderable( 1432): remove: null
05-25 17:37:16.959 D/MultipleRenderable( 1432): remove: null
05-25 17:37:16.959 D/MultipleRenderable( 1432): remove: null
05-25 17:37:16.959 D/MultipleRenderable( 1432): remove: null
05-25 17:37:16.959 D/RendererCore( 1432): remove: miui.maml.FancyDrawable@b67774f size:2
05-25 17:37:16.969 D/PhoneStatusBar( 1432): updateNotification pkg=com.qihoo.appstore;id=10012
05-25 17:37:16.969 D/FancyDrawable( 1432): cleanUp:   [miui.maml.FancyDrawable@37820edc]
05-25 17:37:16.969 D/RendererCore( 1432): remove: miui.maml.FancyDrawable@37820edc size:2
05-25 17:37:16.969 D/FancyDrawable( 1432): cleanUp:   [miui.maml.FancyDrawable@1c778edd]
05-25 17:37:16.969 D/RendererCore( 1432): remove: miui.maml.FancyDrawable@1c778edd size:2
05-25 17:37:16.969 D/FancyDrawable( 1432): cleanUp:   [miui.maml.FancyDrawable@2b7ce2b4]
05-25 17:37:16.969 D/RendererCore( 1432): remove: miui.maml.FancyDrawable@2b7ce2b4 size:2
05-25 17:37:16.969 D/FancyDrawable( 1432): cleanUp:   [miui.maml.FancyDrawable@3788ef89]
05-25 17:37:16.969 D/RendererCore( 1432): remove: miui.maml.FancyDrawable@3788ef89 size:2
05-25 17:37:16.969 D/FancyDrawable( 1432): cleanUp:   [miui.maml.FancyDrawable@34d3329a]
05-25 17:37:16.969 D/RendererCore( 1432): remove: miui.maml.FancyDrawable@34d3329a size:2
05-25 17:37:16.969 D/FancyDrawable( 1432): cleanUp:   [miui.maml.FancyDrawable@2e684a2]
05-25 17:37:16.969 D/RendererCore( 1432): remove: miui.maml.FancyDrawable@2e684a2 size:2
05-25 17:37:16.969 D/FancyDrawable( 1432): cleanUp:   [miui.maml.FancyDrawable@323cb06d]
05-25 17:37:16.969 D/RendererCore( 1432): remove: miui.maml.FancyDrawable@323cb06d size:2
05-25 17:37:16.969 D/FancyDrawable( 1432): cleanUp:   [miui.maml.FancyDrawable@298fccf9]
05-25 17:37:16.969 D/RendererCore( 1432): remove: miui.maml.FancyDrawable@298fccf9 size:2
05-25 17:37:16.969 D/FancyDrawable( 1432): cleanUp:   [miui.maml.FancyDrawable@444543e]
05-25 17:37:16.969 D/RendererCore( 1432): remove: miui.maml.FancyDrawable@444543e size:2
05-25 17:37:16.979 D/PhoneStatusBar( 1432): updateNotification pkg=com.qihoo.appstore;id=10012
05-25 17:37:17.009 D/SizeAdaptiveLayout( 1432): com.android.internal.widget.SizeAdaptiveLayout{b1af17 V.E..... ......ID 0,0-1260,232 #7f0800c1 app:id/adaptive}child view android.widget.RelativeLayout{31cabf04 V.E..... ......ID 0,0-1260,256} measured out of bounds at 231px clamped to 232px
05-25 17:37:17.019 W/ActivityManager( 1022): getRunningAppProcesses: caller 11145 does not hold REAL_GET_TASKS; limiting output
05-25 17:37:17.369 W/ActivityManager( 1022): getRunningAppProcesses: caller 10104 does not hold REAL_GET_TASKS; limiting output
05-25 17:37:17.389 W/System.err( 3061): java.lang.ArrayIndexOutOfBoundsException: length=58; index=58
05-25 17:37:17.389 W/System.err( 3061): 	at com.lbe.security.service.provider.internal.AppOpsAdapter$1.getDefaultOp(AppOpsAdapter.java:279)
05-25 17:37:17.389 W/System.err( 3061): 	at com.android.internal.app.IOpsCallback$Stub.onTransact(IOpsCallback.java:68)
05-25 17:37:17.389 W/System.err( 3061): 	at android.os.Binder.execTransact(Binder.java:446)
05-25 17:37:17.409 W/ContextImpl( 1432): Calling a method in the system process without a qualified user: android.app.ContextImpl.sendBroadcast:1323 android.content.ContextWrapper.sendBroadcast:376 com.android.systemui.taskmanager.TaskManagerView.sendVisibilityChangedBroadcast:650 com.android.systemui.taskmanager.TaskManagerView.show:595 com.android.systemui.taskmanager.TaskManagerView$6.onClick:385 
05-25 17:37:17.419 I/Analytics( 1432): start session(com.android.systemui)
05-25 17:37:17.419 I/Analytics( 1432): end session(com.android.systemui)
05-25 17:37:17.419 W/ContextImpl( 1432): Calling a method in the system process without a qualified user: android.app.ContextImpl.bindService:1752 android.content.ContextWrapper.bindService:538 miui.analytics.Analytics.endSession:120 com.android.systemui.taskmanager.TaskManagerView.show:638 com.android.systemui.taskmanager.TaskManagerView$6.onClick:385 
05-25 17:37:17.479 D/wpa_supplicant( 1538): wlan0: Control interface command 'SIGNAL_POLL'
05-25 17:37:17.849 F/Looper  (10642): Thread identity changed from 0x293600000cec to 0x293600002992 while dispatching to android.os.Handler com.qihoo.appstore.persistent.a@245a7c24 what=0
05-25 17:37:17.849 E/JavaBinder(10642): !!! FAILED BINDER TRANSACTION !!!
05-25 17:37:17.849 E/ServiceManager(10642): error in getService
05-25 17:37:17.849 E/ServiceManager(10642): android.os.TransactionTooLargeException
05-25 17:37:17.849 E/ServiceManager(10642): 	at android.os.BinderProxy.transactNative(Native Method)
05-25 17:37:17.849 E/ServiceManager(10642): 	at android.os.BinderProxy.transact(Binder.java:496)
05-25 17:37:17.849 E/ServiceManager(10642): 	at android.os.ServiceManagerProxy.getService(ServiceManagerNative.java:123)
05-25 17:37:17.849 E/ServiceManager(10642): 	at android.os.ServiceManager.getService(ServiceManager.java:55)
05-25 17:37:17.849 E/ServiceManager(10642): 	at android.app.ActivityManagerNative$1.create(ActivityManagerNative.java:2339)
05-25 17:37:17.849 E/ServiceManager(10642): 	at android.app.ActivityManagerNative$1.create(ActivityManagerNative.java:2337)
05-25 17:37:17.849 E/ServiceManager(10642): 	at android.util.Singleton.get(Singleton.java:34)
05-25 17:37:17.849 E/ServiceManager(10642): 	at android.app.ActivityManagerNative.getDefault(ActivityManagerNative.java:82)
05-25 17:37:17.849 E/ServiceManager(10642): 	at com.android.internal.os.RuntimeInit.wtf(RuntimeInit.java:345)
05-25 17:37:17.849 E/ServiceManager(10642): 	at android.util.Log$1.onTerribleFailure(Log.java:104)
05-25 17:37:17.849 E/ServiceManager(10642): 	at android.util.Log.wtf(Log.java:298)
05-25 17:37:17.849 E/ServiceManager(10642): 	at android.util.Log.wtf(Log.java:260)
05-25 17:37:17.849 E/ServiceManager(10642): 	at android.os.Looper.loop(Looper.java:145)
05-25 17:37:17.849 E/ServiceManager(10642): 	at android.os.HandlerThread.run(HandlerThread.java:61)
05-25 17:37:17.859 E/AndroidRuntime(10642): Error reporting WTF
05-25 17:37:17.859 E/AndroidRuntime(10642): java.lang.NullPointerException: Attempt to invoke interface method 'boolean android.app.IActivityManager.handleApplicationWtf(android.os.IBinder, java.lang.String, boolean, android.app.ApplicationErrorReport$CrashInfo)' on a null object reference
05-25 17:37:17.859 E/AndroidRuntime(10642): 	at com.android.internal.os.RuntimeInit.wtf(RuntimeInit.java:345)
05-25 17:37:17.859 E/AndroidRuntime(10642): 	at android.util.Log$1.onTerribleFailure(Log.java:104)
05-25 17:37:17.859 E/AndroidRuntime(10642): 	at android.util.Log.wtf(Log.java:298)
05-25 17:37:17.859 E/AndroidRuntime(10642): 	at android.util.Log.wtf(Log.java:260)
05-25 17:37:17.859 E/AndroidRuntime(10642): 	at android.os.Looper.loop(Looper.java:145)
05-25 17:37:17.859 E/AndroidRuntime(10642): 	at android.os.HandlerThread.run(HandlerThread.java:61)
05-25 17:37:17.859 E/AndroidRuntime(10642): Original WTF:
05-25 17:37:17.859 E/AndroidRuntime(10642): android.util.Log$TerribleFailure: Thread identity changed from 0x293600000cec to 0x293600002992 while dispatching to android.os.Handler com.qihoo.appstore.persistent.a@245a7c24 what=0
05-25 17:37:17.859 E/AndroidRuntime(10642): 	at android.util.Log.wtf(Log.java:295)
05-25 17:37:17.859 E/AndroidRuntime(10642): 	at android.util.Log.wtf(Log.java:260)
05-25 17:37:17.859 E/AndroidRuntime(10642): 	at android.os.Looper.loop(Looper.java:145)
05-25 17:37:17.859 E/AndroidRuntime(10642): 	at android.os.HandlerThread.run(HandlerThread.java:61)
05-25 17:37:17.869 I/art     ( 8144): Explicit concurrent mark sweep GC freed 1293(86KB) AllocSpace objects, 2(32KB) LOS objects, 29% free, 38MB/54MB, paused 965us total 37.910ms
05-25 17:37:17.919 I/art     ( 8144): Explicit concurrent mark sweep GC freed 93(3KB) AllocSpace objects, 0(0B) LOS objects, 29% free, 38MB/54MB, paused 767us total 25.141ms
05-25 17:37:17.969 I/art     ( 8144): Explicit concurrent mark sweep GC freed 4(176B) AllocSpace objects, 0(0B) LOS objects, 29% free, 38MB/54MB, paused 789us total 23.081ms
05-25 17:37:18.009 I/art     ( 8144): Explicit concurrent mark sweep GC freed 3(96B) AllocSpace objects, 0(0B) LOS objects, 29% free, 38MB/54MB, paused 903us total 21.166ms
05-25 17:37:18.019 W/System.err( 3061): java.lang.ArrayIndexOutOfBoundsException: length=58; index=58
05-25 17:37:18.019 W/System.err( 3061): 	at com.lbe.security.service.provider.internal.AppOpsAdapter$1.getDefaultOp(AppOpsAdapter.java:279)
05-25 17:37:18.019 W/System.err( 3061): 	at com.android.internal.app.IOpsCallback$Stub.onTransact(IOpsCallback.java:68)
05-25 17:37:18.019 W/System.err( 3061): 	at android.os.Binder.execTransact(Binder.java:446)
05-25 17:37:18.029 W/ActivityManager( 1022): getRunningAppProcesses: caller 11145 does not hold REAL_GET_TASKS; limiting output
05-25 17:37:18.029 W/ActivityManager( 1022): getTasks: caller 10550 does not hold REAL_GET_TASKS; limiting output
05-25 17:37:18.039 W/ActivityManager( 1022): getRunningAppProcesses: caller 10550 does not hold REAL_GET_TASKS; limiting output
05-25 17:37:18.049 I/art     ( 8144): Explicit concurrent mark sweep GC freed 12(400B) AllocSpace objects, 0(0B) LOS objects, 29% free, 38MB/54MB, paused 826us total 20.441ms
05-25 17:37:18.179 I/art     ( 8144): Explicit concurrent mark sweep GC freed 1021(62KB) AllocSpace objects, 1(16KB) LOS objects, 29% free, 38MB/54MB, paused 706us total 20.957ms
05-25 17:37:18.229 I/art     ( 8144): Explicit concurrent mark sweep GC freed 20(712B) AllocSpace objects, 0(0B) LOS objects, 29% free, 38MB/54MB, paused 1.586ms total 21.828ms
05-25 17:37:18.229 W/System.err( 3061): java.lang.ArrayIndexOutOfBoundsException: length=58; index=58
05-25 17:37:18.229 W/System.err( 3061): 	at com.lbe.security.service.provider.internal.AppOpsAdapter$1.getDefaultOp(AppOpsAdapter.java:279)
05-25 17:37:18.229 W/System.err( 3061): 	at com.android.internal.app.IOpsCallback$Stub.onTransact(IOpsCallback.java:68)
05-25 17:37:18.229 W/System.err( 3061): 	at android.os.Binder.execTransact(Binder.java:446)
05-25 17:37:18.269 I/art     ( 8144): Explicit concurrent mark sweep GC freed 3(96B) AllocSpace objects, 0(0B) LOS objects, 29% free, 38MB/54MB, paused 803us total 20.935ms
05-25 17:37:18.309 I/art     ( 8144): Explicit concurrent mark sweep GC freed 3(96B) AllocSpace objects, 0(0B) LOS objects, 29% free, 38MB/54MB, paused 778us total 20.944ms
05-25 17:37:18.349 I/art     ( 8144): Explicit concurrent mark sweep GC freed 3(96B) AllocSpace objects, 0(0B) LOS objects, 29% free, 38MB/54MB, paused 794us total 20.803ms
05-25 17:37:18.399 W/ActivityManager( 1022): getRunningAppProcesses: caller 10104 does not hold REAL_GET_TASKS; limiting output
05-25 17:37:18.399 W/System.err( 3061): java.lang.ArrayIndexOutOfBoundsException: length=58; index=58
05-25 17:37:18.409 W/System.err( 3061): 	at com.lbe.security.service.provider.internal.AppOpsAdapter$1.getDefaultOp(AppOpsAdapter.java:279)
05-25 17:37:18.409 W/System.err( 3061): 	at com.android.internal.app.IOpsCallback$Stub.onTransact(IOpsCallback.java:68)
05-25 17:37:18.409 W/System.err( 3061): 	at android.os.Binder.execTransact(Binder.java:446)
05-25 17:37:18.579 I/art     ( 8144): Explicit concurrent mark sweep GC freed 1019(62KB) AllocSpace objects, 1(16KB) LOS objects, 29% free, 38MB/54MB, paused 942us total 49.238ms
05-25 17:37:18.639 I/art     ( 8144): Explicit concurrent mark sweep GC freed 20(712B) AllocSpace objects, 0(0B) LOS objects, 29% free, 38MB/54MB, paused 1.645ms total 29.791ms
05-25 17:37:18.649 D/WhetstoneService( 1809): deal background too Frequently, ingore
05-25 17:37:18.689 I/art     ( 8144): Explicit concurrent mark sweep GC freed 4(128B) AllocSpace objects, 0(0B) LOS objects, 29% free, 38MB/54MB, paused 1.540ms total 25.040ms
05-25 17:37:18.739 I/art     ( 8144): Explicit concurrent mark sweep GC freed 90(28KB) AllocSpace objects, 2(32KB) LOS objects, 29% free, 38MB/54MB, paused 1.245ms total 21.255ms
05-25 17:37:18.779 I/art     ( 8144): Explicit concurrent mark sweep GC freed 18(672B) AllocSpace objects, 0(0B) LOS objects, 29% free, 38MB/54MB, paused 853us total 20.944ms
05-25 17:37:19.029 W/ActivityManager( 1022): getRunningAppProcesses: caller 11145 does not hold REAL_GET_TASKS; limiting output
05-25 17:37:19.409 W/ActivityManager( 1022): getRunningAppProcesses: caller 10104 does not hold REAL_GET_TASKS; limiting output
05-25 17:37:19.419 W/System.err( 3061): java.lang.ArrayIndexOutOfBoundsException: length=58; index=58
05-25 17:37:19.419 W/System.err( 3061): 	at com.lbe.security.service.provider.internal.AppOpsAdapter$1.getDefaultOp(AppOpsAdapter.java:279)
05-25 17:37:19.419 W/System.err( 3061): 	at com.android.internal.app.IOpsCallback$Stub.onTransact(IOpsCallback.java:68)
05-25 17:37:19.429 W/System.err( 3061): 	at android.os.Binder.execTransact(Binder.java:446)
05-25 17:37:19.459 I/MSM-irqbalance(  807): Decided to move IRQ216 from CPU3 to CPU0
05-25 17:37:19.589 V/LocationPolicy( 1022): onProcessStateChanged
05-25 17:37:19.589 W/MessageQueue( 4442): Handler (cfm) {3a00396d} sending message to a Handler on a dead thread
05-25 17:37:19.589 W/MessageQueue( 4442): java.lang.IllegalStateException: Handler (cfm) {3a00396d} sending message to a Handler on a dead thread
05-25 17:37:19.589 W/MessageQueue( 4442): 	at android.os.MessageQueue.enqueueMessage(MessageQueue.java:325)
05-25 17:37:19.589 W/MessageQueue( 4442): 	at android.os.Handler.enqueueMessage(Handler.java:631)
05-25 17:37:19.589 W/MessageQueue( 4442): 	at android.os.Handler.sendMessageAtTime(Handler.java:600)
05-25 17:37:19.589 W/MessageQueue( 4442): 	at android.os.Handler.sendMessageDelayed(Handler.java:570)
05-25 17:37:19.589 W/MessageQueue( 4442): 	at android.os.Handler.sendEmptyMessageDelayed(Handler.java:534)
05-25 17:37:19.589 W/MessageQueue( 4442): 	at cfm.handleMessage(360MobileSafe:171)
05-25 17:37:19.589 W/MessageQueue( 4442): 	at android.os.Handler.dispatchMessage(Handler.java:102)
05-25 17:37:19.589 W/MessageQueue( 4442): 	at android.os.Looper.loop(Looper.java:135)
05-25 17:37:19.589 W/MessageQueue( 4442): 	at android.os.HandlerThread.run(HandlerThread.java:61)
05-25 17:37:19.589 V/LocationPolicy( 1022): onProcessStateChanged
05-25 17:37:19.599 I/ActivityManager( 1022): Killing 8898:com.miui.virtualsim/1001 (adj 15): empty #17
05-25 17:37:19.599 V/LocationPolicy( 1022): onProcessStateChanged
05-25 17:37:19.599 D/engine crash check( 6550): onDestroy begin
05-25 17:37:19.599 D/engine crash check( 6550): onDestroy end
05-25 17:37:19.599 I/ActivityManager( 1022): Killing 5344:com.miui.video/u0a55 (adj 15): empty #17
05-25 17:37:19.609 V/LocationPolicy( 1022): onProcessStateChanged
05-25 17:37:19.719 D/WifiService( 1022): Client connection lost with reason: 4
05-25 17:37:20.039 W/ActivityManager( 1022): getRunningAppProcesses: caller 11145 does not hold REAL_GET_TASKS; limiting output
05-25 17:37:20.429 W/ActivityManager( 1022): getRunningAppProcesses: caller 10104 does not hold REAL_GET_TASKS; limiting output
05-25 17:37:20.449 W/System.err( 3061): java.lang.ArrayIndexOutOfBoundsException: length=58; index=58
05-25 17:37:20.449 W/System.err( 3061): 	at com.lbe.security.service.provider.internal.AppOpsAdapter$1.getDefaultOp(AppOpsAdapter.java:279)
05-25 17:37:20.449 W/System.err( 3061): 	at com.android.internal.app.IOpsCallback$Stub.onTransact(IOpsCallback.java:68)
05-25 17:37:20.449 W/System.err( 3061): 	at android.os.Binder.execTransact(Binder.java:446)
05-25 17:37:20.489 D/wpa_supplicant( 1538): wlan0: Control interface command 'SIGNAL_POLL'
05-25 17:37:20.659 W/ActivityManager( 1022): getRunningAppProcesses: caller 10291 does not hold REAL_GET_TASKS; limiting output
05-25 17:37:20.859 F/Looper  (10642): Thread identity changed from 0x293600000cec to 0x293600002992 while dispatching to android.os.Handler com.qihoo.appstore.persistent.a@245a7c24 what=0
05-25 17:37:20.859 E/JavaBinder(10642): !!! FAILED BINDER TRANSACTION !!!
05-25 17:37:20.859 E/ServiceManager(10642): error in getService
05-25 17:37:20.859 E/ServiceManager(10642): android.os.TransactionTooLargeException
05-25 17:37:20.859 E/ServiceManager(10642): 	at android.os.BinderProxy.transactNative(Native Method)
05-25 17:37:20.859 E/ServiceManager(10642): 	at android.os.BinderProxy.transact(Binder.java:496)
05-25 17:37:20.859 E/ServiceManager(10642): 	at android.os.ServiceManagerProxy.getService(ServiceManagerNative.java:123)
05-25 17:37:20.859 E/ServiceManager(10642): 	at android.os.ServiceManager.getService(ServiceManager.java:55)
05-25 17:37:20.859 E/ServiceManager(10642): 	at android.app.ActivityManagerNative$1.create(ActivityManagerNative.java:2339)
05-25 17:37:20.859 E/ServiceManager(10642): 	at android.app.ActivityManagerNative$1.create(ActivityManagerNative.java:2337)
05-25 17:37:20.859 E/ServiceManager(10642): 	at android.util.Singleton.get(Singleton.java:34)
05-25 17:37:20.859 E/ServiceManager(10642): 	at android.app.ActivityManagerNative.getDefault(ActivityManagerNative.java:82)
05-25 17:37:20.859 E/ServiceManager(10642): 	at com.android.internal.os.RuntimeInit.wtf(RuntimeInit.java:345)
05-25 17:37:20.859 E/ServiceManager(10642): 	at android.util.Log$1.onTerribleFailure(Log.java:104)
05-25 17:37:20.859 E/ServiceManager(10642): 	at android.util.Log.wtf(Log.java:298)
05-25 17:37:20.859 E/ServiceManager(10642): 	at android.util.Log.wtf(Log.java:260)
05-25 17:37:20.859 E/ServiceManager(10642): 	at android.os.Looper.loop(Looper.java:145)
05-25 17:37:20.859 E/ServiceManager(10642): 	at android.os.HandlerThread.run(HandlerThread.java:61)
05-25 17:37:20.859 E/AndroidRuntime(10642): Error reporting WTF
05-25 17:37:20.859 E/AndroidRuntime(10642): java.lang.NullPointerException: Attempt to invoke interface method 'boolean android.app.IActivityManager.handleApplicationWtf(android.os.IBinder, java.lang.String, boolean, android.app.ApplicationErrorReport$CrashInfo)' on a null object reference
05-25 17:37:20.859 E/AndroidRuntime(10642): 	at com.android.internal.os.RuntimeInit.wtf(RuntimeInit.java:345)
05-25 17:37:20.859 E/AndroidRuntime(10642): 	at android.util.Log$1.onTerribleFailure(Log.java:104)
05-25 17:37:20.859 E/AndroidRuntime(10642): 	at android.util.Log.wtf(Log.java:298)
05-25 17:37:20.859 E/AndroidRuntime(10642): 	at android.util.Log.wtf(Log.java:260)
05-25 17:37:20.859 E/AndroidRuntime(10642): 	at android.os.Looper.loop(Looper.java:145)
05-25 17:37:20.859 E/AndroidRuntime(10642): 	at android.os.HandlerThread.run(HandlerThread.java:61)
05-25 17:37:20.859 E/AndroidRuntime(10642): Original WTF:
05-25 17:37:20.859 E/AndroidRuntime(10642): android.util.Log$TerribleFailure: Thread identity changed from 0x293600000cec to 0x293600002992 while dispatching to android.os.Handler com.qihoo.appstore.persistent.a@245a7c24 what=0
05-25 17:37:20.859 E/AndroidRuntime(10642): 	at android.util.Log.wtf(Log.java:295)
05-25 17:37:20.859 E/AndroidRuntime(10642): 	at android.util.Log.wtf(Log.java:260)
05-25 17:37:20.859 E/AndroidRuntime(10642): 	at android.os.Looper.loop(Looper.java:145)
05-25 17:37:20.859 E/AndroidRuntime(10642): 	at android.os.HandlerThread.run(HandlerThread.java:61)
05-25 17:37:20.859 I/art     ( 8144): Explicit concurrent mark sweep GC freed 1191(83KB) AllocSpace objects, 2(32KB) LOS objects, 29% free, 38MB/54MB, paused 783us total 25.765ms
05-25 17:37:20.909 I/art     ( 8144): Explicit concurrent mark sweep GC freed 43(1504B) AllocSpace objects, 0(0B) LOS objects, 29% free, 38MB/54MB, paused 818us total 24.732ms
05-25 17:37:20.949 I/art     ( 8144): Explicit concurrent mark sweep GC freed 3(96B) AllocSpace objects, 0(0B) LOS objects, 29% free, 38MB/54MB, paused 1.070ms total 20.984ms
05-25 17:37:20.989 I/art     ( 8144): Explicit concurrent mark sweep GC freed 17(608B) AllocSpace objects, 0(0B) LOS objects, 29% free, 38MB/54MB, paused 1.343ms total 20.877ms
05-25 17:37:21.029 I/art     ( 8144): Explicit concurrent mark sweep GC freed 42(2240B) AllocSpace objects, 0(0B) LOS objects, 29% free, 38MB/54MB, paused 807us total 20.378ms
05-25 17:37:21.039 W/ActivityManager( 1022): getRunningAppProcesses: caller 11145 does not hold REAL_GET_TASKS; limiting output
05-25 17:37:21.089 V/NotificationService( 1022): enqueueNotificationInternal: pkg=com.qihoo.appstore id=10012 notification=Notification(pri=1 contentView=com.qihoo.appstore/0x7f030100 vibrate=null sound=null defaults=0x0 flags=0x2 color=0x00000000 vis=PRIVATE)
05-25 17:37:21.109 V/NotificationService( 1022): enqueueNotificationInternal: pkg=com.qihoo.appstore id=10012 notification=Notification(pri=1 contentView=com.qihoo.appstore/0x7f030100 vibrate=null sound=null defaults=0x0 flags=0x42 color=0x00000000 vis=PRIVATE)
05-25 17:37:21.119 D/NotificationService( 1022): [csl] buzzBeepBlinkLocked() zenMode = 0, zenConfig = ZenModeConfig[allowCalls=true,allowMessages=false,allowFrom=contacts,allowEvents=false,allowMusic=false,allowAlarm=true,allowVibrate=false,allowLight=true,sleepMode=null,sleepStart=22.0,sleepEnd=7.0,conditionComponents=null,conditionIds=null,exitCondition=null,exitConditionComponent=null]
05-25 17:37:21.119 V/NotificationService( 1022): pkg=com.qihoo.appstore canInterrupt=true intercept=false
05-25 17:37:21.119 V/NotificationService( 1022): Interrupting!
05-25 17:37:21.149 D/NotificationService( 1022): [csl] buzzBeepBlinkLocked() zenMode = 0, zenConfig = ZenModeConfig[allowCalls=true,allowMessages=false,allowFrom=contacts,allowEvents=false,allowMusic=false,allowAlarm=true,allowVibrate=false,allowLight=true,sleepMode=null,sleepStart=22.0,sleepEnd=7.0,conditionComponents=null,conditionIds=null,exitCondition=null,exitConditionComponent=null]
05-25 17:37:21.149 V/NotificationService( 1022): pkg=com.qihoo.appstore canInterrupt=true intercept=false
05-25 17:37:21.149 V/NotificationService( 1022): Interrupting!
05-25 17:37:21.169 D/PhoneStatusBar( 1432): updateNotification pkg=com.qihoo.appstore;id=10012
05-25 17:37:21.189 D/SizeAdaptiveLayout( 1432): com.android.internal.widget.SizeAdaptiveLayout{b1af17 V.E..... ......ID 0,0-1260,232 #7f0800c1 app:id/adaptive}child view android.widget.RelativeLayout{31cabf04 V.E..... ......ID 0,0-1260,256} measured out of bounds at 231px clamped to 232px
05-25 17:37:21.199 D/PhoneStatusBar( 1432): updateNotification pkg=com.qihoo.appstore;id=10012
05-25 17:37:21.209 I/art     ( 8144): Explicit concurrent mark sweep GC freed 1040(62KB) AllocSpace objects, 1(16KB) LOS objects, 29% free, 38MB/54MB, paused 702us total 20.154ms
05-25 17:37:21.219 D/SizeAdaptiveLayout( 1432): com.android.internal.widget.SizeAdaptiveLayout{b1af17 V.E..... ......ID 0,0-1260,232 #7f0800c1 app:id/adaptive}child view android.widget.RelativeLayout{31cabf04 V.E..... ......ID 0,0-1260,256} measured out of bounds at 231px clamped to 232px
05-25 17:37:21.249 I/art     ( 8144): Explicit concurrent mark sweep GC freed 20(712B) AllocSpace objects, 0(0B) LOS objects, 29% free, 38MB/54MB, paused 742us total 19.433ms
05-25 17:37:21.289 I/art     ( 8144): Explicit concurrent mark sweep GC freed 3(96B) AllocSpace objects, 0(0B) LOS objects, 29% free, 38MB/54MB, paused 693us total 20.545ms
05-25 17:37:21.329 I/art     ( 8144): Explicit concurrent mark sweep GC freed 3(96B) AllocSpace objects, 0(0B) LOS objects, 29% free, 38MB/54MB, paused 798us total 20.692ms
05-25 17:37:21.369 I/art     ( 8144): Explicit concurrent mark sweep GC freed 3(96B) AllocSpace objects, 0(0B) LOS objects, 29% free, 38MB/54MB, paused 654us total 20.509ms
05-25 17:37:21.459 W/ActivityManager( 1022): getRunningAppProcesses: caller 10104 does not hold REAL_GET_TASKS; limiting output
05-25 17:37:21.469 W/System.err( 3061): java.lang.ArrayIndexOutOfBoundsException: length=58; index=58
05-25 17:37:21.469 W/System.err( 3061): 	at com.lbe.security.service.provider.internal.AppOpsAdapter$1.getDefaultOp(AppOpsAdapter.java:279)
05-25 17:37:21.469 W/System.err( 3061): 	at com.android.internal.app.IOpsCallback$Stub.onTransact(IOpsCallback.java:68)
05-25 17:37:21.469 W/System.err( 3061): 	at android.os.Binder.execTransact(Binder.java:446)
05-25 17:37:21.579 I/art     ( 8144): Explicit concurrent mark sweep GC freed 1021(62KB) AllocSpace objects, 1(16KB) LOS objects, 29% free, 38MB/54MB, paused 1.520ms total 62.924ms
05-25 17:37:21.599 D/MultipleRenderable( 1432): add: miui.maml.FancyDrawable@2bce2975
05-25 17:37:21.599 D/RendererCore( 1432): add: miui.maml.FancyDrawable@2bce2975 size:3
05-25 17:37:21.599 E/ws000   ( 6469): begin call prefClean
05-25 17:37:21.599 E/ws000   ( 6469): end call prefClean
05-25 17:37:21.599 W/IpcPrefManager( 6469): happy, gracefully clean
05-25 17:37:21.599 D/engine crash check( 6550): exit
05-25 17:37:21.609 E/ws000   ( 6550): begin call prefClean
05-25 17:37:21.609 E/ws000   ( 6550): end call prefClean
05-25 17:37:21.609 W/IpcPrefManager( 6550): happy, gracefully clean
05-25 17:37:21.629 D/MultipleRenderable( 1432): add: miui.maml.FancyDrawable@464e7f1
05-25 17:37:21.629 D/RendererCore( 1432): add: miui.maml.FancyDrawable@464e7f1 size:4
05-25 17:37:21.639 I/art     ( 8144): Explicit concurrent mark sweep GC freed 30(1080B) AllocSpace objects, 0(0B) LOS objects, 29% free, 38MB/54MB, paused 1.100ms total 24.066ms
05-25 17:37:21.659 I/RenderThread( 1432): Sleep for long time:9223372036854775807 ms
05-25 17:37:21.659 I/art     ( 1432): Note: end time exceeds epoch: 
05-25 17:37:21.679 I/art     ( 8144): Explicit concurrent mark sweep GC freed 3(96B) AllocSpace objects, 0(0B) LOS objects, 29% free, 38MB/54MB, paused 836us total 23.139ms
05-25 17:37:21.729 I/art     ( 8144): Explicit concurrent mark sweep GC freed 4(128B) AllocSpace objects, 0(0B) LOS objects, 29% free, 38MB/54MB, paused 884us total 24.281ms
05-25 17:37:21.769 I/art     ( 8144): Explicit concurrent mark sweep GC freed 3(96B) AllocSpace objects, 0(0B) LOS objects, 29% free, 38MB/54MB, paused 622us total 22.800ms
05-25 17:37:22.049 W/ActivityManager( 1022): getRunningAppProcesses: caller 11145 does not hold REAL_GET_TASKS; limiting output
05-25 17:37:22.099 W/ContextImpl( 1432): Calling a method in the system process without a qualified user: android.app.ContextImpl.sendBroadcast:1323 android.content.ContextWrapper.sendBroadcast:376 com.android.systemui.taskmanager.TaskManagerView.sendVisibilityChangedBroadcast:650 com.android.systemui.taskmanager.TaskManagerView.show:595 com.android.systemui.taskmanager.TaskManagerView$6.onClick:385 
05-25 17:37:22.099 I/Analytics( 1432): start session(com.android.systemui)
05-25 17:37:22.099 I/Analytics( 1432): end session(com.android.systemui)
05-25 17:37:22.099 I/art     ( 6469): System.exit called, status: 0
05-25 17:37:22.099 I/AndroidRuntime( 6469): VM exiting with result code 0, cleanup skipped.
05-25 17:37:22.099 W/ContextImpl( 1432): Calling a method in the system process without a qualified user: android.app.ContextImpl.bindService:1752 android.content.ContextWrapper.bindService:538 miui.analytics.Analytics.endSession:120 com.android.systemui.taskmanager.TaskManagerView.show:638 com.android.systemui.taskmanager.TaskManagerView$6.onClick:385 
05-25 17:37:22.109 I/art     ( 6550): System.exit called, status: 0
05-25 17:37:22.109 I/AndroidRuntime( 6550): VM exiting with result code 0, cleanup skipped.
05-25 17:37:22.189 I/ActivityManager( 1022): Process com.qihoo360.mobilesafe:scan (pid 6469) has died
05-25 17:37:22.189 D/WifiService( 1022): Client connection lost with reason: 4
05-25 17:37:22.189 I/ActivityManager( 1022): Process com.qihoo360.mobilesafe:engine (pid 6550) has died
05-25 17:37:22.469 W/ActivityManager( 1022): getRunningAppProcesses: caller 10104 does not hold REAL_GET_TASKS; limiting output
05-25 17:37:22.479 W/System.err( 3061): java.lang.ArrayIndexOutOfBoundsException: length=58; index=58
