--------- beginning of main
05-25 17:36:58.299 E/MarketDataParser(32132): [AppList] JSON : list is null: No value for miuiApp
05-25 17:36:58.379 D/AndroidRuntime( 8111): 
05-25 17:36:58.379 D/AndroidRuntime( 8111): >>>>>> AndroidRuntime START com.android.internal.os.RuntimeInit <<<<<<
05-25 17:36:58.389 D/AndroidRuntime( 8111): CheckJNI is OFF
05-25 17:36:58.499 D/AndroidRuntime( 8111): Calling main entry com.android.commands.monkey.Monkey
--------- beginning of system
05-25 17:36:58.509 W/BroadcastQueue( 1022): Skipping deliver [background] BroadcastRecord{7f63e40 u-1 android.net.conn.CONNECTIVITY_CHANGE} to ReceiverList{10503179 8111 (unknown name)/2000/u-1 remote:21279d72}: process crashing
05-25 17:36:58.539 I/Timeline( 8111): Timeline: Activity_launch_request time:22687129
05-25 17:36:58.549 W/ActivityManager( 1022): getRunningAppProcesses: caller 10550 does not hold REAL_GET_TASKS; limiting output
05-25 17:36:58.549 D/AdClientRecord( 2027): Splash target was not initialized.
05-25 17:36:58.549 D/SystemAdController( 2027): Package:com.yaya.mmbang is not in the list
05-25 17:36:58.549 D/SystemAdController( 2027): requestSplashScreen duration:3
05-25 17:36:58.559 I/ActivityManager( 1022): START u0 {act=android.intent.action.MAIN cat=[android.intent.category.LAUNCHER] flg=0x10200000 cmp=com.yaya.mmbang/.activity.SplashActivity} from uid 2000 on display 0
05-25 17:36:58.599 I/ActivityManager( 1022): Start proc com.yaya.mmbang for activity com.yaya.mmbang/.activity.SplashActivity: pid=8144 uid=11145 gids={51145, 9997, 1028, 3003, 1015} abi=armeabi
05-25 17:36:58.639 D/PowerKeeperEventLogManager( 2224): notifyForegroundCompomentChanged ComponentInfo{com.yaya.mmbang/com.yaya.mmbang.activity.SplashActivity}
05-25 17:36:58.639 I/Timeline( 1022): Timeline: App_transition_ready time:22687227
05-25 17:36:58.649 V/LocationPolicy( 1022): onProcessStateChanged
05-25 17:36:58.649 V/LocationPolicy( 1022): onProcessStateChanged
05-25 17:36:58.649 V/LocationPolicy( 1022): onProcessStateChanged
05-25 17:36:58.649 I/libthemeutils( 8144): Theme： libthemeutil.so load success
05-25 17:36:58.659 W/ActivityManager( 1022): getRunningAppProcesses: caller 11145 does not hold REAL_GET_TASKS; limiting output
05-25 17:36:58.669 I/MAA     ( 8144): Proxy isSimplify: true
05-25 17:36:58.669 I/MAA     ( 8144): Proxy version:5.5.2.324.2
05-25 17:36:58.669 W/ActivityManager( 1022): getRunningAppProcesses: caller 11145 does not hold REAL_GET_TASKS; limiting output
05-25 17:36:58.679 W/ActivityManager( 1022): getRunningAppProcesses: caller 11145 does not hold REAL_GET_TASKS; limiting output
05-25 17:36:58.719 I/XiaomiFirewall( 1562): firewall pkgName:com.yaya.mmbang, result:0
05-25 17:36:58.729 D/MAA     ( 8144): Webview set proxy failure
05-25 17:36:58.729 I/MAA     ( 8144): Proxy start succeed
05-25 17:36:58.749 D/DnsFallback(  430): query: localhost
05-25 17:36:58.769 V/LocationPolicy( 1022): onProcessStateChanged
05-25 17:36:58.769 V/LocationPolicy( 1022): onProcessStateChanged
05-25 17:36:58.769 V/LocationPolicy( 1022): onProcessStateChanged
05-25 17:36:58.769 W/System.err( 3061): java.lang.NullPointerException: Attempt to get length of null array
05-25 17:36:58.769 W/System.err( 3061): 	at com.google.protobuf.AbstractMessageLite$Builder.mergeFrom(AbstractMessageLite.java:153)
05-25 17:36:58.769 W/System.err( 3061): 	at com.lbe.protocol.LBERecommendPkgPermProtoBuf$PkgPermResponse.parseFrom(LBERecommendPkgPermProtoBuf.java:11463)
05-25 17:36:58.769 W/System.err( 3061): 	at com.lbe.security.service.provider.internal.CloudUpdater$CloudQueryAction.doInBackground(CloudUpdater.java:194)
05-25 17:36:58.769 W/System.err( 3061): 	at com.lbe.security.service.provider.internal.CloudUpdater$CloudQueryAction.doInBackground(CloudUpdater.java:167)
05-25 17:36:58.769 W/System.err( 3061): 	at android.os.AsyncTask$2.call(AsyncTask.java:288)
05-25 17:36:58.769 W/System.err( 3061): 	at java.util.concurrent.FutureTask.run(FutureTask.java:237)
05-25 17:36:58.769 W/System.err( 3061): 	at java.util.concurrent.ThreadPoolExecutor.runWorker(ThreadPoolExecutor.java:1112)
05-25 17:36:58.769 W/System.err( 3061): 	at java.util.concurrent.ThreadPoolExecutor$Worker.run(ThreadPoolExecutor.java:587)
05-25 17:36:58.769 W/System.err( 3061): 	at java.lang.Thread.run(Thread.java:818)
05-25 17:36:58.779 E/InstallShortcutReceiver( 1973): Failed to add shortcut
05-25 17:36:58.779 W/BroadcastQueue( 1022): Permission Denial: broadcasting Intent { act=com.android.launcher.action.INSTALL_SHORTCUT flg=0x10 (has extras) } from com.yaya.mmbang (pid=8144, uid=11145) is not exported from uid 10089 due to receiver com.sina.weibo/.gowidget.GoWidgetProvider
05-25 17:36:58.779 V/LocationPolicy( 1022): onProcessStateChanged
05-25 17:36:58.779 V/LocationPolicy( 1022): onProcessStateChanged
05-25 17:36:58.779 V/LocationPolicy( 1022): onProcessStateChanged
05-25 17:36:58.779 I/themeservice( 1973): unbinding service
05-25 17:36:58.789 V/LocationPolicy( 1022): onProcessStateChanged
05-25 17:36:58.789 V/LocationPolicy( 1022): onProcessStateChanged
05-25 17:36:58.789 V/LocationPolicy( 1022): onProcessStateChanged
05-25 17:36:58.809 I/TDLog   ( 8144): TalkingData App Analytics Android SDK Init:
05-25 17:36:58.809 I/TDLog   ( 8144): SDK version is+V1.2.79
05-25 17:36:58.809 I/TDLog   ( 8144): App ID is :424A6CDAA34BC6EB0FAF152499E2303B
05-25 17:36:58.809 I/TDLog   ( 8144): Channel is :xiaomi_m
05-25 17:36:58.809 W/PushService( 1521): 2016-05-25 17:36:58,819 - [WARN::PushService] - [Thread:49] JOB: register app
05-25 17:36:58.809 W/PushService( 1521): 2016-05-25 17:36:58,820 - [WARN::PushService] - [Thread:49] try send mi push message. packagename:com.yaya.mmbang action:Registration
05-25 17:36:58.829 D/WifiService( 1022): New client listening to asynchronous messages
05-25 17:36:58.839 I/TDLog   ( 8144): setReportUncaughtExceptions# true
05-25 17:36:58.849 W/ActivityManager( 1022): getRunningAppProcesses: caller 11145 does not hold REAL_GET_TASKS; limiting output
05-25 17:36:58.849 W/PushService( 1521): 2016-05-25 17:36:58,865 - [WARN::PushService] - [Thread:49] receive a message, appid=2882303761517130032, msgid= hCg21464169018759
05-25 17:36:58.859 W/aax     ( 8144): diskCache(), diskCacheSize() and diskCacheFileCount calls overlap each other
05-25 17:36:58.859 W/aax     ( 8144): diskCache() and diskCacheFileNameGenerator() calls overlap each other
05-25 17:36:58.859 W/aax     ( 8144): diskCache(), diskCacheSize() and diskCacheFileCount calls overlap each other
05-25 17:36:58.859 W/ActivityManager( 1022): getRunningAppProcesses: caller 11145 does not hold REAL_GET_TASKS; limiting output
05-25 17:36:58.859 W/ActivityManager( 1022): getRecentTasks: caller 11145 does not hold REAL_GET_TASKS; limiting output
05-25 17:36:58.859 W/ActivityManager( 1022): getRunningAppProcesses: caller 11145 does not hold REAL_GET_TASKS; limiting output
05-25 17:36:58.909 I/Sensors ( 1022): lightsensor send flush begin~~~~~~~~ 
05-25 17:36:58.909 I/Sensors ( 1022): HAL: PressureSensor::enable = 1
05-25 17:36:58.969 I/Sensors ( 1022): lightsensor send flush event done 
05-25 17:36:59.079 W/ActivityManager( 1022): Unable to start service Intent { act=com.google.android.gms.ads.identifier.service.START pkg=com.google.android.gms } U=0: not found
05-25 17:36:59.089 I/Timeline( 1022): Timeline: App_transition_stopped time:22687678
05-25 17:36:59.109 I/TDLog   ( 8144): onResume# activity.SplashActivity
05-25 17:36:59.119 D/OpenGLRenderer( 8144): Render dirty regions requested: true
05-25 17:36:59.129 W/ActivityManager( 1022): getRunningAppProcesses: caller 10104 does not hold REAL_GET_TASKS; limiting output
05-25 17:36:59.129 W/System.err( 3061): java.lang.ArrayIndexOutOfBoundsException: length=58; index=58
05-25 17:36:59.129 W/System.err( 3061): 	at com.lbe.security.service.provider.internal.AppOpsAdapter$1.getDefaultOp(AppOpsAdapter.java:279)
05-25 17:36:59.129 W/System.err( 3061): 	at com.android.internal.app.IOpsCallback$Stub.onTransact(IOpsCallback.java:68)
05-25 17:36:59.129 W/System.err( 3061): 	at android.os.Binder.execTransact(Binder.java:446)
05-25 17:36:59.129 I/Sensors ( 1022): HAL: PressureSensor::enable = 0
05-25 17:36:59.159 I/Adreno  ( 8144): QUALCOMM build                   : 89c810b, Id8ea0a2dc8
05-25 17:36:59.159 I/Adreno  ( 8144): Build Date                       : 07/30/15
05-25 17:36:59.159 I/Adreno  ( 8144): OpenGL ES Shader Compiler Version: E031.25.03.09
05-25 17:36:59.159 I/Adreno  ( 8144): Local Branch                     : 
05-25 17:36:59.159 I/Adreno  ( 8144): Remote Branch                    : 
05-25 17:36:59.159 I/Adreno  ( 8144): Remote Branch                    : 
05-25 17:36:59.159 I/Adreno  ( 8144): Reconstruct Branch               : 
05-25 17:36:59.169 D/MAA     ( 8144): set proxy
05-25 17:36:59.179 I/OpenGLRenderer( 8144): Initialized EGL, version 1.4
05-25 17:36:59.179 D/OpenGLRenderer( 8144): Enabling debug mode 0
05-25 17:36:59.189 W/ViewRootImpl( 8144): Dropping event due to no window focus: KeyEvent { action=ACTION_DOWN, keyCode=KEYCODE_DPAD_UP, scanCode=0, metaState=0, flags=0x8, repeatCount=0, eventTime=22687658, downTime=22687658, deviceId=-1, source=0x101 }
05-25 17:36:59.239 I/ActivityManager( 1022): Displayed com.yaya.mmbang/.activity.SplashActivity: +669ms
05-25 17:36:59.239 I/Timeline( 1022): Timeline: Activity_windows_visible id: ActivityRecord{1dce1ebe u0 com.yaya.mmbang/.activity.SplashActivity t4505} time:22687827
05-25 17:36:59.259 I/Timeline( 8144): Timeline: Activity_launch_request time:22687849
05-25 17:36:59.269 D/SystemAdController( 2027): Activity:ActivityInfo{20bd946 com.yaya.mmbang.activity.MainActivity}is not the default one
05-25 17:36:59.269 D/AdClientRecord( 2027): Splash target was not initialized.
05-25 17:36:59.269 D/SystemAdController( 2027): Package:com.yaya.mmbang is not in the list
05-25 17:36:59.269 D/SystemAdController( 2027): requestSplashScreen duration:0
05-25 17:36:59.269 I/ActivityManager( 1022): START u0 {flg=0x4000000 cmp=com.yaya.mmbang/.activity.MainActivity (has extras)} from uid 11145 on display 0
05-25 17:36:59.289 I/TDLog   ( 8144): onPause# activity.SplashActivity
05-25 17:36:59.299 D/PowerKeeperEventLogManager( 2224): notifyForegroundCompomentChanged ComponentInfo{com.yaya.mmbang/com.yaya.mmbang.activity.MainActivity}
05-25 17:36:59.299 I/Timeline( 1022): Timeline: App_transition_ready time:22687885
05-25 17:36:59.309 W/PushService( 1521): 2016-05-25 17:36:59,326 - [WARN::PushService] - [Thread:49] try send mi push message. packagename:com.yaya.mmbang action:Command
05-25 17:36:59.359 D/DnsFallback(  430): query: msch.f.360.cn
05-25 17:36:59.359 I/XiaomiFirewall( 1562): firewall pkgName:com.qihoo360.mobilesafe, result:0
05-25 17:36:59.359 I/Timeline( 8144): Timeline: Activity_launch_request time:22687948
05-25 17:36:59.369 D/SystemAdController( 2027): Activity:ActivityInfo{d630707 com.yaya.mmbang.login.NewbieProcessActivity}is not the default one
05-25 17:36:59.369 D/AdClientRecord( 2027): Splash target was not initialized.
05-25 17:36:59.369 D/SystemAdController( 2027): Package:com.yaya.mmbang is not in the list
05-25 17:36:59.369 D/SystemAdController( 2027): requestSplashScreen duration:1
05-25 17:36:59.369 I/ActivityManager( 1022): START u0 {cmp=com.yaya.mmbang/.login.NewbieProcessActivity (has extras)} from uid 11145 on display 0
05-25 17:36:59.379 D/wpa_supplicant( 1538): wlan0: Control interface command 'SIGNAL_POLL'
05-25 17:36:59.399 W/Binder  ( 8144): Caught a RuntimeException from the binder stub implementation.
05-25 17:36:59.399 W/Binder  ( 8144): java.lang.NullPointerException: Attempt to read from field 'android.view.HardwareRenderer android.view.View$AttachInfo.mHardwareRenderer' on a null object reference
05-25 17:36:59.399 W/Binder  ( 8144): 	at android.view.WindowManagerGlobal.dumpGfxInfo(WindowManagerGlobal.java:476)
05-25 17:36:59.399 W/Binder  ( 8144): 	at android.app.ActivityThread$ApplicationThread.dumpGfxInfo(ActivityThread.java:1073)
05-25 17:36:59.399 W/Binder  ( 8144): 	at android.app.ApplicationThreadNative.onTransact(ApplicationThreadNative.java:543)
05-25 17:36:59.399 W/Binder  ( 8144): 	at android.os.Binder.execTransact(Binder.java:446)
05-25 17:36:59.409 W/PushService( 1521): 2016-05-25 17:36:59,426 - [WARN::PushService] - [Thread:49] receive a message, appid=2882303761517130032, msgid= subcribe_50867870104
05-25 17:36:59.419 W/System.err( 8144): com.alibaba.fastjson.JSONException: exepct '[', but EOF
05-25 17:36:59.419 W/System.err( 8144): 	at com.alibaba.fastjson.parser.DefaultJSONParser.parseArray(SourceFile:573)
05-25 17:36:59.419 W/System.err( 8144): 	at com.alibaba.fastjson.parser.DefaultJSONParser.parseArray(SourceFile:563)
05-25 17:36:59.419 W/System.err( 8144): 	at com.alibaba.fastjson.parser.DefaultJSONParser.parseArray(SourceFile:558)
05-25 17:36:59.419 W/System.err( 8144): 	at com.alibaba.fastjson.JSON.parseArray(SourceFile:299)
05-25 17:36:59.419 W/System.err( 8144): 	at axj.b(FastJson.java:25)
05-25 17:36:59.419 W/System.err( 8144): 	at axy.b(SharedPreferencesUtil.java:1395)
05-25 17:36:59.419 W/System.err( 8144): 	at com.yaya.mmbang.activity.MainActivity.l(MainActivity.java:411)
05-25 17:36:59.419 W/System.err( 8144): 	at com.yaya.mmbang.activity.MainActivity.k(MainActivity.java:204)
05-25 17:36:59.419 W/System.err( 8144): 	at com.yaya.mmbang.activity.MainActivity.onCreate(MainActivity.java:155)
05-25 17:36:59.419 W/System.err( 8144): 	at android.app.Activity.performCreate(Activity.java:5985)
05-25 17:36:59.419 W/System.err( 8144): 	at android.app.Instrumentation.callActivityOnCreate(Instrumentation.java:1105)
05-25 17:36:59.419 W/System.err( 8144): 	at android.app.ActivityThread.performLaunchActivity(ActivityThread.java:2265)
05-25 17:36:59.419 W/System.err( 8144): 	at android.app.ActivityThread.handleLaunchActivity(ActivityThread.java:2372)
05-25 17:36:59.419 W/System.err( 8144): 	at android.app.ActivityThread.access$800(ActivityThread.java:147)
05-25 17:36:59.419 W/System.err( 8144): 	at android.app.ActivityThread$H.handleMessage(ActivityThread.java:1292)
05-25 17:36:59.419 W/System.err( 8144): 	at android.os.Handler.dispatchMessage(Handler.java:102)
05-25 17:36:59.419 W/System.err( 8144): 	at android.os.Looper.loop(Looper.java:135)
05-25 17:36:59.419 W/System.err( 8144): 	at android.app.ActivityThread.main(ActivityThread.java:5250)
05-25 17:36:59.419 W/System.err( 8144): 	at java.lang.reflect.Method.invoke(Native Method)
05-25 17:36:59.419 W/System.err( 8144): 	at java.lang.reflect.Method.invoke(Method.java:372)
05-25 17:36:59.419 W/System.err( 8144): 	at com.android.internal.os.ZygoteInit$MethodAndArgsCaller.run(ZygoteInit.java:911)
05-25 17:36:59.419 W/System.err( 8144): 	at com.android.internal.os.ZygoteInit.main(ZygoteInit.java:706)
05-25 17:36:59.459 I/MSM-irqbalance(  807): Decided to move IRQ163 from CPU3 to CPU2
05-25 17:36:59.509 W/PushService( 1521): 2016-05-25 17:36:59,519 - [WARN::PushService] - [Thread:49] receive a message, appid=2882303761517130032, msgid= subcribe_50867870104
05-25 17:36:59.509 W/PushService( 1521): 2016-05-25 17:36:59,522 - [WARN::PushService] - [Thread:49] receive a message, appid=2882303761517130032, msgid= subcribe_50867870104
05-25 17:36:59.509 W/PushService( 1521): 2016-05-25 17:36:59,525 - [WARN::PushService] - [Thread:49] receive a message, appid=2882303761517130032, msgid= subcribe_50867870104
05-25 17:36:59.519 W/PushService( 1521): 2016-05-25 17:36:59,529 - [WARN::PushService] - [Thread:49] receive a message, appid=2882303761517130032, msgid= subcribe_50867870104
05-25 17:36:59.549 W/ResourcesManager( 8144): Asset path '/system/framework/zxing.jar' does not exist or contains no resources.
05-25 17:36:59.569 W/PushService( 1521): 2016-05-25 17:36:59,581 - [WARN::PushService] - [Thread:49] receive a message, appid=2882303761517130032, msgid= subcribe_50867870104
05-25 17:36:59.569 W/ResourcesManager( 8144): Asset path '/system/framework/protobuf.jar' does not exist or contains no resources.
05-25 17:36:59.569 W/ResourcesManager( 8144): Asset path '/system/framework/android-support-v13.jar' does not exist or contains no resources.
05-25 17:36:59.569 W/ResourcesManager( 8144): Asset path '/system/framework/javax.obex.jar' does not exist or contains no resources.
05-25 17:36:59.569 W/ResourcesManager( 8144): Asset path '/system/framework/cloud-common.jar' does not exist or contains no resources.
05-25 17:36:59.589 W/ActivityManager( 1022): getRunningAppProcesses: caller 10104 does not hold REAL_GET_TASKS; limiting output
05-25 17:36:59.589 W/Toast   ( 4442): From com.qihoo360.mobilesafe, invisible to user.
05-25 17:36:59.589 I/NotificationService( 1022): cancelToast pkg=com.qihoo360.mobilesafe callback=android.app.ITransientNotification$Stub$Proxy@58a29b2
05-25 17:36:59.589 W/NotificationService( 1022): Toast already cancelled. pkg=com.qihoo360.mobilesafe callback=android.app.ITransientNotification$Stub$Proxy@58a29b2
05-25 17:36:59.589 W/PushService( 1521): 2016-05-25 17:36:59,600 - [WARN::PushService] - [Thread:49] receive a message, appid=2882303761517130032, msgid= subcribe_50867870104
05-25 17:36:59.589 W/PushService( 1521): 2016-05-25 17:36:59,602 - [WARN::PushService] - [Thread:49] receive a message, appid=2882303761517130032, msgid= subcribe_50867870104
05-25 17:36:59.619 W/ResourcesManager( 8144): Asset path '/system/framework/protobuf.jar' does not exist or contains no resources.
05-25 17:36:59.619 W/ResourcesManager( 8144): Asset path '/system/framework/microlog4android.jar' does not exist or contains no resources.
05-25 17:36:59.619 W/ResourcesManager( 8144): Asset path '/system/framework/android-support-v4.jar' does not exist or contains no resources.
05-25 17:36:59.619 W/ResourcesManager( 8144): Asset path '/system/framework/cloud-common.jar' does not exist or contains no resources.
05-25 17:36:59.669 I/art     ( 8144): Explicit concurrent mark sweep GC freed 6676(377KB) AllocSpace objects, 0(0B) LOS objects, 37% free, 27MB/43MB, paused 1.778ms total 59.940ms
05-25 17:36:59.669 I/art     ( 8144): WaitForGcToComplete blocked for 54.050ms for cause Background
05-25 17:36:59.679 W/ResourcesManager( 8144): Asset path '/system/framework/android-support-v13.jar' does not exist or contains no resources.
05-25 17:36:59.679 W/ResourcesManager( 8144): Asset path '/system/framework/cloud-common.jar' does not exist or contains no resources.
05-25 17:36:59.689 W/ResourcesManager( 8144): Asset path '/system/framework/protobuf.jar' does not exist or contains no resources.
05-25 17:36:59.689 W/ResourcesManager( 8144): Asset path '/system/framework/cloud-common.jar' does not exist or contains no resources.
05-25 17:36:59.719 I/TDLog   ( 8144): onResume# activity.MainActivity
05-25 17:36:59.749 I/TDLog   ( 8144): onPause# activity.MainActivity
05-25 17:36:59.749 D/PowerKeeperEventLogManager( 2224): notifyForegroundCompomentChanged ComponentInfo{com.yaya.mmbang/com.yaya.mmbang.login.NewbieProcessActivity}
05-25 17:36:59.759 I/Timeline( 1022): Timeline: App_transition_ready time:22688341
05-25 17:36:59.759 I/art     ( 8144): Explicit concurrent mark sweep GC freed 6890(416KB) AllocSpace objects, 2(32KB) LOS objects, 35% free, 29MB/45MB, paused 1.017ms total 40.229ms
05-25 17:36:59.759 I/Timeline( 1022): Timeline: App_transition_ready time:22688349
05-25 17:36:59.769 D/MAA     ( 8144): Webview set proxy failure
05-25 17:36:59.799 W/ResourcesManager( 8144): Asset path '/system/framework/protobuf.jar' does not exist or contains no resources.
05-25 17:36:59.799 W/ResourcesManager( 8144): Asset path '/system/framework/cloud-common.jar' does not exist or contains no resources.
05-25 17:36:59.809 I/art     ( 8144): Explicit concurrent mark sweep GC freed 5351(280KB) AllocSpace objects, 1(16KB) LOS objects, 30% free, 36MB/52MB, paused 982us total 24.585ms
05-25 17:36:59.839 F/Looper  (10642): Thread identity changed from 0x293600000cec to 0x293600002992 while dispatching to android.os.Handler com.qihoo.appstore.persistent.a@245a7c24 what=0
05-25 17:36:59.839 E/JavaBinder(10642): !!! FAILED BINDER TRANSACTION !!!
05-25 17:36:59.839 E/ServiceManager(10642): error in getService
05-25 17:36:59.839 E/ServiceManager(10642): android.os.TransactionTooLargeException
05-25 17:36:59.839 E/ServiceManager(10642): 	at android.os.BinderProxy.transactNative(Native Method)
05-25 17:36:59.839 E/ServiceManager(10642): 	at android.os.BinderProxy.transact(Binder.java:496)
05-25 17:36:59.839 E/ServiceManager(10642): 	at android.os.ServiceManagerProxy.getService(ServiceManagerNative.java:123)
05-25 17:36:59.839 E/ServiceManager(10642): 	at android.os.ServiceManager.getService(ServiceManager.java:55)
05-25 17:36:59.839 E/ServiceManager(10642): 	at android.app.ActivityManagerNative$1.create(ActivityManagerNative.java:2339)
05-25 17:36:59.839 E/ServiceManager(10642): 	at android.app.ActivityManagerNative$1.create(ActivityManagerNative.java:2337)
05-25 17:36:59.839 E/ServiceManager(10642): 	at android.util.Singleton.get(Singleton.java:34)
05-25 17:36:59.839 E/ServiceManager(10642): 	at android.app.ActivityManagerNative.getDefault(ActivityManagerNative.java:82)
05-25 17:36:59.839 E/ServiceManager(10642): 	at com.android.internal.os.RuntimeInit.wtf(RuntimeInit.java:345)
05-25 17:36:59.839 E/ServiceManager(10642): 	at android.util.Log$1.onTerribleFailure(Log.java:104)
05-25 17:36:59.839 E/ServiceManager(10642): 	at android.util.Log.wtf(Log.java:298)
05-25 17:36:59.839 E/ServiceManager(10642): 	at android.util.Log.wtf(Log.java:260)
05-25 17:36:59.839 E/ServiceManager(10642): 	at android.os.Looper.loop(Looper.java:145)
05-25 17:36:59.839 E/ServiceManager(10642): 	at android.os.HandlerThread.run(HandlerThread.java:61)
05-25 17:36:59.839 E/AndroidRuntime(10642): Error reporting WTF
05-25 17:36:59.839 E/AndroidRuntime(10642): java.lang.NullPointerException: Attempt to invoke interface method 'boolean android.app.IActivityManager.handleApplicationWtf(android.os.IBinder, java.lang.String, boolean, android.app.ApplicationErrorReport$CrashInfo)' on a null object reference
05-25 17:36:59.839 E/AndroidRuntime(10642): 	at com.android.internal.os.RuntimeInit.wtf(RuntimeInit.java:345)
05-25 17:36:59.839 E/AndroidRuntime(10642): 	at android.util.Log$1.onTerribleFailure(Log.java:104)
05-25 17:36:59.839 E/AndroidRuntime(10642): 	at android.util.Log.wtf(Log.java:298)
05-25 17:36:59.839 E/AndroidRuntime(10642): 	at android.util.Log.wtf(Log.java:260)
05-25 17:36:59.839 E/AndroidRuntime(10642): 	at android.os.Looper.loop(Looper.java:145)
05-25 17:36:59.839 E/AndroidRuntime(10642): 	at android.os.HandlerThread.run(HandlerThread.java:61)
05-25 17:36:59.839 E/AndroidRuntime(10642): Original WTF:
05-25 17:36:59.839 E/AndroidRuntime(10642): android.util.Log$TerribleFailure: Thread identity changed from 0x293600000cec to 0x293600002992 while dispatching to android.os.Handler com.qihoo.appstore.persistent.a@245a7c24 what=0
05-25 17:36:59.839 E/AndroidRuntime(10642): 	at android.util.Log.wtf(Log.java:295)
05-25 17:36:59.839 E/AndroidRuntime(10642): 	at android.util.Log.wtf(Log.java:260)
05-25 17:36:59.839 E/AndroidRuntime(10642): 	at android.os.Looper.loop(Looper.java:145)
05-25 17:36:59.839 E/AndroidRuntime(10642): 	at android.os.HandlerThread.run(HandlerThread.java:61)
05-25 17:36:59.869 I/art     ( 8144): Explicit concurrent mark sweep GC freed 4010(223KB) AllocSpace objects, 3(100KB) LOS objects, 29% free, 37MB/53MB, paused 786us total 23.126ms
05-25 17:36:59.869 W/ResourcesManager( 8144): Asset path '/system/framework/protobuf.jar' does not exist or contains no resources.
05-25 17:36:59.869 W/ResourcesManager( 8144): Asset path '/system/framework/android-support-v13.jar' does not exist or contains no resources.
05-25 17:36:59.869 W/ResourcesManager( 8144): Asset path '/system/framework/zxing.jar' does not exist or contains no resources.
05-25 17:36:59.869 W/ResourcesManager( 8144): Asset path '/system/framework/cloud-common.jar' does not exist or contains no resources.
05-25 17:36:59.879 I/TDLog   ( 8144): onResume# login.NewbieProcessActivity
05-25 17:36:59.899 W/ResourcesManager( 8144): Asset path '/system/framework/android-support-v4.jar' does not exist or contains no resources.
05-25 17:36:59.899 W/ResourcesManager( 8144): Asset path '/system/framework/cloud-common.jar' does not exist or contains no resources.
05-25 17:36:59.909 I/art     ( 8144): Explicit concurrent mark sweep GC freed 4552(245KB) AllocSpace objects, 2(32KB) LOS objects, 29% free, 37MB/53MB, paused 1.187ms total 22.677ms
05-25 17:36:59.909 I/Timeline( 1022): Timeline: App_transition_ready time:22688496
05-25 17:36:59.909 I/Timeline( 1022): Timeline: App_transition_ready time:22688499
05-25 17:36:59.919 W/ViewRootImpl( 8144): Dropping event due to no window focus: KeyEvent { action=ACTION_DOWN, keyCode=KEYCODE_MEDIA_PLAY, scanCode=0, metaState=0, flags=0x8, repeatCount=0, eventTime=22688272, downTime=22688272, deviceId=-1, source=0x101 }
05-25 17:36:59.939 I/TDLog   ( 8144): Post data to server...
05-25 17:36:59.939 D/MAA     ( 8144): set proxy
05-25 17:36:59.959 I/TDLog   ( 8144): server return success:true
05-25 17:36:59.989 I/ActivityManager( 1022): Start proc com.yaya.mmbang:remote for service com.yaya.mmbang/com.baidu.location.f: pid=8361 uid=11145 gids={51145, 9997, 1028, 3003, 1015} abi=armeabi
05-25 17:36:59.999 V/LocationPolicy( 1022): onProcessStateChanged
05-25 17:36:59.999 V/LocationPolicy( 1022): onProcessStateChanged
05-25 17:36:59.999 V/LocationPolicy( 1022): onProcessStateChanged
05-25 17:36:59.999 V/LocationPolicy( 1022): onProcessStateChanged
05-25 17:36:59.999 V/LocationPolicy( 1022): onProcessStateChanged
05-25 17:36:59.999 V/LocationPolicy( 1022): onProcessStateChanged
05-25 17:37:00.019 V/LocationPolicy( 1022): onProcessStateChanged
05-25 17:37:00.039 I/libthemeutils( 8361): Theme： libthemeutil.so load success
05-25 17:37:00.049 W/ActivityManager( 1022): getRunningAppProcesses: caller 11145 does not hold REAL_GET_TASKS; limiting output
05-25 17:37:00.069 W/aax     ( 8361): diskCache(), diskCacheSize() and diskCacheFileCount calls overlap each other
05-25 17:37:00.069 W/aax     ( 8361): diskCache() and diskCacheFileNameGenerator() calls overlap each other
05-25 17:37:00.069 W/aax     ( 8361): diskCache(), diskCacheSize() and diskCacheFileCount calls overlap each other
05-25 17:37:00.069 I/XiaomiFirewall( 1562): firewall pkgName:com.yaya.mmbang, result:0
05-25 17:37:00.099 W/PushService( 1521): 2016-05-25 17:37:00,114 - [WARN::PushService] - [Thread:49] receive a message, appid=2882303761517130032, msgid= WkMF1464169018760
05-25 17:37:00.119 I/TDLog   ( 8144): onEvent# eventId:TrackingFstBabySet
05-25 17:37:00.129 W/ActivityManager( 1022): getRunningAppProcesses: caller 10104 does not hold REAL_GET_TASKS; limiting output
05-25 17:37:00.129 I/art     ( 8144): Explicit concurrent mark sweep GC freed 35841(1939KB) AllocSpace objects, 27(1033KB) LOS objects, 29% free, 38MB/54MB, paused 1.392ms total 28.376ms
05-25 17:37:00.129 W/System.err( 3061): java.lang.ArrayIndexOutOfBoundsException: length=58; index=58
05-25 17:37:00.139 W/System.err( 3061): 	at com.lbe.security.service.provider.internal.AppOpsAdapter$1.getDefaultOp(AppOpsAdapter.java:279)
05-25 17:37:00.139 W/System.err( 3061): 	at com.android.internal.app.IOpsCallback$Stub.onTransact(IOpsCallback.java:68)
05-25 17:37:00.139 W/System.err( 3061): 	at android.os.Binder.execTransact(Binder.java:446)
05-25 17:37:00.139 D/WifiService( 1022): New client listening to asynchronous messages
05-25 17:37:00.149 W/System.err( 8361): java.lang.NoSuchMethodException: startScan [boolean]
05-25 17:37:00.149 W/System.err( 8361): 	at java.lang.Class.getMethod(Class.java:664)
05-25 17:37:00.149 W/System.err( 8361): 	at java.lang.Class.getDeclaredMethod(Class.java:626)
05-25 17:37:00.149 W/System.err( 8361): 	at qc.a(Unknown Source)
05-25 17:37:00.149 W/System.err( 8361): 	at com.baidu.location.f.onCreate(Unknown Source)
05-25 17:37:00.149 W/System.err( 8361): 	at android.app.ActivityThread.handleCreateService(ActivityThread.java:2743)
05-25 17:37:00.149 W/System.err( 8361): 	at android.app.ActivityThread.access$1800(ActivityThread.java:147)
05-25 17:37:00.149 W/System.err( 8361): 	at android.app.ActivityThread$H.handleMessage(ActivityThread.java:1375)
05-25 17:37:00.149 W/System.err( 8361): 	at android.os.Handler.dispatchMessage(Handler.java:102)
05-25 17:37:00.149 W/System.err( 8361): 	at android.os.Looper.loop(Looper.java:135)
05-25 17:37:00.149 W/System.err( 8361): 	at android.app.ActivityThread.main(ActivityThread.java:5250)
05-25 17:37:00.149 W/System.err( 8361): 	at java.lang.reflect.Method.invoke(Native Method)
05-25 17:37:00.149 W/System.err( 8361): 	at java.lang.reflect.Method.invoke(Method.java:372)
05-25 17:37:00.149 W/System.err( 8361): 	at com.android.internal.os.ZygoteInit$MethodAndArgsCaller.run(ZygoteInit.java:911)
05-25 17:37:00.149 W/System.err( 8361): 	at com.android.internal.os.ZygoteInit.main(ZygoteInit.java:706)
05-25 17:37:00.159 D/baidu_location_service( 8361): baidu location service start1 ...8361
05-25 17:37:00.159 V/LocationPolicy( 1022): onProcessStateChanged
05-25 17:37:00.179 I/art     ( 8144): Explicit concurrent mark sweep GC freed 4087(213KB) AllocSpace objects, 2(32KB) LOS objects, 27% free, 42MB/58MB, paused 979us total 22.377ms
05-25 17:37:00.229 I/art     ( 8144): Explicit concurrent mark sweep GC freed 27864(935KB) AllocSpace objects, 3(1653KB) LOS objects, 27% free, 42MB/58MB, paused 1.297ms total 28.206ms
05-25 17:37:00.259 I/Timeline( 1022): Timeline: App_transition_ready time:22688845
05-25 17:37:00.269 I/ActivityManager( 1022): Displayed com.yaya.mmbang/.login.NewbieProcessActivity: +519ms (total +975ms)
05-25 17:37:00.279 I/art     ( 8144): Explicit concurrent mark sweep GC freed 14643(627KB) AllocSpace objects, 16(938KB) LOS objects, 26% free, 43MB/59MB, paused 926us total 30.903ms
05-25 17:37:00.289 D/baidu_location_client( 8144): baidu location connected ...
05-25 17:37:00.299 W/linker  ( 8361): liblocSDK3.so has text relocations. This is wasting memory and prevents security hardening. Please fix.
05-25 17:37:00.309 W/        ( 8361): Unable to open '/system/framework/extendedmediaextractor.jar': No such file or directory
05-25 17:37:00.309 W/art     ( 8361): Failed to open zip archive '/system/framework/extendedmediaextractor.jar': I/O Error
05-25 17:37:00.319 D/WSPX    ( 8361): Empty get address impl
05-25 17:37:00.329 D/DnsFallback(  430): query: loc.map.baidu.com
05-25 17:37:00.329 I/XiaomiFirewall( 1562): firewall pkgName:com.yaya.mmbang, result:0
05-25 17:37:00.339 I/art     ( 8144): Explicit concurrent mark sweep GC freed 15273(544KB) AllocSpace objects, 4(239KB) LOS objects, 26% free, 43MB/59MB, paused 1ms total 28.517ms
05-25 17:37:00.379 I/Timeline( 8144): Timeline: Activity_idle id: android.os.BinderProxy@1bec8993 time:22688968
05-25 17:37:00.379 I/Timeline( 8144): Timeline: Activity_idle id: android.os.BinderProxy@e52936e time:22688969
05-25 17:37:00.409 W/        ( 8361): Unable to open '/system/framework/extendedmediaextractor.jar': No such file or directory
05-25 17:37:00.409 W/art     ( 8361): Failed to open zip archive '/system/framework/extendedmediaextractor.jar': I/O Error
05-25 17:37:00.409 D/WSPX    ( 8361): Empty get address impl
05-25 17:37:00.439 I/ActivityManager( 1022): Start proc com.miui.player:remote for broadcast com.miui.player/.receiver.MediaButtonIntentReceiver: pid=8423 uid=10020 gids={50020, 9997, 3002, 3006, 1028, 1015, 1023, 3003} abi=arm64-v8a
05-25 17:37:00.479 V/LocationPolicy( 1022): onProcessStateChanged
05-25 17:37:00.489 V/LocationPolicy( 1022): onProcessStateChanged
05-25 17:37:00.499 D/baidu_location_service( 8361): baidu location service stop ...
05-25 17:37:00.499 I/Process ( 8361): Sending signal. PID: 8361 SIG: 9
05-25 17:37:00.519 I/ApplicationHelper( 8423): Create ApplicationHelper successfully, class=com.miui.player.phone.app.PhoneApplicationHelper@38a91620
05-25 17:37:00.529 I/PreferenceCache( 8423): handle change: update load background
05-25 17:37:00.549 I/art     ( 8144): Explicit concurrent mark sweep GC freed 69160(2MB) AllocSpace objects, 17(2MB) LOS objects, 28% free, 39MB/55MB, paused 918us total 43.200ms
05-25 17:37:00.549 W/ActivityManager( 1022): getRunningAppProcesses: caller 10020 is using old GET_TASKS but privileged; allowing
05-25 17:37:00.559 E/ApplicationHelper( 8423): start process, name=com.miui.player:remote
05-25 17:37:00.559 W/ActivityManager( 1022): getRunningAppProcesses: caller 10020 is using old GET_TASKS but privileged; allowing
05-25 17:37:00.569 D/WifiService( 1022): Client connection lost with reason: 4
05-25 17:37:00.569 I/ActivityManager( 1022): Process com.yaya.mmbang:remote (pid 8361) has died
05-25 17:37:00.599 I/art     ( 8144): Explicit concurrent mark sweep GC freed 1437(74KB) AllocSpace objects, 1(16KB) LOS objects, 28% free, 39MB/55MB, paused 807us total 24.550ms
05-25 17:37:00.599 D/DownloadManager( 8423): setDebug isDebug=false path= logPath=/storage/emulated/0/.com.miui.player/debug_log.txt
05-25 17:37:00.599 I/MediaButtonIntentReceiver( 8423): handle action:android.intent.action.MEDIA_BUTTON
05-25 17:37:00.599 I/Timeline( 1022): Timeline: Activity_windows_visible id: ActivityRecord{18d848f6 u0 com.yaya.mmbang/.login.NewbieProcessActivity t4505} time:22689187
05-25 17:37:00.609 I/Timeline( 1022): Timeline: App_transition_stopped time:22689192
05-25 17:37:00.619 V/LocationPolicy( 1022): onProcessStateChanged
05-25 17:37:00.619 I/MediaButtonIntentReceiver( 8423): action = 1, repeatCount = 0, command = play, keycode = KEYCODE_MEDIA_PLAY
05-25 17:37:00.639 I/art     ( 8144): Explicit concurrent mark sweep GC freed 1580(88KB) AllocSpace objects, 0(0B) LOS objects, 28% free, 39MB/55MB, paused 1.539ms total 22.713ms
05-25 17:37:00.649 I/MediaPlaybackService( 8423): aquire wifilock, tag=onCreate, isHeld=false
05-25 17:37:00.649 D/WifiService( 1022): acquireWifiLockLocked: WifiLock{com.miui.player.service.MediaPlaybackService type=1 binder=android.os.BinderProxy@2d8ab03f}
05-25 17:37:00.659 D/Utils   (  436): printFileName fd(51) -> /system/media/audio/ui/MusicShake.ogg
05-25 17:37:00.659 I/ExtendedUtils(  436): printFileName fd(51) -> /system/media/audio/ui/MusicShake.ogg
05-25 17:37:00.669 I/FFmpegExtractor(  436): android-source:0xf1e175c0
05-25 17:37:00.669 E/FFmpegExtractor(  436): android-source:0xf1e175c0: avformat_open_input failed, err:Invalid data found when processing input
05-25 17:37:00.669 W/FFmpegExtractor(  436): sniff through BetterSniffFFMPEG failed, try LegacySniffFFMPEG
05-25 17:37:00.669 E/FFmpegExtractor(  436): android-source:0xf1e175c0|file:: avformat_open_input failed, err:Invalid data found when processing input
05-25 17:37:00.669 D/FFmpegExtractor(  436): SniffFFMPEG failed to sniff this source
05-25 17:37:00.669 V/audio_hw_primary(  436): out_get_latency: Latency 10
05-25 17:37:00.669 D/ExtendedUtils(  436): extended extractor not needed, return default
05-25 17:37:00.669 W/Utils   (  436): bool android::canOffloadStream(const android::sp<android::MetaData>&, bool, const android::sp<android::MetaData>&, bool, audio_stream_type_t) No Sample Bit info in meta data
05-25 17:37:00.669 D/AudioPolicyManager(  436): isOffloadSupported: stream_type != MUSIC, returning false
05-25 17:37:00.669 I/AwesomePlayer(  436): Not OffloadPlayer, can't use Offload mode, force to turn off the offload mode
05-25 17:37:00.669 I/AwesomePlayer(  436): isOffloadPlayer=0, mOffloadAudio=0, isForceOffload=0
05-25 17:37:00.679 V/audio_hw_primary(  436): out_get_latency: Latency 100
05-25 17:37:00.679 V/audio_hw_primary(  436): out_get_latency: Latency 64
05-25 17:37:00.679 D/OMXCodec(  436): Successfully allocated OMX node 'OMX.google.vorbis.decoder'
05-25 17:37:00.679 I/ExtendedUtils(  436): decision 0 mime 
05-25 17:37:00.679 I/AwesomePlayer(  436): Could not offload audio decode, try pcm offload
05-25 17:37:00.679 W/Utils   (  436): bool android::canOffloadStream(const android::sp<android::MetaData>&, bool, const android::sp<android::MetaData>&, bool, audio_stream_type_t) No Sample Bit info in meta data
05-25 17:37:00.679 D/AudioPolicyManager(  436): isOffloadSupported: stream_type != MUSIC, returning false
05-25 17:37:00.679 I/AwesomePlayer(  436): Not OffloadPlayer, can't use Offload mode, force to turn off the offload mode
05-25 17:37:00.679 I/AwesomePlayer(  436): isOffloadPlayer=0, mOffloadAudio=0, isForceOffload=0
05-25 17:37:00.679 I/MediaPlayer( 8423): player name is [com.miui.player:remote]
05-25 17:37:00.679 I/MediaPlayer( 8423): [com.miui.player:remote] is HiFi player
05-25 17:37:00.679 E/MediaPlayer-JNI( 8423): QCMediaPlayer mediaplayer NOT present
05-25 17:37:00.679 E/AwesomePlayer(  436): play_l, check if currnetly can be the offload
05-25 17:37:00.679 W/Utils   (  436): bool android::canOffloadStream(const android::sp<android::MetaData>&, bool, const android::sp<android::MetaData>&, bool, audio_stream_type_t) No Sample Bit info in meta data
05-25 17:37:00.679 D/AudioPolicyManager(  436): isOffloadSupported: stream_type != MUSIC, returning false
05-25 17:37:00.679 I/AwesomePlayer(  436): Not OffloadPlayer, can't use Offload mode, force to turn off the offload mode
05-25 17:37:00.679 I/AudioPlayer(  436): start of Playback, useOffload 0
05-25 17:37:00.679 I/DiracUtils( 8423): get ro.audio.hifi from reflect: true
05-25 17:37:00.679 I/PlayerProxy( 8423): setParameter, param=xiaomi=miuimusic
05-25 17:37:00.679 D/audio_hw_extn(  436): audio_extn_get_parameters: returns 
05-25 17:37:00.679 I/msm8974_platform(  436): platform_get_hifi=false
05-25 17:37:00.679 V/msm8974_platform(  436): platform_get_parameters: exit: returns - hifi_mode=false
05-25 17:37:00.679 V/audio_hw_primary(  436): adev_get_parameters: exit: returns - hifi_mode=false
05-25 17:37:00.679 I/str_params(  436): key: 'hifi_mode' value: ''
05-25 17:37:00.679 I/PlayerProxy( 8423): setParameter, param=hifi_mode=false
05-25 17:37:00.679 I/art     ( 8144): Explicit concurrent mark sweep GC freed 900(97KB) AllocSpace objects, 5(464KB) LOS objects, 28% free, 39MB/55MB, paused 702us total 20.233ms
05-25 17:37:00.689 E/FFMPEGPlayer-JNI( 8423): JNI_OnLoad
05-25 17:37:00.689 I/FFMPEGPlayer-JNI( 8423): RegisterNatives start for 'com/xiaomi/music/ffmpeg/FFMPEGProvider'
05-25 17:37:00.689 I/FFMPEGPlayer-JNI( 8423): RegisterNatives start for 'com/xiaomi/music/scanner/FileScanner'
05-25 17:37:00.689 I/FFMPEGPlayer-JNI( 8423): Load success
05-25 17:37:00.689 I/FFMPEGPlayer( 8423): All native libs load success!
05-25 17:37:00.689 I/FFMPEG_AudioPlayer( 8423): FFMPEG register success
05-25 17:37:00.689 I/FFMPEGPlayer( 8423): native init success!
05-25 17:37:00.689 D/BluetoothManagerService( 1022): Message: 20
05-25 17:37:00.689 D/BluetoothManagerService( 1022): Added callback: android.bluetooth.IBluetoothManagerCallback$Stub$Proxy@14b93ac2:true
05-25 17:37:00.699 I/com.miui.player.content.cache.PlaylistCache[content://com.miui.player.private/playlists_audio_map/99/membeAdd receiver com.miui.player.service.MediaPlaybackService$5@3c098db1
05-25 17:37:00.699 I/MediaPlaybackService( 8423): handleIntent=com.miui.player.musicservicecommand, cmd=play
05-25 17:37:00.699 I/com.miui.player.content.cache.PlaylistCache[content://com.miui.player.private/playlists_audio_map/99/membeStart to load in background
05-25 17:37:00.699 I/MediaPlaybackService( 8423): Nothing to play
05-25 17:37:00.699 I/AutoPauseManager( 8423): CallState: goto idle
05-25 17:37:00.729 I/art     ( 8144): Explicit concurrent mark sweep GC freed 1586(112KB) AllocSpace objects, 3(903KB) LOS objects, 29% free, 38MB/54MB, paused 752us total 22.413ms
05-25 17:37:00.739 I/AudioPlayer(  436): Pause Playback at 834058
05-25 17:37:00.739 I/AudioPlayer(  436): reset: mPlaying=0 mReachedEOS=1 useOffload=0
05-25 17:37:00.739 I/ActivityManager( 1022): Start proc com.miui.player for content provider com.miui.player/.content.MusicPrivateProvider: pid=8458 uid=10020 gids={50020, 9997, 3002, 3006, 1028, 1015, 1023, 3003} abi=arm64-v8a
05-25 17:37:00.739 V/ActivityManagerServiceMU( 1022): Waiting to start provider ContentProviderRecord{6c62528 u0 com.miui.player/.content.MusicPrivateProvider} launchingApp=ProcessRecord{26a03241 8458:com.miui.player/u0a20} request by ProcessRecord{20cb63e6 8423:com.miui.player:remote/u0a20} waiting:0 ms
05-25 17:37:00.769 V/LocationPolicy( 1022): onProcessStateChanged
05-25 17:37:00.799 W/ActivityManager( 1022): getRunningAppProcesses: caller 11145 does not hold REAL_GET_TASKS; limiting output
05-25 17:37:00.809 I/ApplicationHelper( 8458): Create ApplicationHelper successfully, class=com.miui.player.phone.app.PhoneApplicationHelper@38a91620
05-25 17:37:00.829 I/PreferenceCache( 8458): handle change: update load background
05-25 17:37:00.849 V/LocationPolicy( 1022): onProcessStateChanged
05-25 17:37:00.859 I/RemoteConfigClientBase( 8423): com.miui.player:remote: try to enter critical section, file=com.xiaomi.music.util.CrossProcessLock@307853ed[path=/data/data/com.miui.player/cache/config/.critial_section, process=com.miui.player:remote]
05-25 17:37:00.859 I/RemoteConfigClientBase( 8423): com.miui.player:remote: enter critical section, file=com.xiaomi.music.util.CrossProcessLock@307853ed[path=/data/data/com.miui.player/cache/config/.critial_section, process=com.miui.player:remote]
05-25 17:37:00.859 I/RemoteConfigClientBase( 8423): com.miui.player:remote: try to update! file=/data/data/com.miui.player/cache/config/.exclusive_flag
05-25 17:37:00.859 I/RemoteConfigClientBase( 8423): com.miui.player:remote: in case of updating by main process, lock it! file=/data/data/com.miui.player/cache/config/.exclusive_flag
05-25 17:37:00.859 E/RemoteConfigClientBase( 8423): com.miui.player:remote: read config success!
05-25 17:37:00.859 I/RemoteConfigClientBase( 8423): com.miui.player:remote: leave critical section, file=com.xiaomi.music.util.CrossProcessLock@307853ed[path=/data/data/com.miui.player/cache/config/.critial_section, process=com.miui.player:remote]
05-25 17:37:00.859 V/LocationPolicy( 1022): onProcessStateChanged
05-25 17:37:00.859 W/ActivityManager( 1022): getRunningAppProcesses: caller 10020 is using old GET_TASKS but privileged; allowing
05-25 17:37:00.869 E/ApplicationHelper( 8458): start process, name=com.miui.player
05-25 17:37:00.869 W/ActivityManager( 1022): getRunningAppProcesses: caller 10020 is using old GET_TASKS but privileged; allowing
05-25 17:37:00.869 W/        ( 8423): Unable to open '/system/framework/extendedmediaextractor.jar': No such file or directory
05-25 17:37:00.869 W/art     ( 8423): Failed to open zip archive '/system/framework/extendedmediaextractor.jar': I/O Error
05-25 17:37:00.899 I/PushManager( 8458): set alias for push ===
05-25 17:37:00.919 I/HybridResources( 8458): Current resource version = 141
05-25 17:37:00.919 I/HybridResources( 8458): Asset resource version = 141
05-25 17:37:00.919 I/HybridResources( 8458): change to version=141
05-25 17:37:00.919 I/HybridResources( 8458): After upload, current resource version = 141
05-25 17:37:00.929 I/LanguageManager( 8458): getLangByLocale: locale=zh_CN, lang=zh-cn
05-25 17:37:00.929 I/LanguageManager( 8458): read lang, name=lang.zh-cn.js
05-25 17:37:00.929 W/PushService( 1521): 2016-05-25 17:37:00,940 - [WARN::PushService] - [Thread:49] try send mi push message. packagename:com.miui.player action:Command
05-25 17:37:00.929 W/PushService( 1521): 2016-05-25 17:37:00,945 - [WARN::PushService] - [Thread:49] try send mi push message. packagename:com.miui.player action:Command
05-25 17:37:00.939 I/Analytics( 8458): start session(com.miui.player)
05-25 17:37:00.939 I/Analytics( 8458): end session(com.miui.player)
05-25 17:37:00.949 W/PushService( 1521): 2016-05-25 17:37:00,964 - [WARN::PushService] - [Thread:49] try send mi push message. packagename:com.miui.player action:Notification
05-25 17:37:00.969 D/DownloadManager( 8458): setDebug isDebug=false path= logPath=/storage/emulated/0/.com.miui.player/debug_log.txt
05-25 17:37:00.969 W/PushService( 1521): 2016-05-25 17:37:00,982 - [WARN::PushService] - [Thread:49] receive a message, appid=2882303761517248199, msgid= NLva1464169020896
05-25 17:37:00.979 W/PushService( 1521): 2016-05-25 17:37:00,986 - [WARN::PushService] - [Thread:49] receive a message, appid=2882303761517248199, msgid= uYjX1464169020897
05-25 17:37:00.989 I/MiuiPushMessageReceiver( 8458): onCommandResult is called. command={register}, resultCode={0}, reason={null}, category={null}, commandArguments={[d//igwEhgBGCI2TG6lWqlIpoRgObMYnpNlwpnfbHTHRm231+k3oQNwtJQ2pzuoVKR4CSb1Q8Wk1P43jkhiIsWSdXEoTX3vH5vPNqK83CMyE=]}
05-25 17:37:00.989 I/MiuiPushMessageReceiver( 8458): register success
05-25 17:37:01.009 V/xiaomi  ( 8458): [Thread:941] receive an intent from server, action=com.xiaomi.mipush.RECEIVE_MESSAGE
05-25 17:37:01.009 W/PushService( 1521): 2016-05-25 17:37:01,025 - [WARN::PushService] - [Thread:49] try send mi push message. packagename:com.miui.player action:Subscription
05-25 17:37:01.019 V/xiaomi  ( 8458): [Thread:941] processing a message, action=Command
05-25 17:37:01.029 I/FolderProvider( 8423): interval for update folder item 179
05-25 17:37:01.029 I/MiuiPushMessageReceiver( 8458): onCommandResult is called. command={set-alias}, resultCode={0}, reason={Command is forbidden!}, category={null}, commandArguments={[be3f6f38509a5c19e49863b676e396c28f1dc282]}
05-25 17:37:01.029 V/xiaomi  ( 8458): [Thread:941] receive an intent from server, action=com.xiaomi.mipush.RECEIVE_MESSAGE
05-25 17:37:01.029 V/xiaomi  ( 8458): [Thread:941] processing a message, action=Command
05-25 17:37:01.039 I/MiuiPushMessageReceiver( 8458): onCommandResult is called. command={set-alias}, resultCode={0}, reason={Command is forbidden!}, category={null}, commandArguments={[com.xiaomi.miui.pushads.sdkbe3f6f38509a5c19e49863b676e396c28f1dc282]}
05-25 17:37:01.039 I/com.miui.player.content.cache.PlaylistCache[content://com.miui.player.private/playlists_audio_map/99/membeFinish to load in background, size = 0
05-25 17:37:01.039 V/LocationPolicy( 1022): onProcessStateChanged
05-25 17:37:01.039 I/com.miui.player.content.cache.PlaylistCache[content://com.miui.player.private/playlists_audio_map/99/membeUpdate Cache version to 1
05-25 17:37:01.049 W/PushService( 1521): 2016-05-25 17:37:01,066 - [WARN::PushService] - [Thread:49] receive a message, appid=2882303761517248199, msgid= pNbv1464169020899
05-25 17:37:01.059 V/LocationPolicy( 1022): onProcessStateChanged
05-25 17:37:01.059 V/xiaomi  ( 8458): [Thread:942] receive an intent from server, action=com.xiaomi.mipush.RECEIVE_MESSAGE
05-25 17:37:01.069 V/xiaomi  ( 8458): [Thread:942] processing a message, action=Subscription
05-25 17:37:01.069 I/MiuiPushMessageReceiver( 8458): onCommandResult is called. command={subscribe-topic}, resultCode={0}, reason={duplicated topic}, category={null}, commandArguments={[com.xiaomi.miui.pushads.sdkMIUI_MUSIC_TOPIC]}
05-25 17:37:01.079 V/LocationPolicy( 1022): onProcessStateChanged
05-25 17:37:01.139 W/ActivityManager( 1022): getRunningAppProcesses: caller 10104 does not hold REAL_GET_TASKS; limiting output
05-25 17:37:01.149 W/System.err( 3061): java.lang.ArrayIndexOutOfBoundsException: length=58; index=58
05-25 17:37:01.149 W/System.err( 3061): 	at com.lbe.security.service.provider.internal.AppOpsAdapter$1.getDefaultOp(AppOpsAdapter.java:279)
05-25 17:37:01.149 W/System.err( 3061): 	at com.android.internal.app.IOpsCallback$Stub.onTransact(IOpsCallback.java:68)
05-25 17:37:01.149 W/System.err( 3061): 	at android.os.Binder.execTransact(Binder.java:446)
05-25 17:37:01.629 D/MSF.D.QLog( 6366): set UIN_REPORTLOG_LEVEL 1
05-25 17:37:01.639 D/WhetstoneService( 1809): deal background too Frequently, ingore
05-25 17:37:01.829 W/ActivityManager( 1022): getRunningAppProcesses: caller 11145 does not hold REAL_GET_TASKS; limiting output
05-25 17:37:02.149 W/ActivityManager( 1022): getRunningAppProcesses: caller 10104 does not hold REAL_GET_TASKS; limiting output
05-25 17:37:02.169 W/System.err( 3061): java.lang.ArrayIndexOutOfBoundsException: length=58; index=58
05-25 17:37:02.169 W/System.err( 3061): 	at com.lbe.security.service.provider.internal.AppOpsAdapter$1.getDefaultOp(AppOpsAdapter.java:279)
05-25 17:37:02.169 W/System.err( 3061): 	at com.android.internal.app.IOpsCallback$Stub.onTransact(IOpsCallback.java:68)
05-25 17:37:02.169 W/System.err( 3061): 	at android.os.Binder.execTransact(Binder.java:446)
05-25 17:37:02.389 D/wpa_supplicant( 1538): wlan0: Control interface command 'SIGNAL_POLL'
05-25 17:37:02.649 W/ContextImpl( 1562): Calling a method in the system process without a qualified user: android.app.ContextImpl.bindService:1752 android.content.ContextWrapper.bindService:538 com.miui.networkassistant.service.tm.AppMonitor.bindResourceHelperService:284 com.miui.networkassistant.service.tm.AppMonitor.fillNetworkAccessedApps:191 com.miui.networkassistant.service.tm.AppMonitor.access$200:33 
05-25 17:37:02.659 I/ResourceHelperService( 6447): onCreate
05-25 17:37:02.669 I/ResourceHelperService( 6447): onBind
05-25 17:37:02.669 V/LocationPolicy( 1022): onProcessStateChanged
05-25 17:37:02.669 I/AppMonitor( 1562): mResourceHelperConnection onServiceConnected
05-25 17:37:02.789 I/art     ( 8144): Explicit concurrent mark sweep GC freed 25868(1381KB) AllocSpace objects, 9(187KB) LOS objects, 29% free, 38MB/54MB, paused 851us total 48.051ms
05-25 17:37:02.829 W/ActivityManager( 1022): getRunningAppProcesses: caller 11145 does not hold REAL_GET_TASKS; limiting output
05-25 17:37:02.839 F/Looper  (10642): Thread identity changed from 0x293600000cec to 0x293600002992 while dispatching to android.os.Handler com.qihoo.appstore.persistent.a@245a7c24 what=0
05-25 17:37:02.839 I/XiaomiFirewall( 1562): firewall pkgName:com.yaya.mmbang, result:0
05-25 17:37:02.839 E/JavaBinder(10642): !!! FAILED BINDER TRANSACTION !!!
05-25 17:37:02.839 E/ServiceManager(10642): error in getService
05-25 17:37:02.839 E/ServiceManager(10642): android.os.TransactionTooLargeException
