05-25 17:37:22.479 W/System.err( 3061): 	at com.lbe.security.service.provider.internal.AppOpsAdapter$1.getDefaultOp(AppOpsAdapter.java:279)
05-25 17:37:22.479 W/System.err( 3061): 	at com.android.internal.app.IOpsCallback$Stub.onTransact(IOpsCallback.java:68)
05-25 17:37:22.479 W/System.err( 3061): 	at android.os.Binder.execTransact(Binder.java:446)
05-25 17:37:22.589 W/InputMethodManagerService( 1022): Window already focused, ignoring focus gain of: com.android.internal.view.IInputMethodClient$Stub$Proxy@19f3d14a attribute=null, token = android.os.BinderProxy@ae93d0a
05-25 17:37:23.049 W/ActivityManager( 1022): getRunningAppProcesses: caller 11145 does not hold REAL_GET_TASKS; limiting output
05-25 17:37:23.099 W/System.err( 3061): java.lang.ArrayIndexOutOfBoundsException: length=58; index=58
05-25 17:37:23.099 W/System.err( 3061): 	at com.lbe.security.service.provider.internal.AppOpsAdapter$1.getDefaultOp(AppOpsAdapter.java:279)
05-25 17:37:23.099 W/System.err( 3061): 	at com.android.internal.app.IOpsCallback$Stub.onTransact(IOpsCallback.java:68)
05-25 17:37:23.099 W/System.err( 3061): 	at android.os.Binder.execTransact(Binder.java:446)
05-25 17:37:23.109 W/ActivityManager( 1022): getTasks: caller 10550 does not hold REAL_GET_TASKS; limiting output
05-25 17:37:23.119 W/ActivityManager( 1022): getRunningAppProcesses: caller 10550 does not hold REAL_GET_TASKS; limiting output
05-25 17:37:23.169 D/MultipleRenderable( 1432): add: miui.maml.FancyDrawable@8ee54dc
05-25 17:37:23.169 D/RendererCore( 1432): add: miui.maml.FancyDrawable@8ee54dc size:5
05-25 17:37:23.199 D/MultipleRenderable( 1432): add: miui.maml.FancyDrawable@297d59e5
05-25 17:37:23.199 D/RendererCore( 1432): add: miui.maml.FancyDrawable@297d59e5 size:6
05-25 17:37:23.239 I/RenderThread( 1432): Sleep for long time:9223372036854775807 ms
05-25 17:37:23.239 I/art     ( 1432): Note: end time exceeds epoch: 
05-25 17:37:23.489 W/ActivityManager( 1022): getRunningAppProcesses: caller 10104 does not hold REAL_GET_TASKS; limiting output
05-25 17:37:23.489 W/System.err( 3061): java.lang.ArrayIndexOutOfBoundsException: length=58; index=58
05-25 17:37:23.499 W/System.err( 3061): 	at com.lbe.security.service.provider.internal.AppOpsAdapter$1.getDefaultOp(AppOpsAdapter.java:279)
05-25 17:37:23.499 W/System.err( 3061): 	at com.android.internal.app.IOpsCallback$Stub.onTransact(IOpsCallback.java:68)
05-25 17:37:23.499 W/System.err( 3061): 	at android.os.Binder.execTransact(Binder.java:446)
05-25 17:37:23.509 D/wpa_supplicant( 1538): wlan0: Control interface command 'SIGNAL_POLL'
05-25 17:37:23.519 D/StatusBar.NetworkController( 1432): slot=-10;action=android.net.wifi.RSSI_CHANGED
05-25 17:37:23.519 D/StatusBar.NetworkController( 1432): updateNetworkName mNetworkName[0]=只能拨打紧急呼救电话 mTempNetworkName[0] = 只能拨打紧急呼救电话
05-25 17:37:23.529 D/StatusBar.NetworkController( 1432): updateNetworkName mNetworkName[1]=无服务 mTempNetworkName[1] = 无服务
05-25 17:37:23.689 W/ContextImpl( 1432): Calling a method in the system process without a qualified user: android.app.ContextImpl.sendBroadcast:1323 android.content.ContextWrapper.sendBroadcast:376 com.android.systemui.taskmanager.TaskManagerView.sendVisibilityChangedBroadcast:650 com.android.systemui.taskmanager.TaskManagerView.show:595 com.android.systemui.taskmanager.TaskManagerView$6.onClick:385 
05-25 17:37:23.689 I/Analytics( 1432): start session(com.android.systemui)
05-25 17:37:23.689 I/Analytics( 1432): end session(com.android.systemui)
05-25 17:37:23.699 W/ContextImpl( 1432): Calling a method in the system process without a qualified user: android.app.ContextImpl.bindService:1752 android.content.ContextWrapper.bindService:538 miui.analytics.Analytics.endSession:120 com.android.systemui.taskmanager.TaskManagerView.show:638 com.android.systemui.taskmanager.TaskManagerView$6.onClick:385 
05-25 17:37:23.859 F/Looper  (10642): Thread identity changed from 0x293600000cec to 0x293600002992 while dispatching to android.os.Handler com.qihoo.appstore.persistent.a@245a7c24 what=0
05-25 17:37:23.859 E/JavaBinder(10642): !!! FAILED BINDER TRANSACTION !!!
05-25 17:37:23.859 E/ServiceManager(10642): error in getService
05-25 17:37:23.859 E/ServiceManager(10642): android.os.TransactionTooLargeException
05-25 17:37:23.859 E/ServiceManager(10642): 	at android.os.BinderProxy.transactNative(Native Method)
05-25 17:37:23.859 E/ServiceManager(10642): 	at android.os.BinderProxy.transact(Binder.java:496)
05-25 17:37:23.859 E/ServiceManager(10642): 	at android.os.ServiceManagerProxy.getService(ServiceManagerNative.java:123)
05-25 17:37:23.859 E/ServiceManager(10642): 	at android.os.ServiceManager.getService(ServiceManager.java:55)
05-25 17:37:23.859 E/ServiceManager(10642): 	at android.app.ActivityManagerNative$1.create(ActivityManagerNative.java:2339)
05-25 17:37:23.859 E/ServiceManager(10642): 	at android.app.ActivityManagerNative$1.create(ActivityManagerNative.java:2337)
05-25 17:37:23.859 E/ServiceManager(10642): 	at android.util.Singleton.get(Singleton.java:34)
05-25 17:37:23.859 E/ServiceManager(10642): 	at android.app.ActivityManagerNative.getDefault(ActivityManagerNative.java:82)
05-25 17:37:23.859 E/ServiceManager(10642): 	at com.android.internal.os.RuntimeInit.wtf(RuntimeInit.java:345)
05-25 17:37:23.859 E/ServiceManager(10642): 	at android.util.Log$1.onTerribleFailure(Log.java:104)
05-25 17:37:23.859 E/ServiceManager(10642): 	at android.util.Log.wtf(Log.java:298)
05-25 17:37:23.859 E/ServiceManager(10642): 	at android.util.Log.wtf(Log.java:260)
05-25 17:37:23.859 E/ServiceManager(10642): 	at android.os.Looper.loop(Looper.java:145)
05-25 17:37:23.859 E/ServiceManager(10642): 	at android.os.HandlerThread.run(HandlerThread.java:61)
05-25 17:37:23.859 E/AndroidRuntime(10642): Error reporting WTF
05-25 17:37:23.859 E/AndroidRuntime(10642): java.lang.NullPointerException: Attempt to invoke interface method 'boolean android.app.IActivityManager.handleApplicationWtf(android.os.IBinder, java.lang.String, boolean, android.app.ApplicationErrorReport$CrashInfo)' on a null object reference
05-25 17:37:23.859 E/AndroidRuntime(10642): 	at com.android.internal.os.RuntimeInit.wtf(RuntimeInit.java:345)
05-25 17:37:23.859 E/AndroidRuntime(10642): 	at android.util.Log$1.onTerribleFailure(Log.java:104)
05-25 17:37:23.859 E/AndroidRuntime(10642): 	at android.util.Log.wtf(Log.java:298)
05-25 17:37:23.859 E/AndroidRuntime(10642): 	at android.util.Log.wtf(Log.java:260)
05-25 17:37:23.859 E/AndroidRuntime(10642): 	at android.os.Looper.loop(Looper.java:145)
05-25 17:37:23.859 E/AndroidRuntime(10642): 	at android.os.HandlerThread.run(HandlerThread.java:61)
05-25 17:37:23.859 E/AndroidRuntime(10642): Original WTF:
05-25 17:37:23.859 E/AndroidRuntime(10642): android.util.Log$TerribleFailure: Thread identity changed from 0x293600000cec to 0x293600002992 while dispatching to android.os.Handler com.qihoo.appstore.persistent.a@245a7c24 what=0
05-25 17:37:23.859 E/AndroidRuntime(10642): 	at android.util.Log.wtf(Log.java:295)
05-25 17:37:23.859 E/AndroidRuntime(10642): 	at android.util.Log.wtf(Log.java:260)
05-25 17:37:23.859 E/AndroidRuntime(10642): 	at android.os.Looper.loop(Looper.java:145)
05-25 17:37:23.859 E/AndroidRuntime(10642): 	at android.os.HandlerThread.run(HandlerThread.java:61)
05-25 17:37:23.989 I/art     ( 8144): Explicit concurrent mark sweep GC freed 1186(82KB) AllocSpace objects, 2(32KB) LOS objects, 29% free, 38MB/54MB, paused 1.472ms total 41.891ms
05-25 17:37:24.049 I/art     ( 8144): Explicit concurrent mark sweep GC freed 43(1504B) AllocSpace objects, 0(0B) LOS objects, 29% free, 38MB/54MB, paused 1.492ms total 28.762ms
05-25 17:37:24.059 W/ActivityManager( 1022): getRunningAppProcesses: caller 11145 does not hold REAL_GET_TASKS; limiting output
05-25 17:37:24.099 I/art     ( 8144): Explicit concurrent mark sweep GC freed 12(400B) AllocSpace objects, 0(0B) LOS objects, 29% free, 38MB/54MB, paused 679us total 25.511ms
05-25 17:37:24.149 I/art     ( 8144): Explicit concurrent mark sweep GC freed 7(224B) AllocSpace objects, 0(0B) LOS objects, 29% free, 38MB/54MB, paused 955us total 23.619ms
05-25 17:37:24.169 W/InputMethodManagerService( 1022): Window already focused, ignoring focus gain of: com.android.internal.view.IInputMethodClient$Stub$Proxy@243a433 attribute=null, token = android.os.BinderProxy@ae93d0a
05-25 17:37:24.189 I/art     ( 8144): Explicit concurrent mark sweep GC freed 3(96B) AllocSpace objects, 0(0B) LOS objects, 29% free, 38MB/54MB, paused 1.164ms total 21.839ms
05-25 17:37:24.399 I/art     ( 8144): Explicit concurrent mark sweep GC freed 1019(62KB) AllocSpace objects, 1(16KB) LOS objects, 29% free, 38MB/54MB, paused 1.162ms total 58.990ms
05-25 17:37:24.459 I/MSM-irqbalance(  807): Decided to move IRQ222 from CPU3 to CPU0
05-25 17:37:24.469 I/art     ( 8144): Explicit concurrent mark sweep GC freed 20(712B) AllocSpace objects, 0(0B) LOS objects, 29% free, 38MB/54MB, paused 1.411ms total 31.288ms
05-25 17:37:24.499 W/ActivityManager( 1022): getRunningAppProcesses: caller 10104 does not hold REAL_GET_TASKS; limiting output
05-25 17:37:24.509 W/System.err( 3061): java.lang.ArrayIndexOutOfBoundsException: length=58; index=58
05-25 17:37:24.509 W/System.err( 3061): 	at com.lbe.security.service.provider.internal.AppOpsAdapter$1.getDefaultOp(AppOpsAdapter.java:279)
05-25 17:37:24.509 W/System.err( 3061): 	at com.android.internal.app.IOpsCallback$Stub.onTransact(IOpsCallback.java:68)
05-25 17:37:24.509 W/System.err( 3061): 	at android.os.Binder.execTransact(Binder.java:446)
05-25 17:37:24.519 I/art     ( 8144): Explicit concurrent mark sweep GC freed 3(96B) AllocSpace objects, 0(0B) LOS objects, 29% free, 38MB/54MB, paused 1.055ms total 26.125ms
05-25 17:37:24.559 I/art     ( 8144): Explicit concurrent mark sweep GC freed 3(96B) AllocSpace objects, 0(0B) LOS objects, 29% free, 38MB/54MB, paused 785us total 20.863ms
05-25 17:37:24.599 I/art     ( 8144): Explicit concurrent mark sweep GC freed 3(96B) AllocSpace objects, 0(0B) LOS objects, 29% free, 38MB/54MB, paused 800us total 20.951ms
05-25 17:37:24.819 I/art     ( 8144): Explicit concurrent mark sweep GC freed 1020(62KB) AllocSpace objects, 1(16KB) LOS objects, 29% free, 38MB/54MB, paused 1.256ms total 42.313ms
05-25 17:37:24.889 I/art     ( 8144): Explicit concurrent mark sweep GC freed 20(712B) AllocSpace objects, 0(0B) LOS objects, 29% free, 38MB/54MB, paused 1.234ms total 32.498ms
05-25 17:37:24.949 I/art     ( 8144): Explicit concurrent mark sweep GC freed 3(96B) AllocSpace objects, 0(0B) LOS objects, 29% free, 38MB/54MB, paused 917us total 27.996ms
05-25 17:37:24.989 I/art     ( 8144): Explicit concurrent mark sweep GC freed 3(96B) AllocSpace objects, 0(0B) LOS objects, 29% free, 38MB/54MB, paused 629us total 20.970ms
05-25 17:37:25.029 I/art     ( 8144): Explicit concurrent mark sweep GC freed 27(1696B) AllocSpace objects, 0(0B) LOS objects, 29% free, 38MB/54MB, paused 1.325ms total 21.415ms
05-25 17:37:25.059 W/ActivityManager( 1022): getRunningAppProcesses: caller 11145 does not hold REAL_GET_TASKS; limiting output
05-25 17:37:25.519 W/ActivityManager( 1022): getRunningAppProcesses: caller 10104 does not hold REAL_GET_TASKS; limiting output
05-25 17:37:25.519 W/System.err( 3061): java.lang.ArrayIndexOutOfBoundsException: length=58; index=58
05-25 17:37:25.529 W/System.err( 3061): 	at com.lbe.security.service.provider.internal.AppOpsAdapter$1.getDefaultOp(AppOpsAdapter.java:279)
05-25 17:37:25.529 W/System.err( 3061): 	at com.android.internal.app.IOpsCallback$Stub.onTransact(IOpsCallback.java:68)
05-25 17:37:25.529 W/System.err( 3061): 	at android.os.Binder.execTransact(Binder.java:446)
05-25 17:37:26.069 W/ActivityManager( 1022): getRunningAppProcesses: caller 11145 does not hold REAL_GET_TASKS; limiting output
05-25 17:37:26.519 D/wpa_supplicant( 1538): wlan0: Control interface command 'SIGNAL_POLL'
05-25 17:37:26.529 W/ActivityManager( 1022): getRunningAppProcesses: caller 10104 does not hold REAL_GET_TASKS; limiting output
05-25 17:37:26.549 W/System.err( 3061): java.lang.ArrayIndexOutOfBoundsException: length=58; index=58
05-25 17:37:26.549 W/System.err( 3061): 	at com.lbe.security.service.provider.internal.AppOpsAdapter$1.getDefaultOp(AppOpsAdapter.java:279)
05-25 17:37:26.549 W/System.err( 3061): 	at com.android.internal.app.IOpsCallback$Stub.onTransact(IOpsCallback.java:68)
05-25 17:37:26.549 W/System.err( 3061): 	at android.os.Binder.execTransact(Binder.java:446)
05-25 17:37:26.799 I/TDLog   ( 8144): onEvent# eventId:TrackingGuidePageBtnAfterPre
05-25 17:37:26.859 F/Looper  (10642): Thread identity changed from 0x293600000cec to 0x293600002992 while dispatching to android.os.Handler com.qihoo.appstore.persistent.a@245a7c24 what=0
05-25 17:37:26.859 E/JavaBinder(10642): !!! FAILED BINDER TRANSACTION !!!
05-25 17:37:26.859 E/ServiceManager(10642): error in getService
05-25 17:37:26.859 E/ServiceManager(10642): android.os.TransactionTooLargeException
05-25 17:37:26.859 E/ServiceManager(10642): 	at android.os.BinderProxy.transactNative(Native Method)
05-25 17:37:26.859 E/ServiceManager(10642): 	at android.os.BinderProxy.transact(Binder.java:496)
05-25 17:37:26.859 E/ServiceManager(10642): 	at android.os.ServiceManagerProxy.getService(ServiceManagerNative.java:123)
05-25 17:37:26.859 E/ServiceManager(10642): 	at android.os.ServiceManager.getService(ServiceManager.java:55)
05-25 17:37:26.859 E/ServiceManager(10642): 	at android.app.ActivityManagerNative$1.create(ActivityManagerNative.java:2339)
05-25 17:37:26.859 E/ServiceManager(10642): 	at android.app.ActivityManagerNative$1.create(ActivityManagerNative.java:2337)
05-25 17:37:26.859 E/ServiceManager(10642): 	at android.util.Singleton.get(Singleton.java:34)
05-25 17:37:26.859 E/ServiceManager(10642): 	at android.app.ActivityManagerNative.getDefault(ActivityManagerNative.java:82)
05-25 17:37:26.859 E/ServiceManager(10642): 	at com.android.internal.os.RuntimeInit.wtf(RuntimeInit.java:345)
05-25 17:37:26.859 E/ServiceManager(10642): 	at android.util.Log$1.onTerribleFailure(Log.java:104)
05-25 17:37:26.859 E/ServiceManager(10642): 	at android.util.Log.wtf(Log.java:298)
05-25 17:37:26.859 E/ServiceManager(10642): 	at android.util.Log.wtf(Log.java:260)
05-25 17:37:26.859 E/ServiceManager(10642): 	at android.os.Looper.loop(Looper.java:145)
05-25 17:37:26.859 E/ServiceManager(10642): 	at android.os.HandlerThread.run(HandlerThread.java:61)
05-25 17:37:26.859 E/AndroidRuntime(10642): Error reporting WTF
05-25 17:37:26.859 E/AndroidRuntime(10642): java.lang.NullPointerException: Attempt to invoke interface method 'boolean android.app.IActivityManager.handleApplicationWtf(android.os.IBinder, java.lang.String, boolean, android.app.ApplicationErrorReport$CrashInfo)' on a null object reference
05-25 17:37:26.859 E/AndroidRuntime(10642): 	at com.android.internal.os.RuntimeInit.wtf(RuntimeInit.java:345)
05-25 17:37:26.859 E/AndroidRuntime(10642): 	at android.util.Log$1.onTerribleFailure(Log.java:104)
05-25 17:37:26.859 E/AndroidRuntime(10642): 	at android.util.Log.wtf(Log.java:298)
05-25 17:37:26.859 E/AndroidRuntime(10642): 	at android.util.Log.wtf(Log.java:260)
05-25 17:37:26.859 E/AndroidRuntime(10642): 	at android.os.Looper.loop(Looper.java:145)
05-25 17:37:26.859 E/AndroidRuntime(10642): 	at android.os.HandlerThread.run(HandlerThread.java:61)
05-25 17:37:26.859 E/AndroidRuntime(10642): Original WTF:
05-25 17:37:26.859 E/AndroidRuntime(10642): android.util.Log$TerribleFailure: Thread identity changed from 0x293600000cec to 0x293600002992 while dispatching to android.os.Handler com.qihoo.appstore.persistent.a@245a7c24 what=0
05-25 17:37:26.859 E/AndroidRuntime(10642): 	at android.util.Log.wtf(Log.java:295)
05-25 17:37:26.859 E/AndroidRuntime(10642): 	at android.util.Log.wtf(Log.java:260)
05-25 17:37:26.859 E/AndroidRuntime(10642): 	at android.os.Looper.loop(Looper.java:145)
05-25 17:37:26.859 E/AndroidRuntime(10642): 	at android.os.HandlerThread.run(HandlerThread.java:61)
05-25 17:37:27.049 I/art     ( 8144): Explicit concurrent mark sweep GC freed 2949(183KB) AllocSpace objects, 3(48KB) LOS objects, 29% free, 38MB/54MB, paused 1.197ms total 55.331ms
05-25 17:37:27.079 W/ActivityManager( 1022): getRunningAppProcesses: caller 11145 does not hold REAL_GET_TASKS; limiting output
05-25 17:37:27.109 I/art     ( 8144): Explicit concurrent mark sweep GC freed 319(14KB) AllocSpace objects, 0(0B) LOS objects, 29% free, 38MB/54MB, paused 821us total 28.148ms
05-25 17:37:27.159 I/art     ( 8144): Explicit concurrent mark sweep GC freed 13(448B) AllocSpace objects, 0(0B) LOS objects, 29% free, 38MB/54MB, paused 973us total 25.778ms
05-25 17:37:27.209 I/art     ( 8144): Explicit concurrent mark sweep GC freed 6(256B) AllocSpace objects, 0(0B) LOS objects, 29% free, 38MB/54MB, paused 652us total 20.630ms
05-25 17:37:27.249 I/art     ( 8144): Explicit concurrent mark sweep GC freed 71(2880B) AllocSpace objects, 0(0B) LOS objects, 29% free, 38MB/54MB, paused 1.049ms total 21.296ms
05-25 17:37:27.319 V/LocationPolicy( 1022): onProcessStateChanged
05-25 17:37:27.379 V/NotificationService( 1022): enqueueNotificationInternal: pkg=android id=17040645 notification=Notification(pri=0 contentView=null vibrate=null sound=null defaults=0x0 flags=0x2 color=0xff607d8b vis=PRIVATE)
05-25 17:37:27.379 I/ValidateNoPeople( 1022): skipping global notification
05-25 17:37:27.389 D/NotificationService( 1022): [csl] buzzBeepBlinkLocked() zenMode = 0, zenConfig = ZenModeConfig[allowCalls=true,allowMessages=false,allowFrom=contacts,allowEvents=false,allowMusic=false,allowAlarm=true,allowVibrate=false,allowLight=true,sleepMode=null,sleepStart=22.0,sleepEnd=7.0,conditionComponents=null,conditionIds=null,exitCondition=null,exitConditionComponent=null]
05-25 17:37:27.389 V/NotificationService( 1022): pkg=android canInterrupt=true intercept=false
05-25 17:37:27.389 V/NotificationService( 1022): Interrupting!
05-25 17:37:27.389 D/PhoneStatusBar( 1432): addNotification pkg=android;basepkg=android;id=17040645
05-25 17:37:27.439 D/SizeAdaptiveLayout( 1432): com.android.internal.widget.SizeAdaptiveLayout{341a90d3 V.E..... ......I. 0,0-0,0 #7f0800c1 app:id/adaptive}child view android.widget.FrameLayout{1da22410 G.E..... ......I. 0,0-0,0 #1020330 android:id/status_bar_latest_event_content} measured out of bounds at 231px clamped to 232px
05-25 17:37:27.469 I/art     ( 8144): Explicit concurrent mark sweep GC freed 1195(70KB) AllocSpace objects, 1(16KB) LOS objects, 29% free, 38MB/54MB, paused 1.169ms total 43.597ms
05-25 17:37:27.519 I/art     ( 8144): Explicit concurrent mark sweep GC freed 56(3KB) AllocSpace objects, 0(0B) LOS objects, 29% free, 38MB/54MB, paused 709us total 26.395ms
05-25 17:37:27.559 W/ActivityManager( 1022): getRunningAppProcesses: caller 10104 does not hold REAL_GET_TASKS; limiting output
05-25 17:37:27.559 W/System.err( 3061): java.lang.ArrayIndexOutOfBoundsException: length=58; index=58
05-25 17:37:27.559 W/System.err( 3061): 	at com.lbe.security.service.provider.internal.AppOpsAdapter$1.getDefaultOp(AppOpsAdapter.java:279)
05-25 17:37:27.559 W/System.err( 3061): 	at com.android.internal.app.IOpsCallback$Stub.onTransact(IOpsCallback.java:68)
05-25 17:37:27.559 W/System.err( 3061): 	at android.os.Binder.execTransact(Binder.java:446)
05-25 17:37:27.569 I/art     ( 8144): Explicit concurrent mark sweep GC freed 3(96B) AllocSpace objects, 0(0B) LOS objects, 29% free, 38MB/54MB, paused 558us total 23.884ms
05-25 17:37:27.609 I/art     ( 8144): Explicit concurrent mark sweep GC freed 3(96B) AllocSpace objects, 0(0B) LOS objects, 29% free, 38MB/54MB, paused 883us total 20.966ms
05-25 17:37:27.649 I/art     ( 8144): Explicit concurrent mark sweep GC freed 3(96B) AllocSpace objects, 0(0B) LOS objects, 29% free, 38MB/54MB, paused 563us total 20.644ms
05-25 17:37:27.749 E/WifiStateMachine( 1022): WifiStateMachine CMD_START_SCAN source -2 txSuccessRate=1.33 rxSuccessRate=10.13 targetRoamBSSID=any RSSI=-55
05-25 17:37:27.749 D/wpa_supplicant( 1538): wlan0: Control interface command 'SCAN TYPE=ONLY'
05-25 17:37:27.749 D/wpa_supplicant( 1538): wlan0: Setting scan request: 0.000000 sec
05-25 17:37:27.749 D/wpa_supplicant( 1538): wlan0: Starting AP scan for wildcard SSID
05-25 17:37:27.749 D/wpa_supplicant( 1538): wlan0: Add radio work 'scan'@0x7f8d51e420
05-25 17:37:27.749 D/wpa_supplicant( 1538): wlan0: First radio work item in the queue - schedule start immediately
05-25 17:37:27.749 D/wpa_supplicant( 1538): wlan0: Starting radio work 'scan'@0x7f8d51e420 after 0.000035 second wait
05-25 17:37:27.749 D/wpa_supplicant( 1538): wlan0: nl80211: scan request
05-25 17:37:27.749 D/wpa_supplicant( 1538): nl80211: Scan SSID - hexdump(len=0): [NULL]
05-25 17:37:27.759 D/wpa_supplicant( 1538): Scan requested (ret=0) - scan timeout 30 seconds
05-25 17:37:27.759 D/wpa_supplicant( 1538): nl80211: Event message available
05-25 17:37:27.759 D/wpa_supplicant( 1538): nl80211: Drv Event 33 (NL80211_CMD_TRIGGER_SCAN) received for wlan0
05-25 17:37:27.759 D/wpa_supplicant( 1538): wlan0: nl80211: Scan trigger
05-25 17:37:27.759 D/wpa_supplicant( 1538): wlan0: Event SCAN_STARTED (49) received
05-25 17:37:27.759 D/wpa_supplicant( 1538): wlan0: Own scan request started a scan in 0.000094 seconds
05-25 17:37:27.759 I/wpa_supplicant( 1538): wlan0: CTRL-EVENT-SCAN-STARTED 
05-25 17:37:27.759 D/wpa_supplicant( 1538): CTRL_IFACE monitor sent successfully to /data/misc/wifi/sockets/wpa_ctrl_476-1\x00
05-25 17:37:27.759 D/wpa_supplicant( 1538): CTRL_IFACE monitor sent successfully to /data/misc/wifi/sockets/wpa_ctrl_1022-2\x00
05-25 17:37:27.759 I/WifiHAL ( 1022): Poll result = 1
05-25 17:37:27.759 I/WifiHAL ( 1022): Found some events!!!
05-25 17:37:27.759 D/WifiHAL ( 1022): no_seq_check received
05-25 17:37:27.759 I/WifiHAL ( 1022): event received NL80211_CMD_TRIGGER_SCAN
05-25 17:37:27.759 I/WifiHAL ( 1022): event received NL80211_CMD_TRIGGER_SCAN, vendor_id = 0x0
05-25 17:37:27.759 I/WifiHAL ( 1022): event ignored!!
05-25 17:37:27.869 V/NotificationService( 1022): enqueueNotificationInternal: pkg=android id=17040645 notification=Notification(pri=0 contentView=null vibrate=null sound=null defaults=0x0 flags=0x2 color=0xff607d8b vis=PRIVATE)
05-25 17:37:27.869 I/ValidateNoPeople( 1022): skipping global notification
05-25 17:37:27.869 D/NotificationService( 1022): [csl] buzzBeepBlinkLocked() zenMode = 0, zenConfig = ZenModeConfig[allowCalls=true,allowMessages=false,allowFrom=contacts,allowEvents=false,allowMusic=false,allowAlarm=true,allowVibrate=false,allowLight=true,sleepMode=null,sleepStart=22.0,sleepEnd=7.0,conditionComponents=null,conditionIds=null,exitCondition=null,exitConditionComponent=null]
05-25 17:37:27.869 V/NotificationService( 1022): pkg=android canInterrupt=true intercept=false
05-25 17:37:27.869 V/NotificationService( 1022): Interrupting!
05-25 17:37:27.879 D/PhoneStatusBar( 1432): updateNotification pkg=android;id=17040645
05-25 17:37:27.879 I/art     ( 8144): Explicit concurrent mark sweep GC freed 1081(64KB) AllocSpace objects, 1(16KB) LOS objects, 29% free, 38MB/54MB, paused 1.472ms total 55.484ms
05-25 17:37:27.899 D/SizeAdaptiveLayout( 1432): com.android.internal.widget.SizeAdaptiveLayout{341a90d3 V.E..... ......ID 0,0-1260,232 #7f0800c1 app:id/adaptive}child view android.widget.FrameLayout{1da22410 V.E..... ......ID 0,0-1260,231 #1020330 android:id/status_bar_latest_event_content} measured out of bounds at 231px clamped to 232px
05-25 17:37:27.939 I/art     ( 8144): Explicit concurrent mark sweep GC freed 30(1208B) AllocSpace objects, 0(0B) LOS objects, 29% free, 38MB/54MB, paused 1.417ms total 25.976ms
05-25 17:37:27.979 I/art     ( 8144): Explicit concurrent mark sweep GC freed 9(320B) AllocSpace objects, 0(0B) LOS objects, 29% free, 38MB/54MB, paused 675us total 22.021ms
05-25 17:37:28.029 I/art     ( 8144): Explicit concurrent mark sweep GC freed 6(192B) AllocSpace objects, 0(0B) LOS objects, 29% free, 38MB/54MB, paused 612us total 21.711ms
05-25 17:37:28.069 I/art     ( 8144): Explicit concurrent mark sweep GC freed 7(224B) AllocSpace objects, 0(0B) LOS objects, 29% free, 38MB/54MB, paused 645us total 21.681ms
05-25 17:37:28.079 W/ActivityManager( 1022): getRunningAppProcesses: caller 11145 does not hold REAL_GET_TASKS; limiting output
05-25 17:37:28.179 W/System.err( 3061): java.lang.ArrayIndexOutOfBoundsException: length=58; index=58
05-25 17:37:28.179 W/System.err( 3061): 	at com.lbe.security.service.provider.internal.AppOpsAdapter$1.getDefaultOp(AppOpsAdapter.java:279)
05-25 17:37:28.179 W/System.err( 3061): 	at com.android.internal.app.IOpsCallback$Stub.onTransact(IOpsCallback.java:68)
05-25 17:37:28.179 W/System.err( 3061): 	at android.os.Binder.execTransact(Binder.java:446)
05-25 17:37:28.179 W/ActivityManager( 1022): getTasks: caller 10550 does not hold REAL_GET_TASKS; limiting output
05-25 17:37:28.189 W/ActivityManager( 1022): getRunningAppProcesses: caller 10550 does not hold REAL_GET_TASKS; limiting output
05-25 17:37:28.289 W/System.err( 3061): java.lang.ArrayIndexOutOfBoundsException: length=58; index=58
05-25 17:37:28.289 W/System.err( 3061): 	at com.lbe.security.service.provider.internal.AppOpsAdapter$1.getDefaultOp(AppOpsAdapter.java:279)
05-25 17:37:28.289 W/System.err( 3061): 	at com.android.internal.app.IOpsCallback$Stub.onTransact(IOpsCallback.java:68)
05-25 17:37:28.289 W/System.err( 3061): 	at android.os.Binder.execTransact(Binder.java:446)
05-25 17:37:28.359 V/LocationPolicy( 1022): onProcessStateChanged
05-25 17:37:28.409 D/PhoneStatusBar( 1432): removeNotification key=android.os.Binder@2857f03f old=StatusBarNotification(pkg=android user=UserHandle{-1} id=17040645 tag=null score=0 key=-1|android|17040645|null|1000: Notification(pri=0 contentView=android/0x1090083 vibrate=null sound=null defaults=0x0 flags=0x2 color=0xff607d8b vis=PRIVATE))
05-25 17:37:28.409 W/ContextImpl( 1432): Calling a method in the system process without a qualified user: android.app.ContextImpl.sendBroadcast:1323 android.content.ContextWrapper.sendBroadcast:376 com.android.systemui.statusbar.phone.PhoneStatusBar.updateAppMessage:1649 com.android.systemui.statusbar.phone.PhoneStatusBar.updateAppMessage:1641 com.android.systemui.statusbar.phone.PhoneStatusBar.removeNotification:2395 
05-25 17:37:28.559 W/ActivityManager( 1022): getRunningAppProcesses: caller 10104 does not hold REAL_GET_TASKS; limiting output
05-25 17:37:28.569 W/System.err( 3061): java.lang.ArrayIndexOutOfBoundsException: length=58; index=58
05-25 17:37:28.569 W/System.err( 3061): 	at com.lbe.security.service.provider.internal.AppOpsAdapter$1.getDefaultOp(AppOpsAdapter.java:279)
05-25 17:37:28.569 W/System.err( 3061): 	at com.android.internal.app.IOpsCallback$Stub.onTransact(IOpsCallback.java:68)
05-25 17:37:28.569 W/System.err( 3061): 	at android.os.Binder.execTransact(Binder.java:446)
05-25 17:37:29.079 W/ActivityManager( 1022): getRunningAppProcesses: caller 11145 does not hold REAL_GET_TASKS; limiting output
05-25 17:37:29.449 I/TDLog   ( 8144): Post data to server...
05-25 17:37:29.459 I/MSM-irqbalance(  807): Decided to move IRQ115 from CPU2 to CPU0
05-25 17:37:29.469 I/TDLog   ( 8144): onEvent# eventId:TrackingAfterPrePageBtnJoin
05-25 17:37:29.469 W/ActivityManager( 1022): getTasks: caller 11145 does not hold REAL_GET_TASKS; limiting output
05-25 17:37:29.469 W/ActivityManager( 1022): getRunningAppProcesses: caller 11145 does not hold REAL_GET_TASKS; limiting output
05-25 17:37:29.469 W/Toast   ( 8144): From com.yaya.mmbang, go ahead.
05-25 17:37:29.469 I/NotificationService( 1022): enqueueToast pkg=com.yaya.mmbang callback=android.app.ITransientNotification$Stub$Proxy@178b2725 duration=0
05-25 17:37:29.479 D/NotificationService( 1022): Show pkg=com.yaya.mmbang callback=android.app.ITransientNotification$Stub$Proxy@178b2725
05-25 17:37:29.489 W/System.err( 3061): java.lang.ArrayIndexOutOfBoundsException: length=58; index=60
05-25 17:37:29.489 W/System.err( 3061): 	at com.lbe.security.service.provider.internal.AppOpsAdapter$1.getDefaultOp(AppOpsAdapter.java:279)
05-25 17:37:29.489 W/System.err( 3061): 	at com.android.internal.app.IOpsCallback$Stub.onTransact(IOpsCallback.java:68)
05-25 17:37:29.489 W/System.err( 3061): 	at android.os.Binder.execTransact(Binder.java:446)
05-25 17:37:29.519 I/XiaomiFirewall( 1562): firewall pkgName:com.yaya.mmbang, result:0
05-25 17:37:29.529 D/wpa_supplicant( 1538): wlan0: Control interface command 'SIGNAL_POLL'
05-25 17:37:29.579 W/ActivityManager( 1022): getRunningAppProcesses: caller 10104 does not hold REAL_GET_TASKS; limiting output
05-25 17:37:29.579 W/System.err( 3061): java.lang.ArrayIndexOutOfBoundsException: length=58; index=58
05-25 17:37:29.589 W/System.err( 3061): 	at com.lbe.security.service.provider.internal.AppOpsAdapter$1.getDefaultOp(AppOpsAdapter.java:279)
05-25 17:37:29.589 W/System.err( 3061): 	at com.android.internal.app.IOpsCallback$Stub.onTransact(IOpsCallback.java:68)
05-25 17:37:29.589 W/System.err( 3061): 	at android.os.Binder.execTransact(Binder.java:446)
05-25 17:37:29.859 F/Looper  (10642): Thread identity changed from 0x293600000cec to 0x293600002992 while dispatching to android.os.Handler com.qihoo.appstore.persistent.a@245a7c24 what=0
05-25 17:37:29.859 E/JavaBinder(10642): !!! FAILED BINDER TRANSACTION !!!
05-25 17:37:29.859 E/ServiceManager(10642): error in getService
05-25 17:37:29.859 E/ServiceManager(10642): android.os.TransactionTooLargeException
05-25 17:37:29.859 E/ServiceManager(10642): 	at android.os.BinderProxy.transactNative(Native Method)
05-25 17:37:29.859 E/ServiceManager(10642): 	at android.os.BinderProxy.transact(Binder.java:496)
05-25 17:37:29.859 E/ServiceManager(10642): 	at android.os.ServiceManagerProxy.getService(ServiceManagerNative.java:123)
05-25 17:37:29.859 E/ServiceManager(10642): 	at android.os.ServiceManager.getService(ServiceManager.java:55)
05-25 17:37:29.859 E/ServiceManager(10642): 	at android.app.ActivityManagerNative$1.create(ActivityManagerNative.java:2339)
05-25 17:37:29.859 E/ServiceManager(10642): 	at android.app.ActivityManagerNative$1.create(ActivityManagerNative.java:2337)
05-25 17:37:29.859 E/ServiceManager(10642): 	at android.util.Singleton.get(Singleton.java:34)
05-25 17:37:29.859 E/ServiceManager(10642): 	at android.app.ActivityManagerNative.getDefault(ActivityManagerNative.java:82)
05-25 17:37:29.859 E/ServiceManager(10642): 	at com.android.internal.os.RuntimeInit.wtf(RuntimeInit.java:345)
05-25 17:37:29.859 E/ServiceManager(10642): 	at android.util.Log$1.onTerribleFailure(Log.java:104)
05-25 17:37:29.859 E/ServiceManager(10642): 	at android.util.Log.wtf(Log.java:298)
05-25 17:37:29.859 E/ServiceManager(10642): 	at android.util.Log.wtf(Log.java:260)
05-25 17:37:29.859 E/ServiceManager(10642): 	at android.os.Looper.loop(Looper.java:145)
05-25 17:37:29.859 E/ServiceManager(10642): 	at android.os.HandlerThread.run(HandlerThread.java:61)
05-25 17:37:29.869 E/AndroidRuntime(10642): Error reporting WTF
05-25 17:37:29.869 E/AndroidRuntime(10642): java.lang.NullPointerException: Attempt to invoke interface method 'boolean android.app.IActivityManager.handleApplicationWtf(android.os.IBinder, java.lang.String, boolean, android.app.ApplicationErrorReport$CrashInfo)' on a null object reference
05-25 17:37:29.869 E/AndroidRuntime(10642): 	at com.android.internal.os.RuntimeInit.wtf(RuntimeInit.java:345)
05-25 17:37:29.869 E/AndroidRuntime(10642): 	at android.util.Log$1.onTerribleFailure(Log.java:104)
05-25 17:37:29.869 E/AndroidRuntime(10642): 	at android.util.Log.wtf(Log.java:298)
05-25 17:37:29.869 E/AndroidRuntime(10642): 	at android.util.Log.wtf(Log.java:260)
05-25 17:37:29.869 E/AndroidRuntime(10642): 	at android.os.Looper.loop(Looper.java:145)
05-25 17:37:29.869 E/AndroidRuntime(10642): 	at android.os.HandlerThread.run(HandlerThread.java:61)
05-25 17:37:29.869 E/AndroidRuntime(10642): Original WTF:
05-25 17:37:29.869 E/AndroidRuntime(10642): android.util.Log$TerribleFailure: Thread identity changed from 0x293600000cec to 0x293600002992 while dispatching to android.os.Handler com.qihoo.appstore.persistent.a@245a7c24 what=0
05-25 17:37:29.869 E/AndroidRuntime(10642): 	at android.util.Log.wtf(Log.java:295)
05-25 17:37:29.869 E/AndroidRuntime(10642): 	at android.util.Log.wtf(Log.java:260)
05-25 17:37:29.869 E/AndroidRuntime(10642): 	at android.os.Looper.loop(Looper.java:145)
05-25 17:37:29.869 E/AndroidRuntime(10642): 	at android.os.HandlerThread.run(HandlerThread.java:61)
05-25 17:37:29.969 I/TDLog   ( 8144): onEvent# eventId:TrackingAfterPrePageBtnJoin
05-25 17:37:29.969 W/ActivityManager( 1022): getTasks: caller 11145 does not hold REAL_GET_TASKS; limiting output
05-25 17:37:29.969 W/ActivityManager( 1022): getRunningAppProcesses: caller 11145 does not hold REAL_GET_TASKS; limiting output
05-25 17:37:29.969 W/Toast   ( 8144): From com.yaya.mmbang, go ahead.
05-25 17:37:29.969 I/NotificationService( 1022): enqueueToast pkg=com.yaya.mmbang callback=android.app.ITransientNotification$Stub$Proxy@31815dd duration=0
05-25 17:37:29.969 D/NotificationService( 1022): Show pkg=com.yaya.mmbang callback=android.app.ITransientNotification$Stub$Proxy@178b2725
05-25 17:37:30.009 I/art     ( 8144): Explicit concurrent mark sweep GC freed 4160(268KB) AllocSpace objects, 7(124KB) LOS objects, 29% free, 38MB/54MB, paused 1.074ms total 54.695ms
05-25 17:37:30.069 I/art     ( 8144): Explicit concurrent mark sweep GC freed 340(15KB) AllocSpace objects, 0(0B) LOS objects, 29% free, 38MB/54MB, paused 1.340ms total 30.767ms
05-25 17:37:30.089 W/ActivityManager( 1022): getRunningAppProcesses: caller 11145 does not hold REAL_GET_TASKS; limiting output
05-25 17:37:30.129 I/art     ( 8144): Explicit concurrent mark sweep GC freed 13(432B) AllocSpace objects, 0(0B) LOS objects, 29% free, 38MB/54MB, paused 1.255ms total 26.004ms
05-25 17:37:30.169 I/art     ( 8144): Explicit concurrent mark sweep GC freed 7(224B) AllocSpace objects, 0(0B) LOS objects, 29% free, 38MB/54MB, paused 1.149ms total 21.833ms
05-25 17:37:30.209 I/art     ( 8144): Explicit concurrent mark sweep GC freed 3(96B) AllocSpace objects, 0(0B) LOS objects, 29% free, 38MB/54MB, paused 1.733ms total 22.441ms
05-25 17:37:30.469 I/art     ( 8144): Explicit concurrent mark sweep GC freed 1017(61KB) AllocSpace objects, 1(16KB) LOS objects, 29% free, 38MB/54MB, paused 1.491ms total 55.264ms
05-25 17:37:30.539 I/art     ( 8144): Explicit concurrent mark sweep GC freed 23(904B) AllocSpace objects, 0(0B) LOS objects, 29% free, 38MB/54MB, paused 1.209ms total 31.133ms
05-25 17:37:30.589 W/ActivityManager( 1022): getRunningAppProcesses: caller 10104 does not hold REAL_GET_TASKS; limiting output
05-25 17:37:30.599 I/art     ( 8144): Explicit concurrent mark sweep GC freed 3(96B) AllocSpace objects, 0(0B) LOS objects, 29% free, 38MB/54MB, paused 815us total 26.465ms
05-25 17:37:30.599 W/System.err( 3061): java.lang.ArrayIndexOutOfBoundsException: length=58; index=58
05-25 17:37:30.599 W/System.err( 3061): 	at com.lbe.security.service.provider.internal.AppOpsAdapter$1.getDefaultOp(AppOpsAdapter.java:279)
05-25 17:37:30.599 W/System.err( 3061): 	at com.android.internal.app.IOpsCallback$Stub.onTransact(IOpsCallback.java:68)
05-25 17:37:30.599 W/System.err( 3061): 	at android.os.Binder.execTransact(Binder.java:446)
05-25 17:37:30.639 I/art     ( 8144): Explicit concurrent mark sweep GC freed 3(96B) AllocSpace objects, 0(0B) LOS objects, 29% free, 38MB/54MB, paused 781us total 21.442ms
05-25 17:37:30.679 I/art     ( 8144): Explicit concurrent mark sweep GC freed 3(96B) AllocSpace objects, 0(0B) LOS objects, 29% free, 38MB/54MB, paused 909us total 21.797ms
05-25 17:37:30.709 D/wpa_supplicant( 1538): nl80211: Event message available
05-25 17:37:30.709 D/wpa_supplicant( 1538): nl80211: Drv Event 34 (NL80211_CMD_NEW_SCAN_RESULTS) received for wlan0
05-25 17:37:30.709 D/wpa_supplicant( 1538): wlan0: nl80211: New scan results available
05-25 17:37:30.709 D/wpa_supplicant( 1538): nl80211: Scan included frequencies:
05-25 17:37:30.709 D/wpa_supplicant( 1538): wlan0: Event SCAN_RESULTS (3) received
05-25 17:37:30.709 D/wpa_supplicant( 1538): wlan0: Scan completed in 2.951317 seconds
05-25 17:37:30.709 D/wpa_supplicant( 1538): nl80211: Associated on 5745 MHz
05-25 17:37:30.709 D/wpa_supplicant( 1538): nl80211: Associated with 32:0f:0e:20:60:90
05-25 17:37:30.709 D/wpa_supplicant( 1538): nl80211: Received scan results (31 BSSes)
05-25 17:37:30.709 D/wpa_supplicant( 1538): nl80211: Scan results indicate BSS status with 32:0f:0e:20:60:90 as associated
05-25 17:37:30.709 D/wpa_supplicant( 1538): wlan0: BSS: Start scan result update 727
05-25 17:37:30.709 D/wpa_supplicant( 1538): wlan0: BSS: Add new id 2093 BSSID 54:e6:fc:3d:7f:9c SSID 'TL_WR340G'
05-25 17:37:30.709 D/wpa_supplicant( 1538): CTRL_IFACE monitor sent successfully to /data/misc/wifi/sockets/wpa_ctrl_476-1\x00
05-25 17:37:30.709 D/wpa_supplicant( 1538): CTRL_IFACE monitor sent successfully to /data/misc/wifi/sockets/wpa_ctrl_1022-2\x00
05-25 17:37:30.709 D/wpa_supplicant( 1538): wlan0: BSS: Add new id 2094 BSSID c8:d7:19:d9:e8:22 SSID 'wifi-1'
05-25 17:37:30.709 D/wpa_supplicant( 1538): CTRL_IFACE monitor sent successfully to /data/misc/wifi/sockets/wpa_ctrl_476-1\x00
05-25 17:37:30.709 D/wpa_supplicant( 1538): CTRL_IFACE monitor sent successfully to /data/misc/wifi/sockets/wpa_ctrl_1022-2\x00
05-25 17:37:30.709 D/wpa_supplicant( 1538): wlan0: BSS: Add new id 2095 BSSID c8:3a:35:1f:3e:68 SSID 'sk_test_test'
05-25 17:37:30.709 D/wpa_supplicant( 1538): CTRL_IFACE monitor sent successfully to /data/misc/wifi/sockets/wpa_ctrl_476-1\x00
05-25 17:37:30.709 D/wpa_supplicant( 1538): CTRL_IFACE monitor sent successfully to /data/misc/wifi/sockets/wpa_ctrl_1022-2\x00
05-25 17:37:30.709 D/wpa_supplicant( 1538): wlan0: BSS: Add new id 2096 BSSID f4:28:53:34:1e:c4 SSID 'TOTOLINK_341ec4'
05-25 17:37:30.709 D/wpa_supplicant( 1538): CTRL_IFACE monitor sent successfully to /data/misc/wifi/sockets/wpa_ctrl_476-1\x00
05-25 17:37:30.709 D/wpa_supplicant( 1538): CTRL_IFACE monitor sent successfully to /data/misc/wifi/sockets/wpa_ctrl_1022-2\x00
05-25 17:37:30.709 D/wpa_supplicant( 1538): wlan0: BSS: Remove id 2087 BSSID 30:f3:1d:74:9a:07 SSID 'mmm ' due to no match in scan
05-25 17:37:30.709 D/wpa_supplicant( 1538): CTRL_IFACE monitor sent successfully to /data/misc/wifi/sockets/wpa_ctrl_476-1\x00
05-25 17:37:30.709 D/wpa_supplicant( 1538): CTRL_IFACE monitor sent successfully to /data/misc/wifi/sockets/wpa_ctrl_1022-2\x00
05-25 17:37:30.709 D/wpa_supplicant( 1538): wlan0: BSS: Remove id 2091 BSSID 64:09:80:2b:3f:55 SSID 'chuangmi-plug-v1_miio3f55' due to no match in scan
05-25 17:37:30.709 D/wpa_supplicant( 1538): CTRL_IFACE monitor sent successfully to /data/misc/wifi/sockets/wpa_ctrl_476-1\x00
05-25 17:37:30.709 D/wpa_supplicant( 1538): CTRL_IFACE monitor sent successfully to /data/misc/wifi/sockets/wpa_ctrl_1022-2\x00
05-25 17:37:30.709 D/wpa_supplicant( 1538): BSS: last_scan_res_used=31/64
05-25 17:37:30.709 D/wpa_supplicant( 1538): wlan0: Scan-only results received
05-25 17:37:30.709 D/wpa_supplicant( 1538): CTRL_IFACE monitor sent successfully to /data/misc/wifi/sockets/wpa_ctrl_476-1\x00
05-25 17:37:30.709 D/wpa_supplicant( 1538): CTRL_IFACE monitor sent successfully to /data/misc/wifi/sockets/wpa_ctrl_1022-2\x00
05-25 17:37:30.709 D/wpa_supplicant( 1538): wlan0: Radio work 'scan'@0x7f8d51e420 done in 2.955586 seconds
05-25 17:37:30.709 I/WifiHAL ( 1022): Poll result = 1
05-25 17:37:30.709 I/WifiHAL ( 1022): Found some events!!!
05-25 17:37:30.709 D/WifiHAL ( 1022): no_seq_check received
05-25 17:37:30.709 I/WifiHAL ( 1022): event received NL80211_CMD_NEW_SCAN_RESULTS
05-25 17:37:30.709 I/WifiHAL ( 1022): event received NL80211_CMD_NEW_SCAN_RESULTS, vendor_id = 0x0
05-25 17:37:30.709 I/WifiHAL ( 1022): event ignored!!
05-25 17:37:30.719 D/wpa_supplicant( 1538): wlan0: Control interface command 'BSS RANGE=0- MASK=0x23987'
05-25 17:37:30.729 D/wpa_supplicant( 1538): wlan0: Control interface command 'BSS RANGE=2076- MASK=0x23987'
05-25 17:37:30.759 D/wpa_supplicant( 1538): wlan0: Control interface command 'STATUS-NO_EVENTS'
05-25 17:37:30.759 D/LBSSystemMonitorService( 1022): handleMessage what - 4
05-25 17:37:30.759 D/Wiper_jni( 1022): Send Network Location.
05-25 17:37:30.769 V/LocationPolicy( 1022): onProcessStateChanged
05-25 17:37:30.819 I/ActivityManager( 1022): Start proc com.qualcomm.services.location for broadcast com.qualcomm.msapm/.MSAPMReceiver: pid=8810 uid=1000 gids={41000, 9997, 3002, 3001, 1007, 1028, 1015, 3003, 1023, 1035, 3006, 3007, 3005, 1021, 3004, 1000, 3009, 1010, 2001} abi=arm64-v8a
05-25 17:37:30.829 D/SecShell( 8231): start get packageName
05-25 17:37:30.829 D/SecShell( 8231): end get packageName
05-25 17:37:30.829 D/SecShell( 8231): start get packageName
05-25 17:37:30.829 D/SecShell( 8231): end get packageName
05-25 17:37:30.829 D/SecShell( 8231): start get packageName
05-25 17:37:30.829 D/SecShell( 8231): end get packageName
05-25 17:37:30.839 D/SecShell( 8231): start get packageName
05-25 17:37:30.839 D/SecShell( 8231): end get packageName
05-25 17:37:30.839 D/SecShell( 8231): start get packageName
05-25 17:37:30.839 D/SecShell( 8231): end get packageName
05-25 17:37:30.839 I/art     (  451): Explicit concurrent mark sweep GC freed 706(30KB) AllocSpace objects, 0(0B) LOS objects, 39% free, 24MB/40MB, paused 188us total 21.385ms
05-25 17:37:30.839 D/SecShell( 8231): start get packageName
05-25 17:37:30.839 D/SecShell( 8231): end get packageName
05-25 17:37:30.849 D/SecShell( 8231): start get packageName
05-25 17:37:30.849 D/SecShell( 8231): end get packageName
05-25 17:37:30.849 D/SecShell( 8231): start get packageName
05-25 17:37:30.849 D/SecShell( 8231): end get packageName
05-25 17:37:30.849 D/SecShell( 8231): start get packageName
05-25 17:37:30.849 D/SecShell( 8231): end get packageName
05-25 17:37:30.849 D/SecShell( 8231): start get packageName
05-25 17:37:30.859 D/SecShell( 8231): end get packageName
05-25 17:37:30.859 I/art     (  451): Explicit concurrent mark sweep GC freed 5(160B) AllocSpace objects, 0(0B) LOS objects, 39% free, 24MB/40MB, paused 149us total 16.914ms
05-25 17:37:30.859 V/LocationPolicy( 1022): onProcessStateChanged
05-25 17:37:30.869 D/SecShell( 8231): start get packageName
05-25 17:37:30.869 D/SecShell( 8231): end get packageName
05-25 17:37:30.869 V/LocationPolicy( 1022): onProcessStateChanged
05-25 17:37:30.869 I/art     (  451): Explicit concurrent mark sweep GC freed 5(160B) AllocSpace objects, 0(0B) LOS objects, 39% free, 24MB/40MB, paused 97us total 14.846ms
05-25 17:37:30.869 D/SecShell( 8231): start get packageName
05-25 17:37:30.869 D/SecShell( 8231): end get packageName
05-25 17:37:30.879 I/art     ( 8144): Explicit concurrent mark sweep GC freed 1018(61KB) AllocSpace objects, 1(16KB) LOS objects, 29% free, 38MB/54MB, paused 1.383ms total 41.064ms
05-25 17:37:30.879 D/SecShell( 8231): start get packageName
05-25 17:37:30.879 D/SecShell( 8231): end get packageName
05-25 17:37:30.879 W/ContextImpl( 8810): Unable to create files subdir /data/data/com.qualcomm.msapm/cache
05-25 17:37:30.879 E/ActivityThread( 8810): Unable to setupGraphicsSupport due to missing cache directory
05-25 17:37:30.889 D/SecShell( 8231): start get packageName
05-25 17:37:30.889 D/SecShell( 8231): end get packageName
05-25 17:37:30.889 D/SecShell( 8231): start get packageName
05-25 17:37:30.889 D/SecShell( 8231): end get packageName
05-25 17:37:30.889 V/MSAPMReceiver( 8810): Got intent:android.net.wifi.SCAN_RESULTS
05-25 17:37:30.889 V/MSAPMReceiver( 8810): Got intent SCAN_RESULTS
05-25 17:37:30.899 D/SecShell( 8231): start get packageName
05-25 17:37:30.899 D/SecShell( 8231): end get packageName
05-25 17:37:30.899 D/MSAP-NATIVE( 8810): MSAP Native JNI Onload 
05-25 17:37:30.899 D/MSAP-NATIVE( 8810): Class init native, pid 8810, uid 1000, gid 1000
05-25 17:37:30.899 D/MSAP-NATIVE( 8810): jvm = 0x0x7f80757380
05-25 17:37:30.899 V/MSAPM   ( 8810): notify_scan_results_available
05-25 17:37:30.899 E/MSAPM   ( 8810): Handler not yet initialized. Can't send!
05-25 17:37:30.909 D/SecShell( 8231): start get packageName
05-25 17:37:30.909 D/SecShell( 8231): end get packageName
05-25 17:37:30.919 I/art     ( 8144): Explicit concurrent mark sweep GC freed 20(712B) AllocSpace objects, 0(0B) LOS objects, 29% free, 38MB/54MB, paused 958us total 20.159ms
05-25 17:37:30.939 I/ActivityManager( 1022): Start proc com.miui.virtualsim for broadcast com.miui.virtualsim/.receiver.WifiReceiver: pid=8833 uid=1001 gids={41001, 9997, 3002, 3001, 3003, 1028, 1015, 1007, 3009} abi=arm64-v8a
05-25 17:37:30.949 V/LocationPolicy( 1022): onProcessStateChanged
05-25 17:37:30.949 D/SecShell( 8231): start get packageName
05-25 17:37:30.949 D/SecShell( 8231): end get packageName
05-25 17:37:30.959 D/SecShell( 8231): start get packageName
05-25 17:37:30.959 I/art     ( 8144): Explicit concurrent mark sweep GC freed 3(96B) AllocSpace objects, 0(0B) LOS objects, 29% free, 38MB/54MB, paused 662us total 19.372ms
05-25 17:37:30.959 D/SecShell( 8231): end get packageName
05-25 17:37:30.959 D/SecShell( 8231): start get packageName
05-25 17:37:30.959 D/SecShell( 8231): end get packageName
05-25 17:37:30.969 D/SecShell( 8231): start get packageName
05-25 17:37:30.969 D/SecShell( 8231): end get packageName
05-25 17:37:30.969 D/SecShell( 8231): start get packageName
05-25 17:37:30.969 D/SecShell( 8231): end get packageName
05-25 17:37:30.979 V/LocationPolicy( 1022): onProcessStateChanged
05-25 17:37:30.979 D/SecShell( 8231): start get packageName
05-25 17:37:30.979 D/SecShell( 8231): end get packageName
05-25 17:37:30.989 D/SecShell( 8231): start get packageName
05-25 17:37:30.989 D/SecShell( 8231): end get packageName
05-25 17:37:30.989 W/ResourcesManager( 8833): Asset path '/system/framework/cloud-common.jar' does not exist or contains no resources.
05-25 17:37:30.989 D/SecShell( 8231): start get packageName
05-25 17:37:30.989 D/SecShell( 8231): end get packageName
05-25 17:37:30.999 I/art     ( 8144): Explicit concurrent mark sweep GC freed 42(2320B) AllocSpace objects, 0(0B) LOS objects, 29% free, 38MB/54MB, paused 1.139ms total 19.783ms
05-25 17:37:30.999 D/SecShell( 8231): start get packageName
05-25 17:37:30.999 D/SecShell( 8231): end get packageName
05-25 17:37:30.999 D/SecShell( 8231): start get packageName
05-25 17:37:30.999 D/SecShell( 8231): end get packageName
05-25 17:37:31.009 D/SecShell( 8231): start get packageName
05-25 17:37:31.009 D/SecShell( 8231): end get packageName
05-25 17:37:31.009 D/SecShell( 8231): start get packageName
05-25 17:37:31.009 D/SecShell( 8231): end get packageName
05-25 17:37:31.019 D/SecShell( 8231): start get packageName
05-25 17:37:31.019 D/SecShell( 8231): end get packageName
05-25 17:37:31.029 D/SecShell( 8231): start get packageName
05-25 17:37:31.029 D/SecShell( 8231): end get packageName
05-25 17:37:31.029 D/miuisdk ( 8833): current sdk level is 3
05-25 17:37:31.029 D/SecShell( 8231): start get packageName
05-25 17:37:31.029 D/SecShell( 8231): end get packageName
05-25 17:37:31.029 I/art     ( 8144): Explicit concurrent mark sweep GC freed 29(1008B) AllocSpace objects, 0(0B) LOS objects, 29% free, 38MB/54MB, paused 813us total 19.650ms
05-25 17:37:31.039 D/SecShell( 8231): start get packageName
05-25 17:37:31.039 D/SecShell( 8231): end get packageName
05-25 17:37:31.039 D/SecShell( 8231): start get packageName
05-25 17:37:31.039 D/SecShell( 8231): end get packageName
05-25 17:37:31.049 D/SecShell( 8231): start get packageName
05-25 17:37:31.049 D/SecShell( 8231): end get packageName
05-25 17:37:31.049 D/SecShell( 8231): start get packageName
05-25 17:37:31.049 D/SecShell( 8231): end get packageName
05-25 17:37:31.059 I/VirtualSimApp( 8833): onCreate
05-25 17:37:31.059 D/SecShell( 8231): start get packageName
05-25 17:37:31.059 D/SecShell( 8231): end get packageName
05-25 17:37:31.059 D/SecShell( 8231): start get packageName
05-25 17:37:31.069 D/SecShell( 8231): end get packageName
05-25 17:37:31.069 D/SecShell( 8231): start get packageName
05-25 17:37:31.069 D/SecShell( 8231): end get packageName
05-25 17:37:31.079 D/SecShell( 8231): start get packageName
05-25 17:37:31.079 D/SecShell( 8231): end get packageName
05-25 17:37:31.079 D/SecShell( 8231): start get packageName
05-25 17:37:31.079 D/SecShell( 8231): end get packageName
05-25 17:37:31.089 W/ActivityManager( 1022): getRunningAppProcesses: caller 11145 does not hold REAL_GET_TASKS; limiting output
05-25 17:37:31.089 D/SecShell( 8231): start get packageName
05-25 17:37:31.089 D/SecShell( 8231): end get packageName
05-25 17:37:31.109 D/SecShell( 8231): start get packageName
05-25 17:37:31.109 D/SecShell( 8231): end get packageName
05-25 17:37:31.109 D/SecShell( 8231): start get packageName
05-25 17:37:31.109 D/SecShell( 8231): end get packageName
05-25 17:37:31.119 D/SecShell( 8231): start get packageName
05-25 17:37:31.119 D/SecShell( 8231): end get packageName
05-25 17:37:31.119 D/SecShell( 8231): start get packageName
05-25 17:37:31.129 D/SecShell( 8231): end get packageName
05-25 17:37:31.129 D/SecShell( 8231): start get packageName
05-25 17:37:31.129 D/SecShell( 8231): end get packageName
05-25 17:37:31.139 D/SecShell( 8231): start get packageName
05-25 17:37:31.139 D/SecShell( 8231): end get packageName
05-25 17:37:31.159 D/WifiService( 1022): New client listening to asynchronous messages
05-25 17:37:31.159 D/SecShell( 8231): start get packageName
05-25 17:37:31.159 D/SecShell( 8231): end get packageName
05-25 17:37:31.169 D/SecShell( 8231): start get packageName
05-25 17:37:31.169 D/SecShell( 8231): end get packageName
05-25 17:37:31.179 V/LocationPolicy( 1022): onProcessStateChanged
05-25 17:37:31.179 D/SecShell( 8231): start get packageName
05-25 17:37:31.179 D/SecShell( 8231): end get packageName
05-25 17:37:31.189 V/LocationPolicy( 1022): onProcessStateChanged
05-25 17:37:31.189 V/LocationPolicy( 1022): onProcessStateChanged
05-25 17:37:31.189 D/SecShell( 8231): start get packageName
05-25 17:37:31.189 D/SecShell( 8231): end get packageName
