05-25 17:37:02.839 E/ServiceManager(10642): 	at android.os.BinderProxy.transactNative(Native Method)
05-25 17:37:02.839 E/ServiceManager(10642): 	at android.os.BinderProxy.transact(Binder.java:496)
05-25 17:37:02.839 E/ServiceManager(10642): 	at android.os.ServiceManagerProxy.getService(ServiceManagerNative.java:123)
05-25 17:37:02.839 E/ServiceManager(10642): 	at android.os.ServiceManager.getService(ServiceManager.java:55)
05-25 17:37:02.839 E/ServiceManager(10642): 	at android.app.ActivityManagerNative$1.create(ActivityManagerNative.java:2339)
05-25 17:37:02.839 E/ServiceManager(10642): 	at android.app.ActivityManagerNative$1.create(ActivityManagerNative.java:2337)
05-25 17:37:02.839 E/ServiceManager(10642): 	at android.util.Singleton.get(Singleton.java:34)
05-25 17:37:02.839 E/ServiceManager(10642): 	at android.app.ActivityManagerNative.getDefault(ActivityManagerNative.java:82)
05-25 17:37:02.839 E/ServiceManager(10642): 	at com.android.internal.os.RuntimeInit.wtf(RuntimeInit.java:345)
05-25 17:37:02.839 E/ServiceManager(10642): 	at android.util.Log$1.onTerribleFailure(Log.java:104)
05-25 17:37:02.839 E/ServiceManager(10642): 	at android.util.Log.wtf(Log.java:298)
05-25 17:37:02.839 E/ServiceManager(10642): 	at android.util.Log.wtf(Log.java:260)
05-25 17:37:02.839 E/ServiceManager(10642): 	at android.os.Looper.loop(Looper.java:145)
05-25 17:37:02.839 E/ServiceManager(10642): 	at android.os.HandlerThread.run(HandlerThread.java:61)
05-25 17:37:02.839 E/AndroidRuntime(10642): Error reporting WTF
05-25 17:37:02.839 E/AndroidRuntime(10642): java.lang.NullPointerException: Attempt to invoke interface method 'boolean android.app.IActivityManager.handleApplicationWtf(android.os.IBinder, java.lang.String, boolean, android.app.ApplicationErrorReport$CrashInfo)' on a null object reference
05-25 17:37:02.839 E/AndroidRuntime(10642): 	at com.android.internal.os.RuntimeInit.wtf(RuntimeInit.java:345)
05-25 17:37:02.839 E/AndroidRuntime(10642): 	at android.util.Log$1.onTerribleFailure(Log.java:104)
05-25 17:37:02.839 E/AndroidRuntime(10642): 	at android.util.Log.wtf(Log.java:298)
05-25 17:37:02.839 E/AndroidRuntime(10642): 	at android.util.Log.wtf(Log.java:260)
05-25 17:37:02.839 E/AndroidRuntime(10642): 	at android.os.Looper.loop(Looper.java:145)
05-25 17:37:02.839 E/AndroidRuntime(10642): 	at android.os.HandlerThread.run(HandlerThread.java:61)
05-25 17:37:02.839 E/AndroidRuntime(10642): Original WTF:
05-25 17:37:02.839 E/AndroidRuntime(10642): android.util.Log$TerribleFailure: Thread identity changed from 0x293600000cec to 0x293600002992 while dispatching to android.os.Handler com.qihoo.appstore.persistent.a@245a7c24 what=0
05-25 17:37:02.839 E/AndroidRuntime(10642): 	at android.util.Log.wtf(Log.java:295)
05-25 17:37:02.839 E/AndroidRuntime(10642): 	at android.util.Log.wtf(Log.java:260)
05-25 17:37:02.839 E/AndroidRuntime(10642): 	at android.os.Looper.loop(Looper.java:145)
05-25 17:37:02.839 E/AndroidRuntime(10642): 	at android.os.HandlerThread.run(HandlerThread.java:61)
05-25 17:37:02.849 I/art     ( 8144): Explicit concurrent mark sweep GC freed 1427(70KB) AllocSpace objects, 0(0B) LOS objects, 29% free, 38MB/54MB, paused 726us total 25.767ms
05-25 17:37:02.869 W/System.err( 3061): java.lang.ArrayIndexOutOfBoundsException: length=58; index=58
05-25 17:37:02.869 W/System.err( 3061): 	at com.lbe.security.service.provider.internal.AppOpsAdapter$1.getDefaultOp(AppOpsAdapter.java:279)
05-25 17:37:02.879 W/System.err( 3061): 	at com.android.internal.app.IOpsCallback$Stub.onTransact(IOpsCallback.java:68)
05-25 17:37:02.879 W/System.err( 3061): 	at android.os.Binder.execTransact(Binder.java:446)
05-25 17:37:02.879 W/ActivityManager( 1022): getTasks: caller 10550 does not hold REAL_GET_TASKS; limiting output
05-25 17:37:02.879 W/ActivityManager( 1022): getRunningAppProcesses: caller 10550 does not hold REAL_GET_TASKS; limiting output
05-25 17:37:02.889 I/art     ( 8144): Explicit concurrent mark sweep GC freed 260(23KB) AllocSpace objects, 1(16KB) LOS objects, 29% free, 38MB/54MB, paused 927us total 22.983ms
05-25 17:37:02.939 I/art     ( 8144): Explicit concurrent mark sweep GC freed 500(102KB) AllocSpace objects, 7(160KB) LOS objects, 29% free, 38MB/54MB, paused 660us total 19.874ms
05-25 17:37:02.939 W/ResourcesManager( 6447): Asset path '/system/framework/protobuf.jar' does not exist or contains no resources.
05-25 17:37:02.939 W/ResourcesManager( 6447): Asset path '/system/framework/android-support-v13.jar' does not exist or contains no resources.
05-25 17:37:02.939 W/ResourcesManager( 6447): Asset path '/system/framework/javax.obex.jar' does not exist or contains no resources.
05-25 17:37:02.939 W/ResourcesManager( 6447): Asset path '/system/framework/cloud-common.jar' does not exist or contains no resources.
05-25 17:37:02.969 I/art     ( 8144): Explicit concurrent mark sweep GC freed 126(5KB) AllocSpace objects, 0(0B) LOS objects, 29% free, 38MB/54MB, paused 865us total 19.043ms
05-25 17:37:03.019 W/ResourcesManager( 6447): Asset path '/system/framework/protobuf.jar' does not exist or contains no resources.
05-25 17:37:03.019 W/ResourcesManager( 6447): Asset path '/system/framework/microlog4android.jar' does not exist or contains no resources.
05-25 17:37:03.019 W/ResourcesManager( 6447): Asset path '/system/framework/android-support-v4.jar' does not exist or contains no resources.
05-25 17:37:03.019 W/ResourcesManager( 6447): Asset path '/system/framework/cloud-common.jar' does not exist or contains no resources.
05-25 17:37:03.039 D/MultipleRenderable( 1432): add: miui.maml.FancyDrawable@3788ef89
05-25 17:37:03.039 D/RendererCore( 1432): add: miui.maml.FancyDrawable@3788ef89 size:3
05-25 17:37:03.069 D/MultipleRenderable( 1432): add: miui.maml.FancyDrawable@34d3329a
05-25 17:37:03.069 D/RendererCore( 1432): add: miui.maml.FancyDrawable@34d3329a size:4
05-25 17:37:03.109 I/RenderThread( 1432): Sleep for long time:9223372036854775807 ms
05-25 17:37:03.109 I/art     ( 1432): Note: end time exceeds epoch: 
05-25 17:37:03.139 I/art     ( 8144): Explicit concurrent mark sweep GC freed 1038(62KB) AllocSpace objects, 1(16KB) LOS objects, 29% free, 38MB/54MB, paused 1.162ms total 39.267ms
05-25 17:37:03.159 W/ResourcesManager( 6447): Asset path '/system/framework/android-support-v13.jar' does not exist or contains no resources.
05-25 17:37:03.159 W/ResourcesManager( 6447): Asset path '/system/framework/cloud-common.jar' does not exist or contains no resources.
05-25 17:37:03.169 W/ResourcesManager( 6447): Asset path '/system/framework/protobuf.jar' does not exist or contains no resources.
05-25 17:37:03.169 W/ResourcesManager( 6447): Asset path '/system/framework/cloud-common.jar' does not exist or contains no resources.
05-25 17:37:03.179 W/ActivityManager( 1022): getRunningAppProcesses: caller 10104 does not hold REAL_GET_TASKS; limiting output
05-25 17:37:03.179 W/System.err( 3061): java.lang.ArrayIndexOutOfBoundsException: length=58; index=58
05-25 17:37:03.179 W/System.err( 3061): 	at com.lbe.security.service.provider.internal.AppOpsAdapter$1.getDefaultOp(AppOpsAdapter.java:279)
05-25 17:37:03.179 W/System.err( 3061): 	at com.android.internal.app.IOpsCallback$Stub.onTransact(IOpsCallback.java:68)
05-25 17:37:03.179 W/System.err( 3061): 	at android.os.Binder.execTransact(Binder.java:446)
05-25 17:37:03.199 I/art     ( 8144): Explicit concurrent mark sweep GC freed 22(776B) AllocSpace objects, 0(0B) LOS objects, 29% free, 38MB/54MB, paused 1.117ms total 27.784ms
05-25 17:37:03.249 I/art     ( 8144): Explicit concurrent mark sweep GC freed 3(96B) AllocSpace objects, 0(0B) LOS objects, 29% free, 38MB/54MB, paused 748us total 23.500ms
05-25 17:37:03.289 I/art     ( 8144): Explicit concurrent mark sweep GC freed 3(96B) AllocSpace objects, 0(0B) LOS objects, 29% free, 38MB/54MB, paused 678us total 20.824ms
05-25 17:37:03.329 I/art     ( 8144): Explicit concurrent mark sweep GC freed 3(96B) AllocSpace objects, 0(0B) LOS objects, 29% free, 38MB/54MB, paused 635us total 21.879ms
05-25 17:37:03.389 D/SecShell( 8231): start get packageName
05-25 17:37:03.389 D/SecShell( 8231): end get packageName
05-25 17:37:03.409 D/SecShell( 8231): READLINK ERROR
05-25 17:37:03.409 D/SecShell( 8231): READLINK ERROR
05-25 17:37:03.419 D/SecShell( 8231): READLINK ERROR
05-25 17:37:03.419 D/SecShell( 8231): READLINK ERROR
05-25 17:37:03.419 D/SecShell( 8231): READLINK ERROR
05-25 17:37:03.419 D/SecShell( 8231): READLINK ERROR
05-25 17:37:03.429 D/SecShell( 8231): READLINK ERROR
05-25 17:37:03.429 D/SecShell( 8231): READLINK ERROR
05-25 17:37:03.439 W/ResourcesManager( 6447): Asset path '/system/framework/protobuf.jar' does not exist or contains no resources.
05-25 17:37:03.439 W/ResourcesManager( 6447): Asset path '/system/framework/cloud-common.jar' does not exist or contains no resources.
05-25 17:37:03.499 I/art     ( 8144): Explicit concurrent mark sweep GC freed 1016(61KB) AllocSpace objects, 1(16KB) LOS objects, 29% free, 38MB/54MB, paused 2.189ms total 42.354ms
05-25 17:37:03.559 I/art     ( 8144): Explicit concurrent mark sweep GC freed 20(712B) AllocSpace objects, 0(0B) LOS objects, 29% free, 38MB/54MB, paused 799us total 27.765ms
05-25 17:37:03.569 W/ResourcesManager( 6447): Asset path '/system/framework/protobuf.jar' does not exist or contains no resources.
05-25 17:37:03.569 W/ResourcesManager( 6447): Asset path '/system/framework/android-support-v13.jar' does not exist or contains no resources.
05-25 17:37:03.569 W/ResourcesManager( 6447): Asset path '/system/framework/zxing.jar' does not exist or contains no resources.
05-25 17:37:03.569 W/ResourcesManager( 6447): Asset path '/system/framework/cloud-common.jar' does not exist or contains no resources.
05-25 17:37:03.599 I/art     ( 8144): Explicit concurrent mark sweep GC freed 3(96B) AllocSpace objects, 0(0B) LOS objects, 29% free, 38MB/54MB, paused 642us total 23.160ms
05-25 17:37:03.639 I/art     ( 8144): Explicit concurrent mark sweep GC freed 3(96B) AllocSpace objects, 0(0B) LOS objects, 29% free, 38MB/54MB, paused 829us total 20.327ms
05-25 17:37:03.649 W/ResourcesManager( 6447): Asset path '/system/framework/android-support-v4.jar' does not exist or contains no resources.
05-25 17:37:03.649 W/ResourcesManager( 6447): Asset path '/system/framework/cloud-common.jar' does not exist or contains no resources.
05-25 17:37:03.679 I/art     ( 8144): Explicit concurrent mark sweep GC freed 4(128B) AllocSpace objects, 0(0B) LOS objects, 29% free, 38MB/54MB, paused 698us total 19.600ms
05-25 17:37:03.699 V/LocationPolicy( 1022): onProcessStateChanged
05-25 17:37:03.699 I/ResourceHelperService( 6447): onUnbind
05-25 17:37:03.699 I/ResourceHelperService( 6447): onDestroy
05-25 17:37:03.699 V/LocationPolicy( 1022): onProcessStateChanged
05-25 17:37:03.829 W/ActivityManager( 1022): getRunningAppProcesses: caller 11145 does not hold REAL_GET_TASKS; limiting output
05-25 17:37:03.929 W/ContextImpl( 1432): Calling a method in the system process without a qualified user: android.app.ContextImpl.sendBroadcast:1323 android.content.ContextWrapper.sendBroadcast:376 com.android.systemui.taskmanager.TaskManagerView.sendVisibilityChangedBroadcast:650 com.android.systemui.taskmanager.TaskManagerView.access$1700:86 com.android.systemui.taskmanager.TaskManagerView$11.run:581 
05-25 17:37:04.059 W/ContextImpl( 1432): Calling a method in the system process without a qualified user: android.app.ContextImpl.sendBroadcast:1323 android.content.ContextWrapper.sendBroadcast:376 com.android.systemui.taskmanager.TaskManagerView.sendVisibilityChangedBroadcast:650 com.android.systemui.taskmanager.TaskManagerView.show:595 com.android.systemui.taskmanager.TaskManagerView$6.onClick:385 
05-25 17:37:04.059 I/Analytics( 1432): start session(com.android.systemui)
05-25 17:37:04.059 I/Analytics( 1432): end session(com.android.systemui)
05-25 17:37:04.059 W/ContextImpl( 1432): Calling a method in the system process without a qualified user: android.app.ContextImpl.bindService:1752 android.content.ContextWrapper.bindService:538 miui.analytics.Analytics.endSession:120 com.android.systemui.taskmanager.TaskManagerView.show:638 com.android.systemui.taskmanager.TaskManagerView$6.onClick:385 
05-25 17:37:04.179 W/ActivityManager( 1022): getRunningAppProcesses: caller 10104 does not hold REAL_GET_TASKS; limiting output
05-25 17:37:04.189 W/System.err( 3061): java.lang.ArrayIndexOutOfBoundsException: length=58; index=58
05-25 17:37:04.189 W/System.err( 3061): 	at com.lbe.security.service.provider.internal.AppOpsAdapter$1.getDefaultOp(AppOpsAdapter.java:279)
05-25 17:37:04.189 W/System.err( 3061): 	at com.android.internal.app.IOpsCallback$Stub.onTransact(IOpsCallback.java:68)
05-25 17:37:04.189 W/System.err( 3061): 	at android.os.Binder.execTransact(Binder.java:446)
05-25 17:37:04.459 I/MSM-irqbalance(  807): Decided to move IRQ65 from CPU3 to CPU0
05-25 17:37:04.549 W/InputMethodManagerService( 1022): Window already focused, ignoring focus gain of: com.android.internal.view.IInputMethodClient$Stub$Proxy@d6a05cc attribute=null, token = android.os.BinderProxy@ae93d0a
05-25 17:37:04.839 W/ActivityManager( 1022): getRunningAppProcesses: caller 11145 does not hold REAL_GET_TASKS; limiting output
05-25 17:37:05.199 W/ActivityManager( 1022): getRunningAppProcesses: caller 10104 does not hold REAL_GET_TASKS; limiting output
05-25 17:37:05.209 W/System.err( 3061): java.lang.ArrayIndexOutOfBoundsException: length=58; index=58
05-25 17:37:05.209 W/System.err( 3061): 	at com.lbe.security.service.provider.internal.AppOpsAdapter$1.getDefaultOp(AppOpsAdapter.java:279)
05-25 17:37:05.209 W/System.err( 3061): 	at com.android.internal.app.IOpsCallback$Stub.onTransact(IOpsCallback.java:68)
05-25 17:37:05.209 W/System.err( 3061): 	at android.os.Binder.execTransact(Binder.java:446)
05-25 17:37:05.409 D/wpa_supplicant( 1538): wlan0: Control interface command 'SIGNAL_POLL'
05-25 17:37:05.429 D/StatusBar.NetworkController( 1432): slot=-10;action=android.net.wifi.RSSI_CHANGED
05-25 17:37:05.439 D/StatusBar.NetworkController( 1432): updateNetworkName mNetworkName[0]=只能拨打紧急呼救电话 mTempNetworkName[0] = 只能拨打紧急呼救电话
05-25 17:37:05.439 D/StatusBar.NetworkController( 1432): updateNetworkName mNetworkName[1]=无服务 mTempNetworkName[1] = 无服务
05-25 17:37:05.499 W/PushService( 1521): 2016-05-25 17:37:05,514 - [WARN::PushService] - [Thread:49] receive a message, appid=2882303761517130032, msgid= subcribe_50867870104
05-25 17:37:05.639 I/art     ( 1491): Explicit concurrent mark sweep GC freed 49261(2MB) AllocSpace objects, 0(0B) LOS objects, 37% free, 27MB/43MB, paused 989us total 42.781ms
05-25 17:37:05.749 I/art     ( 8144): Explicit concurrent mark sweep GC freed 3020(261KB) AllocSpace objects, 12(241KB) LOS objects, 29% free, 38MB/54MB, paused 1.227ms total 38.655ms
05-25 17:37:05.799 I/art     ( 8144): Explicit concurrent mark sweep GC freed 193(8KB) AllocSpace objects, 0(0B) LOS objects, 29% free, 38MB/54MB, paused 909us total 25.012ms
05-25 17:37:05.839 I/art     ( 8144): Explicit concurrent mark sweep GC freed 3(96B) AllocSpace objects, 0(0B) LOS objects, 29% free, 38MB/54MB, paused 842us total 20.889ms
05-25 17:37:05.839 F/Looper  (10642): Thread identity changed from 0x293600000cec to 0x293600002992 while dispatching to android.os.Handler com.qihoo.appstore.persistent.a@245a7c24 what=0
05-25 17:37:05.839 E/JavaBinder(10642): !!! FAILED BINDER TRANSACTION !!!
05-25 17:37:05.839 E/ServiceManager(10642): error in getService
05-25 17:37:05.839 E/ServiceManager(10642): android.os.TransactionTooLargeException
05-25 17:37:05.839 E/ServiceManager(10642): 	at android.os.BinderProxy.transactNative(Native Method)
05-25 17:37:05.839 E/ServiceManager(10642): 	at android.os.BinderProxy.transact(Binder.java:496)
05-25 17:37:05.839 E/ServiceManager(10642): 	at android.os.ServiceManagerProxy.getService(ServiceManagerNative.java:123)
05-25 17:37:05.839 E/ServiceManager(10642): 	at android.os.ServiceManager.getService(ServiceManager.java:55)
05-25 17:37:05.839 E/ServiceManager(10642): 	at android.app.ActivityManagerNative$1.create(ActivityManagerNative.java:2339)
05-25 17:37:05.839 E/ServiceManager(10642): 	at android.app.ActivityManagerNative$1.create(ActivityManagerNative.java:2337)
05-25 17:37:05.839 E/ServiceManager(10642): 	at android.util.Singleton.get(Singleton.java:34)
05-25 17:37:05.839 E/ServiceManager(10642): 	at android.app.ActivityManagerNative.getDefault(ActivityManagerNative.java:82)
05-25 17:37:05.839 E/ServiceManager(10642): 	at com.android.internal.os.RuntimeInit.wtf(RuntimeInit.java:345)
05-25 17:37:05.839 E/ServiceManager(10642): 	at android.util.Log$1.onTerribleFailure(Log.java:104)
05-25 17:37:05.839 E/ServiceManager(10642): 	at android.util.Log.wtf(Log.java:298)
05-25 17:37:05.839 E/ServiceManager(10642): 	at android.util.Log.wtf(Log.java:260)
05-25 17:37:05.839 E/ServiceManager(10642): 	at android.os.Looper.loop(Looper.java:145)
05-25 17:37:05.839 E/ServiceManager(10642): 	at android.os.HandlerThread.run(HandlerThread.java:61)
05-25 17:37:05.849 E/AndroidRuntime(10642): Error reporting WTF
05-25 17:37:05.849 E/AndroidRuntime(10642): java.lang.NullPointerException: Attempt to invoke interface method 'boolean android.app.IActivityManager.handleApplicationWtf(android.os.IBinder, java.lang.String, boolean, android.app.ApplicationErrorReport$CrashInfo)' on a null object reference
05-25 17:37:05.849 E/AndroidRuntime(10642): 	at com.android.internal.os.RuntimeInit.wtf(RuntimeInit.java:345)
05-25 17:37:05.849 E/AndroidRuntime(10642): 	at android.util.Log$1.onTerribleFailure(Log.java:104)
05-25 17:37:05.849 E/AndroidRuntime(10642): 	at android.util.Log.wtf(Log.java:298)
05-25 17:37:05.849 E/AndroidRuntime(10642): 	at android.util.Log.wtf(Log.java:260)
05-25 17:37:05.849 E/AndroidRuntime(10642): 	at android.os.Looper.loop(Looper.java:145)
05-25 17:37:05.849 E/AndroidRuntime(10642): 	at android.os.HandlerThread.run(HandlerThread.java:61)
05-25 17:37:05.849 W/ActivityManager( 1022): getRunningAppProcesses: caller 11145 does not hold REAL_GET_TASKS; limiting output
05-25 17:37:05.849 E/AndroidRuntime(10642): Original WTF:
05-25 17:37:05.849 E/AndroidRuntime(10642): android.util.Log$TerribleFailure: Thread identity changed from 0x293600000cec to 0x293600002992 while dispatching to android.os.Handler com.qihoo.appstore.persistent.a@245a7c24 what=0
05-25 17:37:05.849 E/AndroidRuntime(10642): 	at android.util.Log.wtf(Log.java:295)
05-25 17:37:05.849 E/AndroidRuntime(10642): 	at android.util.Log.wtf(Log.java:260)
05-25 17:37:05.849 E/AndroidRuntime(10642): 	at android.os.Looper.loop(Looper.java:145)
05-25 17:37:05.849 E/AndroidRuntime(10642): 	at android.os.HandlerThread.run(HandlerThread.java:61)
05-25 17:37:05.879 I/art     ( 8144): Explicit concurrent mark sweep GC freed 12(400B) AllocSpace objects, 0(0B) LOS objects, 29% free, 38MB/54MB, paused 1.111ms total 20.940ms
05-25 17:37:05.919 I/art     ( 8144): Explicit concurrent mark sweep GC freed 3(96B) AllocSpace objects, 0(0B) LOS objects, 29% free, 38MB/54MB, paused 1.171ms total 21.225ms
05-25 17:37:06.189 I/art     ( 8144): Explicit concurrent mark sweep GC freed 1020(62KB) AllocSpace objects, 1(16KB) LOS objects, 29% free, 38MB/54MB, paused 4.348ms total 62.914ms
05-25 17:37:06.199 D/MultipleRenderable( 1432): add: miui.maml.FancyDrawable@298fccf9
05-25 17:37:06.199 D/RendererCore( 1432): add: miui.maml.FancyDrawable@298fccf9 size:5
05-25 17:37:06.219 W/ActivityManager( 1022): getRunningAppProcesses: caller 10104 does not hold REAL_GET_TASKS; limiting output
05-25 17:37:06.219 D/MultipleRenderable( 1432): add: miui.maml.FancyDrawable@444543e
05-25 17:37:06.219 D/RendererCore( 1432): add: miui.maml.FancyDrawable@444543e size:6
05-25 17:37:06.219 W/System.err( 3061): java.lang.ArrayIndexOutOfBoundsException: length=58; index=58
05-25 17:37:06.229 W/System.err( 3061): 	at com.lbe.security.service.provider.internal.AppOpsAdapter$1.getDefaultOp(AppOpsAdapter.java:279)
05-25 17:37:06.229 W/System.err( 3061): 	at com.android.internal.app.IOpsCallback$Stub.onTransact(IOpsCallback.java:68)
05-25 17:37:06.229 W/System.err( 3061): 	at android.os.Binder.execTransact(Binder.java:446)
05-25 17:37:06.249 I/art     ( 8144): Explicit concurrent mark sweep GC freed 34(1272B) AllocSpace objects, 0(0B) LOS objects, 29% free, 38MB/54MB, paused 1.072ms total 26.200ms
05-25 17:37:06.249 I/RenderThread( 1432): Sleep for long time:9223372036854775807 ms
05-25 17:37:06.249 I/art     ( 1432): Note: end time exceeds epoch: 
05-25 17:37:06.289 I/art     ( 8144): Explicit concurrent mark sweep GC freed 3(96B) AllocSpace objects, 0(0B) LOS objects, 29% free, 38MB/54MB, paused 865us total 22.673ms
05-25 17:37:06.339 I/art     ( 8144): Explicit concurrent mark sweep GC freed 3(96B) AllocSpace objects, 0(0B) LOS objects, 29% free, 38MB/54MB, paused 693us total 22.820ms
05-25 17:37:06.379 I/art     ( 8144): Explicit concurrent mark sweep GC freed 3(96B) AllocSpace objects, 0(0B) LOS objects, 29% free, 38MB/54MB, paused 770us total 23.287ms
05-25 17:37:06.619 I/art     ( 8144): Explicit concurrent mark sweep GC freed 1019(62KB) AllocSpace objects, 1(16KB) LOS objects, 29% free, 38MB/54MB, paused 3.205ms total 65.905ms
05-25 17:37:06.699 W/ContextImpl( 1432): Calling a method in the system process without a qualified user: android.app.ContextImpl.sendBroadcast:1323 android.content.ContextWrapper.sendBroadcast:376 com.android.systemui.taskmanager.TaskManagerView.sendVisibilityChangedBroadcast:650 com.android.systemui.taskmanager.TaskManagerView.show:595 com.android.systemui.taskmanager.TaskManagerView$6.onClick:385 
05-25 17:37:06.699 I/art     ( 8144): Explicit concurrent mark sweep GC freed 22(760B) AllocSpace objects, 0(0B) LOS objects, 29% free, 38MB/54MB, paused 1.042ms total 34.056ms
05-25 17:37:06.699 I/Analytics( 1432): start session(com.android.systemui)
05-25 17:37:06.699 I/Analytics( 1432): end session(com.android.systemui)
05-25 17:37:06.699 W/ContextImpl( 1432): Calling a method in the system process without a qualified user: android.app.ContextImpl.bindService:1752 android.content.ContextWrapper.bindService:538 miui.analytics.Analytics.endSession:120 com.android.systemui.taskmanager.TaskManagerView.show:638 com.android.systemui.taskmanager.TaskManagerView$6.onClick:385 
05-25 17:37:06.759 I/art     ( 8144): Explicit concurrent mark sweep GC freed 3(96B) AllocSpace objects, 0(0B) LOS objects, 29% free, 38MB/54MB, paused 990us total 26.739ms
05-25 17:37:06.799 I/art     ( 8144): Explicit concurrent mark sweep GC freed 3(96B) AllocSpace objects, 0(0B) LOS objects, 29% free, 38MB/54MB, paused 784us total 21.834ms
05-25 17:37:06.849 I/art     ( 8144): Explicit concurrent mark sweep GC freed 3(96B) AllocSpace objects, 0(0B) LOS objects, 29% free, 38MB/54MB, paused 985us total 23.022ms
05-25 17:37:06.849 W/ActivityManager( 1022): getRunningAppProcesses: caller 11145 does not hold REAL_GET_TASKS; limiting output
05-25 17:37:07.179 W/InputMethodManagerService( 1022): Window already focused, ignoring focus gain of: com.android.internal.view.IInputMethodClient$Stub$Proxy@314beccd attribute=null, token = android.os.BinderProxy@ae93d0a
05-25 17:37:07.219 D/MultipleRenderable( 1432): add: miui.maml.FancyDrawable@323cb06d
05-25 17:37:07.219 D/RendererCore( 1432): add: miui.maml.FancyDrawable@323cb06d size:7
05-25 17:37:07.229 W/ActivityManager( 1022): getRunningAppProcesses: caller 10104 does not hold REAL_GET_TASKS; limiting output
05-25 17:37:07.229 W/System.err( 3061): java.lang.ArrayIndexOutOfBoundsException: length=58; index=58
05-25 17:37:07.229 W/System.err( 3061): 	at com.lbe.security.service.provider.internal.AppOpsAdapter$1.getDefaultOp(AppOpsAdapter.java:279)
05-25 17:37:07.229 W/System.err( 3061): 	at com.android.internal.app.IOpsCallback$Stub.onTransact(IOpsCallback.java:68)
05-25 17:37:07.229 W/System.err( 3061): 	at android.os.Binder.execTransact(Binder.java:446)
05-25 17:37:07.239 D/MultipleRenderable( 1432): add: miui.maml.FancyDrawable@2e684a2
05-25 17:37:07.239 D/RendererCore( 1432): add: miui.maml.FancyDrawable@2e684a2 size:8
05-25 17:37:07.269 I/RenderThread( 1432): Sleep for long time:9223372036854775807 ms
05-25 17:37:07.269 I/art     ( 1432): Note: end time exceeds epoch: 
05-25 17:37:07.729 W/ContextImpl( 1432): Calling a method in the system process without a qualified user: android.app.ContextImpl.sendBroadcast:1323 android.content.ContextWrapper.sendBroadcast:376 com.android.systemui.taskmanager.TaskManagerView.sendVisibilityChangedBroadcast:650 com.android.systemui.taskmanager.TaskManagerView.show:595 com.android.systemui.taskmanager.TaskManagerView.showTaskByAnimation:260 
05-25 17:37:07.729 I/Analytics( 1432): start session(com.android.systemui)
05-25 17:37:07.729 I/Analytics( 1432): end session(com.android.systemui)
05-25 17:37:07.729 W/ContextImpl( 1432): Calling a method in the system process without a qualified user: android.app.ContextImpl.bindService:1752 android.content.ContextWrapper.bindService:538 miui.analytics.Analytics.endSession:120 com.android.systemui.taskmanager.TaskManagerView.show:638 com.android.systemui.taskmanager.TaskManagerView.showTaskByAnimation:260 
05-25 17:37:07.749 E/ActivityManager( 1022): Invalid thumbnail dimensions: 0x0
05-25 17:37:07.749 I/TDLog   ( 8144): onPause# login.NewbieProcessActivity
05-25 17:37:07.759 D/PowerKeeperEventLogManager( 2224): notifyForegroundCompomentChanged ComponentInfo{com.qihoo.appstore/com.qihoo.appstore.home.MainActivity}
05-25 17:37:07.769 I/Timeline( 1022): Timeline: App_transition_ready time:22696352
05-25 17:37:07.769 V/LocationPolicy( 1022): onProcessStateChanged
05-25 17:37:07.769 V/LocationPolicy( 1022): onProcessStateChanged
05-25 17:37:07.769 E/WifiStateMachine( 1022): WifiStateMachine CMD_START_SCAN source -2 txSuccessRate=41.73 rxSuccessRate=42.05 targetRoamBSSID=any RSSI=-55
05-25 17:37:07.789 I/Timeline( 1022): Timeline: App_transition_ready time:22696373
05-25 17:37:07.799 W/ActivityManager( 1022): getTasks: caller 10550 does not hold REAL_GET_TASKS; limiting output
05-25 17:37:07.809 I/Timeline( 1022): Timeline: App_transition_ready time:22696394
05-25 17:37:07.819 D/g       ( 2528): Load image from memory cache [http://p6.qhimg.com/dr/160_160_/t0170588bd5c48a3b97.png_220x220]
05-25 17:37:07.819 D/g       ( 2528): Load image from memory cache [http://p6.qhimg.com/dr/160_160_/t0124d3a829baedd570.png_220x220]
05-25 17:37:07.819 D/g       ( 2528): Load image from memory cache [http://p6.qhimg.com/dr/160_160_/t010e52025edc1e1b3a.png_220x220]
05-25 17:37:07.819 D/g       ( 2528): Load image from memory cache [http://p6.qhimg.com/dr/160_160_/t0180addfb7ec998fcd.png_220x220]
05-25 17:37:07.829 W/        ( 2528): Unable to open '/system/framework/extendedmediaextractor.jar': No such file or directory
05-25 17:37:07.829 W/art     ( 2528): Failed to open zip archive '/system/framework/extendedmediaextractor.jar': I/O Error
05-25 17:37:07.829 D/g       ( 2528): Load image from memory cache [http://p6.qhimg.com/t010c3e258c0389aa05.png_220x220]
05-25 17:37:07.829 D/g       ( 2528): Load image from memory cache [http://p6.qhimg.com/t018e38099733775f91.png_202x202]
05-25 17:37:07.829 D/DnsFallback(  430): query: p.s.360.cn
05-25 17:37:07.839 D/g       ( 2528): Load image from memory cache [http://p6.qhimg.com/t018e38099733775f91.png_202x202]
05-25 17:37:07.839 D/g       ( 2528): Load image from memory cache [http://p6.qhimg.com/dr/160_160_/t018c7d7da46986367f.png_202x202]
05-25 17:37:07.839 I/XiaomiFirewall( 1562): firewall pkgName:com.qihoo.appstore, result:0
05-25 17:37:07.839 D/g       ( 2528): Load image from memory cache [http://p6.qhimg.com/dr/160_160_/t0149f4078a514a75b3.png_202x202]
05-25 17:37:07.839 D/g       ( 2528): Load image from memory cache [http://p6.qhimg.com/dr/160_160_/t01f80b146680633a73.png_202x202]
05-25 17:37:07.839 D/g       ( 2528): Load image from memory cache [http://p6.qhimg.com/dr/160_160_/t01421633dbb8f37475.png_220x220]
05-25 17:37:07.849 D/g       ( 2528): Load image from memory cache [http://p6.qhimg.com/dr/160_160_/t01e2ba7895431ab229.png_220x220]
05-25 17:37:07.849 D/g       ( 2528): Load image from memory cache [http://p6.qhimg.com/dr/160_160_/t015061f829be46cf6e.png_220x220]
05-25 17:37:07.849 W/ActivityManager( 1022): getRunningAppProcesses: caller 11145 does not hold REAL_GET_TASKS; limiting output
05-25 17:37:07.849 D/g       ( 2528): Load image from memory cache [http://p6.qhimg.com/dr/160_160_/t01d12277061e3c2ab8.png_220x220]
05-25 17:37:07.879 I/Timeline( 2528): Timeline: Activity_idle id: android.os.BinderProxy@15b85034 time:22696460
05-25 17:37:07.879 I/Timeline( 1022): Timeline: App_transition_ready time:22696464
05-25 17:37:07.889 I/Timeline( 1022): Timeline: Activity_windows_visible id: ActivityRecord{38bd79da u0 com.qihoo.appstore/.home.MainActivity t4274} time:22696470
05-25 17:37:07.889 I/Timeline( 1022): Timeline: App_transition_stopped time:22696472
05-25 17:37:07.909 I/System.out( 2528): send all data
05-25 17:37:07.919 W/System.err( 3061): java.lang.ArrayIndexOutOfBoundsException: length=58; index=58
05-25 17:37:07.919 W/System.err( 3061): 	at com.lbe.security.service.provider.internal.AppOpsAdapter$1.getDefaultOp(AppOpsAdapter.java:279)
05-25 17:37:07.919 W/System.err( 3061): 	at com.android.internal.app.IOpsCallback$Stub.onTransact(IOpsCallback.java:68)
05-25 17:37:07.919 W/System.err( 3061): 	at android.os.Binder.execTransact(Binder.java:446)
05-25 17:37:07.919 W/ActivityManager( 1022): getTasks: caller 10550 does not hold REAL_GET_TASKS; limiting output
05-25 17:37:07.939 W/ActivityManager( 1022): getRunningAppProcesses: caller 10550 does not hold REAL_GET_TASKS; limiting output
05-25 17:37:07.989 W/        ( 1590): Unable to open '/system/framework/extendedmediaextractor.jar': No such file or directory
05-25 17:37:07.989 W/art     ( 1590): Failed to open zip archive '/system/framework/extendedmediaextractor.jar': I/O Error
05-25 17:37:07.999 D/DnsFallback(  430): query: p.s.360.cn
05-25 17:37:07.999 I/XiaomiFirewall( 1562): firewall pkgName:com.qihoo.appstore, result:0
05-25 17:37:08.089 W/        ( 1590): Unable to open '/system/framework/extendedmediaextractor.jar': No such file or directory
05-25 17:37:08.089 W/art     ( 1590): Failed to open zip archive '/system/framework/extendedmediaextractor.jar': I/O Error
05-25 17:37:08.169 W/System.err( 3061): java.lang.ArrayIndexOutOfBoundsException: length=58; index=58
05-25 17:37:08.169 W/System.err( 3061): 	at com.lbe.security.service.provider.internal.AppOpsAdapter$1.getDefaultOp(AppOpsAdapter.java:279)
05-25 17:37:08.169 W/System.err( 3061): 	at com.android.internal.app.IOpsCallback$Stub.onTransact(IOpsCallback.java:68)
05-25 17:37:08.169 W/System.err( 3061): 	at android.os.Binder.execTransact(Binder.java:446)
05-25 17:37:08.229 D/MultipleRenderable( 1432): add: miui.maml.FancyDrawable@2b7ce2b4
05-25 17:37:08.229 D/RendererCore( 1432): add: miui.maml.FancyDrawable@2b7ce2b4 size:9
05-25 17:37:08.239 W/ActivityManager( 1022): getRunningAppProcesses: caller 10104 does not hold REAL_GET_TASKS; limiting output
05-25 17:37:08.239 W/System.err( 3061): java.lang.ArrayIndexOutOfBoundsException: length=58; index=58
05-25 17:37:08.239 W/System.err( 3061): 	at com.lbe.security.service.provider.internal.AppOpsAdapter$1.getDefaultOp(AppOpsAdapter.java:279)
05-25 17:37:08.239 W/System.err( 3061): 	at com.android.internal.app.IOpsCallback$Stub.onTransact(IOpsCallback.java:68)
05-25 17:37:08.239 W/System.err( 3061): 	at android.os.Binder.execTransact(Binder.java:446)
05-25 17:37:08.239 D/MultipleRenderable( 1432): add: miui.maml.FancyDrawable@1c778edd
05-25 17:37:08.239 D/RendererCore( 1432): add: miui.maml.FancyDrawable@1c778edd size:10
05-25 17:37:08.259 I/RenderThread( 1432): Sleep for long time:9223372036854775807 ms
05-25 17:37:08.259 I/art     ( 1432): Note: end time exceeds epoch: 
05-25 17:37:08.429 D/wpa_supplicant( 1538): wlan0: Control interface command 'SIGNAL_POLL'
05-25 17:37:08.449 D/StatusBar.NetworkController( 1432): slot=-10;action=android.net.wifi.RSSI_CHANGED
05-25 17:37:08.459 D/StatusBar.NetworkController( 1432): updateNetworkName mNetworkName[0]=只能拨打紧急呼救电话 mTempNetworkName[0] = 只能拨打紧急呼救电话
05-25 17:37:08.469 D/StatusBar.NetworkController( 1432): updateNetworkName mNetworkName[1]=无服务 mTempNetworkName[1] = 无服务
05-25 17:37:08.769 I/XiaomiFirewall( 1562): firewall pkgName:com.yaya.mmbang, result:0
05-25 17:37:08.809 D/Launcher.Model( 1973): Got boardcast:Intent { act=android.intent.action.PACKAGE_CHANGED dat=package:com.yaya.mmbang flg=0x4000010 (has extras) }
05-25 17:37:08.809 I/art     ( 8144): Explicit concurrent mark sweep GC freed 2017(184KB) AllocSpace objects, 7(112KB) LOS objects, 29% free, 38MB/54MB, paused 994us total 51.248ms
05-25 17:37:08.809 W/ResourcesManager( 1022): Asset path '/system/framework/protobuf.jar' does not exist or contains no resources.
05-25 17:37:08.809 W/ResourcesManager( 1022): Asset path '/system/framework/android-support-v13.jar' does not exist or contains no resources.
05-25 17:37:08.819 W/ResourcesManager( 1022): Asset path '/system/framework/javax.obex.jar' does not exist or contains no resources.
05-25 17:37:08.819 W/ResourcesManager( 1022): Asset path '/system/framework/cloud-common.jar' does not exist or contains no resources.
05-25 17:37:08.819 D/AccountTypeManager( 2067): Registering external account type=com.tencent.mobileqq.account, packageName=com.tencent.mobileqq
05-25 17:37:08.819 I/InputReader( 1022): Reconfiguring input devices.  changes=0x00000010
05-25 17:37:08.829 V/LocationPolicy( 1022): onProcessStateChanged
05-25 17:37:08.829 V/LocationPolicy( 1022): onProcessStateChanged
05-25 17:37:08.829 W/ResourceType( 2067): For resource 0x7f020b99, entry index(2969) is beyond type entryCount(475)
05-25 17:37:08.829 W/ResourceType( 2067): Failure getting entry for 0x7f020b99 (t=1 e=2969) (error -75)
05-25 17:37:08.829 W/ResourceType( 2067): For resource 0x7f020b98, entry index(2968) is beyond type entryCount(475)
05-25 17:37:08.829 W/ResourceType( 2067): Failure getting entry for 0x7f020b98 (t=1 e=2968) (error -75)
05-25 17:37:08.829 D/AccountTypeManager( 2067): Registering external account type=com.sina.weibo.account, packageName=com.sina.weibo
05-25 17:37:08.829 W/ResourcesManager( 1022): Asset path '/system/framework/protobuf.jar' does not exist or contains no resources.
05-25 17:37:08.829 W/ResourcesManager( 1022): Asset path '/system/framework/microlog4android.jar' does not exist or contains no resources.
05-25 17:37:08.829 W/ResourcesManager( 1022): Asset path '/system/framework/android-support-v4.jar' does not exist or contains no resources.
05-25 17:37:08.829 W/ResourcesManager( 1022): Asset path '/system/framework/cloud-common.jar' does not exist or contains no resources.
05-25 17:37:08.829 D/Launcher.AllAppsList( 1973): Loaded application 妈妈帮 at (2, 3) of screen 5 under container -100
05-25 17:37:08.829 W/BroadcastQueueInjector( 1022): Unable to launch app com.wandoujia.phoenix2.usbproxy/10105 for broadcast Intent { act=android.intent.action.PACKAGE_CHANGED dat=package:com.yaya.mmbang flg=0x4000010 (has extras) }: process is not permitted to autostart
05-25 17:37:08.829 W/IntentResolver( 1022): resolveIntent: multiple matches, only some with CATEGORY_DEFAULT
05-25 17:37:08.839 W/ResourcesManager( 1022): Asset path '/system/framework/protobuf.jar' does not exist or contains no resources.
05-25 17:37:08.839 W/ResourcesManager( 1022): Asset path '/system/framework/android-support-v13.jar' does not exist or contains no resources.
05-25 17:37:08.839 W/ResourcesManager( 1022): Asset path '/system/framework/zxing.jar' does not exist or contains no resources.
05-25 17:37:08.839 W/ResourcesManager( 1022): Asset path '/system/framework/cloud-common.jar' does not exist or contains no resources.
05-25 17:37:08.839 W/ResourceType( 2067): For resource 0x7f020a0e, entry index(2574) is beyond type entryCount(475)
05-25 17:37:08.839 W/IntentResolver( 1022): resolveIntent: multiple matches, only some with CATEGORY_DEFAULT
05-25 17:37:08.839 W/ResourceType( 2067): Failure getting entry for 0x7f020a0e (t=1 e=2574) (error -75)
05-25 17:37:08.839 W/ResourceType( 2067): For resource 0x7f020a0e, entry index(2574) is beyond type entryCount(475)
05-25 17:37:08.839 W/ResourceType( 2067): Failure getting entry for 0x7f020a0e (t=1 e=2574) (error -75)
05-25 17:37:08.839 V/LocationPolicy( 1022): onProcessStateChanged
05-25 17:37:08.839 V/LocationPolicy( 1022): onProcessStateChanged
05-25 17:37:08.839 W/ResourceType( 2067): For resource 0x7f020a0e, entry index(2574) is beyond type entryCount(475)
05-25 17:37:08.839 W/ResourceType( 2067): Failure getting entry for 0x7f020a0e (t=1 e=2574) (error -75)
05-25 17:37:08.839 W/IntentResolver( 1022): resolveIntent: multiple matches, only some with CATEGORY_DEFAULT
05-25 17:37:08.839 W/IntentResolver( 1022): resolveIntent: multiple matches, only some with CATEGORY_DEFAULT
05-25 17:37:08.839 F/Looper  (10642): Thread identity changed from 0x293600000cec to 0x293600002992 while dispatching to android.os.Handler com.qihoo.appstore.persistent.a@245a7c24 what=0
05-25 17:37:08.849 E/JavaBinder(10642): !!! FAILED BINDER TRANSACTION !!!
05-25 17:37:08.849 E/ServiceManager(10642): error in getService
05-25 17:37:08.849 E/ServiceManager(10642): android.os.TransactionTooLargeException
05-25 17:37:08.849 E/ServiceManager(10642): 	at android.os.BinderProxy.transactNative(Native Method)
05-25 17:37:08.849 E/ServiceManager(10642): 	at android.os.BinderProxy.transact(Binder.java:496)
05-25 17:37:08.849 E/ServiceManager(10642): 	at android.os.ServiceManagerProxy.getService(ServiceManagerNative.java:123)
05-25 17:37:08.849 E/ServiceManager(10642): 	at android.os.ServiceManager.getService(ServiceManager.java:55)
05-25 17:37:08.849 E/ServiceManager(10642): 	at android.app.ActivityManagerNative$1.create(ActivityManagerNative.java:2339)
05-25 17:37:08.849 E/ServiceManager(10642): 	at android.app.ActivityManagerNative$1.create(ActivityManagerNative.java:2337)
05-25 17:37:08.849 E/ServiceManager(10642): 	at android.util.Singleton.get(Singleton.java:34)
05-25 17:37:08.849 E/ServiceManager(10642): 	at android.app.ActivityManagerNative.getDefault(ActivityManagerNative.java:82)
05-25 17:37:08.849 E/ServiceManager(10642): 	at com.android.internal.os.RuntimeInit.wtf(RuntimeInit.java:345)
05-25 17:37:08.849 E/ServiceManager(10642): 	at android.util.Log$1.onTerribleFailure(Log.java:104)
05-25 17:37:08.849 E/ServiceManager(10642): 	at android.util.Log.wtf(Log.java:298)
05-25 17:37:08.849 E/ServiceManager(10642): 	at android.util.Log.wtf(Log.java:260)
05-25 17:37:08.849 E/ServiceManager(10642): 	at android.os.Looper.loop(Looper.java:145)
05-25 17:37:08.849 E/ServiceManager(10642): 	at android.os.HandlerThread.run(HandlerThread.java:61)
05-25 17:37:08.849 E/AndroidRuntime(10642): Error reporting WTF
05-25 17:37:08.849 E/AndroidRuntime(10642): java.lang.NullPointerException: Attempt to invoke interface method 'boolean android.app.IActivityManager.handleApplicationWtf(android.os.IBinder, java.lang.String, boolean, android.app.ApplicationErrorReport$CrashInfo)' on a null object reference
05-25 17:37:08.849 E/AndroidRuntime(10642): 	at com.android.internal.os.RuntimeInit.wtf(RuntimeInit.java:345)
05-25 17:37:08.849 E/AndroidRuntime(10642): 	at android.util.Log$1.onTerribleFailure(Log.java:104)
05-25 17:37:08.849 E/AndroidRuntime(10642): 	at android.util.Log.wtf(Log.java:298)
05-25 17:37:08.849 E/AndroidRuntime(10642): 	at android.util.Log.wtf(Log.java:260)
05-25 17:37:08.849 E/AndroidRuntime(10642): 	at android.os.Looper.loop(Looper.java:145)
05-25 17:37:08.849 E/AndroidRuntime(10642): 	at android.os.HandlerThread.run(HandlerThread.java:61)
05-25 17:37:08.849 E/AndroidRuntime(10642): Original WTF:
05-25 17:37:08.849 E/AndroidRuntime(10642): android.util.Log$TerribleFailure: Thread identity changed from 0x293600000cec to 0x293600002992 while dispatching to android.os.Handler com.qihoo.appstore.persistent.a@245a7c24 what=0
05-25 17:37:08.849 E/AndroidRuntime(10642): 	at android.util.Log.wtf(Log.java:295)
05-25 17:37:08.849 E/AndroidRuntime(10642): 	at android.util.Log.wtf(Log.java:260)
05-25 17:37:08.849 E/AndroidRuntime(10642): 	at android.os.Looper.loop(Looper.java:145)
05-25 17:37:08.849 E/AndroidRuntime(10642): 	at android.os.HandlerThread.run(HandlerThread.java:61)
05-25 17:37:08.849 I/AccountTypeManager( 2067): Loaded meta-data for 5 account types, 3 accounts in 44ms(wall) 6ms(cpu)
05-25 17:37:08.849 W/ActivityManager( 1022): getRunningAppProcesses: caller 11145 does not hold REAL_GET_TASKS; limiting output
05-25 17:37:08.859 W/IntentResolver( 1022): resolveIntent: multiple matches, only some with CATEGORY_DEFAULT
05-25 17:37:08.859 W/ResourcesManager( 1022): Asset path '/system/framework/protobuf.jar' does not exist or contains no resources.
05-25 17:37:08.859 W/ResourcesManager( 1022): Asset path '/system/framework/cloud-common.jar' does not exist or contains no resources.
05-25 17:37:08.859 W/IntentResolver( 1022): resolveIntent: multiple matches, only some with CATEGORY_DEFAULT
05-25 17:37:08.859 I/art     ( 8144): Explicit concurrent mark sweep GC freed 251(10KB) AllocSpace objects, 0(0B) LOS objects, 29% free, 38MB/54MB, paused 762us total 23.612ms
05-25 17:37:08.859 W/IntentResolver( 1022): resolveIntent: multiple matches, only some with CATEGORY_DEFAULT
05-25 17:37:08.859 W/IntentResolver( 1022): resolveIntent: multiple matches, only some with CATEGORY_DEFAULT
05-25 17:37:08.869 D/IconCustomizer( 1973): Content Ratio = 1.1428572
05-25 17:37:08.869 D/IconCustomizer( 1973): Generate customized icon for com.yaya.mmbang.png
05-25 17:37:08.879 W/ResourcesManager( 1022): Asset path '/system/framework/protobuf.jar' does not exist or contains no resources.
05-25 17:37:08.879 W/ResourcesManager( 1022): Asset path '/system/framework/cloud-common.jar' does not exist or contains no resources.
05-25 17:37:08.889 V/LocationPolicy( 1022): onProcessStateChanged
05-25 17:37:08.899 I/NotificationService( 1022): action=android.intent.action.PACKAGE_CHANGED queryReplace=false
05-25 17:37:08.899 D/BackupManagerService( 1022): Received broadcast Intent { act=android.intent.action.PACKAGE_CHANGED dat=package:com.yaya.mmbang flg=0x4000010 (has extras) }
05-25 17:37:08.899 I/themeservice( 1973): add pending job /data/user/0/com.miui.home/cache/com.yaya.mmbang.png
05-25 17:37:08.899 I/themeservice( 1973): binding service
05-25 17:37:08.899 I/art     ( 8144): Explicit concurrent mark sweep GC freed 5(176B) AllocSpace objects, 0(0B) LOS objects, 29% free, 38MB/54MB, paused 773us total 20.925ms
05-25 17:37:08.909 V/LocationPolicy( 1022): onProcessStateChanged
05-25 17:37:08.909 V/LocationPolicy( 1022): onProcessStateChanged
05-25 17:37:08.909 I/themeservice( 1973): service connected
05-25 17:37:08.909 I/themeservice( 1973): saving icon for /data/user/0/com.miui.home/cache/com.yaya.mmbang.png
05-25 17:37:08.909 I/themeservice( 6493): saving icon remotely(1973) for /data/user/0/com.miui.home/cache/com.yaya.mmbang.png ALLOW: true
05-25 17:37:08.939 I/art     ( 8144): Explicit concurrent mark sweep GC freed 3(96B) AllocSpace objects, 0(0B) LOS objects, 29% free, 38MB/54MB, paused 596us total 19.889ms
05-25 17:37:08.989 I/art     ( 8144): Explicit concurrent mark sweep GC freed 2959(293KB) AllocSpace objects, 4(64KB) LOS objects, 29% free, 38MB/54MB, paused 913us total 23.869ms
05-25 17:37:09.099 W/ContextImpl( 1432): Calling a method in the system process without a qualified user: android.app.ContextImpl.sendBroadcast:1323 android.content.ContextWrapper.sendBroadcast:376 com.android.systemui.taskmanager.TaskManagerView.sendVisibilityChangedBroadcast:650 com.android.systemui.taskmanager.TaskManagerView.access$1700:86 com.android.systemui.taskmanager.TaskManagerView$11.run:581 
05-25 17:37:09.159 I/art     ( 8144): Explicit concurrent mark sweep GC freed 2477(136KB) AllocSpace objects, 1(16KB) LOS objects, 29% free, 38MB/54MB, paused 977us total 42.611ms
05-25 17:37:09.219 I/art     ( 8144): Explicit concurrent mark sweep GC freed 41(1416B) AllocSpace objects, 0(0B) LOS objects, 29% free, 38MB/54MB, paused 873us total 27.701ms
05-25 17:37:09.239 W/ActivityManager( 1022): getRunningAppProcesses: caller 10104 does not hold REAL_GET_TASKS; limiting output
05-25 17:37:09.249 W/System.err( 3061): java.lang.ArrayIndexOutOfBoundsException: length=58; index=58
05-25 17:37:09.249 W/System.err( 3061): 	at com.lbe.security.service.provider.internal.AppOpsAdapter$1.getDefaultOp(AppOpsAdapter.java:279)
05-25 17:37:09.249 W/System.err( 3061): 	at com.android.internal.app.IOpsCallback$Stub.onTransact(IOpsCallback.java:68)
05-25 17:37:09.249 W/System.err( 3061): 	at android.os.Binder.execTransact(Binder.java:446)
05-25 17:37:09.259 W/ContextImpl( 1432): Calling a method in the system process without a qualified user: android.app.ContextImpl.sendBroadcast:1323 android.content.ContextWrapper.sendBroadcast:376 com.android.systemui.taskmanager.TaskManagerView.sendVisibilityChangedBroadcast:650 com.android.systemui.taskmanager.TaskManagerView.show:595 com.android.systemui.taskmanager.TaskManagerView.showTaskByAnimation:260 
05-25 17:37:09.259 I/Analytics( 1432): start session(com.android.systemui)
05-25 17:37:09.269 I/Analytics( 1432): end session(com.android.systemui)
05-25 17:37:09.269 I/art     ( 8144): Explicit concurrent mark sweep GC freed 3(96B) AllocSpace objects, 0(0B) LOS objects, 29% free, 38MB/54MB, paused 1.283ms total 23.966ms
05-25 17:37:09.269 W/ContextImpl( 1432): Calling a method in the system process without a qualified user: android.app.ContextImpl.bindService:1752 android.content.ContextWrapper.bindService:538 miui.analytics.Analytics.endSession:120 com.android.systemui.taskmanager.TaskManagerView.show:638 com.android.systemui.taskmanager.TaskManagerView.showTaskByAnimation:260 
05-25 17:37:09.279 W/ContextImpl( 1432): Calling a method in the system process without a qualified user: android.app.ContextImpl.startActivity:1232 android.content.ContextWrapper.startActivity:333 com.android.systemui.taskmanager.TaskManagerView.showTask:300 com.android.systemui.taskmanager.TaskManagerView.showTaskByAnimation:261 com.android.systemui.taskmanager.TaskManagerView.access$000:86 
05-25 17:37:09.279 I/Timeline( 1432): Timeline: Activity_launch_request time:22697869
05-25 17:37:09.289 D/SystemAdController( 2027): Activity:ActivityInfo{15b85034 com.tencent.mtt.external.reader.thirdcall.ThirdCallFileReaderActivity}is not the default one
05-25 17:37:09.289 D/AdClientRecord( 2027): Splash target was not initialized.
05-25 17:37:09.289 D/SystemAdController( 2027): Package:com.tencent.mtt is not in the list
05-25 17:37:09.289 D/SystemAdController( 2027): requestSplashScreen duration:1
05-25 17:37:09.289 I/ActivityManager( 1022): START u0 {act=android.intent.action.VIEW dat=file:///storage/emulated/0/mmbang/log/crash_2016_05_24_21_05.log flg=0x13104000 cmp=com.tencent.mtt/.external.reader.thirdcall.ThirdCallFileReaderActivity} from uid 1000 on display 0
05-25 17:37:09.309 I/art     ( 8144): Explicit concurrent mark sweep GC freed 3(96B) AllocSpace objects, 0(0B) LOS objects, 29% free, 38MB/54MB, paused 651us total 19.831ms
05-25 17:37:09.349 I/art     ( 8144): Explicit concurrent mark sweep GC freed 3(96B) AllocSpace objects, 0(0B) LOS objects, 29% free, 38MB/54MB, paused 863us total 23.460ms
05-25 17:37:09.459 I/MSM-irqbalance(  807): Decided to move IRQ133 from CPU3 to CPU0
05-25 17:37:09.559 I/art     ( 8144): Explicit concurrent mark sweep GC freed 1016(61KB) AllocSpace objects, 1(16KB) LOS objects, 29% free, 38MB/54MB, paused 1.483ms total 56.168ms
05-25 17:37:09.639 I/art     ( 8144): Explicit concurrent mark sweep GC freed 20(712B) AllocSpace objects, 0(0B) LOS objects, 29% free, 38MB/54MB, paused 945us total 32.733ms
05-25 17:37:09.699 I/art     ( 8144): Explicit concurrent mark sweep GC freed 4(128B) AllocSpace objects, 0(0B) LOS objects, 29% free, 38MB/54MB, paused 727us total 25.620ms
05-25 17:37:09.729 W/InputMethodManagerService( 1022): Window already focused, ignoring focus gain of: com.android.internal.view.IInputMethodClient$Stub$Proxy@34678053 attribute=null, token = android.os.BinderProxy@3001a383
05-25 17:37:09.739 I/art     ( 8144): Explicit concurrent mark sweep GC freed 3(96B) AllocSpace objects, 0(0B) LOS objects, 29% free, 38MB/54MB, paused 715us total 22.963ms
05-25 17:37:09.779 I/art     ( 8144): Explicit concurrent mark sweep GC freed 3(96B) AllocSpace objects, 0(0B) LOS objects, 29% free, 38MB/54MB, paused 865us total 19.606ms
05-25 17:37:09.859 W/ActivityManager( 1022): getRunningAppProcesses: caller 11145 does not hold REAL_GET_TASKS; limiting output
05-25 17:37:09.909 I/themeservice( 1973): unbinding service
05-25 17:37:09.919 V/LocationPolicy( 1022): onProcessStateChanged
05-25 17:37:09.919 V/LocationPolicy( 1022): onProcessStateChanged
05-25 17:37:09.919 V/LocationPolicy( 1022): onProcessStateChanged
05-25 17:37:10.259 W/ActivityManager( 1022): getRunningAppProcesses: caller 10104 does not hold REAL_GET_TASKS; limiting output
05-25 17:37:10.259 W/System.err( 3061): java.lang.ArrayIndexOutOfBoundsException: length=58; index=58
05-25 17:37:10.259 W/System.err( 3061): 	at com.lbe.security.service.provider.internal.AppOpsAdapter$1.getDefaultOp(AppOpsAdapter.java:279)
05-25 17:37:10.259 W/System.err( 3061): 	at com.android.internal.app.IOpsCallback$Stub.onTransact(IOpsCallback.java:68)
05-25 17:37:10.259 W/System.err( 3061): 	at android.os.Binder.execTransact(Binder.java:446)
05-25 17:37:10.769 D/WhetstoneService( 1809): deal background too Frequently, ingore
05-25 17:37:10.889 I/XiaomiFirewall( 1562): firewall pkgName:com.yaya.mmbang, result:0
05-25 17:37:10.989 W/ActivityManager( 1022): getRunningAppProcesses: caller 11145 does not hold REAL_GET_TASKS; limiting output
05-25 17:37:11.269 W/ActivityManager( 1022): getRunningAppProcesses: caller 10104 does not hold REAL_GET_TASKS; limiting output
