05-25 10:46:05.685 D/PowerKeeperEventLogManager( 2224): notifyForegroundCompomentChanged ComponentInfo{com.yaya.mmbang/com.yaya.mmbang.activity.ToolBoxActivityGroup}
05-25 10:46:05.685 I/Timeline( 1022): Timeline: App_transition_ready time:1357854
05-25 10:46:05.705 W/ActivityManager( 1022): Bad activity token: android.os.BinderProxy@3f591b07
05-25 10:46:05.705 W/ActivityManager( 1022): java.lang.ClassCastException: android.os.BinderProxy cannot be cast to com.android.server.am.ActivityRecord$Token
05-25 10:46:05.705 W/ActivityManager( 1022): 	at com.android.server.am.ActivityRecord.forToken(ActivityRecord.java:367)
05-25 10:46:05.705 W/ActivityManager( 1022): 	at com.android.server.am.ActivityRecord.isInStackLocked(ActivityRecord.java:1070)
05-25 10:46:05.705 W/ActivityManager( 1022): 	at com.android.server.am.ActivityManagerService.getActivityOptions(ActivityManagerService.java:10751)
05-25 10:46:05.705 W/ActivityManager( 1022): 	at android.app.ActivityManagerNative.onTransact(ActivityManagerNative.java:1662)
05-25 10:46:05.705 W/ActivityManager( 1022): 	at com.android.server.am.ActivityManagerService.onTransact(ActivityManagerService.java:2411)
05-25 10:46:05.705 W/ActivityManager( 1022): 	at android.os.Binder.execTransact(Binder.java:446)
05-25 10:46:05.705 W/ActivityManager( 1022): Bad activity token: android.os.BinderProxy@d96d434
05-25 10:46:05.705 W/ActivityManager( 1022): java.lang.ClassCastException: android.os.BinderProxy cannot be cast to com.android.server.am.ActivityRecord$Token
05-25 10:46:05.705 W/ActivityManager( 1022): 	at com.android.server.am.ActivityRecord.forToken(ActivityRecord.java:367)
05-25 10:46:05.705 W/ActivityManager( 1022): 	at com.android.server.am.ActivityRecord.isInStackLocked(ActivityRecord.java:1070)
05-25 10:46:05.705 W/ActivityManager( 1022): 	at com.android.server.am.ActivityManagerService.getActivityOptions(ActivityManagerService.java:10751)
05-25 10:46:05.705 W/ActivityManager( 1022): 	at android.app.ActivityManagerNative.onTransact(ActivityManagerNative.java:1662)
05-25 10:46:05.705 W/ActivityManager( 1022): 	at com.android.server.am.ActivityManagerService.onTransact(ActivityManagerService.java:2411)
05-25 10:46:05.705 W/ActivityManager( 1022): 	at android.os.Binder.execTransact(Binder.java:446)
05-25 10:46:05.715 I/TDLog   ( 7523): onResume# activity.ToolSubActivity
05-25 10:46:05.715 D/yaya_template_volley( 7523): get->http://mobile.mmbang.net/api/?device=MI+NOTE+Pro&sign=8f29bfe76d0aebd8403d99f41087ec4d&time=1464144365721&wma=0c%3A1d%3Aaf%3A9f%3A80%3A0b&fav=0&do=api3_app_list&sid=238183188&api_version=3.13.0&device_id=867068020353107&imei=867068020353107&app_client_id=2&resolution=1440*2560&os_version=5.0.2&skey=53405975&page=1&type=1&aid=d7b13a7951cc5ef1&channel=channel&vendor=Xiaomi
05-25 10:46:05.725 D/DnsFallback(  430): query: mobile.mmbang.net
05-25 10:46:05.725 I/Timeline( 1022): Timeline: App_transition_ready time:1357894
05-25 10:46:05.765 W/ViewRootImpl( 7523): Dropping event due to no window focus: KeyEvent { action=ACTION_DOWN, keyCode=KEYCODE_BACK, scanCode=158, metaState=0, flags=0x48, repeatCount=0, eventTime=1357921, downTime=1357921, deviceId=5, source=0x101 }
05-25 10:46:05.765 I/Timeline( 1022): Timeline: App_transition_ready time:1357936
05-25 10:46:05.775 D/yaya_template_Jerome( 7523): result string is: {"message": "", "data": {"total": 16, "list": [{"target_url": "com.iyaya.mmbang://app/webview/navigate/http%3A%2F%2F192.168.199.124%2F%7Ecuipanjun%2F/", "name": "\u6d4b\u8bd5\u6807\u9898\u663e\u793a", "fav": 1, "has_nav": "1", "hot": 1, "link": "http://192.168.199.124/~cuipanjun/?v=1.0&is_local=1", "new": 1, "logo": "http://img01.mmbang.info/8iyaya_group6_M02_B3_84_CggaDVb1Br2AbiKbAAAOckcUI5c872.jpg", "_id": 99, "clicks": 0, "desc": "\u5566\u5566\u5566\u5566\u5566"}, {"target_url": "com.iyaya.mmbang://app/webview/http%3A%2F%2Fbox.yy.mmbang.me%2FReport%2FreportEdit%3Fapply_id%3D131%26box_id%3D2%26user_id%3D7229225%26rid%3D41/", "name": "\u8881\u4f51\u5e2e\u76d2\u5b50\u7f16\u8f91\u62a5\u544a", "fav": 0, "has_nav": "0", "hot": 1, "link": "http://box.yy.mmbang.me/Report/reportEdit?apply_id=131&box_id=2&user_id=7229225&rid=41&v=1.0&is_local=0", "new": 1, "logo": "http://img01.mmbang.info/6iyaya_group6_M00_AE_7F_CggaDVZyHnyANRJMAAA9AhS90sA615.jpg", "_id": 89, "clicks": 0, "desc": "\u5e2e\u76d2\u5b50\u7f16\u8f91\u62a5\u544a"}, {"target_url": "com.iyaya.mmbang://app/webview/navigate/http%3A%2F%2Fshop.sj.mmbang.me%2Fmall%2Flist%2Findex%23%26page-home/", "name": "\u5988\u5988\u5e2e\u5546\u57ce", "fav": 1, "has_nav": "1", "hot": 1, "link": "http://shop.sj.mmbang.me/mall/list/index#&page-home?v=1.0&is_local=0", "new": 1, "logo": "http://img01.mmbang.info/3iyaya_group6_M01_0F_BC_CggaDVYp60iAQqo8AAAdTQ6Ncr0724.jpg", "_id": 78, "clicks": 0, "desc": "\u5988\u5988\u5e2e\u5546\u57ce"}, {"target_url": "com.iyaya.mmbang://app/webview/navigate/http%3A%2F%2Fmobile.yuany.mmbang.me%2Fstatic%2Fapps%2Fcommon%2FnativeJS%2FnativeTest.html/", "name": "H5\u8c03\u7528app", "fav": 0, "has_nav": "1", "hot": 1, "link": "http://mobile.mmbang.net/apps/tool/external/68/?v=1.0&is_local=1", "new": 1, "logo": "http://img01.mmbang.info/4iyaya_group6_M00_45_47_CggaDVXycXOAOwpOAABHkh768hs701.png", "_id": 68, "clicks": 0, "desc": "\u8881\u4f51"}, {"target_url": "com.iyaya.mmbang://app/webview/navigate/http%3A%2F%2Foauth.mmbang.net%2Fauthorize%2FcheckLogin%3Fappid%3Dshangjie_dev%26redirect_uri%3Dhttp%3A%2F%2Fshop.sj.mmbang.me%2Fmall%2FmmbOauth%2FgetToken%26response_type%3Dcode%26scope%3Dsnsapi_userinfo%26state%3Dmall_user/", "name": "mmb_oauth", "fav": 0, "has_nav": "1", "hot": 1, "link": "http://oauth.mmbang.net/authorize/checkLogin?appid=shangjie_dev&redirect_uri=http://shop.sj.mmbang.me/mall/mmbOauth/getToken&response_type=code&scope=snsapi_userinfo&state=mall_user&v=1.0&is_local=0", "new": 1, "logo": "http://img01.mmbang.info/9iyaya_group6_M04_8F_91_CggaDVYE75-AVKpuAAA0RicUFTM779.jpg", "_id": 74, "clicks": 0, "desc": "\u5988\u5988\u5e2eoauth\u670d\u52a1"}, {"target_url": "com.iyaya.mmbang://app/webview/navigate/http%3A%2F%2Fcms.gxh.mmbang.me%2Fhome%2Fdefault%2Fsearch/", "name": "\u667a\u5e93\u641c\u7d22", "fav": 0, "has_nav": "1", "hot": 0, "link": "http://mobile.mmbang.net/apps/tool/external/125/?v=1.0&is_local=0", "new": 1, "logo": "http://img01.mmbang.info/6iyaya_group6_M04_74_E8_CggaDVdDtc6AMotkAAAC2_KURoM064.png", "_id": 125, "clicks": 0, "desc": "\u77e5\u8bc6\u5e93\u641c\u7d22"}, {"target_url": "com.iyaya.mmbang://app/webview/navigate/http%3A%2F%2Fcms.gxh.mmbang.me%2Farticle%3Fid%3D53/", "name": "\u5b66\u6d77 CMS", "fav": 0, "has_nav": "1", "hot": 0, "link": "http://mobile.mmbang.net/apps/tool/external/121/?v=1.0&is_local=0", "new": 1, "logo": "http://img01.mmbang.info/8iyaya_group6_M03_6D_E1_CggaDVdAFwGADqY8AAAH5QxfN5s774.png", "_id": 121, "clicks": 0, "desc": "\u5b66\u6d77 CMS"}, {"target_url": "com.iyaya.mmbang://app/webview/navigate/http%3A%2F%2Foto.dzh.mmbang.me%2Fuser%2Findex/", "name": "dzh OTO \u5f00\u53d1\u4e2a\u4eba\u4e2d\u5fc3", "fav": 0, "has_nav": "1", "hot": 0, "link": "http://mobile.mmbang.net/apps/tool/external/119/?v=1.0&is_local=0", "new": 1, "logo": "http://img01.mmbang.info/5iyaya_group6_M01_3B_59_CggaDVcqteCANx3oAAAcV7x6bp0003.jpg", "_id": 119, "clicks": 0, "desc": "dzh OTO \u5f00\u53d1\u4e2a\u4eba\u4e2d\u5fc3"}, {"target_url": "com.iyaya.mmbang://app/webview/navigate/http%3
05-25 10:46:05.805 I/System.out( 7523): onPageStarted, url=https://m.baidu.com/?from=844b&vit=fps
05-25 10:46:05.805 D/yaya_template_[WebView]( 7523): WebView, [[2016-4-3 10:46:5.806]:onBackedShow] sourceID: http://mobile.yuany.mmbang.me/static/apps/common/nativeJS/native.js lineNumber: 206 message: [2016-4-3 10:46:5.806]:onBackedShow
05-25 10:46:05.805 I/chromium( 7523): [INFO:CONSOLE(206)] "[2016-4-3 10:46:5.806]:onBackedShow", source: http://mobile.yuany.mmbang.me/static/apps/common/nativeJS/native.js (206)
05-25 10:46:05.805 D/yaya_template_[WebView]( 7523): WebView, [[2016-4-3 10:46:5.808]:value print start.] sourceID: http://mobile.yuany.mmbang.me/static/apps/common/nativeJS/native.js lineNumber: 206 message: [2016-4-3 10:46:5.808]:value print start.
05-25 10:46:05.805 I/chromium( 7523): [INFO:CONSOLE(206)] "[2016-4-3 10:46:5.808]:value print start.", source: http://mobile.yuany.mmbang.me/static/apps/common/nativeJS/native.js (206)
05-25 10:46:05.805 W/ViewRootImpl( 7523): Dropping event due to no window focus: KeyEvent { action=ACTION_DOWN, keyCode=KEYCODE_TV_TIMER_PROGRAMMING, scanCode=0, metaState=0, flags=0x8, repeatCount=0, eventTime=1357651, downTime=1357651, deviceId=-1, source=0x101 }
05-25 10:46:05.805 D/yaya_template_[WebView]( 7523): WebView, [[2016-4-3 10:46:5.808]:onBackedShow Event] sourceID: http://mobile.yuany.mmbang.me/static/apps/common/nativeJS/native.js lineNumber: 206 message: [2016-4-3 10:46:5.808]:onBackedShow Event
05-25 10:46:05.805 I/chromium( 7523): [INFO:CONSOLE(206)] "[2016-4-3 10:46:5.808]:onBackedShow Event", source: http://mobile.yuany.mmbang.me/static/apps/common/nativeJS/native.js (206)
05-25 10:46:05.805 D/yaya_template_[WebView]( 7523): WebView, [[2016-4-3 10:46:5.808]:value print end.] sourceID: http://mobile.yuany.mmbang.me/static/apps/common/nativeJS/native.js lineNumber: 206 message: [2016-4-3 10:46:5.808]:value print end.
05-25 10:46:05.805 I/chromium( 7523): [INFO:CONSOLE(206)] "[2016-4-3 10:46:5.808]:value print end.", source: http://mobile.yuany.mmbang.me/static/apps/common/nativeJS/native.js (206)
05-25 10:46:05.805 D/yaya_template_[WebView]( 7523): WebView, [onBackedShow] sourceID: http://mobile.yuany.mmbang.me/static/apps/common/nativeJS/nativeTest.html lineNumber: 186 message: onBackedShow
05-25 10:46:05.805 I/chromium( 7523): [INFO:CONSOLE(186)] "onBackedShow", source: http://mobile.yuany.mmbang.me/static/apps/common/nativeJS/nativeTest.html (186)
05-25 10:46:05.805 D/yaya_template_[WebView]( 7523): WebView, [onBackedShow Event] sourceID: http://mobile.yuany.mmbang.me/static/apps/common/nativeJS/nativeTest.html lineNumber: 187 message: onBackedShow Event
05-25 10:46:05.805 I/chromium( 7523): [INFO:CONSOLE(187)] "onBackedShow Event", source: http://mobile.yuany.mmbang.me/static/apps/common/nativeJS/nativeTest.html (187)
05-25 10:46:05.825 I/Timeline( 7523): Timeline: Activity_idle id: android.os.BinderProxy@1c4b2f62 time:1357995
05-25 10:46:05.825 I/yaya_template_com.yaya.mmbang.activity.WebViewLinkActivity( 7523): onDestroy
05-25 10:46:05.825 D/SystemAdController( 2027): activity destroyed:ActivityInfo{2282b6eb com.yaya.mmbang.activity.WebViewLinkActivity} not in mAllAppsInLauncher
05-25 10:46:05.895 I/TDLog   ( 7523): Post data to server...
05-25 10:46:05.895 W/ScreenOrientationListener( 7523): Removing an inexistent observer!
05-25 10:46:05.895 I/art     ( 7523): Explicit concurrent mark sweep GC freed 9561(678KB) AllocSpace objects, 15(232KB) LOS objects, 26% free, 43MB/59MB, paused 7.194ms total 63.108ms
05-25 10:46:05.955 D/yaya_template_( 7523): onPageFinished, url=https://m.baidu.com/?from=844b&vit=fps
05-25 10:46:05.965 I/TDLog   ( 7523): server return success:true
05-25 10:46:05.975 I/TDLog   ( 7523): onPause# activity.ToolSubActivity
05-25 10:46:05.975 D/PowerKeeperEventLogManager( 2224): notifyForegroundCompomentChanged ComponentInfo{com.yaya.mmbang/com.yaya.mmbang.activity.MainActivity}
05-25 10:46:05.985 I/Timeline( 1022): Timeline: App_transition_ready time:1358151
05-25 10:46:05.985 I/art     ( 7523): Explicit concurrent mark sweep GC freed 1794(138KB) AllocSpace objects, 4(117KB) LOS objects, 26% free, 43MB/59MB, paused 2.297ms total 47.432ms
05-25 10:46:05.985 I/TDLog   ( 7523): onResume# activity.MainActivity
05-25 10:46:05.995 I/Timeline( 1022): Timeline: App_transition_ready time:1358164
05-25 10:46:06.015 W/ViewRootImpl( 7523): Dropping event due to no window focus: KeyEvent { action=ACTION_DOWN, keyCode=KEYCODE_E, scanCode=0, metaState=0, flags=0x8, repeatCount=0, eventTime=1358161, downTime=1358161, deviceId=-1, source=0x101 }
05-25 10:46:06.015 I/System.out( 7523): testtitle, View.VISIBLE
05-25 10:46:06.015 I/System.out( 7523): testtitle, View.VISIBLE
05-25 10:46:06.015 I/System.out( 7523): testtitle, View.VISIBLE
05-25 10:46:06.055 I/Timeline( 1022): Timeline: App_transition_ready time:1358225
05-25 10:46:06.065 I/System.out( 7523): testtitle, View.VISIBLE
05-25 10:46:06.085 I/art     ( 7523): Explicit concurrent mark sweep GC freed 1254(118KB) AllocSpace objects, 5(80KB) LOS objects, 26% free, 43MB/59MB, paused 1.977ms total 47.132ms
05-25 10:46:06.125 W/ActivityManager( 1022): getTasks: caller 10948 does not hold REAL_GET_TASKS; limiting output
05-25 10:46:06.135 W/ActivityManager( 1022): getRunningAppProcesses: caller 10104 does not hold REAL_GET_TASKS; limiting output
05-25 10:46:06.135 W/System.err( 3061): java.lang.ArrayIndexOutOfBoundsException: length=58; index=58
05-25 10:46:06.135 W/System.err( 3061): 	at com.lbe.security.service.provider.internal.AppOpsAdapter$1.getDefaultOp(AppOpsAdapter.java:279)
05-25 10:46:06.135 W/System.err( 3061): 	at com.android.internal.app.IOpsCallback$Stub.onTransact(IOpsCallback.java:68)
05-25 10:46:06.135 W/System.err( 3061): 	at android.os.Binder.execTransact(Binder.java:446)
05-25 10:46:06.175 I/art     ( 7523): Explicit concurrent mark sweep GC freed 874(83KB) AllocSpace objects, 3(48KB) LOS objects, 26% free, 43MB/59MB, paused 1.123ms total 42.533ms
05-25 10:46:06.265 I/art     ( 7523): Explicit concurrent mark sweep GC freed 498(22KB) AllocSpace objects, 0(0B) LOS objects, 26% free, 43MB/59MB, paused 1.038ms total 42.780ms
05-25 10:46:06.285 I/Process ( 7523): Sending signal. PID: 7523 SIG: 9
05-25 10:46:06.395 I/Timeline( 1022): Timeline: Activity_windows_visible id: ActivityRecord{33db8ae8 u0 com.yaya.mmbang/.activity.MainActivity t4168} time:1358561
05-25 10:46:06.395 I/Timeline( 1022): Timeline: App_transition_stopped time:1358564
05-25 10:46:06.465 D/GpsStatusListenerHelper( 1022): Remote Listener died: android.location.IGpsStatusListener$Stub$Proxy@1218625d
05-25 10:46:06.465 I/WindowState( 1022): WIN DEATH: Window{212209bc u0 com.yaya.mmbang/com.yaya.mmbang.activity.WebViewLinkActivity}
05-25 10:46:06.465 D/GpsStatusListenerHelper( 1022): Remote Listener died: android.location.IGpsStatusListener$Stub$Proxy@134867d2
05-25 10:46:06.465 D/GpsStatusListenerHelper( 1022): Remote Listener died: android.location.IGpsStatusListener$Stub$Proxy@23e260a3
05-25 10:46:06.465 D/WifiService( 1022): Client connection lost with reason: 4
05-25 10:46:06.475 W/InputDispatcher( 1022): channel 'bb663c4 com.yaya.mmbang/com.yaya.mmbang.activity.MainActivity (server)' ~ Consumer closed input channel or an error occurred.  events=0x9
05-25 10:46:06.475 E/InputDispatcher( 1022): channel 'bb663c4 com.yaya.mmbang/com.yaya.mmbang.activity.MainActivity (server)' ~ Channel is unrecoverably broken and will be disposed!
05-25 10:46:06.475 I/WindowState( 1022): WIN DEATH: Window{bb663c4 u0 com.yaya.mmbang/com.yaya.mmbang.activity.MainActivity}
05-25 10:46:06.475 W/InputDispatcher( 1022): Attempted to unregister already unregistered input channel 'bb663c4 com.yaya.mmbang/com.yaya.mmbang.activity.MainActivity (server)'
05-25 10:46:06.485 I/WindowState( 1022): WIN DEATH: Window{6a3451b u0 com.yaya.mmbang/com.yaya.mmbang.activity.ToolBoxActivityGroup}
05-25 10:46:06.575 I/ActivityManager( 1022): Process com.yaya.mmbang (pid 7523) has died
05-25 10:46:06.575 W/ActivityManager( 1022): Scheduling restart of crashed service com.yaya.mmbang/.service.RecommendAppService in 1000ms
05-25 10:46:06.575 W/ActivityManager( 1022): Scheduling restart of crashed service com.yaya.mmbang/.nineoclock.AlarmService in 10999ms
05-25 10:46:06.575 W/ActivityManager( 1022): Force removing ActivityRecord{33db8ae8 u0 com.yaya.mmbang/.activity.MainActivity t4168}: app died, no saved state
05-25 10:46:06.575 I/InputDispatcher( 1022): Dropping event because there is no focused window or focused application.
05-25 10:46:06.575 D/PowerKeeperEventLogManager( 2224): notifyForegroundCompomentChanged ComponentInfo{com.miui.home/com.miui.home.launcher.Launcher}
05-25 10:46:06.575 I/InputDispatcher( 1022): Dropping event because there is no focused window or focused application.
05-25 10:46:06.575 I/Timeline( 1022): Timeline: App_transition_ready time:1358748
05-25 10:46:06.575 I/InputDispatcher( 1022): Dropping event because there is no focused window or focused application.
05-25 10:46:06.585 I/InputDispatcher( 1022): Dropping event because there is no focused window or focused application.
05-25 10:46:06.585 W/InputManager( 1022): Input event injection from pid 9148 failed.
05-25 10:46:06.585 V/LocationPolicy( 1022): onProcessStateChanged
05-25 10:46:06.585 V/LocationPolicy( 1022): onProcessStateChanged
05-25 10:46:06.585 I/InputDispatcher( 1022): Dropping event because there is no focused window or focused application.
05-25 10:46:06.585 I/InputDispatcher( 1022): Dropping event because there is no focused window or focused application.
05-25 10:46:06.585 W/InputManager( 1022): Input event injection from pid 9148 failed.
05-25 10:46:06.595 I/Timeline( 1022): Timeline: App_transition_ready time:1358763
05-25 10:46:06.605 I/RenderThread( 1973): RenderThread resumed
05-25 10:46:06.605 D/ScreenElementRoot( 1973): resume
05-25 10:46:06.605 I/RenderThread( 1973): Sleep for long time:9223372036854775807 ms
05-25 10:46:06.605 I/art     ( 1973): Note: end time exceeds epoch: 
05-25 10:46:06.615 I/Timeline( 1022): Timeline: App_transition_ready time:1358783
05-25 10:46:06.615 I/art     ( 7987): Explicit concurrent mark sweep GC freed 2498(134KB) AllocSpace objects, 0(0B) LOS objects, 25% free, 9MB/12MB, paused 554us total 26.914ms
05-25 10:46:06.615 I/ActivityManager( 1022): Killing 6482:com.android.providers.calendar/u0a5 (adj 15): empty #17
05-25 10:46:06.625 V/LocationPolicy( 1022): onProcessStateChanged
05-25 10:46:06.645 W/InputMethodManagerService( 1022): Got RemoteException sending setActive(false) notification to pid 7523 uid 10948
05-25 10:46:06.645 I/RenderThread( 1973): Sleep for long time:9223372036854775807 ms
05-25 10:46:06.655 I/art     ( 1973): Note: end time exceeds epoch: 
05-25 10:46:06.675 I/Timeline( 1022): Timeline: App_transition_ready time:1358846
05-25 10:46:06.705 I/Timeline( 1973): Timeline: Activity_idle id: android.os.BinderProxy@b2d1863 time:1358876
05-25 10:46:06.715 I/Timeline( 1022): Timeline: App_transition_ready time:1358881
05-25 10:46:06.895 I/Timeline( 1022): Timeline: Activity_windows_visible id: ActivityRecord{51595 u0 com.miui.home/.launcher.Launcher t4161} time:1359066
05-25 10:46:06.905 I/Timeline( 1022): Timeline: App_transition_stopped time:1359076
05-25 10:46:06.945 D/wpa_supplicant( 1538): wlan0: Control interface command 'SIGNAL_POLL'
05-25 10:46:07.115 I/RenderThread( 1973): Sleep for long time:9223372036854775807 ms
05-25 10:46:07.115 I/art     ( 1973): Note: end time exceeds epoch: 
05-25 10:46:07.115 I/RenderThread( 1973): Sleep for long time:9223372036854775807 ms
05-25 10:46:07.115 I/art     ( 1973): Note: end time exceeds epoch: 
05-25 10:46:07.115 I/RenderThread( 1973): Sleep for long time:9223372036854775807 ms
05-25 10:46:07.115 I/art     ( 1973): Note: end time exceeds epoch: 
05-25 10:46:07.145 W/ActivityManager( 1022): getRunningAppProcesses: caller 10104 does not hold REAL_GET_TASKS; limiting output
05-25 10:46:07.145 W/System.err( 3061): java.lang.ArrayIndexOutOfBoundsException: length=58; index=58
05-25 10:46:07.145 W/System.err( 3061): 	at com.lbe.security.service.provider.internal.AppOpsAdapter$1.getDefaultOp(AppOpsAdapter.java:279)
05-25 10:46:07.145 W/System.err( 3061): 	at com.android.internal.app.IOpsCallback$Stub.onTransact(IOpsCallback.java:68)
05-25 10:46:07.145 W/System.err( 3061): 	at android.os.Binder.execTransact(Binder.java:446)
05-25 10:46:07.335 W/System.err( 3061): java.lang.ArrayIndexOutOfBoundsException: length=58; index=58
05-25 10:46:07.335 W/System.err( 3061): 	at com.lbe.security.service.provider.internal.AppOpsAdapter$1.getDefaultOp(AppOpsAdapter.java:279)
05-25 10:46:07.335 W/System.err( 3061): 	at com.android.internal.app.IOpsCallback$Stub.onTransact(IOpsCallback.java:68)
05-25 10:46:07.335 W/System.err( 3061): 	at android.os.Binder.execTransact(Binder.java:446)
05-25 10:46:07.345 W/ActivityManager( 1022): getTasks: caller 10550 does not hold REAL_GET_TASKS; limiting output
05-25 10:46:07.355 W/ActivityManager( 1022): getRunningAppProcesses: caller 10550 does not hold REAL_GET_TASKS; limiting output
05-25 10:46:07.395 D/ScreenElementRoot( 1973): resume
05-25 10:46:07.395 I/ResourceManager( 1973): load image light/s_6.png
05-25 10:46:07.395 I/ResourceManager( 1973): try to load resource from extra resource:  of light/s_6.png
05-25 10:46:07.395 I/ResourceManager( 1973): load image from extra resource:  of light/s_6.png
05-25 10:46:07.395 I/RenderThread( 1973): Sleep for long time:9223372036854775807 ms
05-25 10:46:07.395 I/art     ( 1973): Note: end time exceeds epoch: 
05-25 10:46:07.405 D/FancyDrawable( 1973): doPause:   [miui.maml.FancyDrawable@94a35bb]
05-25 10:46:07.405 I/RenderThread( 1973): Sleep for long time:9223372036854775807 ms
05-25 10:46:07.405 D/MultipleRenderable( 1973): setPause: true miui.maml.FancyDrawable@94a35bb
05-25 10:46:07.405 D/RendererCore( 1973): self pause: miui.maml.RendererCore@292ffb5e
05-25 10:46:07.405 I/art     ( 1973): Note: end time exceeds epoch: 
05-25 10:46:07.405 D/ScreenElementRoot( 1973): pause
05-25 10:46:07.405 D/FancyDrawable( 1973): doResume:   [miui.maml.FancyDrawable@126682c1]
05-25 10:46:07.405 D/MultipleRenderable( 1973): setPause: false miui.maml.FancyDrawable@126682c1
05-25 10:46:07.405 D/RendererCore( 1973): self resume: miui.maml.RendererCore@2dc75e09
05-25 10:46:07.405 D/ScreenElementRoot( 1973): resume
05-25 10:46:07.405 D/PhoneStatusBar( 1432): disable: 0x00000000 -> 0x00800000 (diff: 0x00800000)
05-25 10:46:07.405 D/PhoneStatusBar( 1432): disable: < expand icons alerts ticker system_info back home recent CLOCK* full hide keyguard >
05-25 10:46:07.405 D/PowerKeeperEventLogManager( 2224): updatestatusbar value 0x800000
05-25 10:46:07.415 I/RenderThread( 1973): Sleep for long time:9223372036854775807 ms
05-25 10:46:07.415 I/art     ( 1973): Note: end time exceeds epoch: 
05-25 10:46:07.425 I/RenderThread( 1973): Sleep for long time:9223372036854775807 ms
05-25 10:46:07.425 I/art     ( 1973): Note: end time exceeds epoch: 
05-25 10:46:07.625 D/ScreenElementRoot( 1973): pause
05-25 10:46:07.625 D/ScreenElementRoot( 1973): pause
05-25 10:46:07.625 I/RenderThread( 1973): RenderThread paused, waiting for signal
05-25 10:46:07.625 I/RenderThread( 1973): RenderThread resumed
05-25 10:46:07.625 D/ScreenElementRoot( 1973): resume
05-25 10:46:07.625 D/ScreenElementRoot( 1973): resume
05-25 10:46:07.625 I/RenderThread( 1973): Sleep for long time:9223372036854775807 ms
05-25 10:46:07.625 I/art     ( 1973): Note: end time exceeds epoch: 
05-25 10:46:07.625 I/RenderThread( 1973): Sleep for long time:9223372036854775807 ms
05-25 10:46:07.625 I/art     ( 1973): Note: end time exceeds epoch: 
05-25 10:46:07.625 I/RenderThread( 1973): Sleep for long time:9223372036854775807 ms
05-25 10:46:07.625 I/art     ( 1973): Note: end time exceeds epoch: 
05-25 10:46:07.645 I/RenderThread( 1973): Sleep for long time:9223372036854775807 ms
05-25 10:46:07.645 I/art     ( 1973): Note: end time exceeds epoch: 
05-25 10:46:07.655 I/ActivityManager( 1022): Start proc com.yaya.mmbang for service com.yaya.mmbang/.service.RecommendAppService: pid=9649 uid=10948 gids={50948, 9997, 1028, 3003, 1015} abi=armeabi
05-25 10:46:07.665 I/RenderThread( 1973): Sleep for long time:9223372036854775807 ms
05-25 10:46:07.665 I/art     ( 1973): Note: end time exceeds epoch: 
05-25 10:46:07.695 V/LocationPolicy( 1022): onProcessStateChanged
05-25 10:46:07.715 I/libthemeutils( 9649): Theme： libthemeutil.so load success
05-25 10:46:07.735 W/ActivityManager( 1022): getRunningAppProcesses: caller 10948 does not hold REAL_GET_TASKS; limiting output
05-25 10:46:07.745 E/yaya_template_MetricsManager( 9649): init~~~
05-25 10:46:07.745 E/yaya_template_MetricsSender( 9649): AbstractMetricsSender.run start
05-25 10:46:07.745 E/yaya_template_MetricsSender( 9649): metricsData : 
05-25 10:46:07.745 E/yaya_template_MetricsSender( 9649): AbstractMetricsSender.run end
05-25 10:46:07.755 I/XiaomiFirewall( 1562): firewall pkgName:com.yaya.mmbang, result:0
05-25 10:46:07.755 I/ProxyCache( 9649): Proxy cache server started. Ping it...
05-25 10:46:07.765 D/ProxyCache( 9649): Open connection  to http://127.0.0.1:47618/ping
05-25 10:46:07.775 D/ProxyCache( 9649): Accept new socket Socket[address=/127.0.0.1,port=46241,localPort=47618]
05-25 10:46:07.775 I/ProxyCache( 9649): Request to cache proxy:GetRequest{rangeOffset=0, partial=false, uri='ping'}
05-25 10:46:07.775 D/ProxyCache( 9649): Ping response: `ping ok`, pinged? true
05-25 10:46:07.775 D/ProxyCache( 9649): Opened connections: 0
05-25 10:46:07.815 D/yaya_template_bacy( 9649): cache init use time->1
05-25 10:46:07.835 D/yaya_template_bacy( 9649): cache init use time->20
05-25 10:46:07.845 D/ScreenElementRoot( 1973): pause
05-25 10:46:07.845 D/ScreenElementRoot( 1973): pause
05-25 10:46:07.845 I/RenderThread( 1973): RenderThread paused, waiting for signal
05-25 10:46:07.865 I/MSM-irqbalance(  807): Decided to move IRQ215 from CPU3 to CPU2
05-25 10:46:07.995 D/yaya_template_bacy( 9649): app init use time->256
05-25 10:46:08.005 I/TDLog   ( 9649): TalkingData App Analytics Android SDK Init:
05-25 10:46:08.005 I/TDLog   ( 9649): SDK version is+V1.2.79
05-25 10:46:08.005 I/TDLog   ( 9649): App ID is :424A6CDAA34BC6EB0FAF152499E2303B
05-25 10:46:08.005 I/TDLog   ( 9649): Channel is :channel
05-25 10:46:08.025 I/TDLog   ( 9649): setReportUncaughtExceptions# true
05-25 10:46:08.025 D/DnsFallback(  430): query: api.exc.mob.com
05-25 10:46:08.035 W/ActivityManager( 1022): getRunningAppProcesses: caller 10948 does not hold REAL_GET_TASKS; limiting output
05-25 10:46:08.045 W/PushService( 1521): 2016-05-25 10:46:08,056 - [WARN::PushService] - [Thread:49] try send mi push message. packagename:com.yaya.mmbang action:Notification
05-25 10:46:08.055 W/ActivityManager( 1022): getRunningAppProcesses: caller 10948 does not hold REAL_GET_TASKS; limiting output
05-25 10:46:08.075 W/ahm     ( 9649): diskCache(), diskCacheSize() and diskCacheFileCount calls overlap each other
05-25 10:46:08.075 W/ahm     ( 9649): diskCache() and diskCacheFileNameGenerator() calls overlap each other
05-25 10:46:08.075 W/ahm     ( 9649): diskCache(), diskCacheSize() and diskCacheFileCount calls overlap each other
05-25 10:46:08.125 D/yaya_template_AlarmService( 9649): onCreate----
05-25 10:46:08.125 D/yaya_template_AlarmService( 9649): alarm, cancelAlarm, requestCode=10001
05-25 10:46:08.135 D/yaya_template_AlarmService( 9649): alarm, cancelAlarm, requestCode=10002
05-25 10:46:08.145 I/Sensors ( 1022): lightsensor send flush begin~~~~~~~~ 
05-25 10:46:08.145 I/art     ( 9649): WaitForGcToComplete blocked for 38.343ms for cause Explicit
05-25 10:46:08.145 I/Sensors ( 1022): HAL: PressureSensor::enable = 1
05-25 10:46:08.155 W/ActivityManager( 1022): getRunningAppProcesses: caller 10104 does not hold REAL_GET_TASKS; limiting output
05-25 10:46:08.155 W/System.err( 3061): java.lang.ArrayIndexOutOfBoundsException: length=58; index=58
05-25 10:46:08.155 W/System.err( 3061): 	at com.lbe.security.service.provider.internal.AppOpsAdapter$1.getDefaultOp(AppOpsAdapter.java:279)
05-25 10:46:08.155 W/System.err( 3061): 	at com.android.internal.app.IOpsCallback$Stub.onTransact(IOpsCallback.java:68)
05-25 10:46:08.155 W/System.err( 3061): 	at android.os.Binder.execTransact(Binder.java:446)
05-25 10:46:08.165 D/yaya_template_AlarmService( 9649): alarm, startTemAlarm, notstart
05-25 10:46:08.165 D/yaya_template_AlarmService( 9649): alarm, cancelAlarm, requestCode=10001
05-25 10:46:08.175 D/yaya_template_AlarmService( 9649): alarm, cancelAlarm, requestCode=10002
05-25 10:46:08.175 D/yaya_template_AlarmService( 9649): onStartCommand
05-25 10:46:08.175 D/yaya_template_AlarmService( 9649): onStartCommand
05-25 10:46:08.185 D/DnsFallback(  430): query: api.share.mob.com
05-25 10:46:08.185 D/DnsFallback(  430): query: api.share.mob.com
05-25 10:46:08.195 D/yaya_template_bacy( 9649): onCommandResult xiaomi- register, resultCode->0
05-25 10:46:08.195 D/yaya_template_bacy( 9649): reg id is Epn0frYxN6m4s5kKHcu2nmxqRvRSdnlFn2teZt7mIro=
05-25 10:46:08.205 I/Sensors ( 1022): lightsensor send flush event done 
05-25 10:46:08.215 I/art     ( 9649): Explicit concurrent mark sweep GC freed 4884(330KB) AllocSpace objects, 9(254KB) LOS objects, 24% free, 9MB/13MB, paused 2.075ms total 70.704ms
05-25 10:46:08.255 D/WifiService( 1022): New client listening to asynchronous messages
05-25 10:46:08.265 D/yaya_template_volley( 9649): post->http://mobile.mmbang.net/api/?do=set_device,params->{alias=Epn0frYxN6m4s5kKHcu2nmxqRvRSdnlFn2teZt7mIro=, device=MI NOTE Pro, sign=ca67caf6937d30682d97ec572819ec1b, time=1464144368, wma=0c:1d:af:9f:80:0b, push_channel=xiaomi, sid=238183188, api_version=3.13.0, device_id=867068020353107, imei=867068020353107, app_client_id=2, resolution=1440*2560, os_version=5.0.2, regid=Epn0frYxN6m4s5kKHcu2nmxqRvRSdnlFn2teZt7mIro=, skey=53405975, aid=d7b13a7951cc5ef1, channel=channel, user_id=7229343, vendor=Xiaomi}
05-25 10:46:08.265 D/DnsFallback(  430): query: mobile.mmbang.net
05-25 10:46:08.285 W/ActivityManager( 1022): Unable to start service Intent { act=com.google.android.gms.ads.identifier.service.START pkg=com.google.android.gms } U=0: not found
05-25 10:46:08.295 I/art     ( 9649): Explicit concurrent mark sweep GC freed 5182(324KB) AllocSpace objects, 6(192KB) LOS objects, 24% free, 10MB/13MB, paused 1.487ms total 34.547ms
05-25 10:46:08.295 D/PhoneStatusBar( 1432): disable: 0x00800000 -> 0x00000000 (diff: 0x00800000)
05-25 10:46:08.295 D/PhoneStatusBar( 1432): disable: < expand icons alerts ticker system_info back home recent clock* full hide keyguard >
05-25 10:46:08.295 D/PowerKeeperEventLogManager( 2224): updatestatusbar value 0x0
05-25 10:46:08.295 D/FancyDrawable( 1973): doPause:   [miui.maml.FancyDrawable@126682c1]
05-25 10:46:08.295 D/MultipleRenderable( 1973): setPause: true miui.maml.FancyDrawable@126682c1
05-25 10:46:08.295 D/RendererCore( 1973): self pause: miui.maml.RendererCore@2dc75e09
05-25 10:46:08.295 D/FancyDrawable( 1973): doResume:   [miui.maml.FancyDrawable@94a35bb]
05-25 10:46:08.295 D/MultipleRenderable( 1973): setPause: false miui.maml.FancyDrawable@94a35bb
05-25 10:46:08.295 D/RendererCore( 1973): self resume: miui.maml.RendererCore@292ffb5e
05-25 10:46:08.295 I/RenderThread( 1973): RenderThread resumed
05-25 10:46:08.305 D/ScreenElementRoot( 1973): resume
05-25 10:46:08.305 I/RenderThread( 1973): Sleep for long time:9223372036854775807 ms
05-25 10:46:08.305 I/art     ( 1973): Note: end time exceeds epoch: 
05-25 10:46:08.345 I/Sensors ( 1022): HAL: PressureSensor::enable = 0
05-25 10:46:08.355 I/art     ( 9649): Explicit concurrent mark sweep GC freed 607(26KB) AllocSpace objects, 0(0B) LOS objects, 24% free, 10MB/13MB, paused 623us total 25.587ms
05-25 10:46:08.415 I/art     ( 9649): Explicit concurrent mark sweep GC freed 57(2496B) AllocSpace objects, 0(0B) LOS objects, 24% free, 10MB/13MB, paused 580us total 23.336ms
05-25 10:46:08.465 I/art     ( 9649): Explicit concurrent mark sweep GC freed 70(3KB) AllocSpace objects, 0(0B) LOS objects, 24% free, 10MB/13MB, paused 563us total 23.492ms
05-25 10:46:08.645 I/art     ( 9649): Explicit concurrent mark sweep GC freed 873(55KB) AllocSpace objects, 1(16KB) LOS objects, 25% free, 10MB/13MB, paused 619us total 36.175ms
05-25 10:46:08.695 D/FancyDrawable( 1973): doPause:   [miui.maml.FancyDrawable@94a35bb]
05-25 10:46:08.695 D/MultipleRenderable( 1973): setPause: true miui.maml.FancyDrawable@94a35bb
05-25 10:46:08.695 D/RendererCore( 1973): self pause: miui.maml.RendererCore@292ffb5e
05-25 10:46:08.695 D/ScreenElementRoot( 1973): pause
05-25 10:46:08.705 I/art     ( 9649): Explicit concurrent mark sweep GC freed 18(632B) AllocSpace objects, 0(0B) LOS objects, 24% free, 10MB/13MB, paused 583us total 24.022ms
05-25 10:46:08.765 I/art     ( 9649): Explicit concurrent mark sweep GC freed 3(96B) AllocSpace objects, 0(0B) LOS objects, 24% free, 10MB/13MB, paused 553us total 25.049ms
05-25 10:46:08.825 I/art     ( 9649): Explicit concurrent mark sweep GC freed 3(96B) AllocSpace objects, 0(0B) LOS objects, 24% free, 10MB/13MB, paused 601us total 24.634ms
05-25 10:46:08.895 I/art     ( 9649): Explicit concurrent mark sweep GC freed 3(96B) AllocSpace objects, 0(0B) LOS objects, 24% free, 10MB/13MB, paused 594us total 25.724ms
05-25 10:46:09.015 I/RenderThread( 1973): RenderThread paused, waiting for signal
05-25 10:46:09.125 I/art     ( 9649): Explicit concurrent mark sweep GC freed 884(55KB) AllocSpace objects, 1(16KB) LOS objects, 24% free, 10MB/13MB, paused 577us total 31.444ms
05-25 10:46:09.155 W/ActivityManager( 1022): getRunningAppProcesses: caller 10104 does not hold REAL_GET_TASKS; limiting output
05-25 10:46:09.165 W/System.err( 3061): java.lang.ArrayIndexOutOfBoundsException: length=58; index=58
05-25 10:46:09.165 W/System.err( 3061): 	at com.lbe.security.service.provider.internal.AppOpsAdapter$1.getDefaultOp(AppOpsAdapter.java:279)
05-25 10:46:09.165 W/System.err( 3061): 	at com.android.internal.app.IOpsCallback$Stub.onTransact(IOpsCallback.java:68)
05-25 10:46:09.165 W/System.err( 3061): 	at android.os.Binder.execTransact(Binder.java:446)
05-25 10:46:09.185 I/art     ( 9649): Explicit concurrent mark sweep GC freed 18(632B) AllocSpace objects, 0(0B) LOS objects, 24% free, 10MB/13MB, paused 557us total 24.460ms
05-25 10:46:09.225 D/yaya_template_Jerome( 9649): result string is: {"message": "", "data": {"alias": "Epn0frYxN6m4s5kKHcu2nmxqRvRSdnlFn2teZt7mIro="}, "success": true}
05-25 10:46:09.225 D/yaya_template_bacy( 9649): alias->Epn0frYxN6m4s5kKHcu2nmxqRvRSdnlFn2teZt7mIro=, localAlias->Epn0frYxN6m4s5kKHcu2nmxqRvRSdnlFn2teZt7mIro=
05-25 10:46:09.245 I/art     ( 9649): Explicit concurrent mark sweep GC freed 1024(62KB) AllocSpace objects, 0(0B) LOS objects, 25% free, 10MB/13MB, paused 815us total 26.322ms
05-25 10:46:09.255 D/yaya_template_bacy( 9649): onCommandResult xiaomi- set-alias, resultCode->0
05-25 10:46:09.255 D/yaya_template_bacy( 9649): set-alias,alias is->Epn0frYxN6m4s5kKHcu2nmxqRvRSdnlFn2teZt7mIro=
05-25 10:46:09.305 I/art     ( 9649): Explicit concurrent mark sweep GC freed 942(51KB) AllocSpace objects, 0(0B) LOS objects, 24% free, 10MB/13MB, paused 547us total 24.745ms
05-25 10:46:09.365 I/art     ( 9649): Explicit concurrent mark sweep GC freed 46(1952B) AllocSpace objects, 0(0B) LOS objects, 24% free, 10MB/13MB, paused 529us total 24.366ms
05-25 10:46:09.405 I/RenderThread( 1973): RenderThread resumed
05-25 10:46:09.405 I/RenderThread( 1973): All controllers paused.
05-25 10:46:09.405 I/RenderThread( 1973): RenderThread paused, waiting for signal
05-25 10:46:09.585 D/WhetstoneService( 1809): deal background too Frequently, ingore
05-25 10:46:09.645 I/RenderThread( 1973): RenderThread resumed
05-25 10:46:09.645 I/RenderThread( 1973): All controllers paused.
05-25 10:46:09.645 I/RenderThread( 1973): RenderThread paused, waiting for signal
05-25 10:46:09.795 D/SecShell( 8165): READLINK ERROR
05-25 10:46:09.805 D/BluetoothManagerService( 1022): Message: 20
05-25 10:46:09.805 D/BluetoothManagerService( 1022): Added callback: android.bluetooth.IBluetoothManagerCallback$Stub$Proxy@3d7cb893:true
05-25 10:46:09.875 W/ActivityManager( 1022): getRunningAppProcesses: caller 10948 does not hold REAL_GET_TASKS; limiting output
05-25 10:46:09.955 D/wpa_supplicant( 1538): wlan0: Control interface command 'SIGNAL_POLL'
05-25 10:46:10.165 D/MultipleRenderable( 1432): add: miui.maml.FancyDrawable@365f3569
05-25 10:46:10.165 D/RendererCore( 1432): add: miui.maml.FancyDrawable@365f3569 size:11
05-25 10:46:10.165 W/ActivityManager( 1022): getRunningAppProcesses: caller 10104 does not hold REAL_GET_TASKS; limiting output
05-25 10:46:10.175 W/System.err( 3061): java.lang.ArrayIndexOutOfBoundsException: length=58; index=58
05-25 10:46:10.175 W/System.err( 3061): 	at com.lbe.security.service.provider.internal.AppOpsAdapter$1.getDefaultOp(AppOpsAdapter.java:279)
05-25 10:46:10.175 W/System.err( 3061): 	at com.android.internal.app.IOpsCallback$Stub.onTransact(IOpsCallback.java:68)
05-25 10:46:10.175 W/System.err( 3061): 	at android.os.Binder.execTransact(Binder.java:446)
05-25 10:46:10.195 D/MultipleRenderable( 1432): add: miui.maml.FancyDrawable@2105ebee
05-25 10:46:10.195 D/RendererCore( 1432): add: miui.maml.FancyDrawable@2105ebee size:12
05-25 10:46:10.235 I/RenderThread( 1432): Sleep for long time:9223372036854775807 ms
05-25 10:46:10.235 I/art     ( 1432): Note: end time exceeds epoch: 
05-25 10:46:10.435 I/RenderThread( 1973): RenderThread resumed
05-25 10:46:10.435 I/RenderThread( 1973): All controllers paused.
05-25 10:46:10.435 I/RenderThread( 1973): RenderThread paused, waiting for signal
05-25 10:46:10.675 W/ContextImpl( 1022): Calling a method in the system process without a qualified user: android.app.ContextImpl.sendBroadcast:1323 com.android.internal.policy.impl.BaseMiuiPhoneWindowManager.interceptKeyBeforeQueueingInternal:748 com.android.internal.policy.impl.MiuiPhoneWindowManager.interceptKeyBeforeQueueing:62 com.android.server.wm.InputMonitor.interceptKeyBeforeQueueing:380 com.android.server.input.InputManagerService.interceptKeyBeforeQueueing:1486 
05-25 10:46:10.855 D/dev-gaocx( 1432): VolumePanel show 
05-25 10:46:10.905 W/ActivityManager( 1022): getRunningAppProcesses: caller 10948 does not hold REAL_GET_TASKS; limiting output
05-25 10:46:11.015 I/CircleProgressView( 1432): progress:0
05-25 10:46:11.015 D/dev-gaocx( 1432): VolumePanel updateMajorProgress -1 0 4
05-25 10:46:11.015 I/CircleProgressView( 1432): progress:100
05-25 10:46:11.085 W/ContextImpl( 1432): Calling a method in the system process without a qualified user: android.app.ContextImpl.sendBroadcast:1323 android.content.ContextWrapper.sendBroadcast:376 com.android.systemui.taskmanager.TaskManagerView.sendVisibilityChangedBroadcast:650 com.android.systemui.taskmanager.TaskManagerView.access$1700:86 com.android.systemui.taskmanager.TaskManagerView$11.run:581 
05-25 10:46:11.175 I/art     ( 9649): Explicit concurrent mark sweep GC freed 26132(1443KB) AllocSpace objects, 10(205KB) LOS objects, 24% free, 10MB/13MB, paused 552us total 37.302ms
05-25 10:46:11.175 W/ActivityManager( 1022): getRunningAppProcesses: caller 10104 does not hold REAL_GET_TASKS; limiting output
05-25 10:46:11.175 W/System.err( 3061): java.lang.ArrayIndexOutOfBoundsException: length=58; index=58
05-25 10:46:11.185 W/System.err( 3061): 	at com.lbe.security.service.provider.internal.AppOpsAdapter$1.getDefaultOp(AppOpsAdapter.java:279)
05-25 10:46:11.185 W/System.err( 3061): 	at com.android.internal.app.IOpsCallback$Stub.onTransact(IOpsCallback.java:68)
05-25 10:46:11.185 W/System.err( 3061): 	at android.os.Binder.execTransact(Binder.java:446)
05-25 10:46:11.255 I/art     ( 9649): Explicit concurrent mark sweep GC freed 1211(54KB) AllocSpace objects, 0(0B) LOS objects, 25% free, 10MB/13MB, paused 524us total 32.216ms
05-25 10:46:11.325 I/art     ( 9649): Explicit concurrent mark sweep GC freed 3(96B) AllocSpace objects, 0(0B) LOS objects, 25% free, 10MB/13MB, paused 497us total 25.845ms
05-25 10:46:11.385 I/art     ( 9649): Explicit concurrent mark sweep GC freed 3(96B) AllocSpace objects, 0(0B) LOS objects, 25% free, 10MB/13MB, paused 542us total 25.650ms
05-25 10:46:11.445 I/art     ( 9649): Explicit concurrent mark sweep GC freed 3(96B) AllocSpace objects, 0(0B) LOS objects, 25% free, 10MB/13MB, paused 522us total 26.461ms
05-25 10:46:11.655 I/art     ( 9649): Explicit concurrent mark sweep GC freed 952(59KB) AllocSpace objects, 1(16KB) LOS objects, 24% free, 10MB/13MB, paused 667us total 27.514ms
05-25 10:46:11.715 I/art     ( 9649): Explicit concurrent mark sweep GC freed 20(712B) AllocSpace objects, 0(0B) LOS objects, 24% free, 10MB/13MB, paused 542us total 24.488ms
05-25 10:46:11.775 I/art     ( 9649): Explicit concurrent mark sweep GC freed 3(96B) AllocSpace objects, 0(0B) LOS objects, 24% free, 10MB/13MB, paused 546us total 25.687ms
05-25 10:46:11.835 I/art     ( 9649): Explicit concurrent mark sweep GC freed 3(96B) AllocSpace objects, 0(0B) LOS objects, 24% free, 10MB/13MB, paused 549us total 26.145ms
05-25 10:46:11.905 I/art     ( 9649): Explicit concurrent mark sweep GC freed 3(96B) AllocSpace objects, 0(0B) LOS objects, 24% free, 10MB/13MB, paused 553us total 26.897ms
05-25 10:46:12.015 W/ActivityManager( 1022): getRunningAppProcesses: caller 10948 does not hold REAL_GET_TASKS; limiting output
05-25 10:46:12.105 I/art     ( 9649): Explicit concurrent mark sweep GC freed 956(59KB) AllocSpace objects, 1(16KB) LOS objects, 24% free, 10MB/13MB, paused 559us total 29.621ms
05-25 10:46:12.175 I/art     ( 9649): Explicit concurrent mark sweep GC freed 20(712B) AllocSpace objects, 0(0B) LOS objects, 24% free, 10MB/13MB, paused 629us total 25.620ms
05-25 10:46:12.185 W/ActivityManager( 1022): getRunningAppProcesses: caller 10104 does not hold REAL_GET_TASKS; limiting output
05-25 10:46:12.185 W/System.err( 3061): java.lang.ArrayIndexOutOfBoundsException: length=58; index=58
05-25 10:46:12.185 W/System.err( 3061): 	at com.lbe.security.service.provider.internal.AppOpsAdapter$1.getDefaultOp(AppOpsAdapter.java:279)
05-25 10:46:12.195 W/System.err( 3061): 	at com.android.internal.app.IOpsCallback$Stub.onTransact(IOpsCallback.java:68)
05-25 10:46:12.195 W/System.err( 3061): 	at android.os.Binder.execTransact(Binder.java:446)
05-25 10:46:12.235 I/art     ( 9649): Explicit concurrent mark sweep GC freed 3(96B) AllocSpace objects, 0(0B) LOS objects, 24% free, 10MB/13MB, paused 536us total 25.591ms
05-25 10:46:12.295 I/art     ( 9649): Explicit concurrent mark sweep GC freed 3(96B) AllocSpace objects, 0(0B) LOS objects, 24% free, 10MB/13MB, paused 531us total 25.257ms
05-25 10:46:12.315 W/ContextImpl( 1432): Calling a method in the system process without a qualified user: android.app.ContextImpl.sendBroadcast:1323 android.content.ContextWrapper.sendBroadcast:376 com.android.systemui.taskmanager.TaskManagerView.sendVisibilityChangedBroadcast:650 com.android.systemui.taskmanager.TaskManagerView.show:595 com.android.systemui.taskmanager.TaskManagerView.showTaskByAnimation:260 
05-25 10:46:12.325 I/Analytics( 1432): start session(com.android.systemui)
05-25 10:46:12.325 I/Analytics( 1432): end session(com.android.systemui)
05-25 10:46:12.325 W/ContextImpl( 1432): Calling a method in the system process without a qualified user: android.app.ContextImpl.bindService:1752 android.content.ContextWrapper.bindService:538 miui.analytics.Analytics.endSession:120 com.android.systemui.taskmanager.TaskManagerView.show:638 com.android.systemui.taskmanager.TaskManagerView.showTaskByAnimation:260 
05-25 10:46:12.325 I/RenderThread( 1973): RenderThread resumed
05-25 10:46:12.325 I/RenderThread( 1973): All controllers paused.
05-25 10:46:12.325 I/RenderThread( 1973): RenderThread paused, waiting for signal
05-25 10:46:12.325 W/ContextImpl( 1432): Calling a method in the system process without a qualified user: android.app.ContextImpl.startActivity:1232 android.content.ContextWrapper.startActivity:333 com.android.systemui.taskmanager.TaskManagerView.showTask:300 com.android.systemui.taskmanager.TaskManagerView.showTaskByAnimation:261 com.android.systemui.taskmanager.TaskManagerView.access$000:86 
05-25 10:46:12.325 I/Timeline( 1432): Timeline: Activity_launch_request time:1364495
05-25 10:46:12.335 D/AdClientRecord( 2027): Splash target was not initialized.
05-25 10:46:12.335 D/SystemAdController( 2027): Package:com.yaya.mmbang is not in the list
05-25 10:46:12.335 D/SystemAdController( 2027): requestSplashScreen duration:3
05-25 10:46:12.345 I/ActivityManager( 1022): START u0 {act=android.intent.action.MAIN cat=[android.intent.category.LAUNCHER] flg=0x10304000 cmp=com.yaya.mmbang/.activity.SplashActivity} from uid 1000 on display 0
05-25 10:46:12.365 I/art     ( 9649): Explicit concurrent mark sweep GC freed 3(96B) AllocSpace objects, 0(0B) LOS objects, 24% free, 10MB/13MB, paused 545us total 27.225ms
05-25 10:46:12.365 D/PowerKeeperEventLogManager( 2224): notifyForegroundCompomentChanged ComponentInfo{com.yaya.mmbang/com.yaya.mmbang.activity.SplashActivity}
05-25 10:46:12.375 W/ContextImpl( 1022): Calling a method in the system process without a qualified user: android.app.ContextImpl.sendBroadcast:1323 com.android.internal.policy.impl.BaseMiuiPhoneWindowManager.interceptKeyBeforeQueueingInternal:748 com.android.internal.policy.impl.MiuiPhoneWindowManager.interceptKeyBeforeQueueing:62 com.android.server.wm.InputMonitor.interceptKeyBeforeQueueing:380 com.android.server.input.InputManagerService.interceptKeyBeforeQueueing:1486 
05-25 10:46:12.385 D/DnsFallback(  430): query: tracking.miui.com
05-25 10:46:12.385 I/XiaomiFirewall( 1562): firewall pkgName:com.miui.systemAdSolution, result:0
05-25 10:46:12.395 W/System.err( 3061): java.lang.ArrayIndexOutOfBoundsException: length=58; index=58
05-25 10:46:12.395 W/System.err( 3061): 	at com.lbe.security.service.provider.internal.AppOpsAdapter$1.getDefaultOp(AppOpsAdapter.java:279)
05-25 10:46:12.395 W/System.err( 3061): 	at com.android.internal.app.IOpsCallback$Stub.onTransact(IOpsCallback.java:68)
05-25 10:46:12.395 W/System.err( 3061): 	at android.os.Binder.execTransact(Binder.java:446)
05-25 10:46:12.405 I/Timeline( 1022): Timeline: App_transition_ready time:1364570
05-25 10:46:12.405 W/ActivityManager( 1022): getTasks: caller 10550 does not hold REAL_GET_TASKS; limiting output
05-25 10:46:12.405 V/LocationPolicy( 1022): onProcessStateChanged
05-25 10:46:12.415 I/yaya_template_BaseSpmActivity( 9649): onCreate current acitvity is com.yaya.mmbang.activity.SplashActivity
05-25 10:46:12.425 W/ActivityManager( 1022): getRunningAppProcesses: caller 10550 does not hold REAL_GET_TASKS; limiting output
05-25 10:46:12.435 I/Timeline( 1022): Timeline: App_transition_ready time:1364609
05-25 10:46:12.445 E/yaya_template_SplashActivity( 9649): onCreate
05-25 10:46:12.465 D/yaya_template_volley( 9649): get->http://mobile.mmbang.net/api/redpoint/mobile/fetch?device=MI+NOTE+Pro&sign=2d7fa7f4de680a6709b4f361e1b1f162&time=1464144372&wma=0c%3A1d%3Aaf%3A9f%3A80%3A0b&sid=238183188&api_version=3.13.0&device_id=867068020353107&imei=867068020353107&app_client_id=2&resolution=1440*2560&os_version=5.0.2&skey=53405975&aid=d7b13a7951cc5ef1&channel=channel&vendor=Xiaomi
05-25 10:46:12.465 E/yaya_template_SplashActivity( 9649): isAdView : false
05-25 10:46:12.475 I/yaya_template_log( 9649): CacheUtil.FreeSpace()=282 CacheUtil.TotalSpace()=1611 f=0.17504655
05-25 10:46:12.495 D/yaya_template_volley( 9649): get->http://mobile.mmbang.net/api/?device=MI+NOTE+Pro&sign=dca1a0ad4a6b1fd1c84298c1a75b9c61&time=1464144372501&wma=0c%3A1d%3Aaf%3A9f%3A80%3A0b&do=user&sid=238183188&api_version=3.13.0&device_id=867068020353107&imei=867068020353107&app_client_id=2&show_menu=1&resolution=1440*2560&os_version=5.0.2&skey=53405975&aid=d7b13a7951cc5ef1&channel=channel&user_id=7229343&vendor=Xiaomi
05-25 10:46:12.495 D/DnsFallback(  430): query: mobile.mmbang.net
05-25 10:46:12.495 I/XiaomiFirewall( 1562): firewall pkgName:com.yaya.mmbang, result:0
05-25 10:46:12.525 I/TDLog   ( 9649): onResume# activity.SplashActivity
05-25 10:46:12.525 I/yaya_template_SplashActivity( 9649): 用户 123.听我家了 进入
05-25 10:46:12.525 E/yaya_template_SplashActivity( 9649): doCheckLoginWithOut, bFinishedClear : true; hasSessionId() : true
05-25 10:46:12.535 D/OpenGLRenderer( 9649): Render dirty regions requested: true
05-25 10:46:12.535 D/dev-gaocx( 1432): VolumePanel show 
05-25 10:46:12.545 D/dev-gaocx( 1432): VolumePanel updateMajorProgress -1 100 4
05-25 10:46:12.565 I/Adreno  ( 9649): QUALCOMM build                   : 89c810b, Id8ea0a2dc8
05-25 10:46:12.565 I/Adreno  ( 9649): Build Date                       : 07/30/15
05-25 10:46:12.565 I/Adreno  ( 9649): OpenGL ES Shader Compiler Version: E031.25.03.09
05-25 10:46:12.565 I/Adreno  ( 9649): Local Branch                     : 
05-25 10:46:12.565 I/Adreno  ( 9649): Remote Branch                    : 
05-25 10:46:12.565 I/Adreno  ( 9649): Remote Branch                    : 
05-25 10:46:12.565 I/Adreno  ( 9649): Reconstruct Branch               : 
05-25 10:46:12.585 I/OpenGLRenderer( 9649): Initialized EGL, version 1.4
05-25 10:46:12.595 D/OpenGLRenderer( 9649): Enabling debug mode 0
05-25 10:46:12.605 D/yaya_template_Jerome( 9649): result string is: {"message": "", "data": {"app": {"max": 99, "submodules": {"bang": {"max": 99, "submodules": {"notification": {"max": 99, "submodules": {"flowers": {"max": 99, "number": 0, "notice_version": ""}, "messages": {"max": 99, "number": 0, "notice_version": ""}, "replies": {"max": 99, "number": 2, "notice_version": ""}}}}}, "usercenter": {"max": 99, "submodules": {"banglife": {"max": 99, "number": 0, "notice_version": ""}, "chanjian": {"max": 99, "number": 0, "notice_version": ""}, "beans": {"max": 99, "number": 0, "notice_version": ""}, "level": {"max": 99, "number": 0, "notice_version": ""}, "fulishe": {"max": 99, "number": 0, "notice_version": ""}, "trialcenter": {"max": 99, "number": 0, "notice_version": "1459231067.397891"}, "fans": {"max": 99, "number": 2, "notice_version": ""}, "badges": {"max": 99, "number": 0, "notice_version": ""}}}, "newsfeed": {"max": 99, "number": 0, "notice_version": "1464071454.078535"}, "locallife": {"max": 99, "number": 0, "notice_version": ""}, "youzan": {"max": 99, "number": 0, "notice_version": ""}, "discovery": {"max": 99, "number": 0, "notice_version": ""}}}}, "success": true}
05-25 10:46:12.605 D/yaya_template_mmbang( 9649): {}
05-25 10:46:12.635 I/Timeline( 9649): Timeline: Activity_idle id: android.os.BinderProxy@3fc5c144 time:1364804
