05-25 10:45:52.145 V/NotificationService( 1022): enqueueNotificationInternal: pkg=android id=17040645 notification=Notification(pri=0 contentView=null vibrate=null sound=null defaults=0x0 flags=0x2 color=0xff607d8b vis=PRIVATE)
05-25 10:45:52.145 I/ValidateNoPeople( 1022): skipping global notification
05-25 10:45:52.145 D/SystemAdController( 2027): Activity:ActivityInfo{3251c0e2 com.miui.home.launcher.Launcher}is not the default one
05-25 10:45:52.145 D/AdClientRecord( 2027): Splash target was not initialized.
05-25 10:45:52.145 D/SystemAdController( 2027): Package:com.miui.home is not in the list
05-25 10:45:52.145 D/SystemAdController( 2027): requestSplashScreen duration:1
05-25 10:45:52.145 I/ActivityManager( 1022): START u0 {act=android.intent.action.MAIN cat=[android.intent.category.HOME] flg=0x10200000 cmp=com.miui.home/.launcher.Launcher} from uid 1000 on display 0
05-25 10:45:52.155 D/NotificationService( 1022): [csl] buzzBeepBlinkLocked() zenMode = 0, zenConfig = ZenModeConfig[allowCalls=true,allowMessages=false,allowFrom=contacts,allowEvents=false,allowMusic=false,allowAlarm=true,allowVibrate=false,allowLight=true,sleepMode=null,sleepStart=22.0,sleepEnd=7.0,conditionComponents=null,conditionIds=null,exitCondition=null,exitConditionComponent=null]
05-25 10:45:52.155 V/NotificationService( 1022): pkg=android canInterrupt=true intercept=false
05-25 10:45:52.155 V/NotificationService( 1022): Interrupting!
05-25 10:45:52.155 D/PhoneStatusBar( 1432): updateNotification pkg=android;id=17040645
05-25 10:45:52.175 D/SizeAdaptiveLayout( 1432): com.android.internal.widget.SizeAdaptiveLayout{1e4fbf30 V.E..... ......ID 0,0-1260,232 #7f0800c1 app:id/adaptive}child view android.widget.FrameLayout{35537a9 V.E..... ......ID 0,0-1260,231 #1020330 android:id/status_bar_latest_event_content} measured out of bounds at 231px clamped to 232px
05-25 10:45:52.205 W/System.err( 3061): java.lang.ArrayIndexOutOfBoundsException: length=58; index=58
05-25 10:45:52.205 W/System.err( 3061): 	at com.lbe.security.service.provider.internal.AppOpsAdapter$1.getDefaultOp(AppOpsAdapter.java:279)
05-25 10:45:52.205 W/System.err( 3061): 	at com.android.internal.app.IOpsCallback$Stub.onTransact(IOpsCallback.java:68)
05-25 10:45:52.205 W/System.err( 3061): 	at android.os.Binder.execTransact(Binder.java:446)
05-25 10:45:52.205 W/ActivityManager( 1022): getTasks: caller 10550 does not hold REAL_GET_TASKS; limiting output
05-25 10:45:52.215 W/ActivityManager( 1022): getRunningAppProcesses: caller 10550 does not hold REAL_GET_TASKS; limiting output
05-25 10:45:52.295 W/ActivityManager( 1022): getRunningAppProcesses: caller 10948 does not hold REAL_GET_TASKS; limiting output
05-25 10:45:52.385 D/SystemAdController( 2027): Activity:ActivityInfo{26602c73 com.miui.home.launcher.Launcher}is not the default one
05-25 10:45:52.385 D/AdClientRecord( 2027): Splash target was not initialized.
05-25 10:45:52.385 V/NotificationService( 1022): enqueueNotificationInternal: pkg=android id=17040645 notification=Notification(pri=0 contentView=null vibrate=null sound=null defaults=0x0 flags=0x2 color=0xff607d8b vis=PRIVATE)
05-25 10:45:52.385 I/ValidateNoPeople( 1022): skipping global notification
05-25 10:45:52.385 D/SystemAdController( 2027): Package:com.miui.home is not in the list
05-25 10:45:52.385 D/SystemAdController( 2027): requestSplashScreen duration:1
05-25 10:45:52.385 I/ActivityManager( 1022): START u0 {act=android.intent.action.MAIN cat=[android.intent.category.HOME] flg=0x10200000 cmp=com.miui.home/.launcher.Launcher} from uid 1000 on display 0
05-25 10:45:52.395 D/NotificationService( 1022): [csl] buzzBeepBlinkLocked() zenMode = 0, zenConfig = ZenModeConfig[allowCalls=true,allowMessages=false,allowFrom=contacts,allowEvents=false,allowMusic=false,allowAlarm=true,allowVibrate=false,allowLight=true,sleepMode=null,sleepStart=22.0,sleepEnd=7.0,conditionComponents=null,conditionIds=null,exitCondition=null,exitConditionComponent=null]
05-25 10:45:52.395 V/NotificationService( 1022): pkg=android canInterrupt=true intercept=false
05-25 10:45:52.395 V/NotificationService( 1022): Interrupting!
05-25 10:45:52.395 D/PhoneStatusBar( 1432): updateNotification pkg=android;id=17040645
05-25 10:45:52.405 D/SizeAdaptiveLayout( 1432): com.android.internal.widget.SizeAdaptiveLayout{1e4fbf30 V.E..... ......ID 0,0-1260,232 #7f0800c1 app:id/adaptive}child view android.widget.FrameLayout{35537a9 V.E..... ......ID 0,0-1260,231 #1020330 android:id/status_bar_latest_event_content} measured out of bounds at 231px clamped to 232px
05-25 10:45:52.835 D/SystemAdController( 2027): Activity:ActivityInfo{38702730 com.miui.home.launcher.Launcher}is not the default one
05-25 10:45:52.835 D/AdClientRecord( 2027): Splash target was not initialized.
05-25 10:45:52.835 D/SystemAdController( 2027): Package:com.miui.home is not in the list
05-25 10:45:52.835 D/SystemAdController( 2027): requestSplashScreen duration:0
05-25 10:45:52.835 I/ActivityManager( 1022): START u0 {act=android.intent.action.MAIN cat=[android.intent.category.HOME] flg=0x10200000 cmp=com.miui.home/.launcher.Launcher} from uid 1000 on display 0
05-25 10:45:52.845 V/NotificationService( 1022): enqueueNotificationInternal: pkg=android id=17040645 notification=Notification(pri=0 contentView=null vibrate=null sound=null defaults=0x0 flags=0x2 color=0xff607d8b vis=PRIVATE)
05-25 10:45:52.845 I/ValidateNoPeople( 1022): skipping global notification
05-25 10:45:52.845 D/NotificationService( 1022): [csl] buzzBeepBlinkLocked() zenMode = 0, zenConfig = ZenModeConfig[allowCalls=true,allowMessages=false,allowFrom=contacts,allowEvents=false,allowMusic=false,allowAlarm=true,allowVibrate=false,allowLight=true,sleepMode=null,sleepStart=22.0,sleepEnd=7.0,conditionComponents=null,conditionIds=null,exitCondition=null,exitConditionComponent=null]
05-25 10:45:52.845 V/NotificationService( 1022): pkg=android canInterrupt=true intercept=false
05-25 10:45:52.845 V/NotificationService( 1022): Interrupting!
05-25 10:45:52.845 D/PhoneStatusBar( 1432): updateNotification pkg=android;id=17040645
05-25 10:45:52.865 I/MSM-irqbalance(  807): Decided to move IRQ65 from CPU3 to CPU2
05-25 10:45:52.885 D/SizeAdaptiveLayout( 1432): com.android.internal.widget.SizeAdaptiveLayout{1e4fbf30 V.E..... ......ID 0,0-1260,232 #7f0800c1 app:id/adaptive}child view android.widget.FrameLayout{35537a9 V.E..... ......ID 0,0-1260,231 #1020330 android:id/status_bar_latest_event_content} measured out of bounds at 231px clamped to 232px
05-25 10:45:52.995 W/ActivityManager( 1022): getRunningAppProcesses: caller 10104 does not hold REAL_GET_TASKS; limiting output
05-25 10:45:52.995 W/System.err( 3061): java.lang.ArrayIndexOutOfBoundsException: length=58; index=58
05-25 10:45:52.995 W/System.err( 3061): 	at com.lbe.security.service.provider.internal.AppOpsAdapter$1.getDefaultOp(AppOpsAdapter.java:279)
05-25 10:45:52.995 W/System.err( 3061): 	at com.android.internal.app.IOpsCallback$Stub.onTransact(IOpsCallback.java:68)
05-25 10:45:52.995 W/System.err( 3061): 	at android.os.Binder.execTransact(Binder.java:446)
05-25 10:45:53.065 I/art     ( 7523): Explicit concurrent mark sweep GC freed 1391(92KB) AllocSpace objects, 2(32KB) LOS objects, 26% free, 43MB/59MB, paused 1.320ms total 52.551ms
05-25 10:45:53.145 I/art     ( 7523): Explicit concurrent mark sweep GC freed 39(1472B) AllocSpace objects, 0(0B) LOS objects, 26% free, 43MB/59MB, paused 1.202ms total 42.211ms
05-25 10:45:53.225 I/art     ( 7523): Explicit concurrent mark sweep GC freed 4(128B) AllocSpace objects, 0(0B) LOS objects, 26% free, 43MB/59MB, paused 1.108ms total 42.513ms
05-25 10:45:53.305 W/ActivityManager( 1022): getRunningAppProcesses: caller 10948 does not hold REAL_GET_TASKS; limiting output
05-25 10:45:53.315 I/art     ( 7523): Explicit concurrent mark sweep GC freed 13(432B) AllocSpace objects, 0(0B) LOS objects, 26% free, 43MB/59MB, paused 2.186ms total 44.236ms
05-25 10:45:53.385 D/SystemAdController( 2027): Activity:ActivityInfo{32d17fa9 com.miui.home.launcher.Launcher}is not the default one
05-25 10:45:53.385 D/AdClientRecord( 2027): Splash target was not initialized.
05-25 10:45:53.385 V/NotificationService( 1022): enqueueNotificationInternal: pkg=android id=17040645 notification=Notification(pri=0 contentView=null vibrate=null sound=null defaults=0x0 flags=0x2 color=0xff607d8b vis=PRIVATE)
05-25 10:45:53.385 I/ValidateNoPeople( 1022): skipping global notification
05-25 10:45:53.395 D/SystemAdController( 2027): Package:com.miui.home is not in the list
05-25 10:45:53.395 D/SystemAdController( 2027): requestSplashScreen duration:2
05-25 10:45:53.395 I/ActivityManager( 1022): START u0 {act=android.intent.action.MAIN cat=[android.intent.category.HOME] flg=0x10200000 cmp=com.miui.home/.launcher.Launcher} from uid 1000 on display 0
05-25 10:45:53.395 D/NotificationService( 1022): [csl] buzzBeepBlinkLocked() zenMode = 0, zenConfig = ZenModeConfig[allowCalls=true,allowMessages=false,allowFrom=contacts,allowEvents=false,allowMusic=false,allowAlarm=true,allowVibrate=false,allowLight=true,sleepMode=null,sleepStart=22.0,sleepEnd=7.0,conditionComponents=null,conditionIds=null,exitCondition=null,exitConditionComponent=null]
05-25 10:45:53.395 V/NotificationService( 1022): pkg=android canInterrupt=true intercept=false
05-25 10:45:53.395 V/NotificationService( 1022): Interrupting!
05-25 10:45:53.395 I/art     ( 7523): Explicit concurrent mark sweep GC freed 16(592B) AllocSpace objects, 0(0B) LOS objects, 26% free, 43MB/59MB, paused 1.476ms total 44.255ms
05-25 10:45:53.395 D/PhoneStatusBar( 1432): updateNotification pkg=android;id=17040645
05-25 10:45:53.405 D/SizeAdaptiveLayout( 1432): com.android.internal.widget.SizeAdaptiveLayout{1e4fbf30 V.E..... ......ID 0,0-1260,232 #7f0800c1 app:id/adaptive}child view android.widget.FrameLayout{35537a9 V.E..... ......ID 0,0-1260,231 #1020330 android:id/status_bar_latest_event_content} measured out of bounds at 231px clamped to 232px
05-25 10:45:53.655 I/art     ( 7523): Explicit concurrent mark sweep GC freed 1068(64KB) AllocSpace objects, 1(16KB) LOS objects, 26% free, 43MB/59MB, paused 1.435ms total 49.695ms
05-25 10:45:53.745 I/art     ( 7523): Explicit concurrent mark sweep GC freed 21(744B) AllocSpace objects, 0(0B) LOS objects, 26% free, 43MB/59MB, paused 2.678ms total 47.565ms
05-25 10:45:53.835 I/art     ( 7523): Explicit concurrent mark sweep GC freed 6(272B) AllocSpace objects, 0(0B) LOS objects, 26% free, 43MB/59MB, paused 1.771ms total 47.291ms
05-25 10:45:53.885 V/LocationPolicy( 1022): onProcessStateChanged
05-25 10:45:53.895 D/PhoneStatusBar( 1432): removeNotification key=android.os.Binder@2fe241d7 old=StatusBarNotification(pkg=android user=UserHandle{-1} id=17040645 tag=null score=0 key=-1|android|17040645|null|1000: Notification(pri=0 contentView=android/0x1090083 vibrate=null sound=null defaults=0x0 flags=0x2 color=0xff607d8b vis=PRIVATE))
05-25 10:45:53.895 W/ContextImpl( 1432): Calling a method in the system process without a qualified user: android.app.ContextImpl.sendBroadcast:1323 android.content.ContextWrapper.sendBroadcast:376 com.android.systemui.statusbar.phone.PhoneStatusBar.updateAppMessage:1649 com.android.systemui.statusbar.phone.PhoneStatusBar.updateAppMessage:1641 com.android.systemui.statusbar.phone.PhoneStatusBar.removeNotification:2395 
05-25 10:45:53.925 I/art     ( 7523): Explicit concurrent mark sweep GC freed 4(176B) AllocSpace objects, 0(0B) LOS objects, 26% free, 43MB/59MB, paused 1.494ms total 46.009ms
05-25 10:45:53.985 W/System.err( 3061): java.lang.ArrayIndexOutOfBoundsException: length=58; index=58
05-25 10:45:53.985 W/System.err( 3061): 	at com.lbe.security.service.provider.internal.AppOpsAdapter$1.getDefaultOp(AppOpsAdapter.java:279)
05-25 10:45:53.985 W/System.err( 3061): 	at com.android.internal.app.IOpsCallback$Stub.onTransact(IOpsCallback.java:68)
05-25 10:45:53.985 W/System.err( 3061): 	at android.os.Binder.execTransact(Binder.java:446)
05-25 10:45:54.005 W/ActivityManager( 1022): getRunningAppProcesses: caller 10104 does not hold REAL_GET_TASKS; limiting output
05-25 10:45:54.005 W/UnimplementedWebViewApi( 7523): Unimplemented WebView method onKeyDown called from: android.webkit.WebView.onKeyDown(WebView.java:2307)
05-25 10:45:54.005 I/art     ( 7523): Explicit concurrent mark sweep GC freed 27(928B) AllocSpace objects, 0(0B) LOS objects, 26% free, 43MB/59MB, paused 1.386ms total 44.939ms
05-25 10:45:54.015 W/System.err( 3061): java.lang.ArrayIndexOutOfBoundsException: length=58; index=58
05-25 10:45:54.015 W/System.err( 3061): 	at com.lbe.security.service.provider.internal.AppOpsAdapter$1.getDefaultOp(AppOpsAdapter.java:279)
05-25 10:45:54.015 W/System.err( 3061): 	at com.android.internal.app.IOpsCallback$Stub.onTransact(IOpsCallback.java:68)
05-25 10:45:54.015 W/System.err( 3061): 	at android.os.Binder.execTransact(Binder.java:446)
05-25 10:45:54.025 D/MultipleRenderable( 1432): add: miui.maml.FancyDrawable@17f4612e
05-25 10:45:54.025 D/RendererCore( 1432): add: miui.maml.FancyDrawable@17f4612e size:5
05-25 10:45:54.055 D/MultipleRenderable( 1432): add: miui.maml.FancyDrawable@3d94cf
05-25 10:45:54.055 D/RendererCore( 1432): add: miui.maml.FancyDrawable@3d94cf size:6
05-25 10:45:54.085 I/RenderThread( 1432): Sleep for long time:9223372036854775807 ms
05-25 10:45:54.085 I/art     ( 1432): Note: end time exceeds epoch: 
05-25 10:45:54.255 W/ContextImpl( 1432): Calling a method in the system process without a qualified user: android.app.ContextImpl.sendBroadcast:1323 android.content.ContextWrapper.sendBroadcast:376 com.android.systemui.taskmanager.TaskManagerView.sendVisibilityChangedBroadcast:650 com.android.systemui.taskmanager.TaskManagerView.show:595 com.android.systemui.taskmanager.TaskManagerView.onKeyUp:447 
05-25 10:45:54.255 I/Analytics( 1432): start session(com.android.systemui)
05-25 10:45:54.255 I/Analytics( 1432): end session(com.android.systemui)
05-25 10:45:54.255 W/ContextImpl( 1432): Calling a method in the system process without a qualified user: android.app.ContextImpl.bindService:1752 android.content.ContextWrapper.bindService:538 miui.analytics.Analytics.endSession:120 com.android.systemui.taskmanager.TaskManagerView.show:638 com.android.systemui.taskmanager.TaskManagerView.onKeyUp:447 
05-25 10:45:54.285 I/art     ( 7523): Explicit concurrent mark sweep GC freed 1541(86KB) AllocSpace objects, 1(16KB) LOS objects, 26% free, 43MB/59MB, paused 1.701ms total 56.510ms
05-25 10:45:54.305 W/ActivityManager( 1022): getRunningAppProcesses: caller 10948 does not hold REAL_GET_TASKS; limiting output
05-25 10:45:54.365 I/art     ( 7523): Explicit concurrent mark sweep GC freed 47(2456B) AllocSpace objects, 0(0B) LOS objects, 26% free, 43MB/59MB, paused 1.484ms total 44.594ms
05-25 10:45:54.445 I/art     ( 7523): Explicit concurrent mark sweep GC freed 3(96B) AllocSpace objects, 0(0B) LOS objects, 26% free, 43MB/59MB, paused 1.259ms total 42.695ms
05-25 10:45:54.525 I/art     ( 7523): Explicit concurrent mark sweep GC freed 3(96B) AllocSpace objects, 0(0B) LOS objects, 26% free, 43MB/59MB, paused 1.292ms total 42.335ms
05-25 10:45:54.615 I/art     ( 7523): Explicit concurrent mark sweep GC freed 3(96B) AllocSpace objects, 0(0B) LOS objects, 26% free, 43MB/59MB, paused 1.301ms total 43.390ms
05-25 10:45:54.725 W/InputMethodManagerService( 1022): Window already focused, ignoring focus gain of: com.android.internal.view.IInputMethodClient$Stub$Proxy@2005db09 attribute=null, token = android.os.BinderProxy@1eb111af
05-25 10:45:54.835 W/UnimplementedWebViewApi( 7523): Unimplemented WebView method onKeyDown called from: android.webkit.WebView.onKeyDown(WebView.java:2307)
05-25 10:45:54.885 D/wpa_supplicant( 1538): wlan0: Control interface command 'SIGNAL_POLL'
05-25 10:45:54.945 I/System.out( 7523): onPageStarted, url=http://www.tianya.cn/m/
05-25 10:45:54.965 I/XiaomiFirewall( 1562): firewall pkgName:com.yaya.mmbang, result:0
05-25 10:45:55.015 W/ActivityManager( 1022): getRunningAppProcesses: caller 10104 does not hold REAL_GET_TASKS; limiting output
05-25 10:45:55.025 W/System.err( 3061): java.lang.ArrayIndexOutOfBoundsException: length=58; index=58
05-25 10:45:55.025 W/System.err( 3061): 	at com.lbe.security.service.provider.internal.AppOpsAdapter$1.getDefaultOp(AppOpsAdapter.java:279)
05-25 10:45:55.025 W/UnimplementedWebViewApi( 7523): Unimplemented WebView method onKeyDown called from: android.webkit.WebView.onKeyDown(WebView.java:2307)
05-25 10:45:55.025 W/System.err( 3061): 	at com.android.internal.app.IOpsCallback$Stub.onTransact(IOpsCallback.java:68)
05-25 10:45:55.025 W/System.err( 3061): 	at android.os.Binder.execTransact(Binder.java:446)
05-25 10:45:55.045 V/LocationPolicy( 1022): onProcessStateChanged
05-25 10:45:55.075 V/NotificationService( 1022): enqueueNotificationInternal: pkg=android id=17040645 notification=Notification(pri=0 contentView=null vibrate=null sound=null defaults=0x0 flags=0x2 color=0xff607d8b vis=PRIVATE)
05-25 10:45:55.085 I/ValidateNoPeople( 1022): skipping global notification
05-25 10:45:55.085 D/NotificationService( 1022): [csl] buzzBeepBlinkLocked() zenMode = 0, zenConfig = ZenModeConfig[allowCalls=true,allowMessages=false,allowFrom=contacts,allowEvents=false,allowMusic=false,allowAlarm=true,allowVibrate=false,allowLight=true,sleepMode=null,sleepStart=22.0,sleepEnd=7.0,conditionComponents=null,conditionIds=null,exitCondition=null,exitConditionComponent=null]
05-25 10:45:55.095 V/NotificationService( 1022): pkg=android canInterrupt=true intercept=false
05-25 10:45:55.095 V/NotificationService( 1022): Interrupting!
05-25 10:45:55.095 D/PhoneStatusBar( 1432): addNotification pkg=android;basepkg=android;id=17040645
05-25 10:45:55.145 D/SizeAdaptiveLayout( 1432): com.android.internal.widget.SizeAdaptiveLayout{f9eb1d5 V.E..... ......I. 0,0-0,0 #7f0800c1 app:id/adaptive}child view android.widget.FrameLayout{207ecdea G.E..... ......I. 0,0-0,0 #1020330 android:id/status_bar_latest_event_content} measured out of bounds at 231px clamped to 232px
05-25 10:45:55.255 V/LocationPolicy( 1022): onProcessStateChanged
05-25 10:45:55.255 D/PhoneStatusBar( 1432): removeNotification key=android.os.Binder@8295460 old=StatusBarNotification(pkg=android user=UserHandle{-1} id=17040645 tag=null score=0 key=-1|android|17040645|null|1000: Notification(pri=0 contentView=android/0x1090083 vibrate=null sound=null defaults=0x0 flags=0x2 color=0xff607d8b vis=PRIVATE))
05-25 10:45:55.255 W/ContextImpl( 1432): Calling a method in the system process without a qualified user: android.app.ContextImpl.sendBroadcast:1323 android.content.ContextWrapper.sendBroadcast:376 com.android.systemui.statusbar.phone.PhoneStatusBar.updateAppMessage:1649 com.android.systemui.statusbar.phone.PhoneStatusBar.updateAppMessage:1641 com.android.systemui.statusbar.phone.PhoneStatusBar.removeNotification:2395 
05-25 10:45:55.275 D/DnsFallback(  430): query: bbs.tianya.cn
05-25 10:45:55.305 W/ActivityManager( 1022): getRunningAppProcesses: caller 10948 does not hold REAL_GET_TASKS; limiting output
05-25 10:45:55.335 W/UnimplementedWebViewApi( 7523): Unimplemented WebView method onKeyDown called from: android.webkit.WebView.onKeyDown(WebView.java:2307)
05-25 10:45:55.435 I/System.out( 7523): onPageStarted, url=http://passport.tianya.cn/register/default.jsp?sourceURL=file%3A%2F%2F%2FD%3A%2Ftianya%2Fnavbar%2Fnav.html
05-25 10:45:55.505 D/yaya_template_( 7523): onPageFinished, url=http://passport.tianya.cn/register/default.jsp?sourceURL=file%3A%2F%2F%2FD%3A%2Ftianya%2Fnavbar%2Fnav.html
05-25 10:45:55.515 I/System.out( 7523): onPageStarted, url=http://news.hainan.net/wenti/list_1.shtml
05-25 10:45:55.585 W/UnimplementedWebViewApi( 7523): Unimplemented WebView method onKeyMultiple called from: android.webkit.WebView.onKeyMultiple(WebView.java:2317)
05-25 10:45:55.585 W/UnimplementedWebViewApi( 7523): Unimplemented WebView method onKeyDown called from: android.webkit.WebView.onKeyDown(WebView.java:2307)
05-25 10:45:55.595 W/UnimplementedWebViewApi( 7523): Unimplemented WebView method onKeyMultiple called from: android.webkit.WebView.onKeyMultiple(WebView.java:2317)
05-25 10:45:55.595 W/UnimplementedWebViewApi( 7523): Unimplemented WebView method onKeyDown called from: android.webkit.WebView.onKeyDown(WebView.java:2307)
05-25 10:45:55.615 V/LocationPolicy( 1022): onProcessStateChanged
05-25 10:45:55.635 V/NotificationService( 1022): enqueueNotificationInternal: pkg=android id=17040645 notification=Notification(pri=0 contentView=null vibrate=null sound=null defaults=0x0 flags=0x2 color=0xff607d8b vis=PRIVATE)
05-25 10:45:55.635 I/ValidateNoPeople( 1022): skipping global notification
05-25 10:45:55.635 D/NotificationService( 1022): [csl] buzzBeepBlinkLocked() zenMode = 0, zenConfig = ZenModeConfig[allowCalls=true,allowMessages=false,allowFrom=contacts,allowEvents=false,allowMusic=false,allowAlarm=true,allowVibrate=false,allowLight=true,sleepMode=null,sleepStart=22.0,sleepEnd=7.0,conditionComponents=null,conditionIds=null,exitCondition=null,exitConditionComponent=null]
05-25 10:45:55.635 V/NotificationService( 1022): pkg=android canInterrupt=true intercept=false
05-25 10:45:55.635 V/NotificationService( 1022): Interrupting!
05-25 10:45:55.645 D/PhoneStatusBar( 1432): addNotification pkg=android;basepkg=android;id=17040645
05-25 10:45:55.705 D/SizeAdaptiveLayout( 1432): com.android.internal.widget.SizeAdaptiveLayout{2bd73042 V.E..... ......I. 0,0-0,0 #7f0800c1 app:id/adaptive}child view android.widget.FrameLayout{105fd853 G.E..... ......I. 0,0-0,0 #1020330 android:id/status_bar_latest_event_content} measured out of bounds at 231px clamped to 232px
05-25 10:45:55.845 V/LocationPolicy( 1022): onProcessStateChanged
05-25 10:45:55.855 D/PhoneStatusBar( 1432): removeNotification key=android.os.Binder@b259651 old=StatusBarNotification(pkg=android user=UserHandle{-1} id=17040645 tag=null score=0 key=-1|android|17040645|null|1000: Notification(pri=0 contentView=android/0x1090083 vibrate=null sound=null defaults=0x0 flags=0x2 color=0xff607d8b vis=PRIVATE))
05-25 10:45:55.855 W/ContextImpl( 1432): Calling a method in the system process without a qualified user: android.app.ContextImpl.sendBroadcast:1323 android.content.ContextWrapper.sendBroadcast:376 com.android.systemui.statusbar.phone.PhoneStatusBar.updateAppMessage:1649 com.android.systemui.statusbar.phone.PhoneStatusBar.updateAppMessage:1641 com.android.systemui.statusbar.phone.PhoneStatusBar.removeNotification:2395 
05-25 10:45:55.905 W/UnimplementedWebViewApi( 7523): Unimplemented WebView method onKeyDown called from: android.webkit.WebView.onKeyDown(WebView.java:2307)
05-25 10:45:56.035 W/ActivityManager( 1022): getRunningAppProcesses: caller 10104 does not hold REAL_GET_TASKS; limiting output
05-25 10:45:56.035 W/System.err( 3061): java.lang.ArrayIndexOutOfBoundsException: length=58; index=58
05-25 10:45:56.035 W/System.err( 3061): 	at com.lbe.security.service.provider.internal.AppOpsAdapter$1.getDefaultOp(AppOpsAdapter.java:279)
05-25 10:45:56.035 W/System.err( 3061): 	at com.android.internal.app.IOpsCallback$Stub.onTransact(IOpsCallback.java:68)
05-25 10:45:56.035 W/System.err( 3061): 	at android.os.Binder.execTransact(Binder.java:446)
05-25 10:45:56.045 I/System.out( 7523): onPageStarted, url=http://news.hainan.net/guonei/guoneiliebiao/2016/05/25/2991712.shtml
05-25 10:45:56.095 I/art     ( 7523): Explicit concurrent mark sweep GC freed 5447(295KB) AllocSpace objects, 4(103KB) LOS objects, 26% free, 43MB/59MB, paused 1.220ms total 56.995ms
05-25 10:45:56.125 I/Timeline( 9148): Timeline: Activity_launch_request time:1348291
05-25 10:45:56.135 D/AdClientRecord( 2027): Splash target was not initialized.
05-25 10:45:56.135 D/SystemAdController( 2027): Package:com.yaya.mmbang is not in the list
05-25 10:45:56.135 D/SystemAdController( 2027): requestSplashScreen duration:3
05-25 10:45:56.135 I/ActivityManager( 1022): START u0 {act=android.intent.action.MAIN cat=[android.intent.category.LAUNCHER] flg=0x10200000 cmp=com.yaya.mmbang/.activity.SplashActivity} from uid 2000 on display 0
05-25 10:45:56.195 I/art     ( 7523): Explicit concurrent mark sweep GC freed 127(6KB) AllocSpace objects, 0(0B) LOS objects, 26% free, 43MB/59MB, paused 1.217ms total 49.902ms
05-25 10:45:56.215 W/UnimplementedWebViewApi( 7523): Unimplemented WebView method onKeyDown called from: android.webkit.WebView.onKeyDown(WebView.java:2307)
05-25 10:45:56.285 I/art     ( 7523): Explicit concurrent mark sweep GC freed 415(19KB) AllocSpace objects, 0(0B) LOS objects, 26% free, 43MB/59MB, paused 951us total 44.492ms
05-25 10:45:56.305 W/ActivityManager( 1022): getRunningAppProcesses: caller 10948 does not hold REAL_GET_TASKS; limiting output
05-25 10:45:56.365 I/art     ( 7523): Explicit concurrent mark sweep GC freed 12(400B) AllocSpace objects, 0(0B) LOS objects, 26% free, 43MB/59MB, paused 948us total 42.008ms
05-25 10:45:56.375 W/UnimplementedWebViewApi( 7523): Unimplemented WebView method onKeyDown called from: android.webkit.WebView.onKeyDown(WebView.java:2307)
05-25 10:45:56.405 I/XiaomiFirewall( 1562): firewall pkgName:com.yaya.mmbang, result:0
05-25 10:45:56.455 I/art     ( 7523): Explicit concurrent mark sweep GC freed 462(22KB) AllocSpace objects, 0(0B) LOS objects, 26% free, 43MB/59MB, paused 1.167ms total 42.087ms
05-25 10:45:56.485 I/System.out( 7523): onPageStarted, url=http://news.hainan.net/guonei/list_1.shtml
05-25 10:45:56.605 D/yaya_template_( 7523): onPageFinished, url=http://news.hainan.net/guonei/list_1.shtml
05-25 10:45:56.635 I/System.out( 7523): onPageStarted, url=http://news.hainan.net/guonei/list_1.shtml#
05-25 10:45:56.685 W/UnimplementedWebViewApi( 7523): Unimplemented WebView method onKeyDown called from: android.webkit.WebView.onKeyDown(WebView.java:2307)
05-25 10:45:56.735 I/art     ( 7523): Explicit concurrent mark sweep GC freed 1704(95KB) AllocSpace objects, 5(155KB) LOS objects, 26% free, 43MB/59MB, paused 1.262ms total 47.205ms
05-25 10:45:56.775 I/System.out( 7523): onPageStarted, url=http://news.hainan.net/guonei/list_1.shtml
05-25 10:45:56.835 I/art     ( 7523): Explicit concurrent mark sweep GC freed 215(14KB) AllocSpace objects, 0(0B) LOS objects, 26% free, 43MB/59MB, paused 1.080ms total 51.108ms
05-25 10:45:56.835 W/UnimplementedWebViewApi( 7523): Unimplemented WebView method onKeyDown called from: android.webkit.WebView.onKeyDown(WebView.java:2307)
05-25 10:45:56.925 I/art     ( 7523): Explicit concurrent mark sweep GC freed 419(19KB) AllocSpace objects, 0(0B) LOS objects, 26% free, 43MB/59MB, paused 1.065ms total 45.704ms
05-25 10:45:56.985 W/UnimplementedWebViewApi( 7523): Unimplemented WebView method onKeyDown called from: android.webkit.WebView.onKeyDown(WebView.java:2307)
05-25 10:45:57.005 I/art     ( 7523): Explicit concurrent mark sweep GC freed 416(19KB) AllocSpace objects, 0(0B) LOS objects, 26% free, 43MB/59MB, paused 1.022ms total 43.796ms
05-25 10:45:57.045 W/ActivityManager( 1022): getRunningAppProcesses: caller 10104 does not hold REAL_GET_TASKS; limiting output
05-25 10:45:57.045 W/System.err( 3061): java.lang.ArrayIndexOutOfBoundsException: length=58; index=58
05-25 10:45:57.045 W/System.err( 3061): 	at com.lbe.security.service.provider.internal.AppOpsAdapter$1.getDefaultOp(AppOpsAdapter.java:279)
05-25 10:45:57.045 W/System.err( 3061): 	at com.android.internal.app.IOpsCallback$Stub.onTransact(IOpsCallback.java:68)
05-25 10:45:57.045 W/System.err( 3061): 	at android.os.Binder.execTransact(Binder.java:446)
05-25 10:45:57.065 E/WifiStateMachine( 1022): WifiStateMachine CMD_START_SCAN source -2 txSuccessRate=6.08 rxSuccessRate=14.57 targetRoamBSSID=any RSSI=-68
05-25 10:45:57.065 E/WifiStateMachine( 1022): WifiStateMachine starting scan for "iyaya_5.8"WPA_PSK with 5765,5745,2412,2437,5785
05-25 10:45:57.065 D/wpa_supplicant( 1538): wlan0: Control interface command 'SCAN TYPE=ONLY freq=5765,5745,2412,2437,5785'
05-25 10:45:57.065 D/wpa_supplicant( 1538): wlan0: Setting scan request: 0.000000 sec
05-25 10:45:57.065 D/wpa_supplicant( 1538): wlan0: Starting AP scan for wildcard SSID
05-25 10:45:57.065 D/wpa_supplicant( 1538): wlan0: Limit manual scan to specified channels
05-25 10:45:57.065 D/wpa_supplicant( 1538): wlan0: Add radio work 'scan'@0x7f8d51e510
05-25 10:45:57.065 D/wpa_supplicant( 1538): wlan0: First radio work item in the queue - schedule start immediately
05-25 10:45:57.065 D/wpa_supplicant( 1538): wlan0: Starting radio work 'scan'@0x7f8d51e510 after 0.000028 second wait
05-25 10:45:57.065 D/wpa_supplicant( 1538): wlan0: nl80211: scan request
05-25 10:45:57.065 D/wpa_supplicant( 1538): nl80211: Scan SSID - hexdump(len=0): [NULL]
05-25 10:45:57.065 D/wpa_supplicant( 1538): nl80211: Scan frequency 2412 MHz
05-25 10:45:57.065 D/wpa_supplicant( 1538): nl80211: Scan frequency 2437 MHz
05-25 10:45:57.065 D/wpa_supplicant( 1538): nl80211: Scan frequency 5745 MHz
05-25 10:45:57.065 D/wpa_supplicant( 1538): nl80211: Scan frequency 5765 MHz
05-25 10:45:57.065 D/wpa_supplicant( 1538): nl80211: Scan frequency 5785 MHz
05-25 10:45:57.065 D/wpa_supplicant( 1538): Scan requested (ret=0) - scan timeout 30 seconds
05-25 10:45:57.065 D/wpa_supplicant( 1538): nl80211: Event message available
05-25 10:45:57.065 D/wpa_supplicant( 1538): nl80211: Drv Event 33 (NL80211_CMD_TRIGGER_SCAN) received for wlan0
05-25 10:45:57.065 D/wpa_supplicant( 1538): wlan0: nl80211: Scan trigger
05-25 10:45:57.065 D/wpa_supplicant( 1538): wlan0: Event SCAN_STARTED (49) received
05-25 10:45:57.065 D/wpa_supplicant( 1538): wlan0: Own scan request started a scan in 0.000081 seconds
05-25 10:45:57.065 I/wpa_supplicant( 1538): wlan0: CTRL-EVENT-SCAN-STARTED 
05-25 10:45:57.065 I/WifiHAL ( 1022): Poll result = 1
05-25 10:45:57.065 I/WifiHAL ( 1022): Found some events!!!
05-25 10:45:57.065 D/wpa_supplicant( 1538): CTRL_IFACE monitor sent successfully to /data/misc/wifi/sockets/wpa_ctrl_476-1\x00
05-25 10:45:57.065 D/wpa_supplicant( 1538): CTRL_IFACE monitor sent successfully to /data/misc/wifi/sockets/wpa_ctrl_1022-2\x00
05-25 10:45:57.065 D/WifiHAL ( 1022): no_seq_check received
05-25 10:45:57.065 I/WifiHAL ( 1022): event received NL80211_CMD_TRIGGER_SCAN
05-25 10:45:57.065 I/WifiHAL ( 1022): event received NL80211_CMD_TRIGGER_SCAN, vendor_id = 0x0
05-25 10:45:57.065 I/WifiHAL ( 1022): event ignored!!
05-25 10:45:57.075 W/ActivityManager( 1022): getRunningAppProcesses: caller 10291 does not hold REAL_GET_TASKS; limiting output
05-25 10:45:57.105 I/art     ( 7523): Explicit concurrent mark sweep GC freed 79(4KB) AllocSpace objects, 0(0B) LOS objects, 26% free, 43MB/59MB, paused 10.353ms total 52.395ms
05-25 10:45:57.155 W/UnimplementedWebViewApi( 7523): Unimplemented WebView method onKeyDown called from: android.webkit.WebView.onKeyDown(WebView.java:2307)
05-25 10:45:57.225 D/yaya_template_( 7523): onPageFinished, url=http://news.hainan.net/guonei/list_1.shtml
05-25 10:45:57.235 D/yaya_template_( 7523): onPageFinished, url=http://news.hainan.net/photo/wentiyule/xiaotu/2016/05/25/2991819.shtml
05-25 10:45:57.235 I/System.out( 7523): onPageStarted, url=http://news.hainan.net/guonei/list_1.shtml
05-25 10:45:57.235 I/System.out( 7523): onPageStarted, url=http://news.hainan.net/photo/wentiyule/xiaotu/2016/05/25/2991819.shtml
05-25 10:45:57.235 I/System.out( 7523): onPageStarted, url=https://m.baidu.com/from=844b/s?word=%E9%9C%8D%E5%BB%BA%E5%8D%8E%E6%9B%9D%E9%85%92%E5%90%8E%E5%91%8A%E7%99%BD&sa=iph_204&ms=1
05-25 10:45:57.245 W/System.err( 3061): java.lang.ArrayIndexOutOfBoundsException: length=58; index=58
05-25 10:45:57.245 W/System.err( 3061): 	at com.lbe.security.service.provider.internal.AppOpsAdapter$1.getDefaultOp(AppOpsAdapter.java:279)
05-25 10:45:57.245 W/System.err( 3061): 	at com.android.internal.app.IOpsCallback$Stub.onTransact(IOpsCallback.java:68)
05-25 10:45:57.245 W/System.err( 3061): 	at android.os.Binder.execTransact(Binder.java:446)
05-25 10:45:57.245 W/ActivityManager( 1022): getTasks: caller 10550 does not hold REAL_GET_TASKS; limiting output
05-25 10:45:57.255 W/ActivityManager( 1022): getRunningAppProcesses: caller 10550 does not hold REAL_GET_TASKS; limiting output
05-25 10:45:57.315 W/ActivityManager( 1022): getRunningAppProcesses: caller 10948 does not hold REAL_GET_TASKS; limiting output
05-25 10:45:57.405 I/art     ( 7523): Explicit concurrent mark sweep GC freed 1829(105KB) AllocSpace objects, 3(87KB) LOS objects, 26% free, 43MB/59MB, paused 1.257ms total 61.929ms
05-25 10:45:57.515 I/art     ( 7523): Explicit concurrent mark sweep GC freed 47(2184B) AllocSpace objects, 0(0B) LOS objects, 26% free, 43MB/59MB, paused 1.441ms total 53.484ms
05-25 10:45:57.595 I/art     ( 7523): Explicit concurrent mark sweep GC freed 3(96B) AllocSpace objects, 0(0B) LOS objects, 26% free, 43MB/59MB, paused 1.428ms total 44.560ms
05-25 10:45:57.675 D/wpa_supplicant( 1538): nl80211: Event message available
05-25 10:45:57.675 D/wpa_supplicant( 1538): nl80211: Drv Event 34 (NL80211_CMD_NEW_SCAN_RESULTS) received for wlan0
05-25 10:45:57.675 D/wpa_supplicant( 1538): wlan0: nl80211: New scan results available
05-25 10:45:57.675 D/wpa_supplicant( 1538): nl80211: Scan included frequencies:
05-25 10:45:57.675 D/wpa_supplicant( 1538): wlan0: Event SCAN_RESULTS (3) received
05-25 10:45:57.675 D/wpa_supplicant( 1538): wlan0: Scan completed in 0.606883 seconds
05-25 10:45:57.675 D/wpa_supplicant( 1538): nl80211: Associated on 5785 MHz
05-25 10:45:57.675 D/wpa_supplicant( 1538): nl80211: Associated with 10:0f:0e:20:65:26
05-25 10:45:57.675 D/wpa_supplicant( 1538): nl80211: Received scan results (31 BSSes)
05-25 10:45:57.675 D/wpa_supplicant( 1538): nl80211: Scan results indicate BSS status with 10:0f:0e:20:65:26 as associated
05-25 10:45:57.675 D/wpa_supplicant( 1538): wlan0: BSS: Start scan result update 69
05-25 10:45:57.675 D/wpa_supplicant( 1538): BSS: last_scan_res_used=31/64
05-25 10:45:57.675 D/wpa_supplicant( 1538): wlan0: Scan-only results received
05-25 10:45:57.675 D/wpa_supplicant( 1538): CTRL_IFACE monitor sent successfully to /data/misc/wifi/sockets/wpa_ctrl_476-1\x00
05-25 10:45:57.675 D/wpa_supplicant( 1538): CTRL_IFACE monitor sent successfully to /data/misc/wifi/sockets/wpa_ctrl_1022-2\x00
05-25 10:45:57.675 D/wpa_supplicant( 1538): wlan0: Radio work 'scan'@0x7f8d51e510 done in 0.608291 seconds
05-25 10:45:57.675 I/WifiHAL ( 1022): Poll result = 1
05-25 10:45:57.675 I/WifiHAL ( 1022): Found some events!!!
05-25 10:45:57.675 D/WifiHAL ( 1022): no_seq_check received
05-25 10:45:57.675 I/WifiHAL ( 1022): event received NL80211_CMD_NEW_SCAN_RESULTS
05-25 10:45:57.675 D/wpa_supplicant( 1538): wlan0: Control interface command 'BSS RANGE=0- MASK=0x23987'
05-25 10:45:57.675 I/WifiHAL ( 1022): event received NL80211_CMD_NEW_SCAN_RESULTS, vendor_id = 0x0
05-25 10:45:57.675 I/WifiHAL ( 1022): event ignored!!
05-25 10:45:57.675 D/wpa_supplicant( 1538): wlan0: Control interface command 'BSS RANGE=187- MASK=0x23987'
05-25 10:45:57.685 D/DnsFallback(  430): query: m.baidu.com
05-25 10:45:57.705 I/art     ( 7523): Explicit concurrent mark sweep GC freed 28(2240B) AllocSpace objects, 0(0B) LOS objects, 26% free, 43MB/59MB, paused 10.109ms total 59.029ms
05-25 10:45:57.795 I/art     ( 7523): Explicit concurrent mark sweep GC freed 76(3KB) AllocSpace objects, 0(0B) LOS objects, 26% free, 43MB/59MB, paused 1.266ms total 49.056ms
05-25 10:45:57.805 D/DnsFallback(  430): query: sp1.baidu.com
05-25 10:45:57.865 I/MSM-irqbalance(  807): Decided to move IRQ115 from CPU3 to CPU2
05-25 10:45:57.865 D/wpa_supplicant( 1538): wlan0: Control interface command 'STATUS-NO_EVENTS'
05-25 10:45:57.895 D/wpa_supplicant( 1538): wlan0: Control interface command 'SIGNAL_POLL'
05-25 10:45:58.015 D/yaya_template_[WebView]( 7523): WebView, [The page at 'https://m.baidu.com/from=844b/s?word=%E9%9C%8D%E5%BB%BA%E5%8D%8E%E6%9B%9D%E9%85%92%E5%90%8E%E5%91%8A%E7%99%BD&sa=iph_204&ms=1' was loaded over HTTPS, but ran insecure content from 'http://127.0.0.1:6259/getapn?callback=getapn&mcmdf=inapp_test': this content should also be loaded over HTTPS.
05-25 10:45:58.015 D/yaya_template_[WebView]( 7523): ] sourceID: https://m.baidu.com/from=844b/s?word=%E9%9C%8D%E5%BB%BA%E5%8D%8E%E6%9B%9D%E9%85%92%E5%90%8E%E5%91%8A%E7%99%BD&sa=iph_204&ms=1 lineNumber: 0 message: The page at 'https://m.baidu.com/from=844b/s?word=%E9%9C%8D%E5%BB%BA%E5%8D%8E%E6%9B%9D%E9%85%92%E5%90%8E%E5%91%8A%E7%99%BD&sa=iph_204&ms=1' was loaded over HTTPS, but ran insecure content from 'http://127.0.0.1:6259/getapn?callback=getapn&mcmdf=inapp_test': this content should also be loaded over HTTPS.
05-25 10:45:58.015 I/chromium( 7523): [INFO:CONSOLE(0)] "The page at 'https://m.baidu.com/from=844b/s?word=%E9%9C%8D%E5%BB%BA%E5%8D%8E%E6%9B%9D%E9%85%92%E5%90%8E%E5%91%8A%E7%99%BD&sa=iph_204&ms=1' was loaded over HTTPS, but ran insecure content from 'http://127.0.0.1:6259/getapn?callback=getapn&mcmdf=inapp_test': this content should also be loaded over HTTPS.
05-25 10:45:58.015 I/chromium( 7523): ", source: https://m.baidu.com/from=844b/s?word=%E9%9C%8D%E5%BB%BA%E5%8D%8E%E6%9B%9D%E9%85%92%E5%90%8E%E5%91%8A%E7%99%BD&sa=iph_204&ms=1 (0)
05-25 10:45:58.015 W/chromium( 7523): [WARNING:web_contents_impl.cc(2573)] https://m.baidu.com ran insecure content from http://127.0.0.1:6259/getapn?callback=getapn&mcmdf=inapp_test
05-25 10:45:58.015 I/XiaomiFirewall( 1562): firewall pkgName:com.yaya.mmbang, result:0
05-25 10:45:58.025 D/yaya_template_[WebView]( 7523): WebView, [The page at 'https://m.baidu.com/from=844b/s?word=%E9%9C%8D%E5%BB%BA%E5%8D%8E%E6%9B%9D%E9%85%92%E5%90%8E%E5%91%8A%E7%99%BD&sa=iph_204&ms=1' was loaded over HTTPS, but ran insecure content from 'http://127.0.0.1:40310/getapn?callback=getapn&mcmdf=inapp_test': this content should also be loaded over HTTPS.
05-25 10:45:58.025 D/yaya_template_[WebView]( 7523): ] sourceID: https://m.baidu.com/from=844b/s?word=%E9%9C%8D%E5%BB%BA%E5%8D%8E%E6%9B%9D%E9%85%92%E5%90%8E%E5%91%8A%E7%99%BD&sa=iph_204&ms=1 lineNumber: 0 message: The page at 'https://m.baidu.com/from=844b/s?word=%E9%9C%8D%E5%BB%BA%E5%8D%8E%E6%9B%9D%E9%85%92%E5%90%8E%E5%91%8A%E7%99%BD&sa=iph_204&ms=1' was loaded over HTTPS, but ran insecure content from 'http://127.0.0.1:40310/getapn?callback=getapn&mcmdf=inapp_test': this content should also be loaded over HTTPS.
05-25 10:45:58.025 I/chromium( 7523): [INFO:CONSOLE(0)] "The page at 'https://m.baidu.com/from=844b/s?word=%E9%9C%8D%E5%BB%BA%E5%8D%8E%E6%9B%9D%E9%85%92%E5%90%8E%E5%91%8A%E7%99%BD&sa=iph_204&ms=1' was loaded over HTTPS, but ran insecure content from 'http://127.0.0.1:40310/getapn?callback=getapn&mcmdf=inapp_test': this content should also be loaded over HTTPS.
05-25 10:45:58.025 I/chromium( 7523): ", source: https://m.baidu.com/from=844b/s?word=%E9%9C%8D%E5%BB%BA%E5%8D%8E%E6%9B%9D%E9%85%92%E5%90%8E%E5%91%8A%E7%99%BD&sa=iph_204&ms=1 (0)
05-25 10:45:58.025 W/chromium( 7523): [WARNING:web_contents_impl.cc(2573)] https://m.baidu.com ran insecure content from http://127.0.0.1:40310/getapn?callback=getapn&mcmdf=inapp_test
05-25 10:45:58.055 W/ActivityManager( 1022): getRunningAppProcesses: caller 10104 does not hold REAL_GET_TASKS; limiting output
05-25 10:45:58.055 W/System.err( 3061): java.lang.ArrayIndexOutOfBoundsException: length=58; index=58
05-25 10:45:58.065 W/System.err( 3061): 	at com.lbe.security.service.provider.internal.AppOpsAdapter$1.getDefaultOp(AppOpsAdapter.java:279)
05-25 10:45:58.065 W/System.err( 3061): 	at com.android.internal.app.IOpsCallback$Stub.onTransact(IOpsCallback.java:68)
05-25 10:45:58.065 W/System.err( 3061): 	at android.os.Binder.execTransact(Binder.java:446)
05-25 10:45:58.065 D/yaya_template_[WebView]( 7523): WebView, [The page at 'https://m.baidu.com/from=844b/s?word=%E9%9C%8D%E5%BB%BA%E5%8D%8E%E6%9B%9D%E9%85%92%E5%90%8E%E5%91%8A%E7%99%BD&sa=iph_204&ms=1' was loaded over HTTPS, but ran insecure content from 'http://127.0.0.1:40310/getsearchboxinfo?mcmdf=inapp_boxserver&callback=_box_jsonp485': this content should also be loaded over HTTPS.
05-25 10:45:58.065 D/yaya_template_[WebView]( 7523): ] sourceID: https://m.baidu.com/from=844b/s?word=%E9%9C%8D%E5%BB%BA%E5%8D%8E%E6%9B%9D%E9%85%92%E5%90%8E%E5%91%8A%E7%99%BD&sa=iph_204&ms=1 lineNumber: 0 message: The page at 'https://m.baidu.com/from=844b/s?word=%E9%9C%8D%E5%BB%BA%E5%8D%8E%E6%9B%9D%E9%85%92%E5%90%8E%E5%91%8A%E7%99%BD&sa=iph_204&ms=1' was loaded over HTTPS, but ran insecure content from 'http://127.0.0.1:40310/getsearchboxinfo?mcmdf=inapp_boxserver&callback=_box_jsonp485': this content should also be loaded over HTTPS.
05-25 10:45:58.075 I/chromium( 7523): [INFO:CONSOLE(0)] "The page at 'https://m.baidu.com/from=844b/s?word=%E9%9C%8D%E5%BB%BA%E5%8D%8E%E6%9B%9D%E9%85%92%E5%90%8E%E5%91%8A%E7%99%BD&sa=iph_204&ms=1' was loaded over HTTPS, but ran insecure content from 'http://127.0.0.1:40310/getsearchboxinfo?mcmdf=inapp_boxserver&callback=_box_jsonp485': this content should also be loaded over HTTPS.
05-25 10:45:58.075 I/chromium( 7523): ", source: https://m.baidu.com/from=844b/s?word=%E9%9C%8D%E5%BB%BA%E5%8D%8E%E6%9B%9D%E9%85%92%E5%90%8E%E5%91%8A%E7%99%BD&sa=iph_204&ms=1 (0)
05-25 10:45:58.075 W/chromium( 7523): [WARNING:web_contents_impl.cc(2573)] https://m.baidu.com ran insecure content from http://127.0.0.1:40310/getsearchboxinfo?mcmdf=inapp_boxserver&callback=_box_jsonp485
05-25 10:45:58.075 D/DnsFallback(  430): query: sp0.baidu.com
05-25 10:45:58.105 D/yaya_template_[WebView]( 7523): WebView, [The page at 'https://m.baidu.com/from=844b/s?word=%E9%9C%8D%E5%BB%BA%E5%8D%8E%E6%9B%9D%E9%85%92%E5%90%8E%E5%91%8A%E7%99%BD&sa=iph_204&ms=1' was loaded over HTTPS, but ran insecure content from 'http://127.0.0.1:7777/getcuid?callback=jsonp2&_=1464144358115': this content should also be loaded over HTTPS.
05-25 10:45:58.105 D/yaya_template_[WebView]( 7523): ] sourceID: https://m.baidu.com/from=844b/s?word=%E9%9C%8D%E5%BB%BA%E5%8D%8E%E6%9B%9D%E9%85%92%E5%90%8E%E5%91%8A%E7%99%BD&sa=iph_204&ms=1 lineNumber: 0 message: The page at 'https://m.baidu.com/from=844b/s?word=%E9%9C%8D%E5%BB%BA%E5%8D%8E%E6%9B%9D%E9%85%92%E5%90%8E%E5%91%8A%E7%99%BD&sa=iph_204&ms=1' was loaded over HTTPS, but ran insecure content from 'http://127.0.0.1:7777/getcuid?callback=jsonp2&_=1464144358115': this content should also be loaded over HTTPS.
05-25 10:45:58.105 I/chromium( 7523): [INFO:CONSOLE(0)] "The page at 'https://m.baidu.com/from=844b/s?word=%E9%9C%8D%E5%BB%BA%E5%8D%8E%E6%9B%9D%E9%85%92%E5%90%8E%E5%91%8A%E7%99%BD&sa=iph_204&ms=1' was loaded over HTTPS, but ran insecure content from 'http://127.0.0.1:7777/getcuid?callback=jsonp2&_=1464144358115': this content should also be loaded over HTTPS.
05-25 10:45:58.105 I/chromium( 7523): ", source: https://m.baidu.com/from=844b/s?word=%E9%9C%8D%E5%BB%BA%E5%8D%8E%E6%9B%9D%E9%85%92%E5%90%8E%E5%91%8A%E7%99%BD&sa=iph_204&ms=1 (0)
05-25 10:45:58.115 W/chromium( 7523): [WARNING:web_contents_impl.cc(2573)] https://m.baidu.com ran insecure content from http://127.0.0.1:7777/getcuid?callback=jsonp2&_=1464144358115
05-25 10:45:58.115 D/yaya_template_[WebView]( 7523): WebView, [The page at 'https://m.baidu.com/from=844b/s?word=%E9%9C%8D%E5%BB%BA%E5%8D%8E%E6%9B%9D%E9%85%92%E5%90%8E%E5%91%8A%E7%99%BD&sa=iph_204&ms=1' was loaded over HTTPS, but ran insecure content from 'http://127.0.0.1:40310/getcuid?mcmdf=inapp_wiselocation&callback=_box_jsonp486': this content should also be loaded over HTTPS.
05-25 10:45:58.115 D/yaya_template_[WebView]( 7523): ] sourceID: https://m.baidu.com/from=844b/s?word=%E9%9C%8D%E5%BB%BA%E5%8D%8E%E6%9B%9D%E9%85%92%E5%90%8E%E5%91%8A%E7%99%BD&sa=iph_204&ms=1 lineNumber: 0 message: The page at 'https://m.baidu.com/from=844b/s?word=%E9%9C%8D%E5%BB%BA%E5%8D%8E%E6%9B%9D%E9%85%92%E5%90%8E%E5%91%8A%E7%99%BD&sa=iph_204&ms=1' was loaded over HTTPS, but ran insecure content from 'http://127.0.0.1:40310/getcuid?mcmdf=inapp_wiselocation&callback=_box_jsonp486': this content should also be loaded over HTTPS.
05-25 10:45:58.115 I/chromium( 7523): [INFO:CONSOLE(0)] "The page at 'https://m.baidu.com/from=844b/s?word=%E9%9C%8D%E5%BB%BA%E5%8D%8E%E6%9B%9D%E9%85%92%E5%90%8E%E5%91%8A%E7%99%BD&sa=iph_204&ms=1' was loaded over HTTPS, but ran insecure content from 'http://127.0.0.1:40310/getcuid?mcmdf=inapp_wiselocation&callback=_box_jsonp486': this content should also be loaded over HTTPS.
05-25 10:45:58.115 I/chromium( 7523): ", source: https://m.baidu.com/from=844b/s?word=%E9%9C%8D%E5%BB%BA%E5%8D%8E%E6%9B%9D%E9%85%92%E5%90%8E%E5%91%8A%E7%99%BD&sa=iph_204&ms=1 (0)
05-25 10:45:58.115 W/chromium( 7523): [WARNING:web_contents_impl.cc(2573)] https://m.baidu.com ran insecure content from http://127.0.0.1:40310/getcuid?mcmdf=inapp_wiselocation&callback=_box_jsonp486
05-25 10:45:58.125 D/yaya_template_[WebView]( 7523): WebView, [The page at 'https://m.baidu.com/from=844b/s?word=%E9%9C%8D%E5%BB%BA%E5%8D%8E%E6%9B%9D%E9%85%92%E5%90%8E%E5%91%8A%E7%99%BD&sa=iph_204&ms=1' was loaded over HTTPS, but ran insecure content from 'http://127.0.0.1:40310/getapn?mcmdf=inapp_wiselocation&callback=_box_jsonp487': this content should also be loaded over HTTPS.
05-25 10:45:58.125 D/yaya_template_[WebView]( 7523): ] sourceID: https://m.baidu.com/from=844b/s?word=%E9%9C%8D%E5%BB%BA%E5%8D%8E%E6%9B%9D%E9%85%92%E5%90%8E%E5%91%8A%E7%99%BD&sa=iph_204&ms=1 lineNumber: 0 message: The page at 'https://m.baidu.com/from=844b/s?word=%E9%9C%8D%E5%BB%BA%E5%8D%8E%E6%9B%9D%E9%85%92%E5%90%8E%E5%91%8A%E7%99%BD&sa=iph_204&ms=1' was loaded over HTTPS, but ran insecure content from 'http://127.0.0.1:40310/getapn?mcmdf=inapp_wiselocation&callback=_box_jsonp487': this content should also be loaded over HTTPS.
05-25 10:45:58.125 I/chromium( 7523): [INFO:CONSOLE(0)] "The page at 'https://m.baidu.com/from=844b/s?word=%E9%9C%8D%E5%BB%BA%E5%8D%8E%E6%9B%9D%E9%85%92%E5%90%8E%E5%91%8A%E7%99%BD&sa=iph_204&ms=1' was loaded over HTTPS, but ran insecure content from 'http://127.0.0.1:40310/getapn?mcmdf=inapp_wiselocation&callback=_box_jsonp487': this content should also be loaded over HTTPS.
05-25 10:45:58.125 I/chromium( 7523): ", source: https://m.baidu.com/from=844b/s?word=%E9%9C%8D%E5%BB%BA%E5%8D%8E%E6%9B%9D%E9%85%92%E5%90%8E%E5%91%8A%E7%99%BD&sa=iph_204&ms=1 (0)
05-25 10:45:58.135 W/chromium( 7523): [WARNING:web_contents_impl.cc(2573)] https://m.baidu.com ran insecure content from http://127.0.0.1:40310/getapn?mcmdf=inapp_wiselocation&callback=_box_jsonp487
05-25 10:45:58.135 D/yaya_template_[WebView]( 7523): WebView, [The page at 'https://m.baidu.com/from=844b/s?word=%E9%9C%8D%E5%BB%BA%E5%8D%8E%E6%9B%9D%E9%85%92%E5%90%8E%E5%91%8A%E7%99%BD&sa=iph_204&ms=1' was loaded over HTTPS, but ran insecure content from 'http://127.0.0.1:7777/getapn?callback=jsonp3&__t=1464144358136&_=1464144358138': this content should also be loaded over HTTPS.
05-25 10:45:58.135 D/yaya_template_[WebView]( 7523): ] sourceID: https://m.baidu.com/from=844b/s?word=%E9%9C%8D%E5%BB%BA%E5%8D%8E%E6%9B%9D%E9%85%92%E5%90%8E%E5%91%8A%E7%99%BD&sa=iph_204&ms=1 lineNumber: 0 message: The page at 'https://m.baidu.com/from=844b/s?word=%E9%9C%8D%E5%BB%BA%E5%8D%8E%E6%9B%9D%E9%85%92%E5%90%8E%E5%91%8A%E7%99%BD&sa=iph_204&ms=1' was loaded over HTTPS, but ran insecure content from 'http://127.0.0.1:7777/getapn?callback=jsonp3&__t=1464144358136&_=1464144358138': this content should also be loaded over HTTPS.
05-25 10:45:58.135 I/chromium( 7523): [INFO:CONSOLE(0)] "The page at 'https://m.baidu.com/from=844b/s?word=%E9%9C%8D%E5%BB%BA%E5%8D%8E%E6%9B%9D%E9%85%92%E5%90%8E%E5%91%8A%E7%99%BD&sa=iph_204&ms=1' was loaded over HTTPS, but ran insecure content from 'http://127.0.0.1:7777/getapn?callback=jsonp3&__t=1464144358136&_=1464144358138': this content should also be loaded over HTTPS.
05-25 10:45:58.135 I/chromium( 7523): ", source: https://m.baidu.com/from=844b/s?word=%E9%9C%8D%E5%BB%BA%E5%8D%8E%E6%9B%9D%E9%85%92%E5%90%8E%E5%91%8A%E7%99%BD&sa=iph_204&ms=1 (0)
05-25 10:45:58.135 W/chromium( 7523): [WARNING:web_contents_impl.cc(2573)] https://m.baidu.com ran insecure content from http://127.0.0.1:7777/getapn?callback=jsonp3&__t=1464144358136&_=1464144358138
05-25 10:45:58.175 D/yaya_template_( 7523): onPageFinished, url=https://m.baidu.com/from=844b/s?word=%E9%9C%8D%E5%BB%BA%E5%8D%8E%E6%9B%9D%E9%85%92%E5%90%8E%E5%91%8A%E7%99%BD&sa=iph_204&ms=1
05-25 10:45:58.255 D/SystemAdController( 2027): Activity:ActivityInfo{1dcf092e com.miui.home.launcher.Launcher}is not the default one
05-25 10:45:58.255 D/AdClientRecord( 2027): Splash target was not initialized.
05-25 10:45:58.255 D/SystemAdController( 2027): Package:com.miui.home is not in the list
05-25 10:45:58.255 D/SystemAdController( 2027): requestSplashScreen duration:0
05-25 10:45:58.255 I/ActivityManager( 1022): START u0 {act=android.intent.action.MAIN cat=[android.intent.category.HOME] flg=0x10200000 cmp=com.miui.home/.launcher.Launcher} from uid 1000 on display 0
05-25 10:45:58.315 W/ActivityManager( 1022): getRunningAppProcesses: caller 10948 does not hold REAL_GET_TASKS; limiting output
05-25 10:45:58.915 D/SystemAdController( 2027): Activity:ActivityInfo{d871ccf com.miui.home.launcher.Launcher}is not the default one
05-25 10:45:58.915 D/AdClientRecord( 2027): Splash target was not initialized.
05-25 10:45:58.915 D/SystemAdController( 2027): Package:com.miui.home is not in the list
05-25 10:45:58.915 D/SystemAdController( 2027): requestSplashScreen duration:1
05-25 10:45:58.915 I/ActivityManager( 1022): START u0 {act=android.intent.action.MAIN cat=[android.intent.category.HOME] flg=0x10200000 cmp=com.miui.home/.launcher.Launcher} from uid 1000 on display 0
05-25 10:45:59.065 W/ActivityManager( 1022): getRunningAppProcesses: caller 10104 does not hold REAL_GET_TASKS; limiting output
05-25 10:45:59.075 W/System.err( 3061): java.lang.ArrayIndexOutOfBoundsException: length=58; index=58
05-25 10:45:59.075 W/System.err( 3061): 	at com.lbe.security.service.provider.internal.AppOpsAdapter$1.getDefaultOp(AppOpsAdapter.java:279)
05-25 10:45:59.075 W/System.err( 3061): 	at com.android.internal.app.IOpsCallback$Stub.onTransact(IOpsCallback.java:68)
05-25 10:45:59.075 W/System.err( 3061): 	at android.os.Binder.execTransact(Binder.java:446)
