05-25 10:46:29.065 D/SecShell( 8231): start get packageName
05-25 10:46:29.065 D/SecShell( 8231): end get packageName
05-25 10:46:29.065 W/InputMethodManagerService( 1022): Window already focused, ignoring focus gain of: com.android.internal.view.IInputMethodClient$Stub$Proxy@3a41f287 attribute=null, token = android.os.BinderProxy@3a1ca816
05-25 10:46:29.075 D/SecShell( 8231): start get packageName
05-25 10:46:29.075 D/SecShell( 8231): end get packageName
05-25 10:46:29.075 D/SecShell( 8231): start get packageName
05-25 10:46:29.075 D/SecShell( 8231): end get packageName
05-25 10:46:29.085 D/SecShell( 8231): start get packageName
05-25 10:46:29.085 D/SecShell( 8231): end get packageName
05-25 10:46:29.105 W/UnimplementedWebViewApi( 9649): Unimplemented WebView method onKeyMultiple called from: android.webkit.WebView.onKeyMultiple(WebView.java:2317)
05-25 10:46:29.105 W/UnimplementedWebViewApi( 9649): Unimplemented WebView method onKeyDown called from: android.webkit.WebView.onKeyDown(WebView.java:2307)
05-25 10:46:29.175 I/XiaomiFirewall( 1562): firewall pkgName:com.yaya.mmbang, result:0
05-25 10:46:29.205 W/ActivityManager( 1022): getRunningAppProcesses: caller 10948 does not hold REAL_GET_TASKS; limiting output
05-25 10:46:29.245 D/SecShell( 8231): start get packageName
05-25 10:46:29.245 D/SecShell( 8231): end get packageName
05-25 10:46:29.255 D/SecShell( 8231): start get packageName
05-25 10:46:29.255 D/SecShell( 8231): end get packageName
05-25 10:46:29.255 D/SecShell( 8231): start get packageName
05-25 10:46:29.255 D/SecShell( 8231): end get packageName
05-25 10:46:29.265 D/SecShell( 8231): start get packageName
05-25 10:46:29.265 D/SecShell( 8231): end get packageName
05-25 10:46:29.275 D/SecShell( 8231): start get packageName
05-25 10:46:29.275 D/SecShell( 8231): end get packageName
05-25 10:46:29.275 D/SecShell( 8231): start get packageName
05-25 10:46:29.275 D/SecShell( 8231): end get packageName
05-25 10:46:29.285 D/SecShell( 8231): start get packageName
05-25 10:46:29.285 D/SecShell( 8231): end get packageName
05-25 10:46:29.295 D/SecShell( 8231): start get packageName
05-25 10:46:29.295 D/SecShell( 8231): end get packageName
05-25 10:46:29.315 D/SecShell( 8231): start get packageName
05-25 10:46:29.315 D/SecShell( 8231): end get packageName
05-25 10:46:29.315 D/SecShell( 8231): start get packageName
05-25 10:46:29.315 D/SecShell( 8231): end get packageName
05-25 10:46:29.325 D/SecShell( 8231): start get packageName
05-25 10:46:29.325 D/SecShell( 8231): end get packageName
05-25 10:46:29.325 D/SecShell( 8231): start get packageName
05-25 10:46:29.325 D/SecShell( 8231): end get packageName
05-25 10:46:29.335 D/SecShell( 8231): start get packageName
05-25 10:46:29.335 D/SecShell( 8231): end get packageName
05-25 10:46:29.335 D/SecShell( 8231): start get packageName
05-25 10:46:29.335 D/SecShell( 8231): end get packageName
05-25 10:46:29.345 D/SecShell( 8231): start get packageName
05-25 10:46:29.345 D/SecShell( 8231): end get packageName
05-25 10:46:29.355 D/SecShell( 8231): start get packageName
05-25 10:46:29.355 D/SecShell( 8231): end get packageName
05-25 10:46:29.355 D/SecShell( 8231): start get packageName
05-25 10:46:29.355 D/SecShell( 8231): end get packageName
05-25 10:46:29.365 D/SecShell( 8231): start get packageName
05-25 10:46:29.365 D/SecShell( 8231): end get packageName
05-25 10:46:29.365 D/SecShell( 8231): start get packageName
05-25 10:46:29.365 D/SecShell( 8231): end get packageName
05-25 10:46:29.375 D/SecShell( 8231): start get packageName
05-25 10:46:29.375 D/SecShell( 8231): end get packageName
05-25 10:46:29.375 W/ActivityManager( 1022): getRunningAppProcesses: caller 10104 does not hold REAL_GET_TASKS; limiting output
05-25 10:46:29.385 D/SecShell( 8231): start get packageName
05-25 10:46:29.385 D/SecShell( 8231): end get packageName
05-25 10:46:29.385 W/System.err( 3061): java.lang.ArrayIndexOutOfBoundsException: length=58; index=58
05-25 10:46:29.385 W/System.err( 3061): 	at com.lbe.security.service.provider.internal.AppOpsAdapter$1.getDefaultOp(AppOpsAdapter.java:279)
05-25 10:46:29.385 W/System.err( 3061): 	at com.android.internal.app.IOpsCallback$Stub.onTransact(IOpsCallback.java:68)
05-25 10:46:29.385 W/System.err( 3061): 	at android.os.Binder.execTransact(Binder.java:446)
05-25 10:46:29.385 D/SecShell( 8231): start get packageName
05-25 10:46:29.385 D/SecShell( 8231): end get packageName
05-25 10:46:29.395 D/SecShell( 8231): start get packageName
05-25 10:46:29.395 D/SecShell( 8231): end get packageName
05-25 10:46:29.415 I/art     ( 9649): Explicit concurrent mark sweep GC freed 2096(125KB) AllocSpace objects, 2(32KB) LOS objects, 40% free, 15MB/25MB, paused 979us total 32.403ms
05-25 10:46:29.485 I/art     ( 9649): Explicit concurrent mark sweep GC freed 35(1248B) AllocSpace objects, 0(0B) LOS objects, 40% free, 15MB/25MB, paused 1.655ms total 32.292ms
05-25 10:46:29.555 I/art     ( 9649): Explicit concurrent mark sweep GC freed 6(208B) AllocSpace objects, 0(0B) LOS objects, 40% free, 15MB/25MB, paused 1.096ms total 31.547ms
05-25 10:46:29.555 D/SecShell( 8231): start get packageName
05-25 10:46:29.555 D/SecShell( 8231): end get packageName
05-25 10:46:29.625 I/art     ( 9649): Explicit concurrent mark sweep GC freed 6(208B) AllocSpace objects, 0(0B) LOS objects, 39% free, 15MB/25MB, paused 1.172ms total 33.542ms
05-25 10:46:29.695 I/art     ( 9649): Explicit concurrent mark sweep GC freed 29(1504B) AllocSpace objects, 0(0B) LOS objects, 40% free, 15MB/25MB, paused 892us total 30.450ms
05-25 10:46:29.905 I/art     ( 9649): Explicit concurrent mark sweep GC freed 1066(64KB) AllocSpace objects, 1(16KB) LOS objects, 40% free, 15MB/25MB, paused 1.619ms total 41.420ms
05-25 10:46:29.985 I/art     ( 9649): Explicit concurrent mark sweep GC freed 23(824B) AllocSpace objects, 0(0B) LOS objects, 40% free, 15MB/25MB, paused 1.633ms total 34.843ms
05-25 10:46:30.055 I/art     ( 9649): Explicit concurrent mark sweep GC freed 6(208B) AllocSpace objects, 0(0B) LOS objects, 40% free, 15MB/25MB, paused 1.364ms total 35.625ms
05-25 10:46:30.135 I/art     ( 9649): Explicit concurrent mark sweep GC freed 6(208B) AllocSpace objects, 0(0B) LOS objects, 40% free, 15MB/25MB, paused 1.288ms total 34.749ms
05-25 10:46:30.155 W/UnimplementedWebViewApi( 9649): Unimplemented WebView method onKeyMultiple called from: android.webkit.WebView.onKeyMultiple(WebView.java:2317)
05-25 10:46:30.165 W/UnimplementedWebViewApi( 9649): Unimplemented WebView method onKeyDown called from: android.webkit.WebView.onKeyDown(WebView.java:2307)
05-25 10:46:30.185 W/UnimplementedWebViewApi( 9649): Unimplemented WebView method onKeyMultiple called from: android.webkit.WebView.onKeyMultiple(WebView.java:2317)
05-25 10:46:30.185 W/UnimplementedWebViewApi( 9649): Unimplemented WebView method onKeyDown called from: android.webkit.WebView.onKeyDown(WebView.java:2307)
05-25 10:46:30.205 I/art     ( 9649): Explicit concurrent mark sweep GC freed 1660(78KB) AllocSpace objects, 0(0B) LOS objects, 40% free, 15MB/25MB, paused 1.068ms total 32.228ms
05-25 10:46:30.245 W/ActivityManager( 1022): getRunningAppProcesses: caller 10948 does not hold REAL_GET_TASKS; limiting output
05-25 10:46:30.385 W/ActivityManager( 1022): getRunningAppProcesses: caller 10104 does not hold REAL_GET_TASKS; limiting output
05-25 10:46:30.395 W/System.err( 3061): java.lang.ArrayIndexOutOfBoundsException: length=58; index=58
05-25 10:46:30.395 W/System.err( 3061): 	at com.lbe.security.service.provider.internal.AppOpsAdapter$1.getDefaultOp(AppOpsAdapter.java:279)
05-25 10:46:30.395 W/System.err( 3061): 	at com.android.internal.app.IOpsCallback$Stub.onTransact(IOpsCallback.java:68)
05-25 10:46:30.395 W/System.err( 3061): 	at android.os.Binder.execTransact(Binder.java:446)
05-25 10:46:30.415 I/art     ( 9649): Explicit concurrent mark sweep GC freed 1105(66KB) AllocSpace objects, 1(16KB) LOS objects, 40% free, 15MB/25MB, paused 1.330ms total 40.292ms
05-25 10:46:30.495 I/art     ( 9649): Explicit concurrent mark sweep GC freed 23(824B) AllocSpace objects, 0(0B) LOS objects, 40% free, 15MB/25MB, paused 1.399ms total 34.772ms
05-25 10:46:30.565 I/art     ( 9649): Explicit concurrent mark sweep GC freed 6(208B) AllocSpace objects, 0(0B) LOS objects, 40% free, 15MB/25MB, paused 1.281ms total 34.221ms
05-25 10:46:30.645 I/art     ( 9649): Explicit concurrent mark sweep GC freed 6(208B) AllocSpace objects, 0(0B) LOS objects, 40% free, 15MB/25MB, paused 1.252ms total 34.417ms
05-25 10:46:30.715 I/art     ( 9649): Explicit concurrent mark sweep GC freed 28(1424B) AllocSpace objects, 0(0B) LOS objects, 39% free, 15MB/25MB, paused 1.766ms total 35.049ms
05-25 10:46:31.005 D/wpa_supplicant( 1538): wlan0: Control interface command 'SIGNAL_POLL'
05-25 10:46:31.015 D/StatusBar.NetworkController( 1432): slot=-10;action=android.net.wifi.RSSI_CHANGED
05-25 10:46:31.015 D/StatusBar.NetworkController( 1432): updateNetworkName mNetworkName[0]=只能拨打紧急呼救电话 mTempNetworkName[0] = 只能拨打紧急呼救电话
05-25 10:46:31.025 D/StatusBar.NetworkController( 1432): updateNetworkName mNetworkName[1]=无服务 mTempNetworkName[1] = 无服务
05-25 10:46:31.245 W/ActivityManager( 1022): getRunningAppProcesses: caller 10948 does not hold REAL_GET_TASKS; limiting output
05-25 10:46:31.395 W/ActivityManager( 1022): getRunningAppProcesses: caller 10104 does not hold REAL_GET_TASKS; limiting output
05-25 10:46:31.405 W/System.err( 3061): java.lang.ArrayIndexOutOfBoundsException: length=58; index=58
05-25 10:46:31.405 W/System.err( 3061): 	at com.lbe.security.service.provider.internal.AppOpsAdapter$1.getDefaultOp(AppOpsAdapter.java:279)
05-25 10:46:31.405 W/System.err( 3061): 	at com.android.internal.app.IOpsCallback$Stub.onTransact(IOpsCallback.java:68)
05-25 10:46:31.405 W/System.err( 3061): 	at android.os.Binder.execTransact(Binder.java:446)
05-25 10:46:31.675 I/XiaomiFirewall( 1562): firewall pkgName:com.yaya.mmbang, result:0
05-25 10:46:32.255 W/ActivityManager( 1022): getRunningAppProcesses: caller 10948 does not hold REAL_GET_TASKS; limiting output
05-25 10:46:32.295 I/System.out( 9649): onPageStarted, url=http://m.baidu.com/from=844b/bd_page_type=1/ssid=0/uid=0/pu=usm%400%2Csz%401320_1001%2Cta%40iphone_2_5.0_3_537/baiduid=00EF8D120E8244CE30F1BAE1F605B594/w=0_10_%E9%9C%8D%E5%BB%BA%E5%8D%8E%E6%9B%9D%E9%85%92%E5%90%8E%E5%91%8A%E7%99%BD/t=bridge/l=3/tc?ref=bridge_iphone&lid=14774726091853302086&order=1&tj=rt_normal_1_0_10&waplogo=1&m=8&sec=12506&di=c88b1628ef2ff4af&bdenc=1&nsrc=IlPT2AEptyoA_yixCFOxXnANedT62v3IGtiTNCVUB8SxokDyqRLlJM2tJ7DNRHXTUCHrwGCFhNYYwn0aKjFooAV1mLdmtl9mznvgbMvhgRCGKQ1PebZlLgCXKkBhornQbLwcc329M2Q94V6uy03wos-wvv0Wf21c-47Yg8Sqn3a0ZTTuV67Jplr81Fk3CDKvCNfIh17jtHkuGp89Vs_qGTCBvXJECC2vawrnavJCP3SGindjMtK7F1Qd2UmDMWhPD0fh4AWe52XJZJFCqzMn4nQu5Hfpg2PZTTlGGNuSnqRdF4WCJ_aLFYe_L_-ZvwOQH0spHKPErugFPG-aakRdWX2J_uK9RjPpSIBDEO3Du_7iPExjomv9M0_epi2fDqX9Td6jLv2PCni
05-25 10:46:32.385 I/art     ( 9649): Explicit concurrent mark sweep GC freed 1327(103KB) AllocSpace objects, 2(32KB) LOS objects, 39% free, 15MB/25MB, paused 1.513ms total 38.530ms
05-25 10:46:32.405 W/ActivityManager( 1022): getRunningAppProcesses: caller 10104 does not hold REAL_GET_TASKS; limiting output
05-25 10:46:32.415 W/System.err( 3061): java.lang.ArrayIndexOutOfBoundsException: length=58; index=58
05-25 10:46:32.415 W/System.err( 3061): 	at com.lbe.security.service.provider.internal.AppOpsAdapter$1.getDefaultOp(AppOpsAdapter.java:279)
05-25 10:46:32.415 W/System.err( 3061): 	at com.android.internal.app.IOpsCallback$Stub.onTransact(IOpsCallback.java:68)
05-25 10:46:32.415 W/System.err( 3061): 	at android.os.Binder.execTransact(Binder.java:446)
05-25 10:46:32.415 I/System.out( 9649): onPageStarted, url=http://m.baidu.com/news?tn=bdbody&query=%E9%9C%8D%E5%BB%BA%E5%8D%8E%E6%9B%9D%E9%85%92%E5%90%8E%E5%91%8A%E7%99%BD&src=http%3A%2F%2Fent.qq.com%2Fa%2F20160525%2F019888.htm%3Ft%3D1464139952343&fr=ald02&ssid=0&from=844b&uid=0&pu=usm@0,sz@1320_1001,ta@iphone_2_5.0_3_537&bd_page_type=1&baiduid=00EF8D120E8244CE30F1BAE1F605B594&tj=rt_normal_1_0_10
05-25 10:46:32.465 I/art     ( 9649): Explicit concurrent mark sweep GC freed 64(5KB) AllocSpace objects, 0(0B) LOS objects, 40% free, 15MB/25MB, paused 1.696ms total 35.554ms
05-25 10:46:32.535 I/art     ( 9649): Explicit concurrent mark sweep GC freed 129(15KB) AllocSpace objects, 0(0B) LOS objects, 40% free, 15MB/25MB, paused 1.576ms total 32.006ms
05-25 10:46:32.605 I/art     ( 9649): Explicit concurrent mark sweep GC freed 37(1792B) AllocSpace objects, 0(0B) LOS objects, 40% free, 15MB/25MB, paused 1.103ms total 32.200ms
05-25 10:46:32.615 W/System.err( 3061): java.lang.ArrayIndexOutOfBoundsException: length=58; index=58
05-25 10:46:32.615 W/System.err( 3061): 	at com.lbe.security.service.provider.internal.AppOpsAdapter$1.getDefaultOp(AppOpsAdapter.java:279)
05-25 10:46:32.615 W/System.err( 3061): 	at com.android.internal.app.IOpsCallback$Stub.onTransact(IOpsCallback.java:68)
05-25 10:46:32.615 W/System.err( 3061): 	at android.os.Binder.execTransact(Binder.java:446)
05-25 10:46:32.625 W/ActivityManager( 1022): getTasks: caller 10550 does not hold REAL_GET_TASKS; limiting output
05-25 10:46:32.625 W/ActivityManager( 1022): getRunningAppProcesses: caller 10550 does not hold REAL_GET_TASKS; limiting output
05-25 10:46:32.675 I/art     ( 9649): Explicit concurrent mark sweep GC freed 179(9KB) AllocSpace objects, 0(0B) LOS objects, 40% free, 15MB/25MB, paused 1.002ms total 30.514ms
05-25 10:46:32.705 D/DnsFallback(  430): query: log.news.baidu.com
05-25 10:46:32.735 D/DnsFallback(  430): query: su.bdimg.com
05-25 10:46:32.865 I/MSM-irqbalance(  807): Decided to move IRQ222 from CPU3 to CPU2
05-25 10:46:32.915 I/art     ( 9649): Explicit concurrent mark sweep GC freed 1310(77KB) AllocSpace objects, 1(16KB) LOS objects, 40% free, 15MB/25MB, paused 1.513ms total 41.324ms
05-25 10:46:33.005 I/art     ( 9649): Explicit concurrent mark sweep GC freed 27(1144B) AllocSpace objects, 0(0B) LOS objects, 39% free, 15MB/25MB, paused 2.518ms total 41.363ms
05-25 10:46:33.035 I/XiaomiFirewall( 1562): firewall pkgName:com.yaya.mmbang, result:0
05-25 10:46:33.085 I/art     ( 9649): Explicit concurrent mark sweep GC freed 30(1472B) AllocSpace objects, 0(0B) LOS objects, 39% free, 15MB/25MB, paused 1.228ms total 33.865ms
05-25 10:46:33.155 D/DnsFallback(  430): query: wap.baidu.com
05-25 10:46:33.155 I/art     ( 9649): Explicit concurrent mark sweep GC freed 27(1360B) AllocSpace objects, 0(0B) LOS objects, 39% free, 15MB/25MB, paused 981us total 31.929ms
05-25 10:46:33.225 I/art     ( 9649): Explicit concurrent mark sweep GC freed 6(208B) AllocSpace objects, 0(0B) LOS objects, 39% free, 15MB/25MB, paused 1.268ms total 31.090ms
05-25 10:46:33.255 W/ActivityManager( 1022): getRunningAppProcesses: caller 10948 does not hold REAL_GET_TASKS; limiting output
05-25 10:46:33.415 W/ActivityManager( 1022): getRunningAppProcesses: caller 10104 does not hold REAL_GET_TASKS; limiting output
05-25 10:46:33.415 W/System.err( 3061): java.lang.ArrayIndexOutOfBoundsException: length=58; index=58
05-25 10:46:33.415 W/System.err( 3061): 	at com.lbe.security.service.provider.internal.AppOpsAdapter$1.getDefaultOp(AppOpsAdapter.java:279)
05-25 10:46:33.415 W/System.err( 3061): 	at com.android.internal.app.IOpsCallback$Stub.onTransact(IOpsCallback.java:68)
05-25 10:46:33.415 W/System.err( 3061): 	at android.os.Binder.execTransact(Binder.java:446)
05-25 10:46:33.455 I/art     ( 9649): Explicit concurrent mark sweep GC freed 1086(65KB) AllocSpace objects, 1(16KB) LOS objects, 40% free, 15MB/25MB, paused 1.241ms total 38.407ms
05-25 10:46:33.525 I/art     ( 9649): Explicit concurrent mark sweep GC freed 23(824B) AllocSpace objects, 0(0B) LOS objects, 39% free, 15MB/25MB, paused 1.790ms total 32.291ms
05-25 10:46:33.595 I/art     ( 9649): Explicit concurrent mark sweep GC freed 6(208B) AllocSpace objects, 0(0B) LOS objects, 39% free, 15MB/25MB, paused 1.028ms total 34.096ms
05-25 10:46:33.675 I/art     ( 9649): Explicit concurrent mark sweep GC freed 4(128B) AllocSpace objects, 0(0B) LOS objects, 40% free, 15MB/25MB, paused 2.027ms total 36.695ms
05-25 10:46:33.745 I/art     ( 9649): Explicit concurrent mark sweep GC freed 5(176B) AllocSpace objects, 0(0B) LOS objects, 39% free, 15MB/25MB, paused 1.231ms total 35.847ms
05-25 10:46:34.015 D/wpa_supplicant( 1538): wlan0: Control interface command 'SIGNAL_POLL'
05-25 10:46:34.205 W/System.err( 3061): java.lang.ArrayIndexOutOfBoundsException: length=58; index=58
05-25 10:46:34.205 W/System.err( 3061): 	at com.lbe.security.service.provider.internal.AppOpsAdapter$1.getDefaultOp(AppOpsAdapter.java:279)
05-25 10:46:34.205 W/System.err( 3061): 	at com.android.internal.app.IOpsCallback$Stub.onTransact(IOpsCallback.java:68)
05-25 10:46:34.205 W/System.err( 3061): 	at android.os.Binder.execTransact(Binder.java:446)
05-25 10:46:34.275 W/ActivityManager( 1022): getRunningAppProcesses: caller 10948 does not hold REAL_GET_TASKS; limiting output
05-25 10:46:34.425 W/ActivityManager( 1022): getRunningAppProcesses: caller 10104 does not hold REAL_GET_TASKS; limiting output
05-25 10:46:34.425 W/System.err( 3061): java.lang.ArrayIndexOutOfBoundsException: length=58; index=58
05-25 10:46:34.425 W/System.err( 3061): 	at com.lbe.security.service.provider.internal.AppOpsAdapter$1.getDefaultOp(AppOpsAdapter.java:279)
05-25 10:46:34.425 W/System.err( 3061): 	at com.android.internal.app.IOpsCallback$Stub.onTransact(IOpsCallback.java:68)
05-25 10:46:34.425 W/System.err( 3061): 	at android.os.Binder.execTransact(Binder.java:446)
05-25 10:46:35.285 W/ActivityManager( 1022): getRunningAppProcesses: caller 10948 does not hold REAL_GET_TASKS; limiting output
05-25 10:46:35.435 W/ActivityManager( 1022): getRunningAppProcesses: caller 10104 does not hold REAL_GET_TASKS; limiting output
05-25 10:46:35.445 W/System.err( 3061): java.lang.ArrayIndexOutOfBoundsException: length=58; index=58
05-25 10:46:35.445 W/System.err( 3061): 	at com.lbe.security.service.provider.internal.AppOpsAdapter$1.getDefaultOp(AppOpsAdapter.java:279)
05-25 10:46:35.445 W/System.err( 3061): 	at com.android.internal.app.IOpsCallback$Stub.onTransact(IOpsCallback.java:68)
05-25 10:46:35.445 W/System.err( 3061): 	at android.os.Binder.execTransact(Binder.java:446)
05-25 10:46:35.455 I/art     ( 9649): Explicit concurrent mark sweep GC freed 1233(83KB) AllocSpace objects, 2(32KB) LOS objects, 40% free, 15MB/25MB, paused 1.769ms total 40.969ms
05-25 10:46:35.525 I/art     ( 9649): Explicit concurrent mark sweep GC freed 38(1360B) AllocSpace objects, 0(0B) LOS objects, 39% free, 15MB/25MB, paused 1.696ms total 36.266ms
05-25 10:46:35.605 I/art     ( 9649): Explicit concurrent mark sweep GC freed 6(208B) AllocSpace objects, 0(0B) LOS objects, 39% free, 15MB/25MB, paused 1.273ms total 35.773ms
05-25 10:46:35.675 I/art     ( 9649): Explicit concurrent mark sweep GC freed 3(96B) AllocSpace objects, 0(0B) LOS objects, 39% free, 15MB/25MB, paused 2.001ms total 36.414ms
05-25 10:46:35.755 I/art     ( 9649): Explicit concurrent mark sweep GC freed 6(208B) AllocSpace objects, 0(0B) LOS objects, 39% free, 15MB/25MB, paused 1.332ms total 35.649ms
05-25 10:46:36.015 I/art     ( 9649): Explicit concurrent mark sweep GC freed 1072(64KB) AllocSpace objects, 1(16KB) LOS objects, 40% free, 15MB/25MB, paused 1.090ms total 38.933ms
05-25 10:46:36.075 I/art     ( 9649): Explicit concurrent mark sweep GC freed 20(712B) AllocSpace objects, 0(0B) LOS objects, 39% free, 15MB/25MB, paused 1.152ms total 31.794ms
05-25 10:46:36.165 I/art     ( 9649): Explicit concurrent mark sweep GC freed 6(208B) AllocSpace objects, 0(0B) LOS objects, 39% free, 15MB/25MB, paused 1.220ms total 40.630ms
05-25 10:46:36.245 I/art     ( 9649): Explicit concurrent mark sweep GC freed 6(208B) AllocSpace objects, 0(0B) LOS objects, 39% free, 15MB/25MB, paused 1.667ms total 33.732ms
05-25 10:46:36.295 W/ActivityManager( 1022): getRunningAppProcesses: caller 10948 does not hold REAL_GET_TASKS; limiting output
05-25 10:46:36.325 I/art     ( 9649): Explicit concurrent mark sweep GC freed 15(512B) AllocSpace objects, 0(0B) LOS objects, 39% free, 15MB/25MB, paused 1.361ms total 38.434ms
05-25 10:46:36.445 W/ActivityManager( 1022): getRunningAppProcesses: caller 10104 does not hold REAL_GET_TASKS; limiting output
05-25 10:46:36.455 W/System.err( 3061): java.lang.ArrayIndexOutOfBoundsException: length=58; index=58
05-25 10:46:36.455 W/System.err( 3061): 	at com.lbe.security.service.provider.internal.AppOpsAdapter$1.getDefaultOp(AppOpsAdapter.java:279)
05-25 10:46:36.455 W/System.err( 3061): 	at com.android.internal.app.IOpsCallback$Stub.onTransact(IOpsCallback.java:68)
05-25 10:46:36.455 W/System.err( 3061): 	at android.os.Binder.execTransact(Binder.java:446)
05-25 10:46:36.575 I/art     ( 9649): Explicit concurrent mark sweep GC freed 1071(64KB) AllocSpace objects, 1(16KB) LOS objects, 39% free, 15MB/25MB, paused 1.320ms total 53.537ms
05-25 10:46:36.585 I/XiaomiFirewall( 1562): firewall pkgName:com.yaya.mmbang, result:0
05-25 10:46:36.645 I/art     ( 9649): Explicit concurrent mark sweep GC freed 23(824B) AllocSpace objects, 0(0B) LOS objects, 40% free, 15MB/25MB, paused 1.175ms total 32.907ms
05-25 10:46:36.655 D/DnsFallback(  430): query: entry.baidu.com
05-25 10:46:36.715 I/art     ( 9649): Explicit concurrent mark sweep GC freed 33(17KB) AllocSpace objects, 0(0B) LOS objects, 40% free, 15MB/25MB, paused 1.343ms total 31.768ms
05-25 10:46:36.795 I/art     ( 9649): Explicit concurrent mark sweep GC freed 33(13KB) AllocSpace objects, 0(0B) LOS objects, 40% free, 15MB/25MB, paused 1.252ms total 35.321ms
05-25 10:46:36.865 I/art     ( 9649): Explicit concurrent mark sweep GC freed 3(96B) AllocSpace objects, 0(0B) LOS objects, 40% free, 15MB/25MB, paused 1.555ms total 37.593ms
05-25 10:46:36.885 D/DnsFallback(  430): query: dj1.baidu.com
05-25 10:46:36.945 W/ActivityManager( 1022): getRunningAppProcesses: caller 10042 does not hold REAL_GET_TASKS; limiting output
05-25 10:46:36.945 W/Toast   ( 1615): From com.google.android.inputmethod.pinyin, invisible to user.
05-25 10:46:36.955 I/NotificationService( 1022): cancelToast pkg=com.google.android.inputmethod.pinyin callback=android.app.ITransientNotification$Stub$Proxy@2f7e5920
05-25 10:46:36.955 W/NotificationService( 1022): Toast already cancelled. pkg=com.google.android.inputmethod.pinyin callback=android.app.ITransientNotification$Stub$Proxy@2f7e5920
05-25 10:46:36.985 D/yaya_template_( 9649): onPageFinished, url=http://m.baidu.com/news?tn=bdbody&query=%E9%9C%8D%E5%BB%BA%E5%8D%8E%E6%9B%9D%E9%85%92%E5%90%8E%E5%91%8A%E7%99%BD&src=http%3A%2F%2Fent.qq.com%2Fa%2F20160525%2F019888.htm%3Ft%3D1464139952343&fr=ald02&ssid=0&from=844b&uid=0&pu=usm@0,sz@1320_1001,ta@iphone_2_5.0_3_537&bd_page_type=1&baiduid=00EF8D120E8244CE30F1BAE1F605B594&tj=rt_normal_1_0_10
05-25 10:46:37.025 D/wpa_supplicant( 1538): wlan0: Control interface command 'SIGNAL_POLL'
05-25 10:46:37.065 E/WifiStateMachine( 1022): WifiStateMachine CMD_START_SCAN source -2 txSuccessRate=60.55 rxSuccessRate=73.88 targetRoamBSSID=any RSSI=-66
05-25 10:46:37.295 W/ActivityManager( 1022): getRunningAppProcesses: caller 10948 does not hold REAL_GET_TASKS; limiting output
05-25 10:46:37.415 I/Timeline( 9148): Timeline: Activity_launch_request time:1389589
05-25 10:46:37.435 D/AdClientRecord( 2027): Splash target was not initialized.
05-25 10:46:37.435 D/SystemAdController( 2027): Package:com.yaya.mmbang is not in the list
05-25 10:46:37.435 D/SystemAdController( 2027): requestSplashScreen duration:4
05-25 10:46:37.435 I/ActivityManager( 1022): START u0 {act=android.intent.action.MAIN cat=[android.intent.category.LAUNCHER] flg=0x10200000 cmp=com.yaya.mmbang/.activity.SplashActivity} from uid 2000 on display 0
05-25 10:46:37.455 W/ActivityManager( 1022): getRunningAppProcesses: caller 10104 does not hold REAL_GET_TASKS; limiting output
05-25 10:46:37.465 W/System.err( 3061): java.lang.ArrayIndexOutOfBoundsException: length=58; index=58
05-25 10:46:37.475 W/System.err( 3061): 	at com.lbe.security.service.provider.internal.AppOpsAdapter$1.getDefaultOp(AppOpsAdapter.java:279)
05-25 10:46:37.475 W/System.err( 3061): 	at com.android.internal.app.IOpsCallback$Stub.onTransact(IOpsCallback.java:68)
05-25 10:46:37.475 W/System.err( 3061): 	at android.os.Binder.execTransact(Binder.java:446)
05-25 10:46:37.675 W/System.err( 3061): java.lang.ArrayIndexOutOfBoundsException: length=58; index=58
05-25 10:46:37.675 W/System.err( 3061): 	at com.lbe.security.service.provider.internal.AppOpsAdapter$1.getDefaultOp(AppOpsAdapter.java:279)
05-25 10:46:37.675 W/System.err( 3061): 	at com.android.internal.app.IOpsCallback$Stub.onTransact(IOpsCallback.java:68)
05-25 10:46:37.675 W/System.err( 3061): 	at android.os.Binder.execTransact(Binder.java:446)
05-25 10:46:37.675 W/ActivityManager( 1022): getTasks: caller 10550 does not hold REAL_GET_TASKS; limiting output
05-25 10:46:37.695 W/ActivityManager( 1022): getRunningAppProcesses: caller 10550 does not hold REAL_GET_TASKS; limiting output
05-25 10:46:37.975 D/MultipleRenderable( 1432): add: miui.maml.FancyDrawable@a25ebd
05-25 10:46:37.975 V/NotificationService( 1022): enqueueNotificationInternal: pkg=android id=17040645 notification=Notification(pri=0 contentView=null vibrate=null sound=null defaults=0x0 flags=0x2 color=0xff607d8b vis=PRIVATE)
05-25 10:46:37.975 D/RendererCore( 1432): add: miui.maml.FancyDrawable@a25ebd size:15
05-25 10:46:37.985 I/ValidateNoPeople( 1022): skipping global notification
05-25 10:46:37.985 D/NotificationService( 1022): [csl] buzzBeepBlinkLocked() zenMode = 0, zenConfig = ZenModeConfig[allowCalls=true,allowMessages=false,allowFrom=contacts,allowEvents=false,allowMusic=false,allowAlarm=true,allowVibrate=false,allowLight=true,sleepMode=null,sleepStart=22.0,sleepEnd=7.0,conditionComponents=null,conditionIds=null,exitCondition=null,exitConditionComponent=null]
05-25 10:46:37.985 V/NotificationService( 1022): pkg=android canInterrupt=true intercept=false
05-25 10:46:37.985 V/NotificationService( 1022): Interrupting!
05-25 10:46:38.045 D/MultipleRenderable( 1432): add: miui.maml.FancyDrawable@12e1cb2
05-25 10:46:38.045 D/RendererCore( 1432): add: miui.maml.FancyDrawable@12e1cb2 size:16
05-25 10:46:38.065 D/PhoneStatusBar( 1432): updateNotification pkg=android;id=17040645
05-25 10:46:38.095 D/SizeAdaptiveLayout( 1432): com.android.internal.widget.SizeAdaptiveLayout{3b4f9013 V.E..... ......ID 0,0-1260,232 #7f0800c1 app:id/adaptive}child view android.widget.FrameLayout{785250 V.E..... ......ID 0,0-1260,231 #1020330 android:id/status_bar_latest_event_content} measured out of bounds at 231px clamped to 232px
05-25 10:46:38.095 I/RenderThread( 1432): Sleep for long time:9223372036854775807 ms
05-25 10:46:38.095 I/art     ( 1432): Note: end time exceeds epoch: 
05-25 10:46:38.175 I/XiaomiFirewall( 1562): firewall pkgName:com.yaya.mmbang, result:0
05-25 10:46:38.305 W/ActivityManager( 1022): getRunningAppProcesses: caller 10948 does not hold REAL_GET_TASKS; limiting output
05-25 10:46:38.475 W/ActivityManager( 1022): getRunningAppProcesses: caller 10104 does not hold REAL_GET_TASKS; limiting output
05-25 10:46:38.475 W/System.err( 3061): java.lang.ArrayIndexOutOfBoundsException: length=58; index=58
05-25 10:46:38.475 W/System.err( 3061): 	at com.lbe.security.service.provider.internal.AppOpsAdapter$1.getDefaultOp(AppOpsAdapter.java:279)
05-25 10:46:38.475 W/System.err( 3061): 	at com.android.internal.app.IOpsCallback$Stub.onTransact(IOpsCallback.java:68)
05-25 10:46:38.475 W/System.err( 3061): 	at android.os.Binder.execTransact(Binder.java:446)
05-25 10:46:38.645 I/art     ( 9649): Explicit concurrent mark sweep GC freed 1322(110KB) AllocSpace objects, 5(133KB) LOS objects, 40% free, 15MB/25MB, paused 1.228ms total 39.991ms
05-25 10:46:38.715 I/art     ( 9649): Explicit concurrent mark sweep GC freed 61(2672B) AllocSpace objects, 0(0B) LOS objects, 40% free, 15MB/25MB, paused 1.252ms total 33.752ms
05-25 10:46:38.785 I/art     ( 9649): Explicit concurrent mark sweep GC freed 3(96B) AllocSpace objects, 0(0B) LOS objects, 40% free, 15MB/25MB, paused 1.525ms total 35.619ms
05-25 10:46:38.865 I/art     ( 9649): Explicit concurrent mark sweep GC freed 3(96B) AllocSpace objects, 0(0B) LOS objects, 40% free, 15MB/25MB, paused 1.918ms total 39.224ms
05-25 10:46:38.915 W/ContextImpl( 1432): Calling a method in the system process without a qualified user: android.app.ContextImpl.sendBroadcast:1323 android.content.ContextWrapper.sendBroadcast:376 com.android.systemui.taskmanager.TaskManagerView.sendVisibilityChangedBroadcast:650 com.android.systemui.taskmanager.TaskManagerView.access$1700:86 com.android.systemui.taskmanager.TaskManagerView$11.run:581 
05-25 10:46:38.945 I/art     ( 9649): Explicit concurrent mark sweep GC freed 3(96B) AllocSpace objects, 0(0B) LOS objects, 40% free, 15MB/25MB, paused 1.334ms total 37.305ms
05-25 10:46:38.975 W/ContextImpl( 1432): Calling a method in the system process without a qualified user: android.app.ContextImpl.sendBroadcast:1323 android.content.ContextWrapper.sendBroadcast:376 com.android.systemui.taskmanager.TaskManagerView.sendVisibilityChangedBroadcast:650 com.android.systemui.taskmanager.TaskManagerView.show:595 com.android.systemui.taskmanager.TaskManagerView$6.onClick:385 
05-25 10:46:38.985 I/Analytics( 1432): start session(com.android.systemui)
05-25 10:46:38.985 I/Analytics( 1432): end session(com.android.systemui)
05-25 10:46:38.985 W/ContextImpl( 1432): Calling a method in the system process without a qualified user: android.app.ContextImpl.bindService:1752 android.content.ContextWrapper.bindService:538 miui.analytics.Analytics.endSession:120 com.android.systemui.taskmanager.TaskManagerView.show:638 com.android.systemui.taskmanager.TaskManagerView$6.onClick:385 
05-25 10:46:39.205 I/art     ( 9649): Explicit concurrent mark sweep GC freed 1060(63KB) AllocSpace objects, 1(16KB) LOS objects, 40% free, 15MB/25MB, paused 1.992ms total 49.563ms
05-25 10:46:39.285 I/art     ( 9649): Explicit concurrent mark sweep GC freed 20(712B) AllocSpace objects, 0(0B) LOS objects, 40% free, 15MB/25MB, paused 1.513ms total 39.547ms
05-25 10:46:39.315 W/ActivityManager( 1022): getRunningAppProcesses: caller 10948 does not hold REAL_GET_TASKS; limiting output
05-25 10:46:39.365 I/art     ( 9649): Explicit concurrent mark sweep GC freed 12(400B) AllocSpace objects, 0(0B) LOS objects, 40% free, 15MB/25MB, paused 1.087ms total 31.584ms
05-25 10:46:39.435 I/art     ( 9649): Explicit concurrent mark sweep GC freed 3(96B) AllocSpace objects, 0(0B) LOS objects, 40% free, 15MB/25MB, paused 1.342ms total 31.940ms
05-25 10:46:39.465 W/InputMethodManagerService( 1022): Window already focused, ignoring focus gain of: com.android.internal.view.IInputMethodClient$Stub$Proxy@36aa809b attribute=null, token = android.os.BinderProxy@3a1ca816
05-25 10:46:39.485 W/ActivityManager( 1022): getRunningAppProcesses: caller 10104 does not hold REAL_GET_TASKS; limiting output
05-25 10:46:39.485 W/System.err( 3061): java.lang.ArrayIndexOutOfBoundsException: length=58; index=58
05-25 10:46:39.485 W/System.err( 3061): 	at com.lbe.security.service.provider.internal.AppOpsAdapter$1.getDefaultOp(AppOpsAdapter.java:279)
05-25 10:46:39.485 W/System.err( 3061): 	at com.android.internal.app.IOpsCallback$Stub.onTransact(IOpsCallback.java:68)
05-25 10:46:39.485 W/System.err( 3061): 	at android.os.Binder.execTransact(Binder.java:446)
05-25 10:46:39.495 I/art     ( 9649): Explicit concurrent mark sweep GC freed 4(112B) AllocSpace objects, 0(0B) LOS objects, 40% free, 15MB/25MB, paused 1.093ms total 30.098ms
05-25 10:46:39.725 I/art     ( 9649): Explicit concurrent mark sweep GC freed 1068(64KB) AllocSpace objects, 1(16KB) LOS objects, 40% free, 15MB/25MB, paused 1.196ms total 42.253ms
05-25 10:46:39.795 I/art     ( 9649): Explicit concurrent mark sweep GC freed 20(712B) AllocSpace objects, 0(0B) LOS objects, 39% free, 15MB/25MB, paused 1.333ms total 34.186ms
05-25 10:46:39.875 I/art     ( 9649): Explicit concurrent mark sweep GC freed 3(96B) AllocSpace objects, 0(0B) LOS objects, 39% free, 15MB/25MB, paused 1.830ms total 36.551ms
05-25 10:46:39.945 I/art     ( 9649): Explicit concurrent mark sweep GC freed 3(96B) AllocSpace objects, 0(0B) LOS objects, 39% free, 15MB/25MB, paused 1.690ms total 36.293ms
05-25 10:46:40.025 I/art     ( 9649): Explicit concurrent mark sweep GC freed 11(304B) AllocSpace objects, 0(0B) LOS objects, 39% free, 15MB/25MB, paused 1.555ms total 33.667ms
05-25 10:46:40.035 D/wpa_supplicant( 1538): wlan0: Control interface command 'SIGNAL_POLL'
05-25 10:46:40.035 D/StatusBar.NetworkController( 1432): slot=-10;action=android.net.wifi.RSSI_CHANGED
05-25 10:46:40.045 D/StatusBar.NetworkController( 1432): updateNetworkName mNetworkName[0]=只能拨打紧急呼救电话 mTempNetworkName[0] = 只能拨打紧急呼救电话
05-25 10:46:40.045 D/StatusBar.NetworkController( 1432): updateNetworkName mNetworkName[1]=无服务 mTempNetworkName[1] = 无服务
05-25 10:46:40.325 W/ActivityManager( 1022): getRunningAppProcesses: caller 10948 does not hold REAL_GET_TASKS; limiting output
05-25 10:46:40.495 W/ActivityManager( 1022): getRunningAppProcesses: caller 10104 does not hold REAL_GET_TASKS; limiting output
05-25 10:46:40.505 W/System.err( 3061): java.lang.ArrayIndexOutOfBoundsException: length=58; index=58
05-25 10:46:40.505 W/System.err( 3061): 	at com.lbe.security.service.provider.internal.AppOpsAdapter$1.getDefaultOp(AppOpsAdapter.java:279)
05-25 10:46:40.505 W/System.err( 3061): 	at com.android.internal.app.IOpsCallback$Stub.onTransact(IOpsCallback.java:68)
05-25 10:46:40.505 W/System.err( 3061): 	at android.os.Binder.execTransact(Binder.java:446)
05-25 10:46:40.565 E/SpannableStringBuilder( 9649): SPAN_EXCLUSIVE_EXCLUSIVE spans cannot have a zero length
05-25 10:46:40.565 E/SpannableStringBuilder( 9649): SPAN_EXCLUSIVE_EXCLUSIVE spans cannot have a zero length
05-25 10:46:40.585 V/NotificationService( 1022): enqueueNotificationInternal: pkg=android id=17040645 notification=Notification(pri=0 contentView=null vibrate=null sound=null defaults=0x0 flags=0x2 color=0xff607d8b vis=PRIVATE)
05-25 10:46:40.585 I/ValidateNoPeople( 1022): skipping global notification
05-25 10:46:40.585 D/NotificationService( 1022): [csl] buzzBeepBlinkLocked() zenMode = 0, zenConfig = ZenModeConfig[allowCalls=true,allowMessages=false,allowFrom=contacts,allowEvents=false,allowMusic=false,allowAlarm=true,allowVibrate=false,allowLight=true,sleepMode=null,sleepStart=22.0,sleepEnd=7.0,conditionComponents=null,conditionIds=null,exitCondition=null,exitConditionComponent=null]
05-25 10:46:40.585 V/NotificationService( 1022): pkg=android canInterrupt=true intercept=false
05-25 10:46:40.585 V/NotificationService( 1022): Interrupting!
05-25 10:46:40.595 D/PhoneStatusBar( 1432): updateNotification pkg=android;id=17040645
05-25 10:46:40.605 D/SizeAdaptiveLayout( 1432): com.android.internal.widget.SizeAdaptiveLayout{3b4f9013 V.E..... ......ID 0,0-1260,232 #7f0800c1 app:id/adaptive}child view android.widget.FrameLayout{785250 V.E..... ......ID 0,0-1260,231 #1020330 android:id/status_bar_latest_event_content} measured out of bounds at 231px clamped to 232px
05-25 10:46:40.615 V/NotificationService( 1022): enqueueNotificationInternal: pkg=android id=17040645 notification=Notification(pri=0 contentView=null vibrate=null sound=null defaults=0x0 flags=0x2 color=0xff607d8b vis=PRIVATE)
05-25 10:46:40.615 I/ValidateNoPeople( 1022): skipping global notification
05-25 10:46:40.615 D/NotificationService( 1022): [csl] buzzBeepBlinkLocked() zenMode = 0, zenConfig = ZenModeConfig[allowCalls=true,allowMessages=false,allowFrom=contacts,allowEvents=false,allowMusic=false,allowAlarm=true,allowVibrate=false,allowLight=true,sleepMode=null,sleepStart=22.0,sleepEnd=7.0,conditionComponents=null,conditionIds=null,exitCondition=null,exitConditionComponent=null]
05-25 10:46:40.615 V/NotificationService( 1022): pkg=android canInterrupt=true intercept=false
05-25 10:46:40.615 V/NotificationService( 1022): Interrupting!
05-25 10:46:40.625 D/PhoneStatusBar( 1432): updateNotification pkg=android;id=17040645
05-25 10:46:40.635 D/SizeAdaptiveLayout( 1432): com.android.internal.widget.SizeAdaptiveLayout{3b4f9013 V.E..... ......ID 0,0-1260,232 #7f0800c1 app:id/adaptive}child view android.widget.FrameLayout{785250 V.E..... ......ID 0,0-1260,231 #1020330 android:id/status_bar_latest_event_content} measured out of bounds at 231px clamped to 232px
05-25 10:46:41.325 W/ActivityManager( 1022): getRunningAppProcesses: caller 10948 does not hold REAL_GET_TASKS; limiting output
05-25 10:46:41.515 W/ActivityManager( 1022): getRunningAppProcesses: caller 10104 does not hold REAL_GET_TASKS; limiting output
05-25 10:46:41.515 W/System.err( 3061): java.lang.ArrayIndexOutOfBoundsException: length=58; index=58
05-25 10:46:41.515 W/System.err( 3061): 	at com.lbe.security.service.provider.internal.AppOpsAdapter$1.getDefaultOp(AppOpsAdapter.java:279)
05-25 10:46:41.515 W/System.err( 3061): 	at com.android.internal.app.IOpsCallback$Stub.onTransact(IOpsCallback.java:68)
05-25 10:46:41.515 W/System.err( 3061): 	at android.os.Binder.execTransact(Binder.java:446)
05-25 10:46:41.555 I/art     ( 9649): Explicit concurrent mark sweep GC freed 1260(85KB) AllocSpace objects, 2(32KB) LOS objects, 39% free, 15MB/25MB, paused 1.279ms total 47.230ms
05-25 10:46:41.625 I/art     ( 9649): Explicit concurrent mark sweep GC freed 60(2240B) AllocSpace objects, 0(0B) LOS objects, 39% free, 15MB/25MB, paused 1.305ms total 32.989ms
05-25 10:46:41.705 I/art     ( 9649): Explicit concurrent mark sweep GC freed 3(96B) AllocSpace objects, 0(0B) LOS objects, 39% free, 15MB/25MB, paused 1.190ms total 35.820ms
05-25 10:46:41.775 I/art     ( 9649): Explicit concurrent mark sweep GC freed 3(96B) AllocSpace objects, 0(0B) LOS objects, 39% free, 15MB/25MB, paused 1.208ms total 32.898ms
05-25 10:46:41.845 I/art     ( 9649): Explicit concurrent mark sweep GC freed 3(96B) AllocSpace objects, 0(0B) LOS objects, 39% free, 15MB/25MB, paused 1.099ms total 33.932ms
05-25 10:46:42.125 I/art     ( 9649): Explicit concurrent mark sweep GC freed 1060(63KB) AllocSpace objects, 1(16KB) LOS objects, 39% free, 15MB/25MB, paused 1.746ms total 49.404ms
05-25 10:46:42.195 I/art     ( 9649): Explicit concurrent mark sweep GC freed 22(872B) AllocSpace objects, 0(0B) LOS objects, 39% free, 15MB/25MB, paused 1.389ms total 32.306ms
05-25 10:46:42.265 I/art     ( 9649): Explicit concurrent mark sweep GC freed 3(96B) AllocSpace objects, 0(0B) LOS objects, 39% free, 15MB/25MB, paused 1.157ms total 32.713ms
05-25 10:46:42.335 I/art     ( 9649): Explicit concurrent mark sweep GC freed 3(96B) AllocSpace objects, 0(0B) LOS objects, 39% free, 15MB/25MB, paused 1.678ms total 31.978ms
05-25 10:46:42.345 W/ActivityManager( 1022): getRunningAppProcesses: caller 10948 does not hold REAL_GET_TASKS; limiting output
05-25 10:46:42.405 I/art     ( 9649): Explicit concurrent mark sweep GC freed 12(400B) AllocSpace objects, 0(0B) LOS objects, 39% free, 15MB/25MB, paused 1.190ms total 34.423ms
05-25 10:46:42.525 W/ActivityManager( 1022): getRunningAppProcesses: caller 10104 does not hold REAL_GET_TASKS; limiting output
05-25 10:46:42.525 W/System.err( 3061): java.lang.ArrayIndexOutOfBoundsException: length=58; index=58
05-25 10:46:42.525 W/System.err( 3061): 	at com.lbe.security.service.provider.internal.AppOpsAdapter$1.getDefaultOp(AppOpsAdapter.java:279)
05-25 10:46:42.525 W/System.err( 3061): 	at com.android.internal.app.IOpsCallback$Stub.onTransact(IOpsCallback.java:68)
05-25 10:46:42.525 W/System.err( 3061): 	at android.os.Binder.execTransact(Binder.java:446)
05-25 10:46:42.585 V/NotificationService( 1022): enqueueNotificationInternal: pkg=android id=17040645 notification=Notification(pri=0 contentView=null vibrate=null sound=null defaults=0x0 flags=0x2 color=0xff607d8b vis=PRIVATE)
05-25 10:46:42.585 I/ValidateNoPeople( 1022): skipping global notification
05-25 10:46:42.585 D/NotificationService( 1022): [csl] buzzBeepBlinkLocked() zenMode = 0, zenConfig = ZenModeConfig[allowCalls=true,allowMessages=false,allowFrom=contacts,allowEvents=false,allowMusic=false,allowAlarm=true,allowVibrate=false,allowLight=true,sleepMode=null,sleepStart=22.0,sleepEnd=7.0,conditionComponents=null,conditionIds=null,exitCondition=null,exitConditionComponent=null]
05-25 10:46:42.585 V/NotificationService( 1022): pkg=android canInterrupt=true intercept=false
05-25 10:46:42.585 V/NotificationService( 1022): Interrupting!
05-25 10:46:42.595 D/MultipleRenderable( 1432): add: miui.maml.FancyDrawable@22b56f1
05-25 10:46:42.595 D/RendererCore( 1432): add: miui.maml.FancyDrawable@22b56f1 size:17
05-25 10:46:42.625 D/MultipleRenderable( 1432): add: miui.maml.FancyDrawable@1057a2d6
05-25 10:46:42.625 D/RendererCore( 1432): add: miui.maml.FancyDrawable@1057a2d6 size:18
05-25 10:46:42.645 D/PhoneStatusBar( 1432): updateNotification pkg=android;id=17040645
05-25 10:46:42.655 I/art     ( 9649): Explicit concurrent mark sweep GC freed 1074(64KB) AllocSpace objects, 1(16KB) LOS objects, 39% free, 15MB/25MB, paused 1.177ms total 38.524ms
05-25 10:46:42.665 D/SizeAdaptiveLayout( 1432): com.android.internal.widget.SizeAdaptiveLayout{3b4f9013 V.E..... ......ID 0,0-1260,232 #7f0800c1 app:id/adaptive}child view android.widget.FrameLayout{785250 V.E..... ......ID 0,0-1260,231 #1020330 android:id/status_bar_latest_event_content} measured out of bounds at 231px clamped to 232px
05-25 10:46:42.665 I/RenderThread( 1432): Sleep for long time:9223372036854775807 ms
05-25 10:46:42.675 I/art     ( 1432): Note: end time exceeds epoch: 
05-25 10:46:42.735 W/System.err( 3061): java.lang.ArrayIndexOutOfBoundsException: length=58; index=58
05-25 10:46:42.735 W/System.err( 3061): 	at com.lbe.security.service.provider.internal.AppOpsAdapter$1.getDefaultOp(AppOpsAdapter.java:279)
05-25 10:46:42.735 W/System.err( 3061): 	at com.android.internal.app.IOpsCallback$Stub.onTransact(IOpsCallback.java:68)
05-25 10:46:42.735 W/System.err( 3061): 	at android.os.Binder.execTransact(Binder.java:446)
05-25 10:46:42.735 I/art     ( 9649): Explicit concurrent mark sweep GC freed 20(712B) AllocSpace objects, 0(0B) LOS objects, 40% free, 15MB/25MB, paused 1.046ms total 34.863ms
05-25 10:46:42.735 W/ActivityManager( 1022): getTasks: caller 10550 does not hold REAL_GET_TASKS; limiting output
05-25 10:46:42.745 W/ActivityManager( 1022): getRunningAppProcesses: caller 10550 does not hold REAL_GET_TASKS; limiting output
05-25 10:46:42.805 I/art     ( 9649): Explicit concurrent mark sweep GC freed 3(96B) AllocSpace objects, 0(0B) LOS objects, 40% free, 15MB/25MB, paused 1.599ms total 35.033ms
05-25 10:46:42.875 I/art     ( 9649): Explicit concurrent mark sweep GC freed 3(96B) AllocSpace objects, 0(0B) LOS objects, 40% free, 15MB/25MB, paused 1.050ms total 32.074ms
05-25 10:46:42.945 I/art     ( 9649): Explicit concurrent mark sweep GC freed 3(96B) AllocSpace objects, 0(0B) LOS objects, 40% free, 15MB/25MB, paused 1.353ms total 32.284ms
05-25 10:46:43.045 D/wpa_supplicant( 1538): wlan0: Control interface command 'SIGNAL_POLL'
05-25 10:46:43.095 W/com.android.server.am.ExtraActivityManagerService( 1022): Intent or aInfo is null!
05-25 10:46:43.095 I/ActivityManager( 1022): START u0 {act=android.intent.action.MAIN cat=[android.intent.category.LAUNCHER] flg=0x10000000 sel=act=android.intent.action.MAIN cat=[android.intent.category.APP_MUSIC]}} from uid 1000 on display 0
05-25 10:46:43.355 W/ActivityManager( 1022): getRunningAppProcesses: caller 10948 does not hold REAL_GET_TASKS; limiting output
05-25 10:46:43.495 W/ContextImpl( 1432): Calling a method in the system process without a qualified user: android.app.ContextImpl.sendBroadcast:1323 android.content.ContextWrapper.sendBroadcast:376 com.android.systemui.taskmanager.TaskManagerView.sendVisibilityChangedBroadcast:650 com.android.systemui.taskmanager.TaskManagerView.access$1700:86 com.android.systemui.taskmanager.TaskManagerView$11.run:581 
05-25 10:46:43.535 W/ActivityManager( 1022): getRunningAppProcesses: caller 10104 does not hold REAL_GET_TASKS; limiting output
05-25 10:46:43.535 W/System.err( 3061): java.lang.ArrayIndexOutOfBoundsException: length=58; index=58
05-25 10:46:43.545 W/System.err( 3061): 	at com.lbe.security.service.provider.internal.AppOpsAdapter$1.getDefaultOp(AppOpsAdapter.java:279)
05-25 10:46:43.545 W/System.err( 3061): 	at com.android.internal.app.IOpsCallback$Stub.onTransact(IOpsCallback.java:68)
05-25 10:46:43.545 W/System.err( 3061): 	at android.os.Binder.execTransact(Binder.java:446)
05-25 10:46:43.605 W/ContextImpl( 1432): Calling a method in the system process without a qualified user: android.app.ContextImpl.sendBroadcast:1323 android.content.ContextWrapper.sendBroadcast:376 com.android.systemui.taskmanager.TaskManagerView.sendVisibilityChangedBroadcast:650 com.android.systemui.taskmanager.TaskManagerView.show:595 com.android.systemui.taskmanager.TaskManagerView$6.onClick:385 
05-25 10:46:43.615 I/Analytics( 1432): start session(com.android.systemui)
05-25 10:46:43.615 I/Analytics( 1432): end session(com.android.systemui)
05-25 10:46:43.615 W/ContextImpl( 1432): Calling a method in the system process without a qualified user: android.app.ContextImpl.bindService:1752 android.content.ContextWrapper.bindService:538 miui.analytics.Analytics.endSession:120 com.android.systemui.taskmanager.TaskManagerView.show:638 com.android.systemui.taskmanager.TaskManagerView$6.onClick:385 
05-25 10:46:44.085 W/InputMethodManagerService( 1022): Window already focused, ignoring focus gain of: com.android.internal.view.IInputMethodClient$Stub$Proxy@10cb2702 attribute=null, token = android.os.BinderProxy@3a1ca816
05-25 10:46:44.125 V/NotificationService( 1022): enqueueNotificationInternal: pkg=android id=17040645 notification=Notification(pri=0 contentView=null vibrate=null sound=null defaults=0x0 flags=0x2 color=0xff607d8b vis=PRIVATE)
05-25 10:46:44.125 I/ValidateNoPeople( 1022): skipping global notification
05-25 10:46:44.125 D/NotificationService( 1022): [csl] buzzBeepBlinkLocked() zenMode = 0, zenConfig = ZenModeConfig[allowCalls=true,allowMessages=false,allowFrom=contacts,allowEvents=false,allowMusic=false,allowAlarm=true,allowVibrate=false,allowLight=true,sleepMode=null,sleepStart=22.0,sleepEnd=7.0,conditionComponents=null,conditionIds=null,exitCondition=null,exitConditionComponent=null]
05-25 10:46:44.125 V/NotificationService( 1022): pkg=android canInterrupt=true intercept=false
05-25 10:46:44.125 V/NotificationService( 1022): Interrupting!
05-25 10:46:44.125 D/MultipleRenderable( 1432): add: miui.maml.FancyDrawable@e4898e5
05-25 10:46:44.125 D/RendererCore( 1432): add: miui.maml.FancyDrawable@e4898e5 size:19
05-25 10:46:44.155 D/MultipleRenderable( 1432): add: miui.maml.FancyDrawable@199d0fba
05-25 10:46:44.155 D/RendererCore( 1432): add: miui.maml.FancyDrawable@199d0fba size:20
05-25 10:46:44.165 D/PhoneStatusBar( 1432): updateNotification pkg=android;id=17040645
05-25 10:46:44.195 D/SizeAdaptiveLayout( 1432): com.android.internal.widget.SizeAdaptiveLayout{3b4f9013 V.E..... ......ID 0,0-1260,232 #7f0800c1 app:id/adaptive}child view android.widget.FrameLayout{785250 V.E..... ......ID 0,0-1260,231 #1020330 android:id/status_bar_latest_event_content} measured out of bounds at 231px clamped to 232px
05-25 10:46:44.195 I/RenderThread( 1432): Sleep for long time:9223372036854775807 ms
05-25 10