05-25 10:45:33.595 W/ContextImpl( 1432): Calling a method in the system process without a qualified user: android.app.ContextImpl.sendBroadcast:1323 android.content.ContextWrapper.sendBroadcast:376 com.android.systemui.taskmanager.TaskManagerView.sendVisibilityChangedBroadcast:650 com.android.systemui.taskmanager.TaskManagerView.access$1700:86 com.android.systemui.taskmanager.TaskManagerView$11.run:581 
05-25 10:45:33.715 W/ContextImpl( 1432): Calling a method in the system process without a qualified user: android.app.ContextImpl.sendBroadcast:1323 android.content.ContextWrapper.sendBroadcast:376 com.android.systemui.taskmanager.TaskManagerView.sendVisibilityChangedBroadcast:650 com.android.systemui.taskmanager.TaskManagerView.show:595 com.android.systemui.statusbar.phone.PhoneStatusBar$H.handleMessage:2902 
05-25 10:45:33.715 V/NotificationService( 1022): enqueueNotificationInternal: pkg=android id=17040645 notification=Notification(pri=0 contentView=null vibrate=null sound=null defaults=0x0 flags=0x2 color=0xff607d8b vis=PRIVATE)
05-25 10:45:33.715 I/ValidateNoPeople( 1022): skipping global notification
05-25 10:45:33.715 I/Analytics( 1432): start session(com.android.systemui)
05-25 10:45:33.715 I/Analytics( 1432): end session(com.android.systemui)
05-25 10:45:33.715 W/ContextImpl( 1432): Calling a method in the system process without a qualified user: android.app.ContextImpl.bindService:1752 android.content.ContextWrapper.bindService:538 miui.analytics.Analytics.endSession:120 com.android.systemui.taskmanager.TaskManagerView.show:638 com.android.systemui.statusbar.phone.PhoneStatusBar$H.handleMessage:2902 
05-25 10:45:33.715 D/NotificationService( 1022): [csl] buzzBeepBlinkLocked() zenMode = 0, zenConfig = ZenModeConfig[allowCalls=true,allowMessages=false,allowFrom=contacts,allowEvents=false,allowMusic=false,allowAlarm=true,allowVibrate=false,allowLight=true,sleepMode=null,sleepStart=22.0,sleepEnd=7.0,conditionComponents=null,conditionIds=null,exitCondition=null,exitConditionComponent=null]
05-25 10:45:33.715 V/NotificationService( 1022): pkg=android canInterrupt=true intercept=false
05-25 10:45:33.715 V/NotificationService( 1022): Interrupting!
05-25 10:45:33.735 D/PhoneStatusBar( 1432): updateNotification pkg=android;id=17040645
05-25 10:45:33.745 D/SizeAdaptiveLayout( 1432): com.android.internal.widget.SizeAdaptiveLayout{cfa2270 V.E..... ......ID 0,0-1260,232 #7f0800c1 app:id/adaptive}child view android.widget.FrameLayout{f9ef9e9 V.E..... ......ID 0,0-1260,231 #1020330 android:id/status_bar_latest_event_content} measured out of bounds at 231px clamped to 232px
05-25 10:45:33.815 W/ActivityManager( 1022): getRunningAppProcesses: caller 10104 does not hold REAL_GET_TASKS; limiting output
05-25 10:45:33.815 W/System.err( 3061): java.lang.ArrayIndexOutOfBoundsException: length=58; index=58
05-25 10:45:33.815 W/System.err( 3061): 	at com.lbe.security.service.provider.internal.AppOpsAdapter$1.getDefaultOp(AppOpsAdapter.java:279)
05-25 10:45:33.815 W/System.err( 3061): 	at com.android.internal.app.IOpsCallback$Stub.onTransact(IOpsCallback.java:68)
05-25 10:45:33.815 W/System.err( 3061): 	at android.os.Binder.execTransact(Binder.java:446)
05-25 10:45:33.835 D/wpa_supplicant( 1538): wlan0: Control interface command 'SIGNAL_POLL'
05-25 10:45:33.895 W/System.err( 3061): java.lang.ArrayIndexOutOfBoundsException: length=58; index=58
05-25 10:45:33.895 W/System.err( 3061): 	at com.lbe.security.service.provider.internal.AppOpsAdapter$1.getDefaultOp(AppOpsAdapter.java:279)
05-25 10:45:33.895 W/System.err( 3061): 	at com.android.internal.app.IOpsCallback$Stub.onTransact(IOpsCallback.java:68)
05-25 10:45:33.895 W/System.err( 3061): 	at android.os.Binder.execTransact(Binder.java:446)
05-25 10:45:34.205 W/ActivityManager( 1022): getRunningAppProcesses: caller 10948 does not hold REAL_GET_TASKS; limiting output
05-25 10:45:34.225 W/ViewRootImpl( 7523): Dropping event due to no window focus: KeyEvent { action=ACTION_DOWN, keyCode=KEYCODE_DPAD_CENTER, scanCode=0, metaState=0, flags=0x8, repeatCount=0, eventTime=1326377, downTime=1326377, deviceId=-1, source=0x101 }
05-25 10:45:34.225 W/InputMethodManagerService( 1022): Window already focused, ignoring focus gain of: com.android.internal.view.IInputMethodClient$Stub$Proxy@2e2a5144 attribute=null, token = android.os.BinderProxy@1eb111af
05-25 10:45:34.235 V/NotificationService( 1022): enqueueNotificationInternal: pkg=android id=17040645 notification=Notification(pri=0 contentView=null vibrate=null sound=null defaults=0x0 flags=0x2 color=0xff607d8b vis=PRIVATE)
05-25 10:45:34.235 I/ValidateNoPeople( 1022): skipping global notification
05-25 10:45:34.235 D/NotificationService( 1022): [csl] buzzBeepBlinkLocked() zenMode = 0, zenConfig = ZenModeConfig[allowCalls=true,allowMessages=false,allowFrom=contacts,allowEvents=false,allowMusic=false,allowAlarm=true,allowVibrate=false,allowLight=true,sleepMode=null,sleepStart=22.0,sleepEnd=7.0,conditionComponents=null,conditionIds=null,exitCondition=null,exitConditionComponent=null]
05-25 10:45:34.245 V/NotificationService( 1022): pkg=android canInterrupt=true intercept=false
05-25 10:45:34.245 V/NotificationService( 1022): Interrupting!
05-25 10:45:34.245 D/PhoneStatusBar( 1432): updateNotification pkg=android;id=17040645
05-25 10:45:34.265 D/SizeAdaptiveLayout( 1432): com.android.internal.widget.SizeAdaptiveLayout{cfa2270 V.E..... ......ID 0,0-1260,232 #7f0800c1 app:id/adaptive}child view android.widget.FrameLayout{f9ef9e9 V.E..... ......ID 0,0-1260,231 #1020330 android:id/status_bar_latest_event_content} measured out of bounds at 231px clamped to 232px
05-25 10:45:34.815 W/ActivityManager( 1022): getRunningAppProcesses: caller 10104 does not hold REAL_GET_TASKS; limiting output
05-25 10:45:34.825 W/System.err( 3061): java.lang.ArrayIndexOutOfBoundsException: length=58; index=58
05-25 10:45:34.825 W/System.err( 3061): 	at com.lbe.security.service.provider.internal.AppOpsAdapter$1.getDefaultOp(AppOpsAdapter.java:279)
05-25 10:45:34.825 W/System.err( 3061): 	at com.android.internal.app.IOpsCallback$Stub.onTransact(IOpsCallback.java:68)
05-25 10:45:34.825 W/System.err( 3061): 	at android.os.Binder.execTransact(Binder.java:446)
05-25 10:45:34.925 V/LocationPolicy( 1022): onProcessStateChanged
05-25 10:45:34.935 D/PhoneStatusBar( 1432): removeNotification key=android.os.Binder@180d2617 old=StatusBarNotification(pkg=android user=UserHandle{-1} id=17040645 tag=null score=0 key=-1|android|17040645|null|1000: Notification(pri=0 contentView=android/0x1090083 vibrate=null sound=null defaults=0x0 flags=0x2 color=0xff607d8b vis=PRIVATE))
05-25 10:45:34.935 W/ContextImpl( 1432): Calling a method in the system process without a qualified user: android.app.ContextImpl.sendBroadcast:1323 android.content.ContextWrapper.sendBroadcast:376 com.android.systemui.statusbar.phone.PhoneStatusBar.updateAppMessage:1649 com.android.systemui.statusbar.phone.PhoneStatusBar.updateAppMessage:1641 com.android.systemui.statusbar.phone.PhoneStatusBar.removeNotification:2395 
05-25 10:45:34.955 I/art     ( 7523): Explicit concurrent mark sweep GC freed 1385(93KB) AllocSpace objects, 2(32KB) LOS objects, 26% free, 43MB/59MB, paused 1.444ms total 57.197ms
05-25 10:45:35.035 I/art     ( 7523): Explicit concurrent mark sweep GC freed 75(2672B) AllocSpace objects, 0(0B) LOS objects, 26% free, 43MB/59MB, paused 1.436ms total 43.081ms
05-25 10:45:35.115 I/art     ( 7523): Explicit concurrent mark sweep GC freed 4(128B) AllocSpace objects, 0(0B) LOS objects, 26% free, 43MB/59MB, paused 1.402ms total 43.249ms
05-25 10:45:35.205 I/art     ( 7523): Explicit concurrent mark sweep GC freed 19(672B) AllocSpace objects, 0(0B) LOS objects, 26% free, 43MB/59MB, paused 1.454ms total 46.962ms
05-25 10:45:35.215 W/ActivityManager( 1022): getRunningAppProcesses: caller 10948 does not hold REAL_GET_TASKS; limiting output
05-25 10:45:35.295 I/art     ( 7523): Explicit concurrent mark sweep GC freed 33(1088B) AllocSpace objects, 0(0B) LOS objects, 26% free, 43MB/59MB, paused 1.379ms total 51.198ms
05-25 10:45:35.585 I/art     ( 7523): Explicit concurrent mark sweep GC freed 1068(64KB) AllocSpace objects, 1(16KB) LOS objects, 26% free, 43MB/59MB, paused 1.127ms total 47.012ms
05-25 10:45:35.665 I/art     ( 7523): Explicit concurrent mark sweep GC freed 21(744B) AllocSpace objects, 0(0B) LOS objects, 26% free, 43MB/59MB, paused 2.117ms total 46.035ms
05-25 10:45:35.755 I/art     ( 7523): Explicit concurrent mark sweep GC freed 5(160B) AllocSpace objects, 0(0B) LOS objects, 26% free, 43MB/59MB, paused 2.104ms total 50.020ms
05-25 10:45:35.775 W/UnimplementedWebViewApi( 7523): Unimplemented WebView method onKeyDown called from: android.webkit.WebView.onKeyDown(WebView.java:2307)
05-25 10:45:35.825 W/ActivityManager( 1022): getRunningAppProcesses: caller 10104 does not hold REAL_GET_TASKS; limiting output
05-25 10:45:35.835 W/System.err( 3061): java.lang.ArrayIndexOutOfBoundsException: length=58; index=58
05-25 10:45:35.835 W/System.err( 3061): 	at com.lbe.security.service.provider.internal.AppOpsAdapter$1.getDefaultOp(AppOpsAdapter.java:279)
05-25 10:45:35.835 W/System.err( 3061): 	at com.android.internal.app.IOpsCallback$Stub.onTransact(IOpsCallback.java:68)
05-25 10:45:35.835 W/System.err( 3061): 	at android.os.Binder.execTransact(Binder.java:446)
05-25 10:45:35.845 I/art     ( 7523): Explicit concurrent mark sweep GC freed 460(23KB) AllocSpace objects, 0(0B) LOS objects, 26% free, 43MB/59MB, paused 2.487ms total 45.066ms
05-25 10:45:35.925 I/art     ( 7523): Explicit concurrent mark sweep GC freed 30(1264B) AllocSpace objects, 0(0B) LOS objects, 26% free, 43MB/59MB, paused 1.405ms total 45.964ms
05-25 10:45:36.225 W/ActivityManager( 1022): getRunningAppProcesses: caller 10948 does not hold REAL_GET_TASKS; limiting output
05-25 10:45:36.285 I/art     ( 7523): Explicit concurrent mark sweep GC freed 1124(67KB) AllocSpace objects, 1(16KB) LOS objects, 26% free, 43MB/59MB, paused 1.815ms total 67.449ms
05-25 10:45:36.365 I/art     ( 7523): Explicit concurrent mark sweep GC freed 42(2360B) AllocSpace objects, 0(0B) LOS objects, 26% free, 43MB/59MB, paused 1.175ms total 43.168ms
05-25 10:45:36.455 I/art     ( 7523): Explicit concurrent mark sweep GC freed 3(96B) AllocSpace objects, 0(0B) LOS objects, 26% free, 43MB/59MB, paused 1.443ms total 44.665ms
05-25 10:45:36.535 I/art     ( 7523): Explicit concurrent mark sweep GC freed 4(128B) AllocSpace objects, 0(0B) LOS objects, 26% free, 43MB/59MB, paused 1.478ms total 47.873ms
05-25 10:45:36.635 I/art     ( 7523): Explicit concurrent mark sweep GC freed 3(96B) AllocSpace objects, 0(0B) LOS objects, 26% free, 43MB/59MB, paused 1.501ms total 48.942ms
05-25 10:45:36.835 W/ActivityManager( 1022): getRunningAppProcesses: caller 10104 does not hold REAL_GET_TASKS; limiting output
05-25 10:45:36.845 W/System.err( 3061): java.lang.ArrayIndexOutOfBoundsException: length=58; index=58
05-25 10:45:36.845 W/System.err( 3061): 	at com.lbe.security.service.provider.internal.AppOpsAdapter$1.getDefaultOp(AppOpsAdapter.java:279)
05-25 10:45:36.845 D/wpa_supplicant( 1538): wlan0: Control interface command 'SIGNAL_POLL'
05-25 10:45:36.845 W/System.err( 3061): 	at com.android.internal.app.IOpsCallback$Stub.onTransact(IOpsCallback.java:68)
05-25 10:45:36.845 W/System.err( 3061): 	at android.os.Binder.execTransact(Binder.java:446)
05-25 10:45:37.065 E/WifiStateMachine( 1022): WifiStateMachine CMD_START_SCAN source -2 txSuccessRate=6.32 rxSuccessRate=14.29 targetRoamBSSID=any RSSI=-70
05-25 10:45:37.065 D/wpa_supplicant( 1538): wlan0: Control interface command 'SCAN TYPE=ONLY'
05-25 10:45:37.065 D/wpa_supplicant( 1538): wlan0: Setting scan request: 0.000000 sec
05-25 10:45:37.065 D/wpa_supplicant( 1538): wlan0: Starting AP scan for wildcard SSID
05-25 10:45:37.065 D/wpa_supplicant( 1538): wlan0: Add radio work 'scan'@0x7f8d51e420
05-25 10:45:37.065 D/wpa_supplicant( 1538): wlan0: First radio work item in the queue - schedule start immediately
05-25 10:45:37.065 D/wpa_supplicant( 1538): wlan0: Starting radio work 'scan'@0x7f8d51e420 after 0.000088 second wait
05-25 10:45:37.065 D/wpa_supplicant( 1538): wlan0: nl80211: scan request
05-25 10:45:37.065 D/wpa_supplicant( 1538): nl80211: Scan SSID - hexdump(len=0): [NULL]
05-25 10:45:37.075 D/wpa_supplicant( 1538): Scan requested (ret=0) - scan timeout 30 seconds
05-25 10:45:37.075 D/wpa_supplicant( 1538): nl80211: Event message available
05-25 10:45:37.075 D/wpa_supplicant( 1538): nl80211: Drv Event 33 (NL80211_CMD_TRIGGER_SCAN) received for wlan0
05-25 10:45:37.075 D/wpa_supplicant( 1538): wlan0: nl80211: Scan trigger
05-25 10:45:37.075 D/wpa_supplicant( 1538): wlan0: Event SCAN_STARTED (49) received
05-25 10:45:37.075 D/wpa_supplicant( 1538): wlan0: Own scan request started a scan in 0.000258 seconds
05-25 10:45:37.075 I/wpa_supplicant( 1538): wlan0: CTRL-EVENT-SCAN-STARTED 
05-25 10:45:37.075 I/WifiHAL ( 1022): Poll result = 1
05-25 10:45:37.075 I/WifiHAL ( 1022): Found some events!!!
05-25 10:45:37.075 D/wpa_supplicant( 1538): CTRL_IFACE monitor sent successfully to /data/misc/wifi/sockets/wpa_ctrl_476-1\x00
05-25 10:45:37.075 D/wpa_supplicant( 1538): CTRL_IFACE monitor sent successfully to /data/misc/wifi/sockets/wpa_ctrl_1022-2\x00
05-25 10:45:37.075 D/WifiHAL ( 1022): no_seq_check received
05-25 10:45:37.075 I/WifiHAL ( 1022): event received NL80211_CMD_TRIGGER_SCAN
05-25 10:45:37.075 I/WifiHAL ( 1022): event received NL80211_CMD_TRIGGER_SCAN, vendor_id = 0x0
05-25 10:45:37.075 I/WifiHAL ( 1022): event ignored!!
05-25 10:45:37.075 W/System.err( 3061): java.lang.ArrayIndexOutOfBoundsException: length=58; index=58
05-25 10:45:37.075 W/System.err( 3061): 	at com.lbe.security.service.provider.internal.AppOpsAdapter$1.getDefaultOp(AppOpsAdapter.java:279)
05-25 10:45:37.075 W/System.err( 3061): 	at com.android.internal.app.IOpsCallback$Stub.onTransact(IOpsCallback.java:68)
05-25 10:45:37.075 W/System.err( 3061): 	at android.os.Binder.execTransact(Binder.java:446)
05-25 10:45:37.075 W/ActivityManager( 1022): getTasks: caller 10550 does not hold REAL_GET_TASKS; limiting output
05-25 10:45:37.085 W/ActivityManager( 1022): getRunningAppProcesses: caller 10550 does not hold REAL_GET_TASKS; limiting output
05-25 10:45:37.225 W/ActivityManager( 1022): getRunningAppProcesses: caller 10948 does not hold REAL_GET_TASKS; limiting output
05-25 10:45:37.305 V/LocationPolicy( 1022): onProcessStateChanged
05-25 10:45:37.325 V/NotificationService( 1022): enqueueNotificationInternal: pkg=android id=17040645 notification=Notification(pri=0 contentView=null vibrate=null sound=null defaults=0x0 flags=0x2 color=0xff607d8b vis=PRIVATE)
05-25 10:45:37.325 I/ValidateNoPeople( 1022): skipping global notification
05-25 10:45:37.335 D/NotificationService( 1022): [csl] buzzBeepBlinkLocked() zenMode = 0, zenConfig = ZenModeConfig[allowCalls=true,allowMessages=false,allowFrom=contacts,allowEvents=false,allowMusic=false,allowAlarm=true,allowVibrate=false,allowLight=true,sleepMode=null,sleepStart=22.0,sleepEnd=7.0,conditionComponents=null,conditionIds=null,exitCondition=null,exitConditionComponent=null]
05-25 10:45:37.335 V/NotificationService( 1022): pkg=android canInterrupt=true intercept=false
05-25 10:45:37.335 V/NotificationService( 1022): Interrupting!
05-25 10:45:37.335 D/PhoneStatusBar( 1432): addNotification pkg=android;basepkg=android;id=17040645
05-25 10:45:37.375 D/SizeAdaptiveLayout( 1432): com.android.internal.widget.SizeAdaptiveLayout{85f3a64 V.E..... ......I. 0,0-0,0 #7f0800c1 app:id/adaptive}child view android.widget.FrameLayout{21ae84cd G.E..... ......I. 0,0-0,0 #1020330 android:id/status_bar_latest_event_content} measured out of bounds at 231px clamped to 232px
05-25 10:45:37.845 W/ActivityManager( 1022): getRunningAppProcesses: caller 10104 does not hold REAL_GET_TASKS; limiting output
05-25 10:45:37.855 W/System.err( 3061): java.lang.ArrayIndexOutOfBoundsException: length=58; index=58
05-25 10:45:37.855 W/System.err( 3061): 	at com.lbe.security.service.provider.internal.AppOpsAdapter$1.getDefaultOp(AppOpsAdapter.java:279)
05-25 10:45:37.855 W/System.err( 3061): 	at com.android.internal.app.IOpsCallback$Stub.onTransact(IOpsCallback.java:68)
05-25 10:45:37.855 W/System.err( 3061): 	at android.os.Binder.execTransact(Binder.java:446)
05-25 10:45:37.875 I/XiaomiFirewall( 1562): firewall pkgName:com.yaya.mmbang, result:0
05-25 10:45:37.895 I/System.out( 7523): onPageStarted, url=http://passport.tianya.cn/register/register_m.jsp?fowardURL=http%3A%2F%2Fwww.tianya.cn%2Fm%2F
05-25 10:45:37.965 I/art     ( 7523): Explicit concurrent mark sweep GC freed 1484(98KB) AllocSpace objects, 4(103KB) LOS objects, 26% free, 43MB/59MB, paused 1.354ms total 45.349ms
05-25 10:45:38.035 D/DnsFallback(  430): query: hm.baidu.com
05-25 10:45:38.065 I/art     ( 7523): Explicit concurrent mark sweep GC freed 62(2592B) AllocSpace objects, 0(0B) LOS objects, 26% free, 43MB/59MB, paused 1.171ms total 51.847ms
05-25 10:45:38.075 D/DnsFallback(  430): query: imgcode.tianya.cn
05-25 10:45:38.145 I/art     ( 7523): Explicit concurrent mark sweep GC freed 138(7KB) AllocSpace objects, 0(0B) LOS objects, 26% free, 43MB/59MB, paused 1.113ms total 44.007ms
05-25 10:45:38.235 W/ActivityManager( 1022): getRunningAppProcesses: caller 10948 does not hold REAL_GET_TASKS; limiting output
05-25 10:45:38.235 I/art     ( 7523): Explicit concurrent mark sweep GC freed 7(272B) AllocSpace objects, 0(0B) LOS objects, 26% free, 43MB/59MB, paused 1.221ms total 45.634ms
05-25 10:45:38.315 I/art     ( 7523): Explicit concurrent mark sweep GC freed 18(656B) AllocSpace objects, 0(0B) LOS objects, 26% free, 43MB/59MB, paused 1.266ms total 44.523ms
05-25 10:45:38.605 I/art     ( 7523): Explicit concurrent mark sweep GC freed 1242(75KB) AllocSpace objects, 1(16KB) LOS objects, 26% free, 43MB/59MB, paused 1.422ms total 50.289ms
05-25 10:45:38.695 I/art     ( 7523): Explicit concurrent mark sweep GC freed 29(1112B) AllocSpace objects, 0(0B) LOS objects, 26% free, 43MB/59MB, paused 1.500ms total 49.570ms
05-25 10:45:38.795 I/art     ( 7523): Explicit concurrent mark sweep GC freed 5(160B) AllocSpace objects, 0(0B) LOS objects, 26% free, 43MB/59MB, paused 1.056ms total 50.063ms
05-25 10:45:38.855 D/yaya_template_( 7523): onPageFinished, url=http://passport.tianya.cn/register/register_m.jsp?fowardURL=http%3A%2F%2Fwww.tianya.cn%2Fm%2F
05-25 10:45:38.855 W/ActivityManager( 1022): getRunningAppProcesses: caller 10104 does not hold REAL_GET_TASKS; limiting output
05-25 10:45:38.855 W/System.err( 3061): java.lang.ArrayIndexOutOfBoundsException: length=58; index=58
05-25 10:45:38.865 W/System.err( 3061): 	at com.lbe.security.service.provider.internal.AppOpsAdapter$1.getDefaultOp(AppOpsAdapter.java:279)
05-25 10:45:38.865 W/System.err( 3061): 	at com.android.internal.app.IOpsCallback$Stub.onTransact(IOpsCallback.java:68)
05-25 10:45:38.865 W/System.err( 3061): 	at android.os.Binder.execTransact(Binder.java:446)
05-25 10:45:38.885 I/art     ( 7523): Explicit concurrent mark sweep GC freed 135(7KB) AllocSpace objects, 3(101KB) LOS objects, 26% free, 43MB/59MB, paused 1.217ms total 45.482ms
05-25 10:45:38.975 I/art     ( 7523): Explicit concurrent mark sweep GC freed 26(1296B) AllocSpace objects, 0(0B) LOS objects, 26% free, 43MB/59MB, paused 2.202ms total 46.730ms
05-25 10:45:39.245 W/ActivityManager( 1022): getRunningAppProcesses: caller 10948 does not hold REAL_GET_TASKS; limiting output
05-25 10:45:39.295 I/art     ( 7523): Explicit concurrent mark sweep GC freed 1126(67KB) AllocSpace objects, 1(16KB) LOS objects, 26% free, 43MB/59MB, paused 1.294ms total 56.256ms
05-25 10:45:39.375 I/XiaomiFirewall( 1562): firewall pkgName:com.yaya.mmbang, result:0
05-25 10:45:39.375 I/art     ( 7523): Explicit concurrent mark sweep GC freed 64(4KB) AllocSpace objects, 0(0B) LOS objects, 26% free, 43MB/59MB, paused 1.441ms total 46.155ms
05-25 10:45:39.465 I/art     ( 7523): Explicit concurrent mark sweep GC freed 3(96B) AllocSpace objects, 0(0B) LOS objects, 26% free, 43MB/59MB, paused 1.232ms total 44.114ms
05-25 10:45:39.555 I/art     ( 7523): Explicit concurrent mark sweep GC freed 3(96B) AllocSpace objects, 0(0B) LOS objects, 26% free, 43MB/59MB, paused 1.348ms total 49.085ms
05-25 10:45:39.645 I/art     ( 7523): Explicit concurrent mark sweep GC freed 3(96B) AllocSpace objects, 0(0B) LOS objects, 26% free, 43MB/59MB, paused 1.487ms total 48.903ms
05-25 10:45:39.855 D/wpa_supplicant( 1538): wlan0: Control interface command 'SIGNAL_POLL'
05-25 10:45:39.865 W/ActivityManager( 1022): getRunningAppProcesses: caller 10104 does not hold REAL_GET_TASKS; limiting output
05-25 10:45:39.875 W/System.err( 3061): java.lang.ArrayIndexOutOfBoundsException: length=58; index=58
05-25 10:45:39.875 W/System.err( 3061): 	at com.lbe.security.service.provider.internal.AppOpsAdapter$1.getDefaultOp(AppOpsAdapter.java:279)
05-25 10:45:39.875 W/System.err( 3061): 	at com.android.internal.app.IOpsCallback$Stub.onTransact(IOpsCallback.java:68)
05-25 10:45:39.875 W/System.err( 3061): 	at android.os.Binder.execTransact(Binder.java:446)
05-25 10:45:39.875 D/SystemAdController( 2027): Activity:ActivityInfo{165cd371 com.miui.voiceassist.CTAAlertActivity}is not the default one
05-25 10:45:39.875 V/NotificationService( 1022): enqueueNotificationInternal: pkg=android id=17040645 notification=Notification(pri=0 contentView=null vibrate=null sound=null defaults=0x0 flags=0x2 color=0xff607d8b vis=PRIVATE)
05-25 10:45:39.875 D/AdClientRecord( 2027): Splash target was not initialized.
05-25 10:45:39.875 D/SystemAdController( 2027): Package:com.miui.voiceassist is not in the list
05-25 10:45:39.875 D/SystemAdController( 2027): requestSplashScreen duration:1
05-25 10:45:39.875 I/ActivityManager( 1022): START u0 {act=android.intent.action.ASSIST flg=0x34000000 cmp=com.miui.voiceassist/.CTAAlertActivity (has extras)} from uid 1000 on display 0
05-25 10:45:39.875 I/ValidateNoPeople( 1022): skipping global notification
05-25 10:45:39.885 D/NotificationService( 1022): [csl] buzzBeepBlinkLocked() zenMode = 0, zenConfig = ZenModeConfig[allowCalls=true,allowMessages=false,allowFrom=contacts,allowEvents=false,allowMusic=false,allowAlarm=true,allowVibrate=false,allowLight=true,sleepMode=null,sleepStart=22.0,sleepEnd=7.0,conditionComponents=null,conditionIds=null,exitCondition=null,exitConditionComponent=null]
05-25 10:45:39.885 V/NotificationService( 1022): pkg=android canInterrupt=true intercept=false
05-25 10:45:39.885 V/NotificationService( 1022): Interrupting!
05-25 10:45:39.885 D/PhoneStatusBar( 1432): updateNotification pkg=android;id=17040645
05-25 10:45:39.905 D/SizeAdaptiveLayout( 1432): com.android.internal.widget.SizeAdaptiveLayout{85f3a64 V.E..... ......ID 0,0-1260,232 #7f0800c1 app:id/adaptive}child view android.widget.FrameLayout{21ae84cd V.E..... ......ID 0,0-1260,231 #1020330 android:id/status_bar_latest_event_content} measured out of bounds at 231px clamped to 232px
05-25 10:45:40.245 W/ActivityManager( 1022): getRunningAppProcesses: caller 10948 does not hold REAL_GET_TASKS; limiting output
05-25 10:45:40.265 I/WifiHAL ( 1022): Poll result = 1
05-25 10:45:40.265 D/wpa_supplicant( 1538): nl80211: Event message available
05-25 10:45:40.265 I/WifiHAL ( 1022): Found some events!!!
05-25 10:45:40.265 D/WifiHAL ( 1022): no_seq_check received
05-25 10:45:40.265 I/WifiHAL ( 1022): event received NL80211_CMD_NEW_SCAN_RESULTS
05-25 10:45:40.265 D/wpa_supplicant( 1538): nl80211: Drv Event 34 (NL80211_CMD_NEW_SCAN_RESULTS) received for wlan0
05-25 10:45:40.265 I/WifiHAL ( 1022): event received NL80211_CMD_NEW_SCAN_RESULTS, vendor_id = 0x0
05-25 10:45:40.265 I/WifiHAL ( 1022): event ignored!!
05-25 10:45:40.265 D/wpa_supplicant( 1538): wlan0: nl80211: New scan results available
05-25 10:45:40.265 D/wpa_supplicant( 1538): nl80211: Scan included frequencies:
05-25 10:45:40.265 D/wpa_supplicant( 1538): wlan0: Event SCAN_RESULTS (3) received
05-25 10:45:40.265 D/wpa_supplicant( 1538): wlan0: Scan completed in 3.197065 seconds
05-25 10:45:40.265 D/wpa_supplicant( 1538): nl80211: Associated on 5785 MHz
05-25 10:45:40.265 D/wpa_supplicant( 1538): nl80211: Associated with 10:0f:0e:20:65:26
05-25 10:45:40.265 D/wpa_supplicant( 1538): nl80211: Received scan results (31 BSSes)
05-25 10:45:40.265 D/wpa_supplicant( 1538): nl80211: Scan results indicate BSS status with 10:0f:0e:20:65:26 as associated
05-25 10:45:40.265 D/wpa_supplicant( 1538): wlan0: BSS: Start scan result update 68
05-25 10:45:40.265 D/wpa_supplicant( 1538): wlan0: BSS: Add new id 189 BSSID a4:56:02:47:30:07 SSID 'IOT_DEMO_TEST'
05-25 10:45:40.265 D/wpa_supplicant( 1538): CTRL_IFACE monitor sent successfully to /data/misc/wifi/sockets/wpa_ctrl_476-1\x00
05-25 10:45:40.265 D/wpa_supplicant( 1538): CTRL_IFACE monitor sent successfully to /data/misc/wifi/sockets/wpa_ctrl_1022-2\x00
05-25 10:45:40.265 D/wpa_supplicant( 1538): wlan0: BSS: Remove id 151 BSSID 22:0f:0e:20:65:26 SSID 'iyaya_guest' due to no match in scan
05-25 10:45:40.265 D/wpa_supplicant( 1538): CTRL_IFACE monitor sent successfully to /data/misc/wifi/sockets/wpa_ctrl_476-1\x00
05-25 10:45:40.265 D/wpa_supplicant( 1538): CTRL_IFACE monitor sent successfully to /data/misc/wifi/sockets/wpa_ctrl_1022-2\x00
05-25 10:45:40.265 D/wpa_supplicant( 1538): wlan0: BSS: Remove id 150 BSSID 12:0f:0e:20:65:26 SSID 'iyaya' due to no match in scan
05-25 10:45:40.265 D/wpa_supplicant( 1538): CTRL_IFACE monitor sent successfully to /data/misc/wifi/sockets/wpa_ctrl_476-1\x00
05-25 10:45:40.265 D/wpa_supplicant( 1538): CTRL_IFACE monitor sent successfully to /data/misc/wifi/sockets/wpa_ctrl_1022-2\x00
05-25 10:45:40.265 D/wpa_supplicant( 1538): wlan0: BSS: Remove id 148 BSSID 32:0f:0e:20:65:26 SSID 'iyaya_guest5.8' due to no match in scan
05-25 10:45:40.265 D/wpa_supplicant( 1538): CTRL_IFACE monitor sent successfully to /data/misc/wifi/sockets/wpa_ctrl_476-1\x00
05-25 10:45:40.265 D/wpa_supplicant( 1538): CTRL_IFACE monitor sent successfully to /data/misc/wifi/sockets/wpa_ctrl_1022-2\x00
05-25 10:45:40.265 D/wpa_supplicant( 1538): wlan0: BSS: Remove id 153 BSSID 10:0f:0e:20:64:2b SSID 'iyaya_guest' due to no match in scan
05-25 10:45:40.265 D/wpa_supplicant( 1538): CTRL_IFACE monitor sent successfully to /data/misc/wifi/sockets/wpa_ctrl_476-1\x00
05-25 10:45:40.265 D/wpa_supplicant( 1538): CTRL_IFACE monitor sent successfully to /data/misc/wifi/sockets/wpa_ctrl_1022-2\x00
05-25 10:45:40.265 D/wpa_supplicant( 1538): wlan0: BSS: Remove id 155 BSSID 32:0f:0e:20:64:2b SSID 'iyaya_guest5.8' due to no match in scan
05-25 10:45:40.275 D/wpa_supplicant( 1538): CTRL_IFACE monitor sent successfully to /data/misc/wifi/sockets/wpa_ctrl_476-1\x00
05-25 10:45:40.275 D/wpa_supplicant( 1538): CTRL_IFACE monitor sent successfully to /data/misc/wifi/sockets/wpa_ctrl_1022-2\x00
05-25 10:45:40.275 D/wpa_supplicant( 1538): wlan0: BSS: Remove id 154 BSSID 12:0f:0e:20:64:2b SSID 'iyaya' due to no match in scan
05-25 10:45:40.275 D/wpa_supplicant( 1538): CTRL_IFACE monitor sent successfully to /data/misc/wifi/sockets/wpa_ctrl_476-1\x00
05-25 10:45:40.275 D/wpa_supplicant( 1538): CTRL_IFACE monitor sent successfully to /data/misc/wifi/sockets/wpa_ctrl_1022-2\x00
05-25 10:45:40.275 D/wpa_supplicant( 1538): wlan0: BSS: Remove id 152 BSSID 22:0f:0e:20:64:2b SSID 'iyaya_5.8' due to no match in scan
05-25 10:45:40.275 D/wpa_supplicant( 1538): CTRL_IFACE monitor sent successfully to /data/misc/wifi/sockets/wpa_ctrl_476-1\x00
05-25 10:45:40.275 D/wpa_supplicant( 1538): CTRL_IFACE monitor sent successfully to /data/misc/wifi/sockets/wpa_ctrl_1022-2\x00
05-25 10:45:40.275 D/wpa_supplicant( 1538): wlan0: BSS: Remove id 175 BSSID 60:a4:4c:ef:2d:88 SSID 'asus_test_router1' due to no match in scan
05-25 10:45:40.275 D/wpa_supplicant( 1538): CTRL_IFACE monitor sent successfully to /data/misc/wifi/sockets/wpa_ctrl_476-1\x00
05-25 10:45:40.275 D/wpa_supplicant( 1538): CTRL_IFACE monitor sent successfully to /data/misc/wifi/sockets/wpa_ctrl_1022-2\x00
05-25 10:45:40.275 D/wpa_supplicant( 1538): wlan0: BSS: Remove id 179 BSSID d8:15:0d:4d:d2:04 SSID 'PPTV-IT-4F' due to no match in scan
05-25 10:45:40.275 D/wpa_supplicant( 1538): CTRL_IFACE monitor sent successfully to /data/misc/wifi/sockets/wpa_ctrl_476-1\x00
05-25 10:45:40.275 D/wpa_supplicant( 1538): CTRL_IFACE monitor sent successfully to /data/misc/wifi/sockets/wpa_ctrl_1022-2\x00
05-25 10:45:40.275 D/wpa_supplicant( 1538): BSS: last_scan_res_used=31/64
05-25 10:45:40.275 D/wpa_supplicant( 1538): wlan0: Scan-only results received
05-25 10:45:40.275 D/wpa_supplicant( 1538): CTRL_IFACE monitor sent successfully to /data/misc/wifi/sockets/wpa_ctrl_476-1\x00
05-25 10:45:40.275 D/wpa_supplicant( 1538): CTRL_IFACE monitor sent successfully to /data/misc/wifi/sockets/wpa_ctrl_1022-2\x00
05-25 10:45:40.275 D/wpa_supplicant( 1538): wlan0: Radio work 'scan'@0x7f8d51e420 done in 3.201218 seconds
05-25 10:45:40.275 D/wpa_supplicant( 1538): wlan0: Control interface command 'BSS RANGE=0- MASK=0x23987'
05-25 10:45:40.275 D/wpa_supplicant( 1538): wlan0: Control interface command 'BSS RANGE=187- MASK=0x23987'
05-25 10:45:40.455 D/wpa_supplicant( 1538): wlan0: Control interface command 'STATUS-NO_EVENTS'
05-25 10:45:40.465 D/LBSSystemMonitorService( 1022): handleMessage what - 4
05-25 10:45:40.465 D/Wiper_jni( 1022): Send Network Location.
05-25 10:45:40.475 D/SecShell( 8231): start get packageName
05-25 10:45:40.475 D/SecShell( 8231): end get packageName
05-25 10:45:40.485 V/MSAPMReceiver( 6732): Got intent:android.net.wifi.SCAN_RESULTS
05-25 10:45:40.485 V/MSAPMReceiver( 6732): Got intent SCAN_RESULTS
05-25 10:45:40.485 V/MSAPM   ( 6732): notify_scan_results_available
05-25 10:45:40.485 E/MSAPM   ( 6732): Handler not yet initialized. Can't send!
05-25 10:45:40.485 D/SecShell( 8231): start get packageName
05-25 10:45:40.485 D/SecShell( 8231): end get packageName
05-25 10:45:40.495 V/LocationPolicy( 1022): onProcessStateChanged
05-25 10:45:40.495 D/SecShell( 8231): start get packageName
05-25 10:45:40.495 D/SecShell( 8231): end get packageName
05-25 10:45:40.495 W/BroadcastQueueInjector( 1022): Unable to launch app com.qihoo.browser/10099 for broadcast Intent { act=android.net.wifi.SCAN_RESULTS flg=0x4000010 }: process is not permitted to autostart
05-25 10:45:40.505 V/LocationPolicy( 1022): onProcessStateChanged
05-25 10:45:40.505 D/SecShell( 8231): start get packageName
05-25 10:45:40.505 D/SecShell( 8231): end get packageName
05-25 10:45:40.515 D/SecShell( 8231): start get packageName
05-25 10:45:40.515 D/SecShell( 8231): end get packageName
05-25 10:45:40.515 D/SecShell( 8231): start get packageName
05-25 10:45:40.515 D/SecShell( 8231): end get packageName
05-25 10:45:40.525 D/SecShell( 8231): start get packageName
05-25 10:45:40.525 D/SecShell( 8231): end get packageName
05-25 10:45:40.525 D/SecShell( 8231): start get packageName
05-25 10:45:40.525 D/SecShell( 8231): end get packageName
05-25 10:45:40.535 D/SecShell( 8231): start get packageName
05-25 10:45:40.535 D/SecShell( 8231): end get packageName
05-25 10:45:40.535 D/SecShell( 8231): start get packageName
05-25 10:45:40.535 D/SecShell( 8231): end get packageName
05-25 10:45:40.545 D/SecShell( 8231): start get packageName
05-25 10:45:40.545 D/SecShell( 8231): end get packageName
05-25 10:45:40.545 D/SecShell( 8231): start get packageName
05-25 10:45:40.545 D/SecShell( 8231): end get packageName
05-25 10:45:40.555 D/SecShell( 8231): start get packageName
05-25 10:45:40.555 D/SecShell( 8231): end get packageName
05-25 10:45:40.555 D/SecShell( 8231): start get packageName
05-25 10:45:40.555 D/SecShell( 8231): end get packageName
05-25 10:45:40.565 D/SecShell( 8231): start get packageName
05-25 10:45:40.565 D/SecShell( 8231): end get packageName
05-25 10:45:40.575 D/SecShell( 8231): start get packageName
05-25 10:45:40.575 D/SecShell( 8231): end get packageName
05-25 10:45:40.585 D/SecShell( 8231): start get packageName
05-25 10:45:40.585 D/SecShell( 8231): end get packageName
05-25 10:45:40.595 D/SecShell( 8231): start get packageName
05-25 10:45:40.595 D/SecShell( 8231): end get packageName
05-25 10:45:40.595 D/SecShell( 8231): start get packageName
05-25 10:45:40.605 D/SecShell( 8231): end get packageName
05-25 10:45:40.605 D/SecShell( 8231): start get packageName
05-25 10:45:40.605 D/SecShell( 8231): end get packageName
05-25 10:45:40.735 D/SecShell( 8231): start get packageName
05-25 10:45:40.735 D/SecShell( 8231): end get packageName
05-25 10:45:40.735 D/SecShell( 8231): start get packageName
05-25 10:45:40.735 D/SecShell( 8231): end get packageName
05-25 10:45:40.745 D/SecShell( 8231): start get packageName
05-25 10:45:40.745 D/SecShell( 8231): end get packageName
05-25 10:45:40.755 D/SecShell( 8231): start get packageName
05-25 10:45:40.755 D/SecShell( 8231): end get packageName
05-25 10:45:40.765 D/SecShell( 8231): start get packageName
05-25 10:45:40.765 D/SecShell( 8231): end get packageName
05-25 10:45:40.775 D/SecShell( 8231): start get packageName
05-25 10:45:40.775 D/SecShell( 8231): end get packageName
05-25 10:45:40.775 D/SecShell( 8231): start get packageName
05-25 10:45:40.775 D/SecShell( 8231): end get packageName
05-25 10:45:40.785 D/SecShell( 8231): start get packageName
05-25 10:45:40.785 D/SecShell( 8231): end get packageName
05-25 10:45:40.795 D/SecShell( 8231): start get packageName
05-25 10:45:40.795 D/SecShell( 8231): end get packageName
05-25 10:45:40.795 D/SecShell( 8231): start get packageName
05-25 10:45:40.795 D/SecShell( 8231): end get packageName
05-25 10:45:40.795 D/SecShell( 8231): start get packageName
05-25 10:45:40.795 D/SecShell( 8231): end get packageName
05-25 10:45:40.805 D/SecShell( 8231): start get packageName
05-25 10:45:40.805 D/SecShell( 8231): end get packageName
05-25 10:45:40.815 D/SecShell( 8231): start get packageName
05-25 10:45:40.815 D/SecShell( 8231): end get packageName
05-25 10:45:40.815 D/SecShell( 8231): start get packageName
05-25 10:45:40.815 D/SecShell( 8231): end get packageName
05-25 10:45:40.825 D/SecShell( 8231): start get packageName
05-25 10:45:40.825 D/SecShell( 8231): end get packageName
05-25 10:45:40.825 D/SecShell( 8231): start get packageName
05-25 10:45:40.825 D/SecShell( 8231): end get packageName
05-25 10:45:40.835 D/SecShell( 8231): start get packageName
05-25 10:45:40.835 D/SecShell( 8231): end get packageName
05-25 10:45:40.845 D/SecShell( 8231): start get packageName
05-25 10:45:40.845 D/SecShell( 8231): end get packageName
05-25 10:45:40.845 D/SecShell( 8231): start get packageName
05-25 10:45:40.845 D/SecShell( 8231): end get packageName
05-25 10:45:40.855 D/SecShell( 8231): start get packageName
05-25 10:45:40.855 D/SecShell( 8231): end get packageName
05-25 10:45:40.855 D/SecShell( 8231): start get packageName
05-25 10:45:40.865 D/SecShell( 8231): end get packageName
05-25 10:45:40.865 D/SecShell( 8231): start get packageName
05-25 10:45:40.865 D/SecShell( 8231): end get packageName
05-25 10:45:40.875 D/SecShell( 8231): start get packageName
05-25 10:45:40.875 D/SecShell( 8231): end get packageName
05-25 10:45:40.875 W/ActivityManager( 1022): getRunningAppProcesses: caller 10104 does not hold REAL_GET_TASKS; limiting output
05-25 10:45:40.875 D/SecShell( 8231): start get packageName
05-25 10:45:40.875 D/SecShell( 8231): end get packageName
05-25 10:45:40.875 W/System.err( 3061): java.lang.ArrayIndexOutOfBoundsException: length=58; index=58
05-25 10:45:40.875 W/System.err( 3061): 	at com.lbe.security.service.provider.internal.AppOpsAdapter$1.getDefaultOp(AppOpsAdapter.java:279)
05-25 10:45:40.875 W/System.err( 3061): 	at com.android.internal.app.IOpsCallback$Stub.onTransact(IOpsCallback.java:68)
05-25 10:45:40.875 W/System.err( 3061): 	at android.os.Binder.execTransact(Binder.java:446)
05-25 10:45:40.885 D/SecShell( 8231): start get packageName
05-25 10:45:40.885 D/SecShell( 8231): end get packageName
05-25 10:45:40.895 D/SecShell( 8231): start get packageName
05-25 10:45:40.895 D/SecShell( 8231): end get packageName
05-25 10:45:40.905 D/SecShell( 8231): start get packageName
05-25 10:45:40.905 D/SecShell( 8231): end get packageName
05-25 10:45:40.905 W/UnimplementedWebViewApi( 7523): Unimplemented WebView method onKeyMultiple called from: android.webkit.WebView.onKeyMultiple(WebView.java:2317)
05-25 10:45:40.905 W/UnimplementedWebViewApi( 7523): Unimplemented WebView method onKeyDown called from: android.webkit.WebView.onKeyDown(WebView.java:2307)
05-25 10:45:40.905 D/SecShell( 8231): start get packageName
05-25 10:45:40.905 D/SecShell( 8231): end get packageName
05-25 10:45:40.915 D/SecShell( 8231): start get packageName
05-25 10:45:40.915 D/SecShell( 8231): end get packageName
05-25 10:45:40.925 D/SecShell( 8231): start get packageName
05-25 10:45:40.925 D/SecShell( 8231): end get packageName
05-25 10:45:40.925 D/SecShell( 8231): start get packageName
05-25 10:45:40.925 D/SecShell( 8231): end get packageName
05-25 10:45:40.935 D/SecShell( 8231): start get packageName
05-25 10:45:40.935 D/SecShell( 8231): end get packageName
05-25 10:45:40.945 D/SecShell( 8231): start get packageName
05-25 10:45:40.945 D/SecShell( 8231): end get packageName
05-25 10:45:40.945 D/SecShell( 8231): start get packageName
05-25 10:45:40.945 D/SecShell( 8231): end get packageName
05-25 10:45:40.955 D/SecShell( 8231): start get packageName
05-25 10:45:40.955 D/SecShell( 8231): end get packageName
05-25 10:45:40.955 D/SecShell( 8231): start get packageName
05-25 10:45:40.955 D/SecShell( 8231): end get packageName
05-25 10:45:40.965 D/SecShell( 8231): start get packageName
05-25 10:45:40.965 D/SecShell( 8231): end get packageName
05-25 10:45:40.975 D/SecShell( 8231): start get packageName
05-25 10:45:40.975 D/SecShell( 8231): end get packageName
05-25 10:45:40.975 I/art     ( 7523): Explicit concurrent mark sweep GC freed 3331(184KB) AllocSpace objects, 2(32KB) LOS objects, 26% free, 43MB/59MB, paused 5.483ms total 62.565ms
05-25 10:45:40.975 I/art     ( 7523): WaitForGcToComplete blocked for 44.064ms for cause HeapTrim
05-25 10:45:40.975 D/yaya_template_[WebView]( 7523): WebView, ['KeyboardEvent.keyLocation' is deprecated. Please use 'KeyboardEvent.location' instead.] sourceID:  lineNumber: 0 message: 'KeyboardEvent.keyLocation' is deprecated. Please use 'KeyboardEvent.location' instead.
05-25 10:45:40.975 I/chromium( 7523): [INFO:CONSOLE(0)] "'KeyboardEvent.keyLocation' is deprecated. Please use 'KeyboardEvent.location' instead.", source:  (0)
05-25 10:45:41.005 V/NotificationService( 1022): enqueueNotificationInternal: pkg=android id=17040645 notification=Notification(pri=0 contentView=null vibrate=null sound=null defaults=0x0 flags=0x2 color=0xff607d8b vis=PRIVATE)
05-25 10:45:41.015 I/ValidateNoPeople( 1022): skipping global notification
05-25 10:45:41.015 D/NotificationService( 1022): [csl] buzzBeepBlinkLocked() zenMode = 0, zenConfig = ZenModeConfig[allowCalls=true,allowMessages=false,allowFrom=contacts,allowEvents=false,allowMusic=false,allowAlarm=true,allowVibrate=false,allowLight=true,sleepMode=null,sleepStart=22.0,sleepEnd=7.0,conditionComponents=null,conditionIds=null,exitCondition=null,exitConditionComponent=null]
05-25 10:45:41.015 V/NotificationService( 1022): pkg=android canInterrupt=true intercept=false
05-25 10:45:41.015 V/NotificationService( 1022): Interrupting!
05-25 10:45:41.025 D/PhoneStatusBar( 1432): updateNotification pkg=android;id=17040645
05-25 10:45:41.045 D/SizeAdaptiveLayout( 1432): com.android.internal.widget.SizeAdaptiveLayout{85f3a64 V.E..... ......ID 0,0-1260,232 #7f0800c1 app:id/adaptive}child view android.widget.FrameLayout{21ae84cd V.E..... ......ID 0,0-1260,231 #1020330 android:id/status_bar_latest_event_content} measured out of bounds at 231px clamped to 232px
05-25 10:45:41.055 I/art     ( 7523): Explicit concurrent mark sweep GC freed 316(18KB) AllocSpace objects, 0(0B) LOS objects, 26% free, 43MB/59MB, paused 1.264ms total 41.048ms
05-25 10:45:41.075 V/NotificationService( 1022): enqueueNotificationInternal: pkg=android id=17040645 notification=Notification(pri=0 contentView=null vibrate=null sound=null defaults=0x0 flags=0x2 color=0xff607d8b vis=PRIVATE)
05-25 10:45:41.075 I/ValidateNoPeople( 1022): skipping global notification
05-25 10:45:41.075 D/NotificationService( 1022): [csl] buzzBeepBlinkLocked() zenMode = 0, zenConfig = ZenModeConfig[allowCalls=true,allowMessages=false,allowFrom=contacts,allowEvents=false,allowMusic=false,allowAlarm=true,allowVibrate=false,allowLight=true,sleepMode=null,sleepStart=22.0,sleepEnd=7.0,conditionComponents=null,conditionIds=null,exitCondition=null,exitConditionComponent=null]
05-25 10:45:41.075 V/NotificationService( 1022): pkg=android canInterrupt=true intercept=false
05-25 10:45:41.075 V/NotificationService( 1022): Interrupting!
05-25 10:45:41.085 D/PhoneStatusBar( 1432): updateNotification pkg=android;id=17040645
05-25 10:45:41.095 D/SizeAdaptiveLayout( 1432): com.android.internal.widget.SizeAdaptiveLayout{85f3a64 V.E..... ......ID 0,0-1260,232 #7f0800c1 app:id/adaptive}child view android.widget.FrameLayout{21ae84cd V.E..... ......ID 0,0-1260,231 #1020330 android:id/status_bar_latest_event_content} measured out of bounds at 231px clamped to 232px
05-25 10:45:41.135 D/SecShell( 8231): start get packageName
05-25 10:45:41.135 D/SecShell( 8231): end get packageName
05-25 10:45:41.135 I/art     ( 7523): Explicit concurrent mark sweep GC freed 11(368B) AllocSpace objects, 0(0B) LOS objects, 26% free, 43MB/59MB, paused 1.127ms total 40.894ms
05-25 10:45:41.225 I/art     ( 7523): Explicit concurrent mark sweep GC freed 7(240B) AllocSpace objects, 0(0B) LOS objects, 26% free, 43MB/59MB, paused 1.355ms total 45.146ms
05-25 10:45:41.255 W/ActivityManager( 1022): getRunningAppProcesses: caller 10948 does not hold REAL_GET_TASKS; limiting output
05-25 10:45:41.305 I/art     ( 7523): Explicit concurrent mark sweep GC freed 13(432B) AllocSpace objects, 0(0B) LOS objects, 26% free, 43MB/59MB, paused 1.439ms total 46.474ms
05-25 10:45:41.485 V/NotificationService( 1022): enqueueNotificationInternal: pkg=android id=17040645 notification=Notification(pri=0 contentView=null vibrate=null sound=null defaults=0x0 flags=0x2 color=0xff607d8b vis=PRIVATE)
05-25 10:45:41.485 I/ValidateNoPeople( 1022): skipping global notification
05-25 10:45:41.485 W/IInputConnectionWrapper( 7523): getTextBeforeCursor on inactive InputConnection
05-25 10:45:41.485 D/NotificationService( 1022): [csl] buzzBeepBlinkLocked() zenMode = 0, zenConfig = ZenModeConfig[allowCalls=true,allowMessages=false,allowFrom=contacts,allowEvents=false,allowMusic=false,allowAlarm=true,allowVibrate=false,allowLight=true,sleepMode=null,sleepStart=22.0,sleepEnd=7.0,conditionComponents=null,conditionIds=null,exitCondition=null,exitConditionComponent=null]
05-25 10:45:41.485 V/NotificationService( 1022): pkg=android canInterrupt=true intercept=false
05-25 10:45:41.485 V/NotificationService( 1022): Interrupting!
05-25 10:45:41.485 W/UnimplementedWebViewApi( 7523): Unimplemented WebView method onKeyMultiple called from: android.webkit.WebView.onKeyMultiple(WebView.java:2317)
05-25 10:45:41.485 W/UnimplementedWebViewApi( 7523): Unimplemented WebView method onKeyDown called from: android.webkit.WebView.onKeyDown(WebView.java:2307)
05-25 10:45:41.495 D/PhoneStatusBar( 1432): updateNotification pkg=android;id=17040645
05-25 10:45:41.505 D/SizeAdaptiveLayout( 1432): com.android.internal.widget.SizeAdaptiveLayout{85f3a64 V.E..... ......ID 0,0-1260,232 #7f0800c1 app:id/adaptive}child view android.widget.FrameLayout{21ae84cd V.E..... ......ID 0,0-1260,231 #1020330 android:id/status_bar_latest_event_content} measured out of bounds at 231px clamped to 232px
05-25 10:45:41.515 V/NotificationService( 1022): enqueueNotificationInternal: pkg=android id=17040645 notification=Notification(pri=0 contentView=null vibrate=null sound=null defaults=0x0 flags=0x2 color=0xff607d8b vis=PRIVATE)
05-25 10:45:41.515 I/ValidateNoPeople( 1022): skipping global notification
05-25 10:45:41.515 D/NotificationService( 1022): [csl] buzzBeepBlinkLocked() zenMode = 0, zenConfig = ZenModeConfig[allowCalls=true,allowMessages=false,allowFrom=contacts,allowEvents=false,allowMusic=false,allowAlarm=true,allowVibrate=false,allowLight=true,sleepMode=null,sleepStart=22.0,sleepEnd=7.0,conditionComponents=null,conditionIds=null,exitCondition=null,exitConditionComponent=null]
05-25 10:45:41.515 V/NotificationService( 1022): pkg=android canInterrupt=true intercept=false
05-25 10:45:41.515 V/NotificationService( 1022): Interrupting!
05-25 10:45:41.525 D/PhoneStatusBar( 1432): updateNotification pkg=android;id=17040645
05-25 10:45:41.545 D/SizeAdaptiveLayout( 1432): com.android.internal.widget.SizeAdaptiveLayout{85f3a64 V.E..... ......ID 0,0-1260,232 #7f0800c1 app:id/adaptive}child view android.widget.FrameLayout{21ae84cd V.E..... ......ID 0,0-1260,231 #1020330 android:id/status_bar_latest_event_content} measured out of bounds at 231px clamped to 232px
05-25 10:45:41.555 V/NotificationService( 1022): enqueueNotificationInternal: pkg=android id=17040645 notification=Notification(pri=0 contentView=null vibrate=null sound=null defaults=0x0 flags=0x2 color=0xff607d8b vis=PRIVATE)
05-25 10:45:41.555 I/ValidateNoPeople( 1022): skipping global notification
05-25 10:45:41.565 W/IInputConnectionWrapper( 7523): getTextBeforeCursor on inactive InputConnection
05-25 10:45:41.565 D/NotificationService( 1022): [csl] buzzBeepBlinkLocked() zenMode = 0, zenConfig = ZenModeConfig[allowCalls=true,allowMessages=false,allowFrom=contacts,allowEvents=false,allowMusic=false,allowAlarm=true,allowVibrate=false,allowLight=true,sleepMode=null,sleepStart=22.0,sleepEnd=7.0,conditionComponents=null,conditionIds=null,exitCondition=null,exitConditionComponent=null]
05-25 10:45:41.565 V/NotificationService( 1022): pkg=android canInterrupt=true intercept=false
05-25 10:45:41.565 V/NotificationService( 1022): Interrupting!
05-25 10:45:41.575 D/PhoneStatusBar( 1432): updateNotification pkg=android;id=17040645
05-25 10:45:41.595 D/SizeAdaptiveLayout( 1432): com.android.internal.widget.SizeAdaptiveLayout{85f3a64 V.E..... ......ID 0,0-1260,232 #7f0800c1 app:id/adaptive}child view android.widget.FrameLayout{21ae84cd V.E..... ......ID 0,0-1260,231 #1020330 android:id/status_bar_latest_event_content} measured out of bounds at 231px clamped to 232px
05-25 10:45:41.595 V/NotificationService( 1022): enqueueNotificationInternal: pkg=android id=17040645 notification=Notification(pri=0 contentView=null vibrate=null sound=null defaults=0x0 flags=0x2 color=0xff607d8b vis=PRIVATE)
05-25 10:45:41.595 I/ValidateNoPeople( 1022): skipping global notification
05-25 10:45:41.605 D/NotificationService( 1022): [csl] buzzBeepBlinkLocked() zenMode = 0, zenConfig = ZenModeConfig[allowCalls=true,allowMessages=false,allowFrom=contacts,allowEvents=false,allowMusic=false,allowAlarm=true,allowVibrate=false,allowLight=true,sleepMode=null,sleepStart=22.0,sleepEnd=7.0,conditionComponents=null,conditionIds=null,exitCondition=null,exitConditionComponent=null]
05-25 10:45:41.605 V/NotificationService( 1022): pkg=android canInterrupt=true intercept=false
05-25 10:45:41.605 V/NotificationService( 1022): Interrupting!
05-25 10:45:41.615 D/PhoneStatusBar( 1432): updateNotification pkg=android;id=17040645
05-25 10:45:41.625 I/art     ( 7523): Explicit concurrent mark sweep GC freed 2026(107KB) AllocSpace objects, 1(16KB) LOS objects, 26% free, 43MB/59MB, paused 1.385ms total 57.977ms
05-25 10:45:41.625 V/NotificationService( 1022): enqueueNotificationInternal: pkg=android id=17040645 notification=Notification(pri=0 contentView=null vibrate=null sound=null defaults=0x0 flags=0x2 color=0xff607d8b vis=PRIVATE)
05-25 10:45:41.625 I/ValidateNoPeople( 1022): skipping global notification
05-25 10:45:41.635 D/NotificationService( 1022): [csl] buzzBeepBlinkLocked() zenMode = 0, zenConfig = ZenModeConfig[allowCalls=true,allowMessages=false,allowFrom=contacts,allowEvents=false,allowMusic=false,allowAlarm=true,allowVibrate=false,allowLight=true,sleepMode=null,sleepStart=22.0,sleepEnd=7.0,conditionComponents=null,conditionIds=null,exitCondition=null,exitConditionComponent=null]
05-25 10:45:41.635 V/NotificationService( 1022): pkg=android canInterrupt=true intercept=false
05-25 10:45:41.635 V/NotificationService( 1022): Interrupting!
05-25 10:45:41.635 D/SizeAdaptiveLayout( 1432): com.android.internal.widget.SizeAdaptiveLayout{85f3a64 V.E..... ......ID 0,0-1260,232 #7f0800c1 app:id/adaptive}child view android.widget.FrameLayout{21ae84cd V.E..... ......ID 0,0-1260,231 #1020330 android:id/status_bar_latest_event_content} measured out of bounds at 231px clamped to 232px
05-25 10:45:41.645 V/NotificationService( 1022): enqueueNotificationInternal: pkg=android id=17040645 notification=Notification(pri=0 contentView=null vibrate=null sound=null defaults=0x0 flags=0x2 color=0xff607d8b vis=PRIVATE)
05-25 10:45:41.645 I/ValidateNoPeople( 1022): skipping global notification
05-25 10:45:41.645 D/PhoneStatusBar( 1432): updateNotification pkg=android;id=17040645
05-25 10:45:41.645 D/NotificationService( 1022): [csl] buzzBeepBlinkLocked() zenMode = 0, zenConfig = ZenModeConfig[allowCalls=true,allowMessages=false,allowFrom=contacts,allowEvents=false,allowMusic=false,allowAlarm=true,allowVibrate=false,allowLight=true,sleepMode=null,sleepStart=22.0,sleepEnd=7.0,conditionComponents=null,conditionIds=null,exitCondition=null,exitConditionComponent=null]
05-25 10:45:41.645 V/NotificationService( 1022): pkg=android canInterrupt=true intercept=false
05-25 10:45:41.655 V/NotificationService( 1022): Interrupting!
05-25 10:45:41.655 D/SizeAdaptiveLayout( 1432): com.android.internal.widget.SizeAdaptiveLayout{85f3a64 V.E..... ......ID 0,0-1260,232 #7f0800c1 app:id/adaptive}child view android.widget.FrameLayout{21ae84cd V.E..... ......ID 0,0-1260,231 #1020330 android:id/status_bar_latest_event_content} measured out of bounds at 231px clamped to 232px
