05-24 10:39:47.206 D/wpa_supplicant( 1423): CTRL_IFACE: value - hexdump(len=3): [REMOVED]
05-24 10:39:47.206 D/wpa_supplicant( 1423): BSSID any
05-24 10:39:47.206 D/wpa_supplicant( 1423): wlan0: Control interface command 'SAVE_CONFIG'
05-24 10:39:47.206 D/wpa_supplicant( 1423): Writing configuration file '/data/misc/wifi/wpa_supplicant.conf'
05-24 10:39:47.206 D/wpa_supplicant( 1423): Configuration file '/data/misc/wifi/wpa_supplicant.conf' written successfully
05-24 10:39:47.206 D/wpa_supplicant( 1423): CTRL_IFACE: SAVE_CONFIG - Configuration updated
05-24 10:39:47.206 E/WifiConfigStore( 1015): saveWifiConfigBSSID Setting BSSID for "iyaya_5.8"WPA_PSK to any
05-24 10:39:47.206 E/wifi_gbk2utf( 1015): g_pItemList is NULL
05-24 10:39:47.206 D/wpa_supplicant( 1423): wlan0: Control interface command 'SET_NETWORK [REMOVED]'
05-24 10:39:47.206 D/wpa_supplicant( 1423): CTRL_IFACE: SET_NETWORK id=6 name='bssid'
05-24 10:39:47.206 D/wpa_supplicant( 1423): CTRL_IFACE: value - hexdump(len=3): [REMOVED]
05-24 10:39:47.206 D/wpa_supplicant( 1423): BSSID any
05-24 10:39:47.206 D/StatusBar.NetworkController( 1429): slot=-10;action=android.net.wifi.STATE_CHANGE
05-24 10:39:47.206 D/wpa_supplicant( 1423): wlan0: Control interface command 'SAVE_CONFIG'
05-24 10:39:47.206 D/wpa_supplicant( 1423): Writing configuration file '/data/misc/wifi/wpa_supplicant.conf'
05-24 10:39:47.206 D/wpa_supplicant( 1423): Configuration file '/data/misc/wifi/wpa_supplicant.conf' written successfully
05-24 10:39:47.206 D/wpa_supplicant( 1423): CTRL_IFACE: SAVE_CONFIG - Configuration updated
05-24 10:39:47.216 D/CommandListener(  432): Setting iface cfg
05-24 10:39:47.216 D/StatusBar.NetworkController( 1429): updateNetworkName mNetworkName[0]= mTempNetworkName[0] = 
05-24 10:39:47.216 E/WifiStateMachine( 1015): Start Dhcp Watchdog 4
05-24 10:39:47.216 I/UploadManager( 1857): Receive intent=android.net.wifi.STATE_CHANGE
05-24 10:39:47.216 D/StatusBar.NetworkController( 1429): updateNetworkName mNetworkName[1]= mTempNetworkName[1] = 
05-24 10:39:47.216 D/wpa_supplicant( 1423): wlan0: Control interface command 'SIGNAL_POLL'
05-24 10:39:47.226 D/StatusBar.NetworkController( 1429): slot=-10;action=android.net.wifi.STATE_CHANGE
05-24 10:39:47.226 E/native  ( 1015): do suspend false
05-24 10:39:47.226 D/wpa_supplicant( 1423): wlan0: Control interface command 'DRIVER SETSUSPENDMODE 0'
05-24 10:39:47.226 D/wpa_supplicant( 1423): wpa_driver_nl80211_driver_cmd SETSUSPENDMODE 0 len = 0, 4096
05-24 10:39:47.226 D/StatusBar.NetworkController( 1429): updateNetworkName mNetworkName[0]= mTempNetworkName[0] = 
05-24 10:39:47.236 D/wpa_supplicant( 1423): wlan0: Control interface command 'SET ps 0'
05-24 10:39:47.236 D/wpa_supplicant( 1423): CTRL_IFACE SET 'ps'='0'
05-24 10:39:47.236 D/wpa_supplicant( 1423): nl80211: set_p2p_powersave (legacy_ps=0 opp_ps=-1 ctwindow=-1)
05-24 10:39:47.236 D/wpa_supplicant( 1423): wlan0: Control interface command 'DRIVER BTCOEXMODE 1'
05-24 10:39:47.236 D/StatusBar.NetworkController( 1429): updateNetworkName mNetworkName[1]= mTempNetworkName[1] = 
05-24 10:39:47.236 D/wpa_supplicant( 1423): wpa_driver_nl80211_driver_cmd BTCOEXMODE 1 len = 0, 4096
05-24 10:39:47.236 D/wpa_supplicant( 1423): wlan0: Control interface command 'DRIVER WLS_BATCHING GET'
05-24 10:39:47.236 E/wpa_supplicant( 1423): wpa_driver_nl80211_driver_cmd: failed to issue private commands
05-24 10:39:47.236 E/WifiStateMachine( 1015): Unexpected BatchedScanResults :null
05-24 10:39:47.236 D/wpa_supplicant( 1423): wlan0: Control interface command 'DRIVER WLS_BATCHING STOP'
05-24 10:39:47.236 E/wpa_supplicant( 1423): wpa_driver_nl80211_driver_cmd: failed to issue private commands
05-24 10:39:47.236 D/LBSSystemMonitorService( 1015): handleMessage what - 8
05-24 10:39:47.236 D/Wiper_jni( 1015): Send Wifi Supplicant info
05-24 10:39:47.246 D/StatusBar.NetworkController( 1429): slot=-10;action=android.net.wifi.STATE_CHANGE
05-24 10:39:47.246 D/StatusBar.NetworkController( 1429): updateNetworkName mNetworkName[0]= mTempNetworkName[0] = 
05-24 10:39:47.246 D/StatusBar.NetworkController( 1429): updateNetworkName mNetworkName[1]= mTempNetworkName[1] = 
05-24 10:39:47.256 D/StatusBar.NetworkController( 1429): slot=-10;action=android.net.wifi.STATE_CHANGE
05-24 10:39:47.256 D/StatusBar.NetworkController( 1429): updateNetworkName mNetworkName[0]= mTempNetworkName[0] = 
05-24 10:39:47.266 I/art     ( 1494): Explicit concurrent mark sweep GC freed 46629(1996KB) AllocSpace objects, 0(0B) LOS objects, 37% free, 27MB/43MB, paused 988us total 44.906ms
05-24 10:39:47.266 D/StatusBar.NetworkController( 1429): updateNetworkName mNetworkName[1]= mTempNetworkName[1] = 
05-24 10:39:47.276 D/StatusBar.NetworkController( 1429): slot=-10;action=android.net.wifi.STATE_CHANGE
05-24 10:39:47.276 D/StatusBar.NetworkController( 1429): updateNetworkName mNetworkName[0]= mTempNetworkName[0] = 
05-24 10:39:47.276 D/StatusBar.NetworkController( 1429): updateNetworkName mNetworkName[1]= mTempNetworkName[1] = 
05-24 10:39:47.296 D/StatusBar.NetworkController( 1429): slot=-10;action=android.net.wifi.RSSI_CHANGED
05-24 10:39:47.296 D/StatusBar.NetworkController( 1429): updateNetworkName mNetworkName[0]= mTempNetworkName[0] = 
05-24 10:39:47.306 D/StatusBar.NetworkController( 1429): updateNetworkName mNetworkName[1]= mTempNetworkName[1] = 
05-24 10:39:47.316 I/UploadManager( 1857): Receive intent=android.net.wifi.STATE_CHANGE
05-24 10:39:47.326 I/UploadManager( 1857): Receive intent=android.net.wifi.STATE_CHANGE
05-24 10:39:47.336 I/UploadManager( 1857): Receive intent=android.net.wifi.STATE_CHANGE
05-24 10:39:47.346 I/UploadManager( 1857): Receive intent=android.net.wifi.STATE_CHANGE
05-24 10:39:47.356 I/UploadManager( 1857): Receive intent=android.net.wifi.STATE_CHANGE
05-24 10:39:47.366 I/UploadManager( 1857): Receive intent=android.net.wifi.STATE_CHANGE
05-24 10:39:47.456 E/dhcpcd  (27649): fopen `/system/etc/dhcpcd/dhcpcd.conf': No such file or directory
05-24 10:39:47.456 I/dhcpcd  (27649): version 5.5.6 starting
05-24 10:39:47.456 E/dhcpcd  (27649): fopen `/system/etc/dhcpcd/dhcpcd.conf': No such file or directory
05-24 10:39:47.506 I/dhcpcd  (27649): wlan0: broadcasting for a lease
05-24 10:39:47.556 I/dhcpcd  (27649): wlan0: offered 10.192.248.91 from 192.168.40.210
05-24 10:39:47.576 I/dhcpcd  (27649): wlan0: acknowledged 10.192.248.91 from 192.168.40.210
05-24 10:39:47.636 I/dhcpcd  (27649): wlan0: leased 10.192.248.91 for 28800 seconds
05-24 10:39:48.026 W/System.err( 3413): java.lang.ArrayIndexOutOfBoundsException: length=58; index=58
05-24 10:39:48.026 W/System.err( 3413): 	at com.lbe.security.service.provider.internal.AppOpsAdapter$1.getDefaultOp(AppOpsAdapter.java:279)
05-24 10:39:48.026 W/System.err( 3413): 	at com.android.internal.app.IOpsCallback$Stub.onTransact(IOpsCallback.java:68)
05-24 10:39:48.026 W/System.err( 3413): 	at android.os.Binder.execTransact(Binder.java:446)
05-24 10:39:48.056 D/wpa_supplicant( 1423): wlan0: Control interface command 'DRIVER BTCOEXMODE 2'
05-24 10:39:48.056 D/wpa_supplicant( 1423): wpa_driver_nl80211_driver_cmd BTCOEXMODE 2 len = 0, 4096
05-24 10:39:48.056 D/wpa_supplicant( 1423): wlan0: Control interface command 'SET ps 1'
05-24 10:39:48.056 D/wpa_supplicant( 1423): CTRL_IFACE SET 'ps'='1'
05-24 10:39:48.056 D/wpa_supplicant( 1423): nl80211: set_p2p_powersave (legacy_ps=1 opp_ps=-1 ctwindow=-1)
05-24 10:39:48.056 D/wpa_supplicant( 1423): EAPOL: startWhen --> 0
05-24 10:39:48.056 D/wpa_supplicant( 1423): EAPOL: disable timer tick
05-24 10:39:48.056 D/wpa_supplicant( 1423): wlan0: Control interface command 'BLACKLIST clear'
05-24 10:39:48.076 D/StatusBar.NetworkController( 1429): slot=-10;action=android.net.wifi.STATE_CHANGE
05-24 10:39:48.096 D/StatusBar.NetworkController( 1429): updateNetworkName mNetworkName[0]= mTempNetworkName[0] = 
05-24 10:39:48.096 D/StatusBar.NetworkController( 1429): updateNetworkName mNetworkName[1]= mTempNetworkName[1] = 
05-24 10:39:48.106 E/WifiStateMachine( 1015): Did not find remoteAddress {10.192.249.254} in /proc/net/arp
05-24 10:39:48.106 D/ToggleManager( 1960): isWifiEnabled=true;ssid=iyaya_5.8;isWifiContected=true;WifiInfo=SSID: iyaya_5.8, BSSID: 32:0f:0e:20:60:90, MAC: 0c:1d:af:9f:80:0b, Supplicant state: COMPLETED, RSSI: -62, Link speed: 24Mbps, Frequency: 5745MHz, Net ID: 6, Metered hint: false, score: 56
05-24 10:39:48.116 D/ToggleManager( 1960): isWifiEnabled=true;ssid=iyaya_5.8;isWifiContected=true;WifiInfo=SSID: iyaya_5.8, BSSID: 32:0f:0e:20:60:90, MAC: 0c:1d:af:9f:80:0b, Supplicant state: COMPLETED, RSSI: -62, Link speed: 24Mbps, Frequency: 5745MHz, Net ID: 6, Metered hint: false, score: 56
05-24 10:39:48.126 D/StatusBar.NetworkController( 1429): slot=-10;action=android.net.wifi.STATE_CHANGE
05-24 10:39:48.136 D/StatusBar.NetworkController( 1429): updateNetworkName mNetworkName[0]= mTempNetworkName[0] = 
05-24 10:39:48.136 D/NetworkMonitorNetworkAgentInfo [WIFI () - null]( 1015): DefaultState{ when=-1ms what=532481 target=com.android.internal.util.StateMachine$SmHandler }
05-24 10:39:48.136 D/NetworkMonitorNetworkAgentInfo [WIFI () - null]( 1015): Connected
05-24 10:39:48.136 D/NetworkMonitorNetworkAgentInfo [WIFI () - null]( 1015): EvaluatingState{ when=0 what=532486 arg1=1 target=com.android.internal.util.StateMachine$SmHandler }
05-24 10:39:48.136 D/NetworkMonitorNetworkAgentInfo [WIFI () - null]( 1015): Checking http://connect.rom.miui.com/generate_204 on "iyaya_5.8"
05-24 10:39:48.146 D/Tethering( 1015): MasterInitialState.processMessage what=3
05-24 10:39:48.146 D/StatusBar.NetworkController( 1429): updateNetworkName mNetworkName[1]= mTempNetworkName[1] = 
05-24 10:39:48.146 D/DnsFallback(  432): query: connect.rom.miui.com
05-24 10:39:48.146 D/DnsFallback(  432): query: 2.android.pool.ntp.org
05-24 10:39:48.146 W/QCNEJ   ( 1926): |CORE| No family connected
05-24 10:39:48.146 D/ConnectivityManager.CallbackHandler( 1429): CM callback handler got msg 524290
05-24 10:39:48.146 D/SecurityController( 1429): onAvailable 103 : [ Transports: WIFI Capabilities: INTERNET&NOT_RESTRICTED&TRUSTED&NOT_VPN LinkUpBandwidth>=1048576Kbps LinkDnBandwidth>=1048576Kbps]
05-24 10:39:48.146 I/NetworkAssistantProvider( 1624): network switch to WifiConnected
05-24 10:39:48.146 I/UploadManager( 1857): Receive intent=android.net.wifi.STATE_CHANGE
05-24 10:39:48.156 I/TrafficManageService( 1624): mina mTrafficStatsReceiver onReceive
05-24 10:39:48.156 I/XiaomiFirewall( 1624): virtual sim disabled
05-24 10:39:48.156 I/XiaomiFirewall( 1624): network switch to WifiConnected
05-24 10:39:48.166 D/ToggleManager( 1429): isWifiEnabled=true;ssid=iyaya_5.8;isWifiContected=true;WifiInfo=SSID: iyaya_5.8, BSSID: 32:0f:0e:20:60:90, MAC: 0c:1d:af:9f:80:0b, Supplicant state: COMPLETED, RSSI: -62, Link speed: 24Mbps, Frequency: 5745MHz, Net ID: 6, Metered hint: false, score: 56
05-24 10:39:48.166 D/StatusBar.NetworkController( 1429): slot=-10;action=android.net.wifi.STATE_CHANGE
05-24 10:39:48.166 D/StatusBar.NetworkController( 1429): updateNetworkName mNetworkName[0]= mTempNetworkName[0] = 
05-24 10:39:48.166 D/StatusBar.NetworkController( 1429): updateNetworkName mNetworkName[1]= mTempNetworkName[1] = 
05-24 10:39:48.186 I/UploadManager( 1857): Receive intent=android.net.wifi.STATE_CHANGE
05-24 10:39:48.186 D/ToggleManager( 1429): isWifiEnabled=true;ssid=iyaya_5.8;isWifiContected=true;WifiInfo=SSID: iyaya_5.8, BSSID: 32:0f:0e:20:60:90, MAC: 0c:1d:af:9f:80:0b, Supplicant state: COMPLETED, RSSI: -62, Link speed: 24Mbps, Frequency: 5745MHz, Net ID: 6, Metered hint: false, score: 56
05-24 10:39:48.186 D/StatusBar.NetworkController( 1429): slot=-10;action=android.net.wifi.STATE_CHANGE
05-24 10:39:48.186 D/StatusBar.NetworkController( 1429): updateNetworkName mNetworkName[0]= mTempNetworkName[0] = 
05-24 10:39:48.186 W/        ( 1857): Unable to open '/system/framework/extendedmediaextractor.jar': No such file or directory
05-24 10:39:48.186 W/art     ( 1857): Failed to open zip archive '/system/framework/extendedmediaextractor.jar': I/O Error
05-24 10:39:48.186 D/StatusBar.NetworkController( 1429): updateNetworkName mNetworkName[1]= mTempNetworkName[1] = 
05-24 10:39:48.186 D/DnsFallback(  432): query: app.miui.com
05-24 10:39:48.196 I/UploadManager( 1857): Receive intent=android.net.wifi.STATE_CHANGE
05-24 10:39:48.196 I/XiaomiFirewall( 1624): firewall pkgName:com.miui.core, result:0
05-24 10:39:48.216 I/UploadManager( 1857): Receive intent=android.net.wifi.STATE_CHANGE
05-24 10:39:48.226 W/        ( 3810): Unable to open '/system/framework/extendedmediaextractor.jar': No such file or directory
05-24 10:39:48.226 W/art     ( 3810): Failed to open zip archive '/system/framework/extendedmediaextractor.jar': I/O Error
05-24 10:39:48.226 D/DnsFallback(  432): query: api.sec.miui.com
05-24 10:39:48.236 I/XiaomiFirewall( 1624): firewall pkgName:com.miui.securitycenter, result:0
05-24 10:39:48.256 D/DnsFallback(  432): query: input.shouji.sogou.com
05-24 10:39:48.256 I/XiaomiFirewall( 1624): firewall pkgName:com.sohu.inputmethod.sogou, result:0
05-24 10:39:48.356 I/Analytics( 1494): start session(com.android.settings)
05-24 10:39:48.356 I/Analytics( 1494): end session(com.android.settings)
05-24 10:39:48.406 D/o       ( 3810): availableRes : {"result":1}
05-24 10:39:48.436 D/DnsFallback(  432): query: tracking.miui.com
05-24 10:39:48.436 W/        ( 3810): Unable to open '/system/framework/extendedmediaextractor.jar': No such file or directory
05-24 10:39:48.436 W/art     ( 3810): Failed to open zip archive '/system/framework/extendedmediaextractor.jar': I/O Error
05-24 10:39:48.436 D/DnsFallback(  432): query: data.sec.miui.com
05-24 10:39:48.496 D/miuisdk (27694): current sdk level is 3
05-24 10:39:48.596 I/Analytics(27694): start session(com.miui.notes)
05-24 10:39:48.616 D/ConnectivityManager.CallbackHandler( 1429): CM callback handler got msg 524295
05-24 10:39:48.616 D/ConnectivityManager.CallbackHandler( 1429): CM callback handler got msg 524295
05-24 10:39:48.626 I/Analytics(27694): end session(com.miui.notes)
05-24 10:39:48.656 D/miuisdk (27722): current sdk level is 3
05-24 10:39:48.726 I/Analytics(27722): start session(com.android.soundrecorder)
05-24 10:39:48.736 I/Analytics(27722): end session(com.android.soundrecorder)
05-24 10:39:48.756 I/ResourceDataManager(20670): refreshing local resources
05-24 10:39:48.816 W/System.err( 3413): java.lang.ArrayIndexOutOfBoundsException: length=58; index=58
05-24 10:39:48.816 W/System.err( 3413): 	at com.lbe.security.service.provider.internal.AppOpsAdapter$1.getDefaultOp(AppOpsAdapter.java:279)
05-24 10:39:48.816 W/System.err( 3413): 	at com.android.internal.app.IOpsCallback$Stub.onTransact(IOpsCallback.java:68)
05-24 10:39:48.816 W/System.err( 3413): 	at android.os.Binder.execTransact(Binder.java:446)
05-24 10:39:48.846 D/miuisdk (27754): current sdk level is 3
05-24 10:39:48.856 I/ResourceDataManager(20670): building index
05-24 10:39:48.866 I/Analytics(20670): start session(com.android.thememanager)
05-24 10:39:48.866 I/Analytics(20670): end session(com.android.thememanager)
05-24 10:39:48.876 V/KscApplication(27754): Process: com.android.fileexplorer started
05-24 10:39:48.896 V/FileExplorerApplication(27754): Application Created.
05-24 10:39:48.906 D/DnsFallback(  432): query: resolver.gslb.mi-idc.com
05-24 10:39:48.906 D/DnsFallback(  432): query: market.xiaomi.com
05-24 10:39:48.906 I/XiaomiFirewall( 1624): firewall pkgName:com.android.thememanager, result:0
05-24 10:39:48.946 D/PrivateDBHelper(27754): DB initialized
05-24 10:39:48.976 D/FileExplorer(27754): StorageHelper free: 47911723008
05-24 10:39:48.976 I/Analytics(27754): start session(com.android.fileexplorer)
05-24 10:39:48.976 I/Analytics(27754): end session(com.android.fileexplorer)
05-24 10:39:48.996 D/Theme   (20670): host really changed: true for HOST_API_WIFI
05-24 10:39:48.996 D/Theme   (20670): host really changed: true for HOST_FILE_WIFI
05-24 10:39:49.016 D/o       ( 3810): response : {"code":"200","desc":"Operation successfully"}
05-24 10:39:49.016 D/ServiceManager(27754): ServiceManager connected
05-24 10:39:49.016 E/WifiStateMachine( 1015): WifiStateMachine CMD_START_SCAN source -2 txSuccessRate=19266.00 rxSuccessRate=80808.00 targetRoamBSSID=any RSSI=-62
05-24 10:39:49.026 D/ImageCache(27754): ImageCache MaxSize set to 67108864
05-24 10:39:49.036 W/System.err( 3413): java.lang.ArrayIndexOutOfBoundsException: length=58; index=58
05-24 10:39:49.036 W/System.err( 3413): 	at com.lbe.security.service.provider.internal.AppOpsAdapter$1.getDefaultOp(AppOpsAdapter.java:279)
05-24 10:39:49.036 W/System.err( 3413): 	at com.android.internal.app.IOpsCallback$Stub.onTransact(IOpsCallback.java:68)
05-24 10:39:49.036 W/System.err( 3413): 	at android.os.Binder.execTransact(Binder.java:446)
05-24 10:39:49.086 D/o       ( 3810): Upload successfully
05-24 10:39:49.106 D/LieBaoSDK(19678): liebao service connected
05-24 10:39:49.156 W/        ( 3810): Unable to open '/system/framework/extendedmediaextractor.jar': No such file or directory
05-24 10:39:49.156 W/art     ( 3810): Failed to open zip archive '/system/framework/extendedmediaextractor.jar': I/O Error
05-24 10:39:49.316 I/MSM-irqbalance(  522): Decided to move IRQ216 from CPU1 to CPU0
05-24 10:39:49.326 D/o       ( 3810): availableRes : {"result":1}
05-24 10:39:49.376 W/        ( 3810): Unable to open '/system/framework/extendedmediaextractor.jar': No such file or directory
05-24 10:39:49.376 W/art     ( 3810): Failed to open zip archive '/system/framework/extendedmediaextractor.jar': I/O Error
05-24 10:39:49.536 W/System.err( 3413): java.lang.ArrayIndexOutOfBoundsException: length=58; index=58
05-24 10:39:49.536 W/System.err( 3413): 	at com.lbe.security.service.provider.internal.AppOpsAdapter$1.getDefaultOp(AppOpsAdapter.java:279)
05-24 10:39:49.536 W/System.err( 3413): 	at com.android.internal.app.IOpsCallback$Stub.onTransact(IOpsCallback.java:68)
05-24 10:39:49.536 W/System.err( 3413): 	at android.os.Binder.execTransact(Binder.java:446)
05-24 10:39:49.586 D/o       ( 3810): response : {"code":"200","desc":"Operation successfully"}
05-24 10:39:49.626 D/o       ( 3810): Upload successfully
05-24 10:39:49.686 W/        ( 3810): Unable to open '/system/framework/extendedmediaextractor.jar': No such file or directory
05-24 10:39:49.686 W/art     ( 3810): Failed to open zip archive '/system/framework/extendedmediaextractor.jar': I/O Error
05-24 10:39:49.816 D/DnsFallback(  432): query: img.shouji.sogou.com
05-24 10:39:49.816 D/DnsFallback(  432): query: img.shouji.sogou.com
05-24 10:39:49.826 D/DnsFallback(  432): query: img.shouji.sogou.com
05-24 10:39:49.826 D/DnsFallback(  432): query: img.shouji.sogou.com
05-24 10:39:49.826 D/DnsFallback(  432): query: img.shouji.sogou.com
05-24 10:39:49.826 D/DnsFallback(  432): query: img.shouji.sogou.com
05-24 10:39:49.826 D/DnsFallback(  432): query: img.shouji.sogou.com
05-24 10:39:49.826 D/DnsFallback(  432): query: img.shouji.sogou.com
05-24 10:39:49.846 D/PhoneStatusBar( 1429): removeNotification key=android.os.Binder@1cd4b894 old=StatusBarNotification(pkg=com.sohu.inputmethod.sogou user=UserHandle{0} id=1 tag=null score=0 key=0|com.sohu.inputmethod.sogou|1|null|10124: Notification(pri=0 contentView=com.sohu.inputmethod.sogou/0x1090083 vibrate=null sound=null defaults=0x0 flags=0x10 color=0x00000000 vis=PRIVATE))
05-24 10:39:49.876 D/o       ( 3810): availableRes : {"result":1}
05-24 10:39:49.896 W/        ( 3810): Unable to open '/system/framework/extendedmediaextractor.jar': No such file or directory
05-24 10:39:49.896 W/art     ( 3810): Failed to open zip archive '/system/framework/extendedmediaextractor.jar': I/O Error
05-24 10:39:49.906 D/PhoneStatusBar( 1429): addNotification pkg=com.sohu.inputmethod.sogou;basepkg=com.sohu.inputmethod.sogou;id=1
05-24 10:39:49.946 D/PhoneStatusBar( 1429): removeNotification key=android.os.Binder@3cb5aa2a old=StatusBarNotification(pkg=com.sohu.inputmethod.sogou user=UserHandle{0} id=1 tag=null score=0 key=0|com.sohu.inputmethod.sogou|1|null|10124: Notification(pri=0 contentView=com.sohu.inputmethod.sogou/0x1090083 vibrate=null sound=null defaults=0x0 flags=0x10 color=0x00000000 vis=PRIVATE))
05-24 10:39:49.946 D/PhoneStatusBar( 1429): addNotification pkg=com.sohu.inputmethod.sogou;basepkg=com.sohu.inputmethod.sogou;id=1
05-24 10:39:50.036 W/System.err( 3413): java.lang.ArrayIndexOutOfBoundsException: length=58; index=58
05-24 10:39:50.036 W/System.err( 3413): 	at com.lbe.security.service.provider.internal.AppOpsAdapter$1.getDefaultOp(AppOpsAdapter.java:279)
05-24 10:39:50.036 W/System.err( 3413): 	at com.android.internal.app.IOpsCallback$Stub.onTransact(IOpsCallback.java:68)
05-24 10:39:50.036 W/System.err( 3413): 	at android.os.Binder.execTransact(Binder.java:446)
05-24 10:39:50.226 D/wpa_supplicant( 1423): wlan0: Control interface command 'SIGNAL_POLL'
05-24 10:39:50.236 D/ConnectivityManager.CallbackHandler( 1429): CM callback handler got msg 524290
05-24 10:39:50.236 D/StatusBar.NetworkController( 1429): slot=-10;action=android.net.wifi.RSSI_CHANGED
05-24 10:39:50.236 D/SecurityController( 1429): onAvailable 103 : [ Transports: WIFI Capabilities: INTERNET&NOT_RESTRICTED&TRUSTED&NOT_VPN LinkUpBandwidth>=1048576Kbps LinkDnBandwidth>=1048576Kbps]
05-24 10:39:50.236 D/StatusBar.NetworkController( 1429): updateNetworkName mNetworkName[0]= mTempNetworkName[0] = 
05-24 10:39:50.236 D/StatusBar.NetworkController( 1429): updateNetworkName mNetworkName[1]= mTempNetworkName[1] = 
05-24 10:39:50.266 I/dex2oat (27858): /system/bin/dex2oat --runtime-arg -classpath --runtime-arg  --instruction-set=arm --instruction-set-features=div,needfix_835769 --runtime-arg -Xrelocate --boot-image=/system/framework/boot.art --dex-file=/data/data/com.qihoo360.mobilesafe/files/com.qihoo360.mobilesafe_WifiExam338091027_apm.jar --oat-fd=48 --oat-location=/data/data/com.qihoo360.mobilesafe/files/com.qihoo360.mobilesafe_WifiExam338091027_apm.dex --runtime-arg -Xms64m --runtime-arg -Xmx512m
05-24 10:39:50.316 I/dex2oat (27858): dex2oat took 52.258ms (threads: 8)
05-24 10:39:50.346 D/DnsFallback(  432): query: s3.qhimg.com
05-24 10:39:50.356 I/XiaomiFirewall( 1624): firewall pkgName:com.qihoo360.mobilesafe, result:0
05-24 10:39:50.456 W/Settings(19789): Setting android_id has moved from android.provider.Settings.System to android.provider.Settings.Secure, returning read-only value.
05-24 10:39:50.526 D/DnsFallback(  432): query: scan.call.f.360.cn
05-24 10:39:50.536 I/XiaomiFirewall( 1624): firewall pkgName:com.qihoo360.mobilesafe, result:0
05-24 10:39:50.796 D/o       ( 3810): response : {"code":"200","desc":"Operation successfully"}
05-24 10:39:50.826 D/o       ( 3810): Upload successfully
05-24 10:39:50.856 D/o       ( 3810): No data in db
05-24 10:39:50.886 D/o       ( 3810): No data in db
05-24 10:39:50.956 D/KscService(19678): doTryStop(): -1
05-24 10:39:51.036 D/DnsFallback(  432): query: input.shouji.sogou.com
05-24 10:39:51.036 I/XiaomiFirewall( 1624): firewall pkgName:com.sohu.inputmethod.sogou, result:0
05-24 10:39:51.046 W/System.err( 3413): java.lang.ArrayIndexOutOfBoundsException: length=58; index=58
05-24 10:39:51.046 W/System.err( 3413): 	at com.lbe.security.service.provider.internal.AppOpsAdapter$1.getDefaultOp(AppOpsAdapter.java:279)
05-24 10:39:51.046 W/System.err( 3413): 	at com.android.internal.app.IOpsCallback$Stub.onTransact(IOpsCallback.java:68)
05-24 10:39:51.046 W/System.err( 3413): 	at android.os.Binder.execTransact(Binder.java:446)
05-24 10:39:51.146 W/XTWiFiOS( 1015): No entry in secure settings for enhanced location services: false
05-24 10:39:51.146 D/SystemAdReceiver( 1997): SystemAdReceiverandroid.net.conn.CONNECTIVITY_CHANGE
05-24 10:39:51.146 D/RemoteServerManager( 1997): last time = 1464000083242
05-24 10:39:51.146 D/RemoteServerManager( 1997): now time = 1464057591153
05-24 10:39:51.146 D/LocSvc_java( 1015): Sending msg: 4 arg1:1 arg2:1
05-24 10:39:51.146 I/TrafficManageService( 1624): mina connectivity updated
05-24 10:39:51.146 D/StatusBar.NetworkController( 1429): slot=-10;action=android.net.conn.CONNECTIVITY_CHANGE
05-24 10:39:51.146 D/StatusBar.NetworkController( 1429): onReceive, ConnectivityManager.CONNECTIVITY_ACTION network type is 1
05-24 10:39:51.156 D/aA      ( 4508): DownloadProgressReceiver action: android.net.conn.CONNECTIVITY_CHANGE
05-24 10:39:51.166 I/XiaomiFirewall( 1624): firewall pkgName:com.yaya.mmbang, result:0
05-24 10:39:51.166 D/FolderUtils( 1997): we check the uplimit of disk
05-24 10:39:51.176 D/MAA     (26482): Webview set proxy failure
05-24 10:39:51.176 D/LocSvc_java( 1015): getAGpsConnectionInfo connType - 4
05-24 10:39:51.176 D/LocSvc_java( 1015): updateNetworkState connTyp: 4 available info: [type: WIFI[], state: CONNECTED/CONNECTED, reason: (unspecified), extra: "iyaya_5.8", roaming: false, failover: false, isAvailable: true, isConnectedToProvisioningNetwork: false] info.getType():1
05-24 10:39:51.176 D/LocSvc_java( 1015): ignore wifi update if we are not in OPENING or CLOSING
05-24 10:39:51.176 V/Mms     (21059): [1] MmsSystemEventReceiver.java(301): mobile mms available
05-24 10:39:51.176 V/Mms     (21059): [1] MmsSystemEventReceiver.java(107): isListening slotId 0 allowed is false
05-24 10:39:51.176 V/Mms     (21059): [1] MmsSystemEventReceiver.java(107): isListening slotId 1 allowed is false
05-24 10:39:51.186 W/ContextImpl(19259): Implicit intents with startService are not safe: Intent { act=com.qihoo.appstore.checkupdate.NOTIFY_APP_UPDATE } android.content.ContextWrapper.startService:515 com.qihoo.j.b.j:206 com.qihoo.j.b.b:76 
05-24 10:39:51.186 W/        ( 1997): Unable to open '/system/framework/extendedmediaextractor.jar': No such file or directory
05-24 10:39:51.186 W/art     ( 1997): Failed to open zip archive '/system/framework/extendedmediaextractor.jar': I/O Error
05-24 10:39:51.186 D/DnsFallback(  432): query: api.sec.miui.com
05-24 10:39:51.186 D/DnsFallback(  432): query: api.ad.xiaomi.com
05-24 10:39:51.186 I/TrafficManageService( 1624): mina mConnectivityReceiver onReceive, update mEffectiveSlotNum:0
05-24 10:39:51.186 I/TrafficManageService( 1624): reportSms
05-24 10:39:51.186 I/TrafficManageService( 1624): reportSms
05-24 10:39:51.206 I/XiaomiFirewall( 1624): firewall pkgName:com.qihoo.appstore, result:0
05-24 10:39:51.206 W/Settings(19789): Setting android_id has moved from android.provider.Settings.System to android.provider.Settings.Secure, returning read-only value.
05-24 10:39:51.206 I/XiaomiFirewall( 1624): firewall pkgName:com.miui.systemAdSolution, result:0
05-24 10:39:51.206 I/XiaomiFirewall( 1624): firewall pkgName:com.lbe.security.miui, result:0
05-24 10:39:51.206 I/XiaomiFirewall( 1624): firewall pkgName:com.android.settings, result:0
05-24 10:39:51.216 W/        ( 1997): Unable to open '/system/framework/extendedmediaextractor.jar': No such file or directory
05-24 10:39:51.216 W/art     ( 1997): Failed to open zip archive '/system/framework/extendedmediaextractor.jar': I/O Error
05-24 10:39:51.216 D/DnsFallback(  432): query: localhost
05-24 10:39:51.216 D/DnsFallback(  432): query: localhost
05-24 10:39:51.226 I/WebApiAccessHelper( 1624): access url:[https://api.sec.miui.com/common/whiteList/saveTraffic]
05-24 10:39:51.226 I/WebApiAccessHelper( 1624): [appVersion=41210, carrier=unknown, device=leo, miuiVersion=V7.0.5.0.LXHCNCI, param=eyJpbWVpIjoiZjhkYzk4NTA2N2E1MTQwY2M2OGY1ZmMxNDJkNzc5YjQiLCJkYXRhVmVyc2lvbiI6MCwiaXNEaWZmIjp0cnVlfQ==, region=CN, versionType=stable, sign=BB81733E0C498B9CE7A578ABAB8701C4]
05-24 10:39:51.226 W/ContextImpl(19259): Implicit intents with startService are not safe: Intent { act=com.qihoo.appstore.checkupdate.CHECK_BAOHE_UPDATE } android.content.ContextWrapper.startService:515 com.qihoo.j.a.a:270 com.qihoo.j.b.b:77 
05-24 10:39:51.226 W/        ( 1624): Unable to open '/system/framework/extendedmediaextractor.jar': No such file or directory
05-24 10:39:51.226 W/art     ( 1624): Failed to open zip archive '/system/framework/extendedmediaextractor.jar': I/O Error
05-24 10:39:51.226 W/System.err( 1494): java.io.FileNotFoundException: /data/data/com.android.settings/cache/com.xiaomi.miui.pushads.sdk:logcache: open failed: ENOENT (No such file or directory)
05-24 10:39:51.226 D/DnsFallback(  432): query: api.sec.miui.com
05-24 10:39:51.226 W/System.err( 1494): 	at libcore.io.IoBridge.open(IoBridge.java:456)
05-24 10:39:51.226 W/System.err( 1494): 	at java.io.FileInputStream.<init>(FileInputStream.java:76)
05-24 10:39:51.226 W/System.err( 1494): 	at com.xiaomi.miui.pushads.sdk.b.b.zP(AdsLogCache.java:68)
05-24 10:39:51.226 W/System.err( 1494): 	at com.xiaomi.miui.pushads.sdk.b.c.zR(AdsLogSender.java:128)
05-24 10:39:51.226 W/System.err( 1494): 	at com.xiaomi.miui.pushads.sdk.b.c.Af(AdsLogSender.java:160)
05-24 10:39:51.226 W/System.err( 1494): 	at com.xiaomi.miui.pushads.sdk.b.f.onReceive(AdsNetReceiver.java:28)
05-24 10:39:51.226 W/System.err( 1494): 	at android.app.LoadedApk$ReceiverDispatcher$Args.run(LoadedApk.java:863)
05-24 10:39:51.226 W/System.err( 1494): 	at android.os.Handler.handleCallback(Handler.java:739)
05-24 10:39:51.226 W/System.err( 1494): 	at android.os.Handler.dispatchMessage(Handler.java:95)
05-24 10:39:51.226 W/System.err( 1494): 	at android.os.Looper.loop(Looper.java:135)
05-24 10:39:51.226 W/System.err( 1494): 	at android.app.ActivityThread.main(ActivityThread.java:5250)
05-24 10:39:51.226 W/System.err( 1494): 	at java.lang.reflect.Method.invoke(Native Method)
05-24 10:39:51.226 W/System.err( 1494): 	at java.lang.reflect.Method.invoke(Method.java:372)
05-24 10:39:51.226 W/System.err( 1494): 	at com.android.internal.os.ZygoteInit$MethodAndArgsCaller.run(ZygoteInit.java:911)
05-24 10:39:51.226 W/System.err( 1494): 	at com.android.internal.os.ZygoteInit.main(ZygoteInit.java:706)
05-24 10:39:51.226 W/System.err( 1494): Caused by: android.system.ErrnoException: open failed: ENOENT (No such file or directory)
05-24 10:39:51.226 W/System.err( 1494): 	at libcore.io.Posix.open(Native Method)
05-24 10:39:51.226 W/System.err( 1494): 	at libcore.io.BlockGuardOs.open(BlockGuardOs.java:186)
05-24 10:39:51.226 W/System.err( 1494): 	at libcore.io.IoBridge.open(IoBridge.java:442)
05-24 10:39:51.226 W/System.err( 1494): 	... 14 more
05-24 10:39:51.236 I/XiaomiFirewall( 1624): firewall pkgName:com.miui.networkassistant, result:0
05-24 10:39:51.246 I/NetworkDiagnostics_CheckStateManager( 1624): NetworkChanged newType=WifiConnected CurType=Diconnected
05-24 10:39:51.246 I/NetworkDiagnostics_CheckStateManager( 1624): NetworkChanged newIf="iyaya_5.8" CurIf=null
05-24 10:39:51.246 D/DnsFallback(  432): query: md.openapi.360.cn
05-24 10:39:51.256 W/System.err( 1494): java.io.FileNotFoundException: /data/data/com.android.settings/cache/com.xiaomi.miui.pushads.sdk:adscache: open failed: ENOENT (No such file or directory)
05-24 10:39:51.256 W/System.err( 1494): 	at libcore.io.IoBridge.open(IoBridge.java:456)
05-24 10:39:51.256 W/System.err( 1494): 	at java.io.FileInputStream.<init>(FileInputStream.java:76)
05-24 10:39:51.256 W/System.err( 1494): 	at com.xiaomi.miui.pushads.sdk.h.zP(NotifyAdsCache.java:63)
05-24 10:39:51.256 W/System.err( 1494): 	at com.xiaomi.miui.pushads.sdk.NotifyAdsManagerNew.zR(NotifyAdsManagerNew.java:1011)
05-24 10:39:51.256 W/System.err( 1494): 	at com.xiaomi.miui.pushads.sdk.NotifyAdsManagerNew.e(NotifyAdsManagerNew.java:52)
05-24 10:39:51.256 W/System.err( 1494): 	at com.xiaomi.miui.pushads.sdk.m.handleMessage(NotifyAdsManagerNew.java:232)
05-24 10:39:51.256 W/System.err( 1494): 	at android.os.Handler.dispatchMessage(Handler.java:102)
05-24 10:39:51.256 W/System.err( 1494): 	at android.os.Looper.loop(Looper.java:135)
05-24 10:39:51.256 W/System.err( 1494): 	at android.app.ActivityThread.main(ActivityThread.java:5250)
05-24 10:39:51.256 W/System.err( 1494): 	at java.lang.reflect.Method.invoke(Native Method)
05-24 10:39:51.256 W/System.err( 1494): 	at java.lang.reflect.Method.invoke(Method.java:372)
05-24 10:39:51.256 W/System.err( 1494): 	at com.android.internal.os.ZygoteInit$MethodAndArgsCaller.run(ZygoteInit.java:911)
05-24 10:39:51.256 W/System.err( 1494): 	at com.android.internal.os.ZygoteInit.main(ZygoteInit.java:706)
05-24 10:39:51.256 W/System.err( 1494): Caused by: android.system.ErrnoException: open failed: ENOENT (No such file or directory)
05-24 10:39:51.256 W/System.err( 1494): 	at libcore.io.Posix.open(Native Method)
05-24 10:39:51.256 W/System.err( 1494): 	at libcore.io.BlockGuardOs.open(BlockGuardOs.java:186)
05-24 10:39:51.256 W/System.err( 1494): 	at libcore.io.IoBridge.open(IoBridge.java:442)
05-24 10:39:51.256 W/System.err( 1494): 	... 12 more
05-24 10:39:51.276 D/Http Post( 1997): Http Post Success
05-24 10:39:51.276 D/SystemAdController( 1997): All parse process done!
05-24 10:39:51.286 D/Http Post( 1997): Http Post Success
05-24 10:39:51.286 D/Ad SDK  ( 1997): Http Response{"lurl":""}
05-24 10:39:51.306 D/FolderUtils( 1997): we check the uplimit of disk
05-24 10:39:51.306 D/FolderUtils( 1997): we check the uplimit of disk
05-24 10:39:51.316 D/DnsFallback(  432): query: astrategy.beacon.qq.com
05-24 10:39:51.346 D/DnsFallback(  432): query: p.spam.shouji.360.cn
05-24 10:39:51.366 D/DnsFallback(  432): query: aeventlog.beacon.qq.com
05-24 10:39:51.376 W/System.err( 3413): java.lang.NullPointerException: Attempt to get length of null array
05-24 10:39:51.376 W/System.err( 3413): 	at com.google.protobuf.AbstractMessageLite$Builder.mergeFrom(AbstractMessageLite.java:153)
05-24 10:39:51.376 W/System.err( 3413): 	at com.lbe.protocol.LBERecommendPkgPermProtoBuf$PkgPermResponse.parseFrom(LBERecommendPkgPermProtoBuf.java:11463)
05-24 10:39:51.376 W/System.err( 3413): 	at com.lbe.security.service.provider.internal.CloudUpdater$CloudQueryAction.doInBackground(CloudUpdater.java:194)
05-24 10:39:51.376 W/System.err( 3413): 	at com.lbe.security.service.provider.internal.CloudUpdater$CloudQueryAction.doInBackground(CloudUpdater.java:167)
05-24 10:39:51.376 W/System.err( 3413): 	at android.os.AsyncTask$2.call(AsyncTask.java:288)
05-24 10:39:51.376 W/System.err( 3413): 	at java.util.concurrent.FutureTask.run(FutureTask.java:237)
05-24 10:39:51.376 W/System.err( 3413): 	at java.util.concurrent.ThreadPoolExecutor.runWorker(ThreadPoolExecutor.java:1112)
05-24 10:39:51.376 W/System.err( 3413): 	at java.util.concurrent.ThreadPoolExecutor$Worker.run(ThreadPoolExecutor.java:587)
05-24 10:39:51.376 W/System.err( 3413): 	at java.lang.Thread.run(Thread.java:818)
05-24 10:39:51.376 I/XiaomiFirewall( 1624): firewall pkgName:com.tencent.mobileqq, result:0
05-24 10:39:51.376 I/WebApiAccessHelper( 1624): response:[{}], from url:[https://api.sec.miui.com/common/whiteList/saveTraffic]
05-24 10:39:51.376 I/WebApiAccessHelper( 1624): updateTrafficSavingWhiteList ret={}
05-24 10:39:51.376 I/UpdateTrafficSavingWhiteListResult( 1624): constructor jsonstr = {}
05-24 10:39:51.386 D/DnsFallback(  432): query: astrategy.beacon.qq.com
05-24 10:39:51.386 I/AutoMonitor(24584): onActivityCreatecom.tencent.mobileqq.contactsync.syncadapter.SyncService@26e8827a
05-24 10:39:51.386 I/AutoMonitor(24584): onActivityCreate1, 2
05-24 10:39:51.386 D/mqq     (24584): doInit begin withcom.tencent.mobileqq
05-24 10:39:51.406 D/MSF.D.Proxy(24584): start service finish
05-24 10:39:51.406 D/MSF.S.MsfService(20809): serivce onStart
05-24 10:39:51.416 D/MSF.D.Proxy(24584): threadID:1, threadName: main bind com.tencent.mobileqq.msf.service.MsfService service finished true
05-24 10:39:51.416 D/MobileQQ(24584): createNewRuntime, truefalse5null
05-24 10:39:51.426 W/        (19259): Unable to open '/system/framework/extendedmediaextractor.jar': No such file or directory
05-24 10:39:51.426 W/art     (19259): Failed to open zip archive '/system/framework/extendedmediaextractor.jar': I/O Error
05-24 10:39:51.426 D/Volley  (19335): [1952] CookiesInterceptor.onRequestInterceptor: ConnectInterceptor
05-24 10:39:51.426 D/DnsFallback(  432): query: openbox.mobilem.360.cn
05-24 10:39:51.426 D/DnsFallback(  432): query: p.s.360.cn
05-24 10:39:51.436 I/XiaomiFirewall( 1624): firewall pkgName:com.qihoo.appstore, result:0
05-24 10:39:51.436 D/MSF.D.Proxy(24584): start service finish
05-24 10:39:51.446 D/MSF.S.MsfService(20809): serivce onStart
05-24 10:39:51.446 D/MSF.D.Proxy(24584): threadID:1, threadName: main bind com.tencent.mobileqq.msf.service.MsfService service finished true
05-24 10:39:51.446 D/MobileQQ(24584): CNR account != null and account.isLogined =false
05-24 10:39:51.456 D/Volley  (19335): [1956] CookiesInterceptor.onRequestInterceptor: ConnectInterceptor
05-24 10:39:51.466 I/UniformDownloadMgr<FileAssistant>(24584): [UniformDL] UniformDownloadMgr.getInstance.create
05-24 10:39:51.476 I/UniformDownloadMgr<FileAssistant>(24584): [UniformDL] UniformDownloadMgr onAppInit...
05-24 10:39:51.476 D/mqq     (24584): doInit finished
05-24 10:39:51.486 D/Rdm     (24584): doStep...process=com.tencent.mobileqq, sRdmState=1
05-24 10:39:51.506 D/miuisdk (27905): current sdk level is 3
05-24 10:39:51.536 I/AutoMonitor(24584): onActivityCreatecom.tencent.mobileqq.app.CoreService$KernelService@9e82301
05-24 10:39:51.536 I/AutoMonitor(24584): onActivityCreate201, 2
05-24 10:39:51.536 D/MSF.D.QLog(24584): set UIN_REPORTLOG_LEVEL 1
05-24 10:39:51.546 D/MSF.D.QLog(24555): set UIN_REPORTLOG_LEVEL 1
05-24 10:39:51.556 D/MSF.D.QLog(24584): set UIN_REPORTLOG_LEVEL 1
05-24 10:39:51.556 D/MSF.D.QLog(24555): set UIN_REPORTLOG_LEVEL 1
05-24 10:39:51.566 I/XiaomiFirewall( 1624): firewall pkgName:com.tencent.mobileqq, result:0
05-24 10:39:51.566 I/XiaomiFirewall( 1624): firewall pkgName:com.tencent.mobileqq, result:0
05-24 10:39:51.566 D/Volley  (19335): [1862] CookiesInterceptor.onRequestInterceptor: ConnectInterceptor
05-24 10:39:51.566 D/Volley  (19335): [1953] CookiesInterceptor.onRequestInterceptor: ConnectInterceptor
05-24 10:39:51.586 D/DnsFallback(  432): query: update.api.sj.360.cn
05-24 10:39:51.616 D/miuisdk (27949): current sdk level is 3
05-24 10:39:51.646 D/Volley  (19335): [1950] CookiesInterceptor.onRequestInterceptor: ConnectInterceptor
05-24 10:39:51.676 I/libthemeutils(27978): Theme libthemeutil.so load success
05-24 10:39:51.676 I/XiaomiFirewall( 1624): firewall pkgName:android, result:0
05-24 10:39:51.746 D/NetworkMonitorNetworkAgentInfo [WIFI () - null]( 1015): isCaptivePortal: ret=204 headers={null=[HTTP/1.1 204 No Content], Connection=[keep-alive], Date=[Tue, 24 May 2016 02:39:51 GMT], Server=[Server/2.1.0], X-Android-Received-Millis=[1464057591749], X-Android-Response-Source=[NETWORK 204], X-Android-Sent-Millis=[1464057591716]}
05-24 10:39:51.746 D/NetworkMonitorNetworkAgentInfo [WIFI () - null]( 1015): Validated
05-24 10:39:51.746 D/ConnectivityManager.CallbackHandler( 1429): CM callback handler got msg 524290
05-24 10:39:51.746 D/StatusBar.NetworkController( 1429): slot=-10;action=android.net.conn.INET_CONDITION_ACTION
05-24 10:39:51.746 D/SecurityController( 1429): onAvailable 103 : [ Transports: WIFI Capabilities: INTERNET&NOT_RESTRICTED&TRUSTED&NOT_VPN LinkUpBandwidth>=1048576Kbps LinkDnBandwidth>=1048576Kbps]
05-24 10:39:51.756 D/Volley  (19335): [1951] CookiesInterceptor.onRequestInterceptor: ConnectInterceptor
05-24 10:39:51.766 W/        (19259): Unable to open '/system/framework/extendedmediaextractor.jar': No such file or directory
05-24 10:39:51.766 W/art     (19259): Failed to open zip archive '/system/framework/extendedmediaextractor.jar': I/O Error
05-24 10:39:51.776 D/DnsFallback(  432): query: sdk.s.360.cn
05-24 10:39:51.836 D/Volley  (19335): [1952] CookiesInterceptor.onRequestInterceptor: ConnectInterceptor
05-24 10:39:51.836 I/MultiDex(27978): VM with version 2.1.0 has multidex support
05-24 10:39:51.836 D/weibo   (27978): this is not a debug version
05-24 10:39:51.836 D/weibo   (27978): this is not a debug version
05-24 10:39:51.846 I/MultiDex(27978): VM has multidex support, MultiDex support library is disabled.
05-24 10:39:51.846 D/time    (27978): multidex install time:17
05-24 10:39:51.856 I/WebViewFactory(27905): Loading com.google.android.webview version 37 (1602158-arm) (code 111201)
05-24 10:39:51.896 W/        (19259): Unable to open '/system/framework/extendedmediaextractor.jar': No such file or directory
05-24 10:39:51.896 W/art     (19259): Failed to open zip archive '/system/framework/extendedmediaextractor.jar': I/O Error
05-24 10:39:51.916 D/Volley  (19335): [1959] CookiesInterceptor.onRequestInterceptor: ConnectInterceptor
05-24 10:39:51.926 D/weibo   (27978): this is not a debug version
05-24 10:39:51.926 D/weibo   (27978): this model has no MANIFEST.MF file
05-24 10:39:51.926 D/weibo   (27978): this is not a debug version
05-24 10:39:51.926 D/weibo   (27978): this model has no MANIFEST.MF file
05-24 10:39:51.926 D/weibo   (27978): this is not a debug version
05-24 10:39:51.956 I/LibraryLoader(27905): Loading: webviewchromium
05-24 10:39:51.966 W/        (28011): Unable to open '/system/framework/extendedmediaextractor.jar': No such file or directory
05-24 10:39:51.966 W/art     (28011): Failed to open zip archive '/system/framework/extendedmediaextractor.jar': I/O Error
05-24 10:39:52.046 W/        (28011): Unable to open '/system/framework/extendedmediaextractor.jar': No such file or directory
05-24 10:39:52.046 W/art     (28011): Failed to open zip archive '/system/framework/extendedmediaextractor.jar': I/O Error
05-24 10:39:52.046 W/System.err( 3413): java.lang.ArrayIndexOutOfBoundsException: length=58; index=58
05-24 10:39:52.046 W/System.err( 3413): 	at com.lbe.security.service.provider.internal.AppOpsAdapter$1.getDefaultOp(AppOpsAdapter.java:279)
05-24 10:39:52.046 W/System.err( 3413): 	at com.android.internal.app.IOpsCallback$Stub.onTransact(IOpsCallback.java:68)
05-24 10:39:52.046 W/System.err( 3413): 	at android.os.Binder.execTransact(Binder.java:446)
05-24 10:39:52.056 D/weibo   (27978): this is not a debug version
05-24 10:39:52.076 W/        (19259): Unable to open '/system/framework/extendedmediaextractor.jar': No such file or directory
05-24 10:39:52.076 W/art     (19259): Failed to open zip archive '/system/framework/extendedmediaextractor.jar': I/O Error
05-24 10:39:52.076 D/weibo   (27978): this is not a debug version
05-24 10:39:52.076 D/weibo   (27978): this is not a debug version
05-24 10:39:52.126 D/Volley  (19335): [1953] CookiesInterceptor.onRequestInterceptor: ConnectInterceptor
05-24 10:39:52.156 I/LibraryLoader(27905): Time to load native libraries: 207 ms (timestamps 6641-6848)
05-24 10:39:52.156 I/LibraryLoader(27905): Expected native library version number "",actual native library version number ""
05-24 10:39:52.176 D/MAA     (26482): Webview set proxy failure
05-24 10:39:52.186 D/GameServiceClient(28011): GameService::bindService
05-24 10:39:52.196 W/art     (27905): Attempt to remove local handle scope entry from IRT, ignoring
05-24 10:39:52.216 W/        (19259): Unable to open '/system/framework/extendedmediaextractor.jar': No such file or directory
05-24 10:39:52.216 W/art     (19259): Failed to open zip archive '/system/framework/extendedmediaextractor.jar': I/O Error
05-24 10:39:52.236 D/Volley  (19335): [1862] CookiesInterceptor.onRequestInterceptor: ConnectInterceptor
05-24 10:39:52.266 D/weibo   (27978): this is not a debug version
05-24 10:39:52.266 D/weibo   (27978): this model has no MANIFEST.MF file
05-24 10:39:52.266 D/weibo   (27978): this is not a debug version
05-24 10:39:52.266 D/weibo   (27978): this is not a debug version
05-24 10:39:52.266 W/System.err(27978): java.io.FileNotFoundException: videolive.jar
05-24 10:39:52.266 W/System.err(27978): 	at android.content.res.AssetManager.openAsset(Native Method)
05-24 10:39:52.266 W/System.err(27978): 	at android.content.res.AssetManager.open(AssetManager.java:317)
05-24 10:39:52.266 W/System.err(27978): 	at android.content.res.AssetManager.open(AssetManager.java:291)
05-24 10:39:52.266 W/System.err(27978): 	at com.sina.weibo.bundlemanager.h$a.a(WBBundle.java:355)
05-24 10:39:52.266 W/System.err(27978): 	at com.sina.weibo.bundlemanager.h.a(WBBundle.java:106)
05-24 10:39:52.266 W/System.err(27978): 	at com.sina.weibo.bundlemanager.i.e(ModuleManager.java:261)
05-24 10:39:52.266 W/System.err(27978): 	at com.sina.weibo.bundlemanager.i.a(ModuleManager.java:226)
05-24 10:39:52.266 W/System.err(27978): 	at com.sina.weibo.WeiboApplication.attachBaseContext(WeiboApplication.java:580)
05-24 10:39:52.266 W/System.err(27978): 	at android.app.Application.attach(Application.java:185)
05-24 10:39:52.266 W/System.err(27978): 	at android.app.Instrumentation.newApplication(Instrumentation.java:995)
05-24 10:39:52.266 W/System.err(27978): 	at android.app.Instrumentation.newApplication(Instrumentation.java:979)
05-24 10:39:52.266 W/System.err(27978): 	at android.app.LoadedApk.makeApplication(LoadedApk.java:560)
05-24 10:39:52.266 W/System.err(27978): 	at android.app.ActivityThread.handleBindApplication(ActivityThread.java:4518)
05-24 10:39:52.266 W/System.err(27978): 	at android.app.ActivityThread.access$1500(ActivityThread.java:147)
05-24 10:39:52.266 W/System.err(27978): 	at android.app.ActivityThread$H.handleMessage(ActivityThread.java:1353)
05-24 10:39:52.266 W/System.err(27978): 	at android.os.Handler.dispatchMessage(Handler.java:102)
05-24 10:39:52.266 W/System.err(27978): 	at android.os.Looper.loop(Looper.java:135)
05-24 10:39:52.266 W/System.err(27978): 	at android.app.ActivityThread.main(ActivityThread.java:5250)
05-24 10:39:52.266 W/System.err(27978): 	at java.lang.reflect.Method.invoke(Native Method)
05-24 10:39:52.266 W/System.err(27978): 	at java.lang.reflect.Method.invoke(Method.java:372)
05-24 10:39:52.266 W/System.err(27978): 	at com.android.internal.os.ZygoteInit$MethodAndArgsCaller.run(ZygoteInit.java:911)
05-24 10:39:52.266 W/System.err(27978): 	at com.android.internal.os.ZygoteInit.main(ZygoteInit.java:706)
05-24 10:39:52.276 I/libthemeutils(28049): Theme libthemeutil.so load success
05-24 10:39:52.296 I/MultiDex(28049): VM with version 2.1.0 has multidex support
05-24 10:39:52.296 I/MultiDex(28049): install
05-24 10:39:52.296 I/MultiDex(28049): VM has multidex support, MultiDex support library is disabled.
05-24 10:39:52.336 W/        (19259): Unable to open '/system/framework/extendedmediaextractor.jar': No such file or directory
05-24 10:39:52.336 W/art     (19259): Failed to open zip archive '/system/framework/extendedmediaextractor.jar': I/O Error
05-24 10:39:52.356 I/libthemeutils(28075): Theme libthemeutil.so load success
05-24 10:39:52.366 E/MnsTracer(MiLinkSDK)(miliao)(28049): File Trace Level Changed = 63
05-24 10:39:52.366 E/MnsTracer(MiLinkSDK)(miliao)(28049): Logcat Trace Level Changed = 48
05-24 10:39:52.366 E/MiLinkServiceBinder(MiLinkSDK)(miliao)(28049): Client Protection Saved : 10004;704066;7.4.66;4030;miliao;com.xiaomi.channel;zh_CN;/miliao/logs/milink/;
05-24 10:39:52.376 D/time    (27978): startload all time:468
05-24 10:39:52.376 D/time    (27978): attach base context time:552
05-24 10:39:52.386 D/weibo   (27978): this is not a debug version
05-24 10:39:52.416 D/PhoneStatusBar( 1429): updateNotification pkg=com.qihoo.appstore;id=10012
05-24 10:39:52.436 I/Microlog.PropertyConfiguration(28049): Configure using the simple style (aka classic style)
05-24 10:39:52.436 I/Microlog.PropertyConfiguration(28049): Root level: DEBUG
05-24 10:39:52.436 I/Microlog.PropertyConfiguration(28049): Adding appender com.google.code.microlog4android.appender.FileAppender
05-24 10:39:52.436 I/Microlog.PropertyConfiguration(28049): Adding appender com.google.code.microlog4android.appender.LogCatAppender
05-24 10:39:52.436 W/        (19259): Unable to open '/system/framework/extendedmediaextractor.jar': No such file or directory
05-24 10:39:52.436 W/art     (19259): Failed to open zip archive '/system/framework/extendedmediaextractor.jar': I/O Error
05-24 10:39:52.466 D/PhoneStatusBar( 1429): updateNotification pkg=com.qihoo.appstore;id=10012
05-24 10:39:52.476 D/Microlog(28049): Microlog 0:[DEBUG]-05-24 10:39:52  [Process:28049][Thread:1] ChannelApplication onCreate() processName:com.xiaomi.channel.openservice, processId=28049
05-24 10:39:52.476 I/Microlog.FileAppender(28049): Closing the FileAppender
05-24 10:39:52.486 I/art     ( 1015): Background partial concurrent mark sweep GC freed 183741(7MB) AllocSpace objects, 15(400KB) LOS objects, 22% free, 54MB/70MB, paused 1.506ms total 143.967ms
05-24 10:39:52.506 D/ScreenInfo(28075): px:2560,px:1440,Density:4.0,dpi:640,dip:640,dip:360
05-24 10:39:52.506 D/ScreenInfo(28075): DisplayMetrics{density=4.0, width=1440, height=2560, scaledDensity=4.0, xdpi=515.154, ydpi=516.063}
05-24 10:39:52.526 D/GameServiceClient(28011): GameService::onServiceConnected
05-24 10:39:52.526 I/libthemeutils(28114): Theme libthemeutil.so load success
05-24 10:39:52.546 W/        (19259): Unable to open '/system/framework/extendedmediaextractor.jar': No such file or directory
05-24 10:39:52.546 W/art     (19259): Failed to open zip archive '/system/framework/extendedmediaextractor.jar': I/O Error
05-24 10:39:52.576 I/libthemeutils(28143): Theme libthemeutil.so load success
05-24 10:39:52.596 E/libEGL  (19335): call to OpenGL ES API with no current context (logged once per thread)
05-24 10:39:52.596 D/g       (19335): Start display image task [package://com.happyelements.AndroidAnimal_1440x2560]
05-24 10:39:52.596 D/g       (19335): Load image from network [package://com.happyelements.AndroidAnimal_1440x2560]
05-24 10:39:52.596 D/g       (19335): Cache image on disk [package://com.happyelements.AndroidAnimal_1440x2560]
05-24 10:39:52.596 W/Settings(28075): Setting airplane_mode_on has moved from android.provider.Settings.System to android.provider.Settings.Global, returning read-only value.
05-24 10:39:52.616 D/ProxyPluginContext(28114): attachBaseContext mCurrentProcessName : com.qihoo.appstore:download
05-24 10:39:52.616 I/ProxyPluginContext(28114): mResDir fix:no fix
05-24 10:39:52.616 D/g       (19335): Cache image in memory [package://com.happyelements.AndroidAnimal_1440x2560]
