05-24 10:39:54.066 W/        (28143): Unable to open '/system/framework/extendedmediaextractor.jar': No such file or directory
05-24 10:39:54.066 W/art     (28143): Failed to open zip archive '/system/framework/extendedmediaextractor.jar': I/O Error
05-24 10:39:54.066 V/ActivateStatusReceiver(28446): Updating activate info for sim 0 inserted=false status=-1
05-24 10:39:54.076 D/ActivateManager(28446): service unbinded
05-24 10:39:54.076 D/ActivateManager(28446): onServiceConnected, component:ComponentInfo{com.xiaomi.xmsf/com.xiaomi.activate.ActivateService}
05-24 10:39:54.076 V/ActivateStatusReceiver(28446): Updating activate info for sim 1 inserted=false status=-1
05-24 10:39:54.076 V/CloudActivateStatusListener(28446): EVENT_NONE
05-24 10:39:54.076 V/CloudActivateStatusListener(28446): EVENT_NONE
05-24 10:39:54.076 D/ActivateManager(28446): service unbinded
05-24 10:39:54.086 W/System.err( 3413): java.lang.ArrayIndexOutOfBoundsException: length=58; index=58
05-24 10:39:54.086 W/System.err( 3413): 	at com.lbe.security.service.provider.internal.AppOpsAdapter$1.getDefaultOp(AppOpsAdapter.java:279)
05-24 10:39:54.086 W/System.err( 3413): 	at com.android.internal.app.IOpsCallback$Stub.onTransact(IOpsCallback.java:68)
05-24 10:39:54.086 W/System.err( 3413): 	at android.os.Binder.execTransact(Binder.java:446)
05-24 10:39:54.096 I/KLO_Stability( 2813): [am_kill][1464057594]:[0,24555,com.tencent.mobileqq:web,15,empty #17]
05-24 10:39:54.096 D/SecShell(28382): READLINK ERROR
05-24 10:39:54.096 D/SecShell(28382): READLINK ERROR
05-24 10:39:54.096 D/SecShell(28382): READLINK ERROR
05-24 10:39:54.096 D/SecShell(28382): READLINK ERROR
05-24 10:39:54.106 D/SecShell(28382): READLINK ERROR
05-24 10:39:54.106 D/SecShell(28382): READLINK ERROR
05-24 10:39:54.106 W/System.err(27978): org.json.JSONException: Value [{"key":"from","value":"weibo","service":"com.igexin.sdk.PushService","type":"String"},{"key":"intent_come_from","value":"com.sina.weibo","service":"com.sina.news.push.GuardPushService","type":"String"},{"key":"CAMERA_FROM","value":"weibo","service":"com.sina.weibocamera.controller.service.CameraService","type":"String"},{"key":"","value":"","service":"com.yx.service.ConnectionService","type":""},{"key":"from","value":"weibo","service":"com.sina.app.weiboheadline.services.PushService","type":"String"}] of type org.json.JSONArray cannot be converted to JSONObject
05-24 10:39:54.106 W/System.err(27978): 	at org.json.JSON.typeMismatch(JSON.java:111)
05-24 10:39:54.106 W/System.err(27978): 	at org.json.JSONObject.<init>(JSONObject.java:160)
05-24 10:39:54.106 W/System.err(27978): 	at org.json.JSONObject.<init>(JSONObject.java:173)
05-24 10:39:54.106 W/System.err(27978): 	at com.sina.weibo.models.JsonDataObject.initFromJsonString(JsonDataObject.java:34)
05-24 10:39:54.106 W/System.err(27978): 	at com.sina.weibo.models.JsonDataObject.<init>(JsonDataObject.java:24)
05-24 10:39:54.106 W/System.err(27978): 	at com.sina.weibo.guardunion.g.<init>(JsonGuardUnionMap.java:33)
05-24 10:39:54.106 W/System.err(27978): 	at com.sina.weibo.guardunion.e.a(GuardUtils.java:62)
05-24 10:39:54.106 W/System.err(27978): 	at com.sina.weibo.guardunion.a.b(GuardAlipayManager.java:168)
05-24 10:39:54.106 W/System.err(27978): 	at com.sina.weibo.guardunion.a$a.a(GuardAlipayManager.java:80)
05-24 10:39:54.106 W/System.err(27978): 	at com.sina.weibo.guardunion.a$a.doInBackground(GuardAlipayManager.java:53)
05-24 10:39:54.106 W/System.err(27978): 	at com.sina.weibo.ab.d$2.call(ExtendedAsyncTask.java:88)
05-24 10:39:54.106 W/System.err(27978): 	at java.util.concurrent.FutureTask.run(FutureTask.java:237)
05-24 10:39:54.106 W/System.err(27978): 	at java.util.concurrent.ThreadPoolExecutor.runWorker(ThreadPoolExecutor.java:1112)
05-24 10:39:54.106 W/System.err(27978): 	at java.util.concurrent.ThreadPoolExecutor$Worker.run(ThreadPoolExecutor.java:587)
05-24 10:39:54.106 W/System.err(27978): 	at java.lang.Thread.run(Thread.java:818)
05-24 10:39:54.116 E/PhoneInterfaceManager( 1890): [PhoneIntfMgr] getIccId: ICC ID is null or empty.
05-24 10:39:54.116 D/DnsFallback(  432): query: rqd.uu.qq.com
05-24 10:39:54.116 D/SecShell(28382): READLINK ERROR
05-24 10:39:54.116 D/SecShell(28382): READLINK ERROR
05-24 10:39:54.136 I/XiaomiFirewall( 1624): firewall pkgName:com.tencent.mtt, result:0
05-24 10:39:54.136 D/BundleContextImpl(28423): cannot initialize bundle activator
05-24 10:39:54.146 V/BillReceiver(28423): canReadMail return false
05-24 10:39:54.156 D/SecShell(28382): READLINK ERROR
05-24 10:39:54.156 D/SecShell(28382): READLINK ERROR
05-24 10:39:54.166 D/SecShell(28382): READLINK ERROR
05-24 10:39:54.166 D/SecShell(28382): READLINK ERROR
05-24 10:39:54.166 D/SecShell(28382): READLINK ERROR
05-24 10:39:54.166 D/SecShell(28382): READLINK ERROR
05-24 10:39:54.176 D/SecShell(28382): READLINK ERROR
05-24 10:39:54.176 D/SecShell(28382): READLINK ERROR
05-24 10:39:54.176 D/SecShell(28382): READLINK ERROR
05-24 10:39:54.176 D/SecShell(28382): READLINK ERROR
05-24 10:39:54.176 D/SecShell(28382): READLINK ERROR
05-24 10:39:54.176 D/SecShell(28382): READLINK ERROR
05-24 10:39:54.176 D/SecShell(28382): READLINK ERROR
05-24 10:39:54.176 D/SecShell(28382): READLINK ERROR
05-24 10:39:54.186 D/SecShell(28382): READLINK ERROR
05-24 10:39:54.186 D/SecShell(28382): READLINK ERROR
05-24 10:39:54.186 D/SecShell(28382): READLINK ERROR
05-24 10:39:54.186 D/pb      (28382): CrashListener created
05-24 10:39:54.196 D/SecShell(28382): READLINK ERROR
05-24 10:39:54.196 D/SecShell(28382): READLINK ERROR
05-24 10:39:54.206 D/SecShell(28382): READLINK ERROR
05-24 10:39:54.216 D/SecShell(28382): READLINK ERROR
05-24 10:39:54.216 D/SecShell(28382): READLINK ERROR
05-24 10:39:54.216 W/        (19259): Unable to open '/system/framework/extendedmediaextractor.jar': No such file or directory
05-24 10:39:54.216 W/art     (19259): Failed to open zip archive '/system/framework/extendedmediaextractor.jar': I/O Error
05-24 10:39:54.226 D/SecShell(28382): READLINK ERROR
05-24 10:39:54.226 D/SecShell(28382): READLINK ERROR
05-24 10:39:54.226 D/SecShell(28382): READLINK ERROR
05-24 10:39:54.226 D/SecShell(28382): READLINK ERROR
05-24 10:39:54.226 D/SecShell(28382): READLINK ERROR
05-24 10:39:54.226 D/SecShell(28382): READLINK ERROR
05-24 10:39:54.226 I/com.miui.powerkeeper.cloudcontrol.CloudUpdateReceiver( 2526): onReceive: android.net.conn.CONNECTIVITY_CHANGE
05-24 10:39:54.226 D/SecShell(28382): READLINK ERROR
05-24 10:39:54.226 D/SecShell(28382): READLINK ERROR
05-24 10:39:54.236 I/native_eup(28382): native library loaded
05-24 10:39:54.236 I/native_eup(28382): register native log methods success
05-24 10:39:54.236 I/native_eup(28382): register native key-value methods success
05-24 10:39:54.236 I/native_eup(28382): register native methods success
05-24 10:39:54.236 I/native_eup(28382): loglevel :21
05-24 10:39:54.256 D/SecShell(28382): READLINK ERROR
05-24 10:39:54.256 D/SecShell(28382): READLINK ERROR
05-24 10:39:54.256 I/com.miui.powerkeeper.cloudcontrol.CloudUpdateService( 2526): type:mod-MINOTEPro__bvs-V7.0.5.0.LXHCNCI__mnc-00__mcc--1__pvs-20000
05-24 10:39:54.256 D/DnsFallback(  432): query: ccc.sys.miui.com
05-24 10:39:54.266 I/KLO_Stability( 2813): [am_proc_die][1464057594]:[0,24555,com.tencent.mobileqq:web]
05-24 10:39:54.266 I/KLO_Stability( 2813): key app die, p_name:com.tencent.mobileqq
05-24 10:39:54.266 D/MultiDex(28308): init switch config
05-24 10:39:54.266 D/DailyCheckReceiver( 4508): onReceive android.net.conn.CONNECTIVITY_CHANGE
05-24 10:39:54.266 I/libthemeutils(28495): Theme libthemeutil.so load success
05-24 10:39:54.266 D/DnsFallback(  432): query: f2.market.mi-img.com
05-24 10:39:54.276 D/SecShell(28382): READLINK ERROR
05-24 10:39:54.276 D/SecShell(28382): READLINK ERROR
05-24 10:39:54.276 W/System.err( 2503): java.lang.NullPointerException: Attempt to invoke virtual method 'android.content.Context android.content.Context.getApplicationContext()' on a null object reference
05-24 10:39:54.276 W/System.err( 2503): 	at com.miui.antispam.PolicyManager.<init>(PolicyManager.java:51)
05-24 10:39:54.276 W/System.err( 2503): 	at com.miui.antispam.PolicyManager.getInstance(PolicyManager.java:43)
05-24 10:39:54.276 W/System.err( 2503): 	at com.miui.antispam.db.dao.KeywordDao.insertClouds(KeywordDao.java:56)
05-24 10:39:54.276 W/System.err( 2503): 	at com.miui.antispam.service.update.CloudPhoneListService.checkUpdate(CloudPhoneListService.java:142)
05-24 10:39:54.276 W/System.err( 2503): 	at java.lang.reflect.Method.invoke(Native Method)
05-24 10:39:54.276 W/System.err( 2503): 	at java.lang.reflect.Method.invoke(Method.java:372)
05-24 10:39:54.276 W/System.err( 2503): 	at com.miui.antispam.service.update.TimingUpdateService.doUpdateMethod(TimingUpdateService.java:172)
05-24 10:39:54.276 W/System.err( 2503): 	at com.miui.antispam.service.update.TimingUpdateService.access$100(TimingUpdateService.java:26)
05-24 10:39:54.276 W/System.err( 2503): 	at com.miui.antispam.service.update.TimingUpdateService$2.run(TimingUpdateService.java:130)
05-24 10:39:54.276 I/AntiSpamService( 2503): stopSelf
05-24 10:39:54.316 I/MSM-irqbalance(  522): Decided to move IRQ65 from CPU1 to CPU0
05-24 10:39:54.326 D/SecShell(28495): attach start
05-24 10:39:54.336 D/SecShell(28495): start get packageName
05-24 10:39:54.336 D/SecShell(28495): end get packageName
05-24 10:39:54.336 D/SecShell(28495): start get packageName
05-24 10:39:54.336 D/SecShell(28495): end get packageName
05-24 10:39:54.336 D/SecShell(28495): start get packageName
05-24 10:39:54.336 D/SecShell(28495): end get packageName
05-24 10:39:54.336 I/j       ( 4508): NewVersion: MIUI-V7.0.5.0.LXHCNCI, oldVersion: MIUI-V7.0.5.0.LXHCNCI
05-24 10:39:54.346 D/UpdateService( 4508): onStartCommand: 1
05-24 10:39:54.346 D/Updater2( 4508): checkNewVersion by 2 ob: null
05-24 10:39:54.346 D/UpdateService( 4508): onStartCommand: 3
05-24 10:39:54.346 W/CrashReportInfo(28495): [param] putSdkData data: SDK_INFO - [900015015,2.2.9.1] 
05-24 10:39:54.356 W/        (19259): Unable to open '/system/framework/extendedmediaextractor.jar': No such file or directory
05-24 10:39:54.356 W/art     (19259): Failed to open zip archive '/system/framework/extendedmediaextractor.jar': I/O Error
05-24 10:39:54.366 D/time    (28308): total oncreate time:958
05-24 10:39:54.366 I/GreenConnectivityReceiver(27949): network resumed, report sim binding
05-24 10:39:54.376 W/PushService( 1526): 2016-05-24 10:39:54,386 - [WARN::PushService] - [Thread:1] network changed, [type: WIFI[], state: CONNECTED/CONNECTED, reason: (unspecified), extra: "iyaya_5.8", roaming: false, failover: false, isAvailable: true, isConnectedToProvisioningNetwork: false]
05-24 10:39:54.406 D/DnsFallback(  432): query: api.chat.xiaomi.net
05-24 10:39:54.406 I/CrashReport(28495): native library loaded
05-24 10:39:54.406 I/CrashReport(28495): backup java method success
05-24 10:39:54.406 I/CrashReport(28495): back up java classes success
05-24 10:39:54.416 I/CrashReport(28495): base = 0xff3b9000
05-24 10:39:54.416 I/CrashReport(28495): stacksize = 8M
05-24 10:39:54.416 I/CrashReport(28495): guardsize = 0
05-24 10:39:54.416 I/CrashReport(28495): getted buglyline com/tencent/bugly/lejiagu/
05-24 10:39:54.416 I/CrashReport(28495): it is a channel prefix com/tencent/bugly/lejiagu/
05-24 10:39:54.416 I/CrashReport(28495): register native log methods success
05-24 10:39:54.416 I/CrashReport(28495): register native key-value methods success
05-24 10:39:54.416 I/CrashReport(28495): register native methods success
05-24 10:39:54.416 I/CrashReport(28495): setLogMode 6 current 4
05-24 10:39:54.436 I/XiaomiFirewall( 1624): firewall pkgName:com.miui.powerkeeper, result:0
05-24 10:39:54.446 D/SecShell(28495): start install
05-24 10:39:54.446 D/SecShell(28495): start load lib
05-24 10:39:54.446 D/SecShell(28495): end load lib
05-24 10:39:54.446 D/SecShell(28495): Start load 28495
05-24 10:39:54.446 D/SecShell(28495): g_SdkInt:21
05-24 10:39:54.446 D/SecShell(28495): addr:e399b000
05-24 10:39:54.446 D/SecShell(28495): addr:e39ff000
05-24 10:39:54.446 D/SecShell(28495): addr:e3a00000
05-24 10:39:54.456 D/SecShell(28495): addr:f4194000
05-24 10:39:54.456 D/SecShell(28495): pPKN:com.tencent.mtt, g_oatDexPath:/data/dalvik-cache/arm/data@app@com.tencent.mtt-1@base.apk@classes.dex, shellcPath:/data/data/com.tencent.mtt/tx_shell/libshellc.so
05-24 10:39:54.456 D/SecShell(28495): oatStartAddr:e3353000
05-24 10:39:54.456 D/SecShell(28495): dexEleLen:1
05-24 10:39:54.456 D/SecShell(28495): i:0
05-24 10:39:54.456 D/SecShell(28495): shellSystemCookie:ec5c7fc0
05-24 10:39:54.456 D/SecShell(28495): g_shellDexAddr0:ed4d8500
05-24 10:39:54.456 D/SecShell(28495): oatSig:ELF g_orgOatSize:6996400 7000064
05-24 10:39:54.456 D/SecShell(28495): g_shellDexAddr:e33543f0, mapSize:8 orgDexOffset:249856
05-24 10:39:54.456 D/SecShell(28495): ii:0
05-24 10:39:54.456 D/SecShell(28495): g_shellDexAddr:e33543f0
05-24 10:39:54.456 D/SecShell(28495): oatstart:e3353000
05-24 10:39:54.456 D/SecShell(28495): orgDexFileSize:6217728
05-24 10:39:54.456 D/SecShell(28495): g_orgDexOffset:254960
05-24 10:39:54.486 W/        (19259): Unable to open '/system/framework/extendedmediaextractor.jar': No such file or directory
05-24 10:39:54.486 W/art     (19259): Failed to open zip archive '/system/framework/extendedmediaextractor.jar': I/O Error
05-24 10:39:54.486 D/SecShell(28495): start elf_hook
05-24 10:39:54.486 D/SecShell(28495): func addr:0xf4139bb9
05-24 10:39:54.486 D/SecShell(28495): replace glob :f7501aac with f4139bb9
05-24 10:39:54.486 D/SecShell(28495): replace ok!
05-24 10:39:54.496 D/SecShell(28495): func addr:0xf4139aa9
05-24 10:39:54.496 D/SecShell(28495): replace glob :f75186dd with f4139aa9
05-24 10:39:54.496 D/SecShell(28495): replace ok!
05-24 10:39:54.496 D/SecShell(28495): func addr:0xf413ab35
05-24 10:39:54.496 D/SecShell(28495): replace glob :f74e1bd1 with f413ab35
05-24 10:39:54.496 D/SecShell(28495): replace ok!
05-24 10:39:54.496 D/SecShell(28495): func addr:0xf413a09d
05-24 10:39:54.496 D/SecShell(28495): replace glob :f75021dc with f413a09d
05-24 10:39:54.496 D/SecShell(28495): replace ok!
05-24 10:39:54.496 D/SecShell(28495): func addr:0xf413a1f9
05-24 10:39:54.496 D/SecShell(28495): replace glob :f74ddfe9 with f413a1f9
05-24 10:39:54.496 D/SecShell(28495): replace ok!
05-24 10:39:54.496 D/SecShell(28495): end elf_hook
05-24 10:39:54.496 D/SecShell(28495): func addr:0xf4139cc5
05-24 10:39:54.496 D/SecShell(28495): replace glob :f75020fc with f4139cc5
05-24 10:39:54.496 D/SecShell(28495): replace ok!
05-24 10:39:54.496 D/SecShell(28495): test art open
05-24 10:39:54.496 D/SecShell(28495): art_mode1
05-24 10:39:54.496 D/SecShell(28495): test art open end
05-24 10:39:54.496 D/SecShell(28495): art fstat hook:0
05-24 10:39:54.496 D/SecShell(28495): filename:/data/dalvik-cache/arm/data@app@com.tencent.mtt-1@base.apk@classes.dex 0 6217728
05-24 10:39:54.496 D/SecShell(28495): my mmap_hook :6217728 31 0 28495
05-24 10:39:54.496 D/SecShell(28495): decode aaaaaaaaaa
05-24 10:39:54.496 D/SecShell(28495): artOpenFile call
05-24 10:39:54.496 D/SecShell(28495): read file:/data/data/com.tencent.mtt/mix.dex
05-24 10:39:54.496 D/SecShell(28495): filename:/data/data/com.tencent.mtt/mix.dex 0 4096
05-24 10:39:54.496 D/SecShell(28495): mmap called!
05-24 10:39:54.496 D/SecShell(28495): filename:/data/data/com.tencent.mtt/mix.so 0 4096
05-24 10:39:54.496 D/SecShell(28495): mmap called!
05-24 10:39:54.496 D/SecShell(28495): filename:/data/data/com.tencent.mtt/mix.so 0 4096
05-24 10:39:54.496 D/SecShell(28495): mmap called!
05-24 10:39:54.496 D/SecShell(28495): filename:/dev/ashmem 0 12288
05-24 10:39:54.496 D/SecShell(28495): mmap called!
05-24 10:39:54.496 D/SecShell(28495): filename:/data/data/com.tencent.mtt/mix.so 0 8192
05-24 10:39:54.496 D/SecShell(28495): mmap called!
05-24 10:39:54.496 D/SecShell(28495): filename:/data/data/com.tencent.mtt/mix.so 8192 4096
05-24 10:39:54.496 D/SecShell(28495): mmap called!
05-24 10:39:54.496 D/SecShell(28495): filename:/data/data/com.tencent.mtt/mix.so 0 12288
05-24 10:39:54.496 D/SecShell(28495): mmap called!
05-24 10:39:54.496 D/SecShell(28495): read file:/data/data/com.tencent.mtt/mix.dex
05-24 10:39:54.496 D/SecShell(28495): filename:/data/data/com.tencent.mtt/mix.dex 0 4096
05-24 10:39:54.496 D/SecShell(28495): mmap called!
05-24 10:39:54.506 D/miuisdk (28536): current sdk level is 3
05-24 10:39:54.516 I/com.miui.powerkeeper.cloudcontrol.CloudUpdateService( 2526): No need to get remote data3b1983f6787d87028d5b607639022d87
05-24 10:39:54.536 D/SecShell(28495): func addr:0xf75020fc
05-24 10:39:54.536 D/SecShell(28495): replace glob :f4139cc5 with f75020fc
05-24 10:39:54.536 D/SecShell(28495): replace ok!
05-24 10:39:54.536 I/XiaomiFirewall( 1624): firewall pkgName:com.sina.weibo, result:0
05-24 10:39:54.536 D/SecShell(28495): READLINK ERROR
05-24 10:39:54.536 D/DnsFallback(  432): query: gw5.push.mcp.weibo.cn
05-24 10:39:54.536 D/SecShell(28495): READLINK ERROR
05-24 10:39:54.546 D/SecShell(28495): fastest plan!
05-24 10:39:54.556 D/SecShell(28495): READLINK ERROR
05-24 10:39:54.556 D/SecShell(28495): READLINK ERROR
05-24 10:39:54.556 D/SecShell(28495): end install
05-24 10:39:54.556 D/SecShell(28495): attach end
05-24 10:39:54.556 D/SecShell(28495): start get packageName
05-24 10:39:54.556 D/SecShell(28495): start get packageName
05-24 10:39:54.556 D/SecShell(28495): Run start 28495
05-24 10:39:54.556 D/SecShell(28495): make app
05-24 10:39:54.566 W/PushService( 1526): 2016-05-24 10:39:54,568 - [WARN::PushService] - [Thread:48] receive a message, appid=2882303761517248199, msgid= LHz61464013497662
05-24 10:39:54.576 W/PushService( 1526): 2016-05-24 10:39:54,577 - [WARN::PushService] - [Thread:48] receive a message, appid=2882303761517248199, msgid= plSD1464013497663
05-24 10:39:54.576 W/System.err( 3413): java.lang.ArrayIndexOutOfBoundsException: length=58; index=58
05-24 10:39:54.576 W/System.err( 3413): 	at com.lbe.security.service.provider.internal.AppOpsAdapter$1.getDefaultOp(AppOpsAdapter.java:279)
05-24 10:39:54.576 W/System.err( 3413): 	at com.android.internal.app.IOpsCallback$Stub.onTransact(IOpsCallback.java:68)
05-24 10:39:54.576 W/System.err( 3413): 	at android.os.Binder.execTransact(Binder.java:446)
05-24 10:39:54.576 W/PushService( 1526): 2016-05-24 10:39:54,585 - [WARN::PushService] - [Thread:48] receive a message, appid=1000274, msgid= 4DkO1464013526477
05-24 10:39:54.586 D/DownloadNotification(19730): DownloadReceiver.onReceive() ---> network Changed!
05-24 10:39:54.586 D/DownloadNotification(19730): isNetworkAvailable netType=1 isCon=true
05-24 10:39:54.586 D/SecShell(28495): make app failed
05-24 10:39:54.586 D/SecShell(28495): Run success
05-24 10:39:54.586 D/SecShell(28495): end get packageName
05-24 10:39:54.586 D/DownloadService(19730): onStartCommand --->startId=40 cmd=2
05-24 10:39:54.586 D/SecShell(28495): start get packageName
05-24 10:39:54.586 D/SecShell(28495): end get packageName
05-24 10:39:54.586 D/DownloadService(19730): updateLocked enter 
05-24 10:39:54.596 W/PushService( 1526): 2016-05-24 10:39:54,600 - [WARN::PushService] - [Thread:48] receive a message, appid=1000274, msgid= t6Rq1464013526478
05-24 10:39:54.596 I/XiaomiFirewall( 1624): firewall pkgName:com.android.updater, result:0
05-24 10:39:54.596 D/SecShell(28495): start get packageName
05-24 10:39:54.596 D/SecShell(28495): end get packageName
05-24 10:39:54.606 D/SecShell(28495): READLINK ERROR
05-24 10:39:54.606 D/SecShell(28495): start get packageName
05-24 10:39:54.606 D/SecShell(28495): end get packageName
05-24 10:39:54.606 D/DownloadService(19730): updateLocked exit isActive=false nextActionMillis=9223372036854775807
05-24 10:39:54.606 D/SecShell(28495): start get packageName
05-24 10:39:54.606 D/SecShell(28495): end get packageName
05-24 10:39:54.606 D/SecShell(28495): start get packageName
05-24 10:39:54.606 D/SecShell(28495): end get packageName
05-24 10:39:54.626 D/SecShell(28495): READLINK ERROR
05-24 10:39:54.626 D/SecShell(28495): start onCreate
05-24 10:39:54.626 W/PushService( 1526): 2016-05-24 10:39:54,631 - [WARN::PushService] - [Thread:48] receive a message, appid=1000274, msgid= byTo1464013526479
05-24 10:39:54.636 D/SecShell(28495): start get packageName
05-24 10:39:54.636 D/SecShell(28495): end get packageName
05-24 10:39:54.636 D/SecShell(28495): READLINK ERROR
05-24 10:39:54.646 W/PushService( 1526): 2016-05-24 10:39:54,650 - [WARN::PushService] - [Thread:48] receive a message, appid=1000274, msgid= x8h01464013526480
05-24 10:39:54.646 D/SecShell(28495): READLINK ERROR
05-24 10:39:54.656 W/PushService( 1526): 2016-05-24 10:39:54,657 - [WARN::PushService] - [Thread:48] receive a message, appid=1000274, msgid= fIRw1464013841807
05-24 10:39:54.656 W/        (19259): Unable to open '/system/framework/extendedmediaextractor.jar': No such file or directory
05-24 10:39:54.656 W/art     (19259): Failed to open zip archive '/system/framework/extendedmediaextractor.jar': I/O Error
05-24 10:39:54.666 W/PushService( 1526): 2016-05-24 10:39:54,669 - [WARN::PushService] - [Thread:48] receive a message, appid=1000274, msgid= b34A1464013841808
05-24 10:39:54.666 W/PushService( 1526): 2016-05-24 10:39:54,673 - [WARN::PushService] - [Thread:48] receive a message, appid=1000274, msgid= 1BwE1464013841809
05-24 10:39:54.666 D/SecShell(28495): start get packageName
05-24 10:39:54.666 D/SecShell(28495): end get packageName
05-24 10:39:54.676 W/PushService( 1526): 2016-05-24 10:39:54,679 - [WARN::PushService] - [Thread:48] receive a message, appid=1000274, msgid= Tjzq1464013841810
05-24 10:39:54.686 D/SecShell(28495): READLINK ERROR
05-24 10:39:54.686 D/SecShell(28495): READLINK ERROR
05-24 10:39:54.696 W/PushService( 1526): 2016-05-24 10:39:54,697 - [WARN::PushService] - [Thread:48] receive a message, appid=1000274, msgid= IrsL1464013950801
05-24 10:39:54.696 D/SecShell(28495): end onCreate
05-24 10:39:54.706 D/SecShell(28495): start get packageName
05-24 10:39:54.706 D/SecShell(28495): end get packageName
05-24 10:39:54.706 D/SecShell(28495): start get packageName
05-24 10:39:54.706 D/SecShell(28495): end get packageName
05-24 10:39:54.716 W/PushService( 1526): 2016-05-24 10:39:54,726 - [WARN::PushService] - [Thread:48] receive a message, appid=1000274, msgid= JYHG1464013950802
05-24 10:39:54.726 W/PushService( 1526): 2016-05-24 10:39:54,731 - [WARN::PushService] - [Thread:48] receive a message, appid=1000274, msgid= mGxp1464013950803
05-24 10:39:54.726 D/SecShell(28382): READLINK ERROR
05-24 10:39:54.726 D/SecShell(28382): READLINK ERROR
05-24 10:39:54.726 D/DnsFallback(  432): query: pms.mb.qq.com
05-24 10:39:54.726 W/PushService( 1526): 2016-05-24 10:39:54,734 - [WARN::PushService] - [Thread:48] receive a message, appid=1000274, msgid= WKJ21464013950804
05-24 10:39:54.736 W/PushService( 1526): 2016-05-24 10:39:54,738 - [WARN::PushService] - [Thread:48] receive a message, appid=2882303761517248199, msgid= zzbd1464014034905
05-24 10:39:54.736 D/SecShell(28495): READLINK ERROR
05-24 10:39:54.736 D/SecShell(28495): READLINK ERROR
05-24 10:39:54.736 W/PushService( 1526): 2016-05-24 10:39:54,744 - [WARN::PushService] - [Thread:48] receive a message, appid=2882303761517248199, msgid= Rxjd1464014034906
05-24 10:39:54.746 W/PushService( 1526): 2016-05-24 10:39:54,747 - [WARN::PushService] - [Thread:48] receive a message, appid=2882303761517130032, msgid= dZRp1464057135976
05-24 10:39:54.746 D/SecShell(28495): READLINK ERROR
05-24 10:39:54.746 D/SecShell(28495): READLINK ERROR
05-24 10:39:54.746 W/PushService( 1526): 2016-05-24 10:39:54,750 - [WARN::PushService] - [Thread:48] receive a message, appid=2882303761517225187, msgid= xm501464013974894
05-24 10:39:54.746 D/SecShell(28495): READLINK ERROR
05-24 10:39:54.746 D/SecShell(28495): READLINK ERROR
05-24 10:39:54.746 W/PushService( 1526): 2016-05-24 10:39:54,754 - [WARN::PushService] - [Thread:48] receive a message, appid=2882303761517270984, msgid= KcKV1464057592125
05-24 10:39:54.746 D/SecShell(28495): READLINK ERROR
05-24 10:39:54.746 D/DnsFallback(  432): query: rqd.uu.qq.com
05-24 10:39:54.746 D/miuisdk (28579): current sdk level is 3
05-24 10:39:54.756 D/SecShell(28495): READLINK ERROR
05-24 10:39:54.756 D/SecShell(28495): READLINK ERROR
05-24 10:39:54.756 D/SecShell(28495): READLINK ERROR
05-24 10:39:54.756 D/SecShell(28495): READLINK ERROR
05-24 10:39:54.766 D/SecShell(28495): READLINK ERROR
05-24 10:39:54.766 D/SecShell(28495): READLINK ERROR
05-24 10:39:54.766 D/SecShell(28495): READLINK ERROR
05-24 10:39:54.766 I/XiaomiFirewall( 1624): firewall pkgName:com.tencent.mtt, result:0
05-24 10:39:54.766 D/SecShell(28495): READLINK ERROR
05-24 10:39:54.766 D/SecShell(28495): READLINK ERROR
05-24 10:39:54.766 D/SecShell(28495): READLINK ERROR
05-24 10:39:54.766 D/SecShell(28495): READLINK ERROR
05-24 10:39:54.776 D/SecShell(28495): READLINK ERROR
05-24 10:39:54.776 D/SecShell(28495): READLINK ERROR
05-24 10:39:54.776 D/SecShell(28495): READLINK ERROR
05-24 10:39:54.776 D/SecShell(28495): READLINK ERROR
05-24 10:39:54.786 D/SecShell(28495): READLINK ERROR
05-24 10:39:54.786 D/SecShell(28495): READLINK ERROR
05-24 10:39:54.806 W/Settings(20809): Setting airplane_mode_on has moved from android.provider.Settings.System to android.provider.Settings.Global, returning read-only value.
05-24 10:39:54.816 D/SecShell(28382): READLINK ERROR
05-24 10:39:54.816 W/beacon  (20809): onUserAction return false, because eventName:[dim.Msf.AppConnectFail] is not allowed in server strategy!
05-24 10:39:54.816 D/SecShell(28495): READLINK ERROR
05-24 10:39:54.816 D/SecShell(28495): READLINK ERROR
05-24 10:39:54.816 D/SecShell(28382): READLINK ERROR
05-24 10:39:54.826 D/SecShell(28495): READLINK ERROR
05-24 10:39:54.826 D/SecShell(28495): READLINK ERROR
05-24 10:39:54.826 D/SecShell(28495): READLINK ERROR
05-24 10:39:54.826 D/SecShell(28495): READLINK ERROR
05-24 10:39:54.836 W/Settings(20809): Setting airplane_mode_on has moved from android.provider.Settings.System to android.provider.Settings.Global, returning read-only value.
05-24 10:39:54.836 W/beacon  (20809): onUserAction return false, because eventName:[dim.Msf.AppConnectFail] is not allowed in server strategy!
05-24 10:39:54.836 D/SecShell(28382): READLINK ERROR
05-24 10:39:54.836 D/SecShell(28382): READLINK ERROR
05-24 10:39:54.846 D/SecShell(28382): READLINK ERROR
05-24 10:39:54.846 D/SecShell(28382): READLINK ERROR
05-24 10:39:54.846 D/SecShell(28382): READLINK ERROR
05-24 10:39:54.856 D/SecShell(28382): READLINK ERROR
05-24 10:39:54.856 D/SecShell(28382): READLINK ERROR
05-24 10:39:54.856 D/SecShell(28382): READLINK ERROR
05-24 10:39:54.856 D/SecShell(28382): READLINK ERROR
05-24 10:39:54.856 W/        ( 1657): Unable to open '/system/framework/extendedmediaextractor.jar': No such file or directory
05-24 10:39:54.856 W/art     ( 1657): Failed to open zip archive '/system/framework/extendedmediaextractor.jar': I/O Error
05-24 10:39:54.866 W/System.err(28382): java.io.InvalidClassException: com.tencent.feedback.proguard.p; Incompatible class (SUID): com.tencent.feedback.proguard.p: static final long serialVersionUID =3151445057251730294L; but expected com.tencent.feedback.proguard.p: static final long serialVersionUID =0L;
05-24 10:39:54.866 W/System.err(28382): 	at java.io.ObjectInputStream.verifyAndInit(ObjectInputStream.java:2341)
05-24 10:39:54.866 W/System.err(28382): 	at java.io.ObjectInputStream.readNewClassDesc(ObjectInputStream.java:1643)
05-24 10:39:54.866 W/System.err(28382): 	at java.io.ObjectInputStream.readClassDesc(ObjectInputStream.java:657)
05-24 10:39:54.866 W/System.err(28382): 	at java.io.ObjectInputStream.readNewObject(ObjectInputStream.java:1782)
05-24 10:39:54.866 W/System.err(28382): 	at java.io.ObjectInputStream.readNonPrimitiveContent(ObjectInputStream.java:761)
05-24 10:39:54.866 W/System.err(28382): 	at java.io.ObjectInputStream.readObject(ObjectInputStream.java:1983)
05-24 10:39:54.866 W/System.err(28382): 	at java.io.ObjectInputStream.readObject(ObjectInputStream.java:1940)
05-24 10:39:54.866 W/System.err(28382): 	at com.tencent.feedback.proguard.a.b(RQDSRC:147)
05-24 10:39:54.866 W/System.err(28382): 	at com.tencent.feedback.proguard.a.a(RQDSRC:60)
05-24 10:39:54.866 W/System.err(28382): 	at com.tencent.feedback.common.g.c(RQDSRC:129)
05-24 10:39:54.866 W/System.err(28382): 	at com.tencent.feedback.common.g.<init>(RQDSRC:27)
05-24 10:39:54.866 W/System.err(28382): 	at com.tencent.feedback.common.g.a(RQDSRC:41)
05-24 10:39:54.866 W/System.err(28382): 	at com.tencent.feedback.upload.f.a(RQDSRC:159)
05-24 10:39:54.866 W/System.err(28382): 	at com.tencent.feedback.proguard.v.a(RQDSRC:226)
05-24 10:39:54.866 W/System.err(28382): 	at com.tencent.feedback.proguard.v.run(RQDSRC:350)
05-24 10:39:54.866 W/System.err(28382): 	at java.util.concurrent.Executors$RunnableAdapter.call(Executors.java:422)
05-24 10:39:54.866 W/System.err(28382): 	at java.util.concurrent.FutureTask.run(FutureTask.java:237)
05-24 10:39:54.866 W/System.err(28382): 	at java.util.concurrent.ScheduledThreadPoolExecutor$ScheduledFutureTask.access$201(ScheduledThreadPoolExecutor.java:152)
05-24 10:39:54.866 W/System.err(28382): 	at java.util.concurrent.ScheduledThreadPoolExecutor$ScheduledFutureTask.run(ScheduledThreadPoolExecutor.java:265)
05-24 10:39:54.866 W/System.err(28382): 	at java.util.concurrent.ThreadPoolExecutor.runWorker(ThreadPoolExecutor.java:1112)
05-24 10:39:54.866 W/System.err(28382): 	at java.util.concurrent.ThreadPoolExecutor$Worker.run(ThreadPoolExecutor.java:587)
05-24 10:39:54.866 W/System.err(28382): 	at java.lang.Thread.run(Thread.java:818)
05-24 10:39:54.866 W/System.err(28382): java.io.InvalidClassException: com.tencent.feedback.proguard.p; Incompatible class (SUID): com.tencent.feedback.proguard.p: static final long serialVersionUID =3151445057251730294L; but expected com.tencent.feedback.proguard.p: static final long serialVersionUID =0L;
05-24 10:39:54.866 W/System.err(28382): 	at java.io.ObjectInputStream.verifyAndInit(ObjectInputStream.java:2341)
05-24 10:39:54.866 W/System.err(28382): 	at java.io.ObjectInputStream.readNewClassDesc(ObjectInputStream.java:1643)
05-24 10:39:54.866 W/System.err(28382): 	at java.io.ObjectInputStream.readClassDesc(ObjectInputStream.java:657)
05-24 10:39:54.866 W/System.err(28382): 	at java.io.ObjectInputStream.readNewObject(ObjectInputStream.java:1782)
05-24 10:39:54.866 W/System.err(28382): 	at java.io.ObjectInputStream.readNonPrimitiveContent(ObjectInputStream.java:761)
05-24 10:39:54.866 W/System.err(28382): 	at java.io.ObjectInputStream.readObject(ObjectInputStream.java:1983)
05-24 10:39:54.866 W/System.err(28382): 	at java.io.ObjectInputStream.readObject(ObjectInputStream.java:1940)
05-24 10:39:54.866 D/DnsFallback(  432): query: loc.map.baidu.com
05-24 10:39:54.866 W/System.err(28382): 	at com.tencent.feedback.proguard.a.b(RQDSRC:147)
05-24 10:39:54.866 W/System.err(28382): 	at com.tencent.feedback.proguard.a.a(RQDSRC:60)
05-24 10:39:54.866 W/System.err(28382): 	at com.tencent.feedback.common.g.c(RQDSRC:129)
05-24 10:39:54.866 W/System.err(28382): 	at com.tencent.feedback.common.g.<init>(RQDSRC:27)
05-24 10:39:54.866 W/System.err(28382): 	at com.tencent.feedback.common.g.a(RQDSRC:41)
05-24 10:39:54.866 W/System.err(28382): 	at com.tencent.feedback.upload.f.a(RQDSRC:159)
05-24 10:39:54.866 W/System.err(28382): 	at com.tencent.feedback.proguard.v.a(RQDSRC:226)
05-24 10:39:54.866 W/System.err(28382): 	at com.tencent.feedback.proguard.v.run(RQDSRC:350)
05-24 10:39:54.866 W/System.err(28382): 	at java.util.concurrent.Executors$RunnableAdapter.call(Executors.java:422)
05-24 10:39:54.866 W/System.err(28382): 	at java.util.concurrent.FutureTask.run(FutureTask.java:237)
05-24 10:39:54.866 W/System.err(28382): 	at java.util.concurrent.ScheduledThreadPoolExecutor$ScheduledFutureTask.access$201(ScheduledThreadPoolExecutor.java:152)
05-24 10:39:54.866 W/System.err(28382): 	at java.util.concurrent.ScheduledThreadPoolExecutor$ScheduledFutureTask.run(ScheduledThreadPoolExecutor.java:265)
05-24 10:39:54.866 W/System.err(28382): 	at java.util.concurrent.ThreadPoolExecutor.runWorker(ThreadPoolExecutor.java:1112)
05-24 10:39:54.866 W/System.err(28382): 	at java.util.concurrent.ThreadPoolExecutor$Worker.run(ThreadPoolExecutor.java:587)
05-24 10:39:54.866 W/System.err(28382): 	at java.lang.Thread.run(Thread.java:818)
05-24 10:39:54.866 W/System.err(28382): java.io.InvalidClassException: com.tencent.feedback.proguard.p; Incompatible class (SUID): com.tencent.feedback.proguard.p: static final long serialVersionUID =3151445057251730294L; but expected com.tencent.feedback.proguard.p: static final long serialVersionUID =0L;
05-24 10:39:54.866 W/System.err(28382): 	at java.io.ObjectInputStream.verifyAndInit(ObjectInputStream.java:2341)
05-24 10:39:54.866 W/System.err(28382): 	at java.io.ObjectInputStream.readNewClassDesc(ObjectInputStream.java:1643)
05-24 10:39:54.866 W/System.err(28382): 	at java.io.ObjectInputStream.readClassDesc(ObjectInputStream.java:657)
05-24 10:39:54.866 W/System.err(28382): 	at java.io.ObjectInputStream.readNewObject(ObjectInputStream.java:1782)
05-24 10:39:54.866 W/System.err(28382): 	at java.io.ObjectInputStream.readNonPrimitiveContent(ObjectInputStream.java:761)
05-24 10:39:54.866 W/System.err(28382): 	at java.io.ObjectInputStream.readObject(ObjectInputStream.java:1983)
05-24 10:39:54.866 W/System.err(28382): 	at java.io.ObjectInputStream.readObject(ObjectInputStream.java:1940)
05-24 10:39:54.866 W/System.err(28382): 	at com.tencent.feedback.proguard.a.b(RQDSRC:147)
05-24 10:39:54.866 W/System.err(28382): 	at com.tencent.feedback.proguard.a.a(RQDSRC:60)
05-24 10:39:54.866 W/System.err(28382): 	at com.tencent.feedback.common.g.c(RQDSRC:129)
05-24 10:39:54.866 W/System.err(28382): 	at com.tencent.feedback.common.g.<init>(RQDSRC:27)
05-24 10:39:54.866 W/System.err(28382): 	at com.tencent.feedback.common.g.a(RQDSRC:41)
05-24 10:39:54.866 W/System.err(28382): 	at com.tencent.feedback.upload.f.a(RQDSRC:159)
05-24 10:39:54.866 W/System.err(28382): 	at com.tencent.feedback.proguard.v.a(RQDSRC:226)
05-24 10:39:54.866 W/System.err(28382): 	at com.tencent.feedback.proguard.v.run(RQDSRC:350)
05-24 10:39:54.866 W/System.err(28382): 	at java.util.concurrent.Executors$RunnableAdapter.call(Executors.java:422)
05-24 10:39:54.866 W/System.err(28382): 	at java.util.concurrent.FutureTask.run(FutureTask.java:237)
05-24 10:39:54.866 W/System.err(28382): 	at java.util.concurrent.ScheduledThreadPoolExecutor$ScheduledFutureTask.access$201(ScheduledThreadPoolExecutor.java:152)
05-24 10:39:54.866 W/System.err(28382): 	at java.util.concurrent.ScheduledThreadPoolExecutor$ScheduledFutureTask.run(ScheduledThreadPoolExecutor.java:265)
05-24 10:39:54.866 W/System.err(28382): 	at java.util.concurrent.ThreadPoolExecutor.runWorker(ThreadPoolExecutor.java:1112)
05-24 10:39:54.866 W/System.err(28382): 	at java.util.concurrent.ThreadPoolExecutor$Worker.run(ThreadPoolExecutor.java:587)
05-24 10:39:54.866 W/System.err(28382): 	at java.lang.Thread.run(Thread.java:818)
05-24 10:39:54.866 D/SecShell(28495): READLINK ERROR
05-24 10:39:54.876 W/System.err(28382): java.io.InvalidClassException: com.tencent.feedback.proguard.p; Incompatible class (SUID): com.tencent.feedback.proguard.p: static final long serialVersionUID =3151445057251730294L; but expected com.tencent.feedback.proguard.p: static final long serialVersionUID =0L;
05-24 10:39:54.876 W/System.err(28382): 	at java.io.ObjectInputStream.verifyAndInit(ObjectInputStream.java:2341)
05-24 10:39:54.876 W/System.err(28382): 	at java.io.ObjectInputStream.readNewClassDesc(ObjectInputStream.java:1643)
05-24 10:39:54.876 W/System.err(28382): 	at java.io.ObjectInputStream.readClassDesc(ObjectInputStream.java:657)
05-24 10:39:54.876 W/System.err(28382): 	at java.io.ObjectInputStream.readNewObject(ObjectInputStream.java:1782)
05-24 10:39:54.876 W/System.err(28382): 	at java.io.ObjectInputStream.readNonPrimitiveContent(ObjectInputStream.java:761)
05-24 10:39:54.876 W/System.err(28382): 	at java.io.ObjectInputStream.readObject(ObjectInputStream.java:1983)
05-24 10:39:54.876 W/System.err(28382): 	at java.io.ObjectInputStream.readObject(ObjectInputStream.java:1940)
05-24 10:39:54.876 W/System.err(28382): 	at com.tencent.feedback.proguard.a.b(RQDSRC:147)
05-24 10:39:54.876 W/System.err(28382): 	at com.tencent.feedback.proguard.a.a(RQDSRC:60)
05-24 10:39:54.876 W/System.err(28382): 	at com.tencent.feedback.common.g.c(RQDSRC:129)
05-24 10:39:54.876 W/System.err(28382): 	at com.tencent.feedback.common.g.<init>(RQDSRC:27)
05-24 10:39:54.876 W/System.err(28382): 	at com.tencent.feedback.common.g.a(RQDSRC:41)
05-24 10:39:54.876 W/System.err(28382): 	at com.tencent.feedback.upload.f.a(RQDSRC:159)
05-24 10:39:54.876 W/System.err(28382): 	at com.tencent.feedback.proguard.v.a(RQDSRC:226)
05-24 10:39:54.876 W/System.err(28382): 	at com.tencent.feedback.proguard.v.run(RQDSRC:350)
05-24 10:39:54.876 W/System.err(28382): 	at java.util.concurrent.Executors$RunnableAdapter.call(Executors.java:422)
05-24 10:39:54.876 W/System.err(28382): 	at java.util.concurrent.FutureTask.run(FutureTask.java:237)
05-24 10:39:54.876 W/System.err(28382): 	at java.util.concurrent.ScheduledThreadPoolExecutor$ScheduledFutureTask.access$201(ScheduledThreadPoolExecutor.java:152)
05-24 10:39:54.876 W/System.err(28382): 	at java.util.concurrent.ScheduledThreadPoolExecutor$ScheduledFutureTask.run(ScheduledThreadPoolExecutor.java:265)
05-24 10:39:54.876 W/System.err(28382): 	at java.util.concurrent.ThreadPoolExecutor.runWorker(ThreadPoolExecutor.java:1112)
05-24 10:39:54.876 W/System.err(28382): 	at java.util.concurrent.ThreadPoolExecutor$Worker.run(ThreadPoolExecutor.java:587)
05-24 10:39:54.876 W/System.err(28382): 	at java.lang.Thread.run(Thread.java:818)
05-24 10:39:54.876 W/System.err(28382): java.io.InvalidClassException: com.tencent.feedback.proguard.p; Incompatible class (SUID): com.tencent.feedback.proguard.p: static final long serialVersionUID =3151445057251730294L; but expected com.tencent.feedback.proguard.p: static final long serialVersionUID =0L;
05-24 10:39:54.876 W/System.err(28382): 	at java.io.ObjectInputStream.verifyAndInit(ObjectInputStream.java:2341)
05-24 10:39:54.876 W/System.err(28382): 	at java.io.ObjectInputStream.readNewClassDesc(ObjectInputStream.java:1643)
05-24 10:39:54.876 W/System.err(28382): 	at java.io.ObjectInputStream.readClassDesc(ObjectInputStream.java:657)
05-24 10:39:54.876 W/System.err(28382): 	at java.io.ObjectInputStream.readNewObject(ObjectInputStream.java:1782)
05-24 10:39:54.876 W/System.err(28382): 	at java.io.ObjectInputStream.readNonPrimitiveContent(ObjectInputStream.java:761)
05-24 10:39:54.876 W/System.err(28382): 	at java.io.ObjectInputStream.readObject(ObjectInputStream.java:1983)
05-24 10:39:54.876 W/System.err(28382): 	at java.io.ObjectInputStream.readObject(ObjectInputStream.java:1940)
05-24 10:39:54.876 W/System.err(28382): 	at com.tencent.feedback.proguard.a.b(RQDSRC:147)
05-24 10:39:54.876 W/System.err(28382): 	at com.tencent.feedback.proguard.a.a(RQDSRC:60)
05-24 10:39:54.876 W/System.err(28382): 	at com.tencent.feedback.common.g.c(RQDSRC:129)
05-24 10:39:54.876 W/System.err(28382): 	at com.tencent.feedback.common.g.<init>(RQDSRC:27)
05-24 10:39:54.876 W/System.err(28382): 	at com.tencent.feedback.common.g.a(RQDSRC:41)
05-24 10:39:54.876 W/System.err(28382): 	at com.tencent.feedback.upload.f.a(RQDSRC:159)
05-24 10:39:54.876 W/System.err(28382): 	at com.tencent.feedback.proguard.v.a(RQDSRC:226)
05-24 10:39:54.876 W/System.err(28382): 	at com.tencent.feedback.proguard.v.run(RQDSRC:350)
05-24 10:39:54.876 W/System.err(28382): 	at java.util.concurrent.Executors$RunnableAdapter.call(Executors.java:422)
05-24 10:39:54.876 W/System.err(28382): 	at java.util.concurrent.FutureTask.run(FutureTask.java:237)
05-24 10:39:54.876 W/System.err(28382): 	at java.util.concurrent.ScheduledThreadPoolExecutor$ScheduledFutureTask.access$201(ScheduledThreadPoolExecutor.java:152)
05-24 10:39:54.876 W/System.err(28382): 	at java.util.concurrent.ScheduledThreadPoolExecutor$ScheduledFutureTask.run(ScheduledThreadPoolExecutor.java:265)
05-24 10:39:54.876 W/System.err(28382): 	at java.util.concurrent.ThreadPoolExecutor.runWorker(ThreadPoolExecutor.java:1112)
05-24 10:39:54.876 W/System.err(28382): 	at java.util.concurrent.ThreadPoolExecutor$Worker.run(ThreadPoolExecutor.java:587)
05-24 10:39:54.876 W/System.err(28382): 	at java.lang.Thread.run(Thread.java:818)
05-24 10:39:54.876 D/SecShell(28495): READLINK ERROR
05-24 10:39:54.876 I/XiaomiFirewall( 1624): firewall pkgName:com.baidu.map.location, result:0
05-24 10:39:54.876 D/SecShell(28495): READLINK ERROR
05-24 10:39:54.886 D/SecShell(28495): READLINK ERROR
05-24 10:39:54.886 D/SecShell(28382): READLINK ERROR
05-24 10:39:54.886 D/SecShell(28382): READLINK ERROR
05-24 10:39:54.886 D/SecShell(28495): READLINK ERROR
05-24 10:39:54.886 W/Settings(20809): Setting airplane_mode_on has moved from android.provider.Settings.System to android.provider.Settings.Global, returning read-only value.
05-24 10:39:54.886 W/beacon  (20809): onUserAction return false, because eventName:[loadSoNew] is not allowed in server strategy!
05-24 10:39:54.896 W/Settings(20809): Setting airplane_mode_on has moved from android.provider.Settings.System to android.provider.Settings.Global, returning read-only value.
05-24 10:39:54.896 W/beacon  (20809): onUserAction return false, because eventName:[loadSoOld] is not allowed in server strategy!
05-24 10:39:54.906 D/SecShell(28495): start get packageName
05-24 10:39:54.906 D/SecShell(28495): end get packageName
05-24 10:39:54.926 I/NLP     ( 1657): Location result:[location successful by Baidu], reason:[network location] locType=161
05-24 10:39:54.926 D/SecShell(28495): READLINK ERROR
05-24 10:39:54.926 D/SecShell(28495): READLINK ERROR
05-24 10:39:54.926 D/SecShell(28495): READLINK ERROR
05-24 10:39:54.926 D/SecShell(28495): start get packageName
05-24 10:39:54.926 D/SecShell(28495): READLINK ERROR
05-24 10:39:54.926 D/SecShell(28495): end get packageName
05-24 10:39:54.926 D/SecShell(28495): READLINK ERROR
05-24 10:39:54.946 D/SecShell(28495): READLINK ERROR
05-24 10:39:54.946 D/SecShell(28495): READLINK ERROR
05-24 10:39:54.946 D/DnsFallback(  432): query: monitor.uu.qq.com
05-24 10:39:54.956 I/libthemeutils(28634): Theme libthemeutil.so load success
05-24 10:39:54.966 D/miuisdk (28634): current sdk level is 3
05-24 10:39:54.976 E/LocSvc_eng( 1015): E/int loc_eng_inject_location(loc_eng_data_s_type&, double, double, float): log_eng state error: instance not initialized
05-24 10:39:54.976 D/LBSSystemMonitorService( 1015): handleMessage what - 7
05-24 10:39:54.976 D/Wiper_jni( 1015): Send Passive Location.
05-24 10:39:54.986 E/LocSvc_LBSApiV02( 1015): E/virtual int lbs_core::LBSApiV02::injectCoarsePosition(const CoarsePositionInfo&):312]: Error : st = 0, ind.status = 1
05-24 10:39:55.016 D/DnsFallback(  432): query: weatherapi.market.xiaomi.com
05-24 10:39:55.036 I/XiaomiFirewall( 1624): firewall pkgName:com.miui.weather2, result:0
05-24 10:39:55.066 I/TrafficManageService( 1624): mina mTrafficStatsReceiver onReceive
05-24 10:39:55.086 W/System.err( 3413): java.lang.ArrayIndexOutOfBoundsException: length=58; index=58
05-24 10:39:55.086 W/System.err( 3413): 	at com.lbe.security.service.provider.internal.AppOpsAdapter$1.getDefaultOp(AppOpsAdapter.java:279)
05-24 10:39:55.086 W/System.err( 3413): 	at com.android.internal.app.IOpsCallback$Stub.onTransact(IOpsCallback.java:68)
05-24 10:39:55.086 W/System.err( 3413): 	at android.os.Binder.execTransact(Binder.java:446)
05-24 10:39:55.086 E/MnsTracer(MiLinkSDK)(games)(28634): File Trace Level Changed = 63
05-24 10:39:55.086 E/MnsTracer(MiLinkSDK)(games)(28634): Logcat Trace Level Changed = 63
05-24 10:39:55.086 E/MiLinkServiceBinder(MiLinkSDK)(games)(28634): Client Protection Saved : 20001;7304660;7.3.04.660;DEBUG;games;com.xiaomi.gamecenter;zh_CN;;
05-24 10:39:55.106 V/ChineseTelocation(27905): Read Telocation from /data/data/com.miui.core/files/idf/telocation.idf
05-24 10:39:55.126 D/CloudTelephonyManager(27905): blockingGetDeviceId is called by com.miui.yellowpage with timeout: 300000
05-24 10:39:55.196 D/DnsFallback(  432): query: data.mistat.xiaomi.com
05-24 10:39:55.206 I/XiaomiFirewall( 1624): firewall pkgName:com.xiaomi.gamecenter, result:0
05-24 10:39:55.246 E/SessionManager(MiLinkSDK)(games)(28634): SessionManager created, milinkversion=60_1
05-24 10:39:55.256 W/        (27905): Unable to open '/system/framework/extendedmediaextractor.jar': No such file or directory
05-24 10:39:55.256 W/art     (27905): Failed to open zip archive '/system/framework/extendedmediaextractor.jar': I/O Error
05-24 10:39:55.266 I/SessionManager(MiLinkSDK)(games)(28634): setState mState = 0,newState = 0
05-24 10:39:55.266 V/SessionManager(MiLinkSDK)(games)(28634): mSessionList.size=0
05-24 10:39:55.276 I/SessionManager(MiLinkSDK)(games)(28634): NetworkChangeReceiver, setCurrentNetworkInfo=[type: WIFI[], state: CONNECTED/CONNECTED, reason: (unspecified), extra: "iyaya_5.8", roaming: false, failover: false, isAvailable: true, isConnectedToProvisioningNetwork: false]
05-24 10:39:55.296 V/SessionManager(MiLinkSDK)(games)(28634): app not login, ignore network change broadcast
05-24 10:39:55.306 W/NetworkObserver(28634): LAST -> null
05-24 10:39:55.306 W/NetworkObserver(28634): CURR -> NetworkState [connected=true, apnName="iyaya_5.8", type=WIFI, accessPoint=NEVER_HEARD]
05-24 10:39:55.306 D/miuisdk (28679): current sdk level is 3
05-24 10:39:55.306 V/NetworkDash(28634): isDeviceIdBySlot:0
05-24 10:39:55.306 V/NetworkDash(28634): isDeviceIdBySlot:1
05-24 10:39:55.306 I/NetworkDash(28634): imsi: null
05-24 10:39:55.306 W/NetworkObserver(28634): null => N/A
05-24 10:39:55.316 I/DomainManager(MiLinkSDK)(games)(28634): startResolve
05-24 10:39:55.316 I/DomainManager(MiLinkSDK)(games)(28634): startDefaultHostThread
05-24 10:39:55.316 W/SessionManager(MiLinkSDK)(games)(28634): SessionManager created finish
05-24 10:39:55.316 V/MiAccountManager(MiLinkSDK)(games)(28634): initUseAnonymousMode
05-24 10:39:55.316 D/MiAccountManager(MiLinkSDK)(games)(28634): switchAccountTypeMode turn to 1
05-24 10:39:55.316 D/DnsFallback(  432): query: migc.g.mi.com
05-24 10:39:55.326 W/SessionManager(MiLinkSDK)(games)(28634): ClientActionEvent ClientRequestCheckConnection
05-24 10:39:55.326 V/AnonymousAccount(MiLinkSDK)(games)(28634): mServiceToken=2
05-24 10:39:55.326 I/SessionManager(MiLinkSDK)(games)(28634): open session, internalOpen with mState = 0
05-24 10:39:55.336 V/IIpInfoManager(MiLinkSDK)(games)(28634): get recently server list, apnKey is 32:0f:0e:20:60:90
05-24 10:39:55.336 I/IIpInfoManager(MiLinkSDK)(games)(28634): load recentlyservers
05-24 10:39:55.336 D/DnsFallback(  432): query: oss.wali.com
05-24 10:39:55.356 W/DomainManager(MiLinkSDK)(games)(28634): domain [domain = migc.g.mi.com,ip = 183.131.21.36,client localDNS = [none,none;192.168.40.210;192.168.1.1], errCode=0,timecost = 34ms]
05-24 10:39:55.356 W/klobugreport_m(28679): W isPackageInstalled NameNotFoundException e:com.miui.klorobot
05-24 10:39:55.356 W/klobugreport_m(28679): W isPackageInstalled NameNotFoundException e:com.miui.klorobotrelease
05-24 10:39:55.366 I/IIpInfoManager(MiLinkSDK)(games)(28634): load apnisps
05-24 10:39:55.366 I/klobugreport_m(28679): I isUploadLogAllowed() allow:true
05-24 10:39:55.366 I/klobugreport_KLOStartupReceiver(28679): I onReceive action:android.net.conn.CONNECTIVITY_CHANGE
05-24 10:39:55.366 I/klobugreport_KLOStartupReceiver(28679): I isUpdateTimeOverDay currentTime - lastTime:86662202 ret:true
05-24 10:39:55.366 I/klobugreport_KLOStartupReceiver(28679): I setAlarm triggerAtMillis1464143995376
05-24 10:39:55.376 V/IIpInfoManager(MiLinkSDK)(games)(28634): get current apn optimum server list, apnKey is 32:0f:0e:20:60:90, ispKey isother
05-24 10:39:55.376 V/IIpInfoManager(MiLinkSDK)(games)(28634): get optimum server list, key is other
05-24 10:39:55.376 I/IIpInfoManager(MiLinkSDK)(games)(28634): load optservers
05-24 10:39:55.386 I/klobugreport_KLOStartupReceiver(28679): I isUpdateTimeOverDay currentTime - lastTime:86662226 ret:true
05-24 10:39:55.396 I/IIpInfoManager(MiLinkSDK)(games)(28634): load backupservers
05-24 10:39:55.396 W/klobugreport_q(28679): W getRSAPublicKey permission file [/data/miui/whetstone/WhetstonePermission.apk] is invalid
05-24 10:39:55.396 I/MiLinkServerManager(MiLinkSDK)(games)(28634): reset isBackgroud = false,has recently tcp server[ sIP=183.131.21.36, sPort=14000, pIP=null, pPort=0, protocol=tcp, type=recently ]
05-24 10:39:55.396 I/SessionManager(MiLinkSDK)(games)(28634): setState mState = 0,newState = 1
05-24 10:39:55.396 V/SessionManager(MiLinkSDK)(games)(28634): mSessionList.size=0
05-24 10:39:55.396 D/Event   (28634): No subscribers registered for event class com.mi.milink.sdk.event.MiLinkEvent$SessionManagerStateChangeEvent
05-24 10:39:55.396 D/Event   (28634): No subscribers registered for event class ang
05-24 10:39:55.406 D/LibraryLoader(28634): try to load library: connectionbase from system lib
05-24 10:39:55.416 D/LibraryLoader(28634): try to load library: milinkconnection from system lib
05-24 10:39:55.416 W/art     (28634): Attempt to remove local handle scope entry from IRT, ignoring
05-24 10:39:55.416 I/ConnectionImpl(MiLinkSDK)(games)(28634): loadLibrary return true
05-24 10:39:55.416 D/Event   (28634): No subscribers registered for event class com.mi.milink.sdk.event.MiLinkEvent$SessionManagerStateChangeEvent
05-24 10:39:55.416 D/Event   (28634): No subscribers registered for event class ang
05-24 10:39:55.416 V/ConnectionImpl(MiLinkSDK)(games)(28634): postEventFromNative msg:onStart, arg1=0, arg2=0 to SessionNo:1
05-24 10:39:55.416 D/native(MiLinkSDK)(games)(28634): TcpConn:Thread Run......
05-24 10:39:55.426 V/ConnectionImpl(MiLinkSDK)(games)(28634): postEventFromNative msg:onMsgProc, arg1=1, arg2=0 to SessionNo:1
05-24 10:39:55.426 V/[No:1]Session(MiLinkSDK)(games)(28634): onMsgProc, uMsg=1, wParam=0
