05-24 10:40:04.316 D/AndroidRuntime(29545): Calling main entry com.android.commands.pm.Pm
05-24 10:40:04.356 D/SecShell(28382): READLINK ERROR
05-24 10:40:04.356 D/SecShell(28382): READLINK ERROR
05-24 10:40:04.376 D/SecShell(28495): start get packageName
05-24 10:40:04.376 D/SecShell(28495): end get packageName
05-24 10:40:04.386 D/SecShell(28495): READLINK ERROR
05-24 10:40:04.386 D/SecShell(28495): READLINK ERROR
05-24 10:40:04.386 D/AndroidRuntime(29545): Shutting down VM
05-24 10:40:04.396 W/System.err( 3413): java.lang.ArrayIndexOutOfBoundsException: length=58; index=58
05-24 10:40:04.396 W/System.err( 3413): 	at com.lbe.security.service.provider.internal.AppOpsAdapter$1.getDefaultOp(AppOpsAdapter.java:279)
05-24 10:40:04.396 W/System.err( 3413): 	at com.android.internal.app.IOpsCallback$Stub.onTransact(IOpsCallback.java:68)
05-24 10:40:04.396 W/System.err( 3413): 	at android.os.Binder.execTransact(Binder.java:446)
05-24 10:40:04.396 D/SecShell(28495): start get packageName
05-24 10:40:04.396 D/SecShell(28495): end get packageName
05-24 10:40:04.406 D/SecShell(28495): start get packageName
05-24 10:40:04.406 D/SecShell(28495): end get packageName
05-24 10:40:04.436 D/SecShell(28495): start get packageName
05-24 10:40:04.436 D/SecShell(28495): end get packageName
05-24 10:40:04.436 D/SecShell(28495): start get packageName
05-24 10:40:04.436 D/SecShell(28495): end get packageName
05-24 10:40:04.446 D/SecShell(28495): start get packageName
05-24 10:40:04.446 D/SecShell(28495): end get packageName
05-24 10:40:04.456 D/SecShell(28495): start get packageName
05-24 10:40:04.456 D/SecShell(28495): end get packageName
05-24 10:40:04.456 D/SecShell(28495): start get packageName
05-24 10:40:04.456 D/SecShell(28495): end get packageName
05-24 10:40:04.466 D/SecShell(28495): start get packageName
05-24 10:40:04.466 D/SecShell(28495): end get packageName
05-24 10:40:04.486 D/SecShell(28382): READLINK ERROR
05-24 10:40:04.486 D/SecShell(28382): READLINK ERROR
05-24 10:40:04.496 D/SecShell(28382): READLINK ERROR
05-24 10:40:04.506 E/art     (28382): dlopen("/data/app/com.tencent.mtt-1/lib/arm/libsystemInfo_x86.so", RTLD_LAZY) failed: dlopen failed: "/data/app/com.tencent.mtt-1/lib/arm/libsystemInfo_x86.so" has unexpected e_machine: 3
05-24 10:40:04.506 D/SecShell(28495): start get packageName
05-24 10:40:04.506 D/SecShell(28495): end get packageName
05-24 10:40:04.516 D/SecShell(28495): start get packageName
05-24 10:40:04.516 D/SecShell(28495): end get packageName
05-24 10:40:04.526 D/SecShell(28495): start get packageName
05-24 10:40:04.526 D/SecShell(28495): end get packageName
05-24 10:40:04.536 D/Utils   (  437): printFileName fd(54) -> /data/app/com.sina.weibo-1/base.apk
05-24 10:40:04.536 I/ExtendedUtils(  437): printFileName fd(54) -> /data/app/com.sina.weibo-1/base.apk
05-24 10:40:04.536 I/FFmpegExtractor(  437): android-source:0xf0111700
05-24 10:40:04.536 E/FFmpegExtractor(  437): android-source:0xf0111700: avformat_open_input failed, err:Invalid data found when processing input
05-24 10:40:04.536 W/FFmpegExtractor(  437): sniff through BetterSniffFFMPEG failed, try LegacySniffFFMPEG
05-24 10:40:04.536 E/FFmpegExtractor(  437): android-source:0xf0111700|file:: avformat_open_input failed, err:Invalid data found when processing input
05-24 10:40:04.536 D/FFmpegExtractor(  437): SniffFFMPEG failed to sniff this source
05-24 10:40:04.546 D/ExtendedUtils(  437): extended extractor not needed, return default
05-24 10:40:04.546 W/Utils   (  437): bool android::canOffloadStream(const android::sp<android::MetaData>&, bool, const android::sp<android::MetaData>&, bool, audio_stream_type_t) No Sample Bit info in meta data
05-24 10:40:04.546 D/AudioPolicyManager(  437): isOffloadSupported: stream_type != MUSIC, returning false
05-24 10:40:04.546 I/AwesomePlayer(  437): Not OffloadPlayer, can't use Offload mode, force to turn off the offload mode
05-24 10:40:04.546 I/AwesomePlayer(  437): isOffloadPlayer=0, mOffloadAudio=0, isForceOffload=0
05-24 10:40:04.546 D/OMXCodec(  437): Successfully allocated OMX node 'OMX.google.mp3.decoder'
05-24 10:40:04.546 I/ExtendedUtils(  437): decision 0 mime 
05-24 10:40:04.546 I/AwesomePlayer(  437): Could not offload audio decode, try pcm offload
05-24 10:40:04.546 W/Utils   (  437): bool android::canOffloadStream(const android::sp<android::MetaData>&, bool, const android::sp<android::MetaData>&, bool, audio_stream_type_t) No Sample Bit info in meta data
05-24 10:40:04.546 D/AudioPolicyManager(  437): isOffloadSupported: stream_type != MUSIC, returning false
05-24 10:40:04.546 I/AwesomePlayer(  437): Not OffloadPlayer, can't use Offload mode, force to turn off the offload mode
05-24 10:40:04.546 I/AwesomePlayer(  437): isOffloadPlayer=0, mOffloadAudio=0, isForceOffload=0
05-24 10:40:04.546 E/AwesomePlayer(  437): play_l, check if currnetly can be the offload
05-24 10:40:04.546 W/Utils   (  437): bool android::canOffloadStream(const android::sp<android::MetaData>&, bool, const android::sp<android::MetaData>&, bool, audio_stream_type_t) No Sample Bit info in meta data
05-24 10:40:04.546 D/AudioPolicyManager(  437): isOffloadSupported: stream_type != MUSIC, returning false
05-24 10:40:04.546 I/AwesomePlayer(  437): Not OffloadPlayer, can't use Offload mode, force to turn off the offload mode
05-24 10:40:04.546 I/AudioPlayer(  437): start of Playback, useOffload 0
05-24 10:40:04.556 D/SecShell(28495): start get packageName
05-24 10:40:04.556 D/SecShell(28495): end get packageName
05-24 10:40:04.556 D/SecShell(28495): READLINK ERROR
05-24 10:40:04.556 D/SecShell(28382): READLINK ERROR
05-24 10:40:04.556 D/SecShell(28495): READLINK ERROR
05-24 10:40:04.556 E/MP3Extractor(  437): Unable to resync. Signalling end of stream.
05-24 10:40:04.566 D/SecShell(28495): start get packageName
05-24 10:40:04.566 D/SecShell(28495): end get packageName
05-24 10:40:04.586 I/AudioPlayer(  437): Pause Playback at 653060
05-24 10:40:04.586 I/AudioPlayer(  437): reset: mPlaying=0 mReachedEOS=1 useOffload=0
05-24 10:40:04.586 W/        (29478): Unable to open '/system/framework/extendedmediaextractor.jar': No such file or directory
05-24 10:40:04.586 W/art     (29478): Failed to open zip archive '/system/framework/extendedmediaextractor.jar': I/O Error
05-24 10:40:04.596 D/DnsFallback(  432): query: passport.360.cn
05-24 10:40:04.606 D/SecShell(28495): start get packageName
05-24 10:40:04.606 D/SecShell(28495): end get packageName
05-24 10:40:04.606 D/SecShell(28495): start get packageName
05-24 10:40:04.606 D/SecShell(28495): end get packageName
05-24 10:40:04.616 I/XiaomiFirewall( 1624): firewall pkgName:com.qihoo.appstore, result:0
05-24 10:40:04.616 D/SecShell(28382): READLINK ERROR
05-24 10:40:04.616 D/SecShell(28495): start get packageName
05-24 10:40:04.616 D/SecShell(28495): end get packageName
05-24 10:40:04.676 D/SecShell(28495): start get packageName
05-24 10:40:04.676 D/SecShell(28495): end get packageName
05-24 10:40:04.696 I/MediaPlayer( 1429): player name is [com.android.systemui]
05-24 10:40:04.696 E/MediaPlayer-JNI( 1429): QCMediaPlayer mediaplayer NOT present
05-24 10:40:04.716 W/        (19570): Unable to open '/system/framework/extendedmediaextractor.jar': No such file or directory
05-24 10:40:04.716 W/art     (19570): Failed to open zip archive '/system/framework/extendedmediaextractor.jar': I/O Error
05-24 10:40:04.716 D/Utils   (  437): printFileName fd(53) -> /data/app/com.sina.weibo-1/base.apk
05-24 10:40:04.716 I/ExtendedUtils(  437): printFileName fd(53) -> /data/app/com.sina.weibo-1/base.apk
05-24 10:40:04.716 D/DnsFallback(  432): query: passport.360.cn
05-24 10:40:04.716 I/FFmpegExtractor(  437): android-source:0xf0111ac0
05-24 10:40:04.716 E/FFmpegExtractor(  437): android-source:0xf0111ac0: avformat_open_input failed, err:Invalid data found when processing input
05-24 10:40:04.716 W/FFmpegExtractor(  437): sniff through BetterSniffFFMPEG failed, try LegacySniffFFMPEG
05-24 10:40:04.716 I/XiaomiFirewall( 1624): firewall pkgName:com.qihoo.browser, result:0
05-24 10:40:04.726 E/FFmpegExtractor(  437): android-source:0xf0111ac0|file:: avformat_open_input failed, err:Invalid data found when processing input
05-24 10:40:04.726 D/FFmpegExtractor(  437): SniffFFMPEG failed to sniff this source
05-24 10:40:04.726 D/PhoneStatusBar( 1429): addNotification pkg=com.sina.weibo;basepkg=com.sina.weibo;id=10004
05-24 10:40:04.726 D/ExtendedUtils(  437): extended extractor not needed, return default
05-24 10:40:04.726 I/AwesomePlayer(  437): AwesomePlayer::setParameters ()
05-24 10:40:04.726 W/Utils   (  437): bool android::canOffloadStream(const android::sp<android::MetaData>&, bool, const android::sp<android::MetaData>&, bool, audio_stream_type_t) No Sample Bit info in meta data
05-24 10:40:04.726 D/AudioPolicyManager(  437): offload disabled by audio.offload.disable=1
05-24 10:40:04.726 I/AwesomePlayer(  437): Not OffloadPlayer, can't use Offload mode, force to turn off the offload mode
05-24 10:40:04.726 I/AwesomePlayer(  437): isOffloadPlayer=0, mOffloadAudio=0, isForceOffload=0
05-24 10:40:04.726 D/OMXCodec(  437): Successfully allocated OMX node 'OMX.google.mp3.decoder'
05-24 10:40:04.726 I/ExtendedUtils(  437): decision 0 mime 
05-24 10:40:04.726 I/AwesomePlayer(  437): Could not offload audio decode, try pcm offload
05-24 10:40:04.726 W/Utils   (  437): bool android::canOffloadStream(const android::sp<android::MetaData>&, bool, const android::sp<android::MetaData>&, bool, audio_stream_type_t) No Sample Bit info in meta data
05-24 10:40:04.726 I/AudioPolicyManager(  437): PCM offload property is enabled
05-24 10:40:04.726 I/AwesomePlayer(  437): Not OffloadPlayer, can't use Offload mode, force to turn off the offload mode
05-24 10:40:04.726 I/AwesomePlayer(  437): isOffloadPlayer=0, mOffloadAudio=0, isForceOffload=0
05-24 10:40:04.726 E/MediaPlayer( 1429): Should have subtitle controller already set
05-24 10:40:04.726 I/MediaFocusControl( 1015):  AudioFocus  requestAudioFocus() from android.media.AudioManager@1b3785bc
05-24 10:40:04.726 I/XiaomiFirewall( 1624): firewall pkgName:com.sina.weibo, result:0
05-24 10:40:04.736 W/ContextImpl(27622): Implicit intents with startService are not safe: Intent { act=com.qihoo360.mobilesafe.service.WIFIEXAM } android.content.ContextWrapper.stopService:520 android.content.ContextWrapper.stopService:520 wifiexam.de.h:476 
05-24 10:40:04.736 I/Process (27622): Sending signal. PID: 27622 SIG: 9
05-24 10:40:04.736 E/AwesomePlayer(  437): play_l, check if currnetly can be the offload
05-24 10:40:04.736 W/Utils   (  437): bool android::canOffloadStream(const android::sp<android::MetaData>&, bool, const android::sp<android::MetaData>&, bool, audio_stream_type_t) No Sample Bit info in meta data
05-24 10:40:04.736 I/AudioPolicyManager(  437): PCM offload property is enabled
05-24 10:40:04.736 I/AwesomePlayer(  437): Not OffloadPlayer, can't use Offload mode, force to turn off the offload mode
05-24 10:40:04.736 I/AudioPlayer(  437): start of Playback, useOffload 0
05-24 10:40:04.736 D/AudioTrack(  437): TrackOffload: AudioTrack Offload disabled by property, returning false
05-24 10:40:04.746 V/EffectDiracSound(  437): DiracSound_command() start, cmdCode=9
05-24 10:40:04.746 V/EffectDiracSound(  437): DiracSound_Command EFFECT_CMD_SET_DEVICE: 0x00000002
05-24 10:40:04.746 D/audio_hw_primary(  437): out_set_parameters: enter: usecase(0: deep-buffer-playback) kvpairs: routing=2
05-24 10:40:04.746 D/audio_hw_extn(  437): audio_extn_set_anc_parameters: anc_enabled:0
05-24 10:40:04.746 V/audio_hw_primary(  437): out_set_parameters: exit: code(0)
05-24 10:40:04.746 V/SRS_Proc(  437): ParamSet string: speaker_pa_mute=0
05-24 10:40:04.746 D/audio_hw_primary(  437): adev_set_parameters: enter: speaker_pa_mute=0
05-24 10:40:04.746 V/msm8974_platform(  437): platform_set_parameters: enter: speaker_pa_mute=0
05-24 10:40:04.746 V/msm8974_platform(  437): platform_set_parameters: exit with code(0)
05-24 10:40:04.746 I/audio_hw_primary(  437): set_speaker_pa_mute: set speaker PA mute 0
05-24 10:40:04.746 D/audio_hw_extn(  437): audio_extn_set_anc_parameters: anc_enabled:0
05-24 10:40:04.746 V/audio_hw_primary(  437): adev_set_parameters: exit with code(0)
05-24 10:40:04.746 E/audio_a2dp_hw(  437): adev_set_parameters: ERROR: set param called even when stream out is null
05-24 10:40:04.746 V/SRS_Proc(  437): ParamSet string: speaker_pa_mute=0
05-24 10:40:04.746 D/audio_hw_primary(  437): adev_set_parameters: enter: speaker_pa_mute=0
05-24 10:40:04.746 V/msm8974_platform(  437): platform_set_parameters: enter: speaker_pa_mute=0
05-24 10:40:04.746 V/msm8974_platform(  437): platform_set_parameters: exit with code(0)
05-24 10:40:04.746 I/audio_hw_primary(  437): set_speaker_pa_mute: set speaker PA mute 0
05-24 10:40:04.746 D/audio_hw_extn(  437): audio_extn_set_anc_parameters: anc_enabled:0
05-24 10:40:04.746 V/audio_hw_primary(  437): adev_set_parameters: exit with code(0)
05-24 10:40:04.746 E/audio_a2dp_hw(  437): adev_set_parameters: ERROR: set param called even when stream out is null
05-24 10:40:04.746 V/SRS_Proc(  437): ParamSet string: speaker_pa_mute=0
05-24 10:40:04.746 D/audio_hw_primary(  437): adev_set_parameters: enter: speaker_pa_mute=0
05-24 10:40:04.746 V/msm8974_platform(  437): platform_set_parameters: enter: speaker_pa_mute=0
05-24 10:40:04.746 V/msm8974_platform(  437): platform_set_parameters: exit with code(0)
05-24 10:40:04.746 I/audio_hw_primary(  437): set_speaker_pa_mute: set speaker PA mute 0
05-24 10:40:04.746 D/audio_hw_extn(  437): audio_extn_set_anc_parameters: anc_enabled:0
05-24 10:40:04.746 V/audio_hw_primary(  437): adev_set_parameters: exit with code(0)
05-24 10:40:04.746 E/audio_a2dp_hw(  437): adev_set_parameters: ERROR: set param called even when stream out is null
05-24 10:40:04.746 V/SRS_Proc(  437): ParamSet string: speaker_pa_mute=0
05-24 10:40:04.746 D/audio_hw_primary(  437): adev_set_parameters: enter: speaker_pa_mute=0
05-24 10:40:04.746 V/msm8974_platform(  437): platform_set_parameters: enter: speaker_pa_mute=0
05-24 10:40:04.746 V/msm8974_platform(  437): platform_set_parameters: exit with code(0)
05-24 10:40:04.746 I/audio_hw_primary(  437): set_speaker_pa_mute: set speaker PA mute 0
05-24 10:40:04.746 D/audio_hw_extn(  437): audio_extn_set_anc_parameters: anc_enabled:0
05-24 10:40:04.746 V/audio_hw_primary(  437): adev_set_parameters: exit with code(0)
05-24 10:40:04.746 E/audio_a2dp_hw(  437): adev_set_parameters: ERROR: set param called even when stream out is null
05-24 10:40:04.746 V/SRS_Proc(  437): ParamSet string: speaker_pa_mute=0
05-24 10:40:04.756 D/audio_hw_primary(  437): adev_set_parameters: enter: speaker_pa_mute=0
05-24 10:40:04.756 V/msm8974_platform(  437): platform_set_parameters: enter: speaker_pa_mute=0
05-24 10:40:04.756 V/msm8974_platform(  437): platform_set_parameters: exit with code(0)
05-24 10:40:04.756 I/audio_hw_primary(  437): set_speaker_pa_mute: set speaker PA mute 0
05-24 10:40:04.756 D/audio_hw_extn(  437): audio_extn_set_anc_parameters: anc_enabled:0
05-24 10:40:04.756 V/audio_hw_primary(  437): adev_set_parameters: exit with code(0)
05-24 10:40:04.756 E/audio_a2dp_hw(  437): adev_set_parameters: ERROR: set param called even when stream out is null
05-24 10:40:04.756 V/SRS_Proc(  437): ParamSet string: speaker_pa_mute=0
05-24 10:40:04.756 D/audio_hw_primary(  437): adev_set_parameters: enter: speaker_pa_mute=0
05-24 10:40:04.756 V/msm8974_platform(  437): platform_set_parameters: enter: speaker_pa_mute=0
05-24 10:40:04.756 V/msm8974_platform(  437): platform_set_parameters: exit with code(0)
05-24 10:40:04.756 I/audio_hw_primary(  437): set_speaker_pa_mute: set speaker PA mute 0
05-24 10:40:04.756 D/audio_hw_extn(  437): audio_extn_set_anc_parameters: anc_enabled:0
05-24 10:40:04.756 V/audio_hw_primary(  437): adev_set_parameters: exit with code(0)
05-24 10:40:04.756 E/audio_a2dp_hw(  437): adev_set_parameters: ERROR: set param called even when stream out is null
05-24 10:40:04.756 V/SRS_Proc(  437): ParamSet string: speaker_pa_mute=0
05-24 10:40:04.756 D/audio_hw_primary(  437): adev_set_parameters: enter: speaker_pa_mute=0
05-24 10:40:04.756 V/msm8974_platform(  437): platform_set_parameters: enter: speaker_pa_mute=0
05-24 10:40:04.756 V/msm8974_platform(  437): platform_set_parameters: exit with code(0)
05-24 10:40:04.756 I/audio_hw_primary(  437): set_speaker_pa_mute: set speaker PA mute 0
05-24 10:40:04.756 D/audio_hw_extn(  437): audio_extn_set_anc_parameters: anc_enabled:0
05-24 10:40:04.756 V/audio_hw_primary(  437): adev_set_parameters: exit with code(0)
05-24 10:40:04.756 E/audio_a2dp_hw(  437): adev_set_parameters: ERROR: set param called even when stream out is null
05-24 10:40:04.756 V/SRS_Proc(  437): ParamSet string: speaker_pa_mute=0
05-24 10:40:04.756 D/audio_hw_primary(  437): adev_set_parameters: enter: speaker_pa_mute=0
05-24 10:40:04.756 V/msm8974_platform(  437): platform_set_parameters: enter: speaker_pa_mute=0
05-24 10:40:04.756 V/msm8974_platform(  437): platform_set_parameters: exit with code(0)
05-24 10:40:04.756 I/audio_hw_primary(  437): set_speaker_pa_mute: set speaker PA mute 0
05-24 10:40:04.756 D/audio_hw_extn(  437): audio_extn_set_anc_parameters: anc_enabled:0
05-24 10:40:04.756 V/audio_hw_primary(  437): adev_set_parameters: exit with code(0)
05-24 10:40:04.756 E/audio_a2dp_hw(  437): adev_set_parameters: ERROR: set param called even when stream out is null
05-24 10:40:04.756 V/SRS_Proc(  437): ParamSet string: speaker_pa_mute=0
05-24 10:40:04.756 D/audio_hw_primary(  437): adev_set_parameters: enter: speaker_pa_mute=0
05-24 10:40:04.756 V/msm8974_platform(  437): platform_set_parameters: enter: speaker_pa_mute=0
05-24 10:40:04.756 V/msm8974_platform(  437): platform_set_parameters: exit with code(0)
05-24 10:40:04.756 I/audio_hw_primary(  437): set_speaker_pa_mute: set speaker PA mute 0
05-24 10:40:04.756 D/audio_hw_extn(  437): audio_extn_set_anc_parameters: anc_enabled:0
05-24 10:40:04.756 V/audio_hw_primary(  437): adev_set_parameters: exit with code(0)
05-24 10:40:04.756 E/audio_a2dp_hw(  437): adev_set_parameters: ERROR: set param called even when stream out is null
05-24 10:40:04.756 V/SRS_Proc(  437): ParamSet string: speaker_pa_mute=0
05-24 10:40:04.756 D/audio_hw_primary(  437): adev_set_parameters: enter: speaker_pa_mute=0
05-24 10:40:04.756 V/msm8974_platform(  437): platform_set_parameters: enter: speaker_pa_mute=0
05-24 10:40:04.756 V/msm8974_platform(  437): platform_set_parameters: exit with code(0)
05-24 10:40:04.756 I/audio_hw_primary(  437): set_speaker_pa_mute: set speaker PA mute 0
05-24 10:40:04.756 D/audio_hw_extn(  437): audio_extn_set_anc_parameters: anc_enabled:0
05-24 10:40:04.756 V/audio_hw_primary(  437): adev_set_parameters: exit with code(0)
05-24 10:40:04.756 E/audio_a2dp_hw(  437): adev_set_parameters: ERROR: set param called even when stream out is null
05-24 10:40:04.756 V/SRS_Proc(  437): ParamSet string: speaker_pa_mute=0
05-24 10:40:04.756 D/audio_hw_primary(  437): adev_set_parameters: enter: speaker_pa_mute=0
05-24 10:40:04.756 V/msm8974_platform(  437): platform_set_parameters: enter: speaker_pa_mute=0
05-24 10:40:04.756 V/msm8974_platform(  437): platform_set_parameters: exit with code(0)
05-24 10:40:04.756 I/audio_hw_primary(  437): set_speaker_pa_mute: set speaker PA mute 0
05-24 10:40:04.756 D/audio_hw_extn(  437): audio_extn_set_anc_parameters: anc_enabled:0
05-24 10:40:04.756 V/audio_hw_primary(  437): adev_set_parameters: exit with code(0)
05-24 10:40:04.756 E/audio_a2dp_hw(  437): adev_set_parameters: ERROR: set param called even when stream out is null
05-24 10:40:04.756 I/AudioFlinger(  437): setAppName(), name=[com.android.systemui], active=[1]
05-24 10:40:04.756 V/EffectDiracSound(  437): DiracSound_command() start, cmdCode=24
05-24 10:40:04.756 V/EffectDiracSound(  437): DiracSound_Command EFFECT_CMD_SET_APP_NAME: stream=5, name=+com.android.systemui
05-24 10:40:04.756 I/EffectDiracSound(  437): DiracSound_updateStreamVolume(), stream=5, volume=0.134897
05-24 10:40:04.756 E/MediaPlayer( 1429): Should have subtitle controller already set
05-24 10:40:04.766 D/audio_hw_primary(  437): start_output_stream: enter: stream(0xf35b3f00)usecase(0: deep-buffer-playback) devices(0x2)
05-24 10:40:04.766 V/msm8974_platform(  437): platform_get_output_snd_device: enter: output devices(0x2)
05-24 10:40:04.766 V/msm8974_platform(  437): platform_get_output_snd_device: exit: snd_device(speaker)
05-24 10:40:04.766 D/audio_hw_primary(  437): select_devices: out_snd_device(2: speaker) in_snd_device(0: )
05-24 10:40:04.766 V/msm8974_platform(  437): platform_check_and_set_codec_backend_cfg usecase = 0
05-24 10:40:04.766 W/msm8974_platform(  437): Codec backend bitwidth 16, samplerate 48000
05-24 10:40:04.766 V/msm8974_platform(  437): Offload playback running bw 16 sr 48000
05-24 10:40:04.766 W/msm8974_platform(  437): HiFi backend bitwidth 0, samplerate 0
05-24 10:40:04.766 D/hardware_info(  437): hw_info_append_hw_type : device_name = speaker
05-24 10:40:04.766 D/hardware_info(  437): hw_info_append_hw_type : device_name = vi-feedback
05-24 10:40:04.766 V/audio_hw_primary(  437): enable_snd_device: snd_device(81: vi-feedback)
05-24 10:40:04.766 I/soundtrigger(  437): audio_extn_sound_trigger_update_device_status: device 0x51 of type 1 for Event 1, with Raise=0
05-24 10:40:04.766 V/audio_hw_primary(  437): enable_audio_route: enter: usecase(26)
05-24 10:40:04.766 E/audio_hw_dolby(  437): audio_extn_dolby_ds2_set_endpoint: Dolby set endpint :0x2
05-24 10:40:04.766 D/soundtrigger(  437): audio_extn_sound_trigger_update_stream_status: uc_id 26 of type 1 for Event 3, with Raise=0
05-24 10:40:04.766 E/voice   (  437): voice_is_in_call_rec_stream: input stream is NULL
05-24 10:40:04.766 V/msm8974_platform(  437): platform_send_audio_calibration: sending audio calibration for snd_device(81) acdb_id(4)
05-24 10:40:04.766 D/ACDB-LOADER(  437): ACDB -> send_audio_cal, acdb_id = 4, path =  1
05-24 10:40:04.766 D/ACDB-LOADER(  437): ACDB -> send_asm_topology
05-24 10:40:04.766 D/ACDB-LOADER(  437): ACDB -> ACDB_CMD_GET_AUDPROC_STREAM_TOPOLOGY_ID
05-24 10:40:04.766 D/ACDB-LOADER(  437): ACDB -> send_adm_topology
05-24 10:40:04.766 D/ACDB-LOADER(  437): ACDB -> ACDB_CMD_GET_AUDPROC_COMMON_TOPOLOGY_ID
05-24 10:40:04.766 D/ACDB-LOADER(  437): ACDB -> send_audtable
05-24 10:40:04.766 D/ACDB-LOADER(  437): ACDB -> ACDB_CMD_GET_AUDPROC_COMMON_TABLE
05-24 10:40:04.766 D/ACDB-LOADER(  437): ACDB -> AUDIO_SET_AUDPROC_CAL
05-24 10:40:04.766 D/ACDB-LOADER(  437): ACDB -> send_audvoltable
05-24 10:40:04.766 D/ACDB-LOADER(  437): ACDB -> ACDB_CMD_GET_AUDPROC_GAIN_DEP_STEP_TABLE
05-24 10:40:04.766 D/        (  437): Failed to fetch the lookup information of the device 00000004 
05-24 10:40:04.766 E/ACDB-LOADER(  437): Error: ACDB AudProc vol returned = -19
05-24 10:40:04.766 D/ACDB-LOADER(  437): ACDB -> AUDIO_SET_AUDPROC_VOL_CAL
05-24 10:40:04.766 D/ACDB-LOADER(  437): ACDB -> send_afe_cal
05-24 10:40:04.766 D/ACDB-LOADER(  437): ACDB -> ACDB_CMD_GET_AFE_COMMON_TABLE
05-24 10:40:04.766 D/        (  437): Failed to fetch the lookup information of the device 00000004 
05-24 10:40:04.766 E/ACDB-LOADER(  437): Error: ACDB AFE returned = -19
05-24 10:40:04.766 D/ACDB-LOADER(  437): ACDB -> AUDIO_SET_AFE_CAL
05-24 10:40:04.766 D/ACDB-LOADER(  437): ACDB -> send_hw_delay : acdb_id = 4 path = 1
05-24 10:40:04.766 D/ACDB-LOADER(  437): ACDB -> ACDB_AVSYNC_INFO: ACDB_CMD_GET_DEVICE_PROPERTY
05-24 10:40:04.766 V/audio_hw_utils(  437): audio_extn_utils_send_app_type_cfg
05-24 10:40:04.766 V/audio_hw_utils(  437): audio_extn_utils_send_app_type_cfg: not a playback path, no need to cfg app type
05-24 10:40:04.766 V/audio_hw_primary(  437): enable_audio_route: apply mixer and update path: spkr-vi-record
05-24 10:40:04.766 V/audio_hw_primary(  437): enable_audio_route: exit
05-24 10:40:04.776 D/SecShell(28382): READLINK ERROR
05-24 10:40:04.786 V/msm8974_platform(  437): platform_send_audio_calibration: sending audio calibration for snd_device(34) acdb_id(4)
05-24 10:40:04.786 D/ACDB-LOADER(  437): ACDB -> send_audio_cal, acdb_id = 4, path =  1
05-24 10:40:04.786 D/ACDB-LOADER(  437): ACDB -> send_asm_topology
05-24 10:40:04.786 D/ACDB-LOADER(  437): ACDB -> ACDB_CMD_GET_AUDPROC_STREAM_TOPOLOGY_ID
05-24 10:40:04.786 D/ACDB-LOADER(  437): ACDB -> send_adm_topology
05-24 10:40:04.786 D/ACDB-LOADER(  437): ACDB -> ACDB_CMD_GET_AUDPROC_COMMON_TOPOLOGY_ID
05-24 10:40:04.786 D/ACDB-LOADER(  437): ACDB -> send_audtable
05-24 10:40:04.786 D/ACDB-LOADER(  437): ACDB -> ACDB_CMD_GET_AUDPROC_COMMON_TABLE
05-24 10:40:04.786 D/        (  437): Failed to fetch the lookup information of the device 00000004 
05-24 10:40:04.786 E/ACDB-LOADER(  437): Error: ACDB audproc returned = -19
05-24 10:40:04.786 D/ACDB-LOADER(  437): ACDB -> AUDIO_SET_AUDPROC_CAL
05-24 10:40:04.786 D/ACDB-LOADER(  437): ACDB -> send_audvoltable
05-24 10:40:04.786 D/ACDB-LOADER(  437): ACDB -> ACDB_CMD_GET_AUDPROC_GAIN_DEP_STEP_TABLE
05-24 10:40:04.786 D/        (  437): Failed to fetch the lookup information of the device 00000004 
05-24 10:40:04.786 E/ACDB-LOADER(  437): Error: ACDB AudProc vol returned = -19
05-24 10:40:04.786 D/ACDB-LOADER(  437): ACDB -> AUDIO_SET_AUDPROC_VOL_CAL
05-24 10:40:04.786 D/ACDB-LOADER(  437): ACDB -> send_afe_cal
05-24 10:40:04.786 D/ACDB-LOADER(  437): ACDB -> ACDB_CMD_GET_AFE_COMMON_TABLE
05-24 10:40:04.786 D/        (  437): Failed to fetch the lookup information of the device 00000004 
05-24 10:40:04.786 E/ACDB-LOADER(  437): Error: ACDB AFE returned = -19
05-24 10:40:04.786 D/ACDB-LOADER(  437): ACDB -> AUDIO_SET_AFE_CAL
05-24 10:40:04.786 D/ACDB-LOADER(  437): ACDB -> send_hw_delay : acdb_id = 4 path = 1
05-24 10:40:04.786 D/ACDB-LOADER(  437): ACDB -> ACDB_AVSYNC_INFO: ACDB_CMD_GET_DEVICE_PROPERTY
05-24 10:40:04.786 V/audio_hw_utils(  437): audio_extn_utils_update_stream_app_type_cfg: flags: 2, format: 1 sample_rate 48000
05-24 10:40:04.786 V/audio_hw_utils(  437): set_output_cfg app_type_cfg->app_type 69936, app_type_cfg->sample_rate 48000, app_type_cfg->bit_width 16
05-24 10:40:04.786 I/audio_hw_primary(  437): select_devices Selected apptype: 69936
05-24 10:40:04.786 V/audio_hw_primary(  437): enable_audio_route: enter: usecase(0)
05-24 10:40:04.786 E/audio_hw_dolby(  437): audio_extn_dolby_ds2_set_endpoint: Dolby set endpint :0x2
05-24 10:40:04.786 D/soundtrigger(  437): audio_extn_sound_trigger_update_stream_status: uc_id 0 of type 0 for Event 3, with Raise=0
05-24 10:40:04.786 V/msm8974_platform(  437): platform_send_audio_calibration: sending audio calibration for snd_device(2) acdb_id(14)
05-24 10:40:04.786 D/ACDB-LOADER(  437): ACDB -> send_audio_cal, acdb_id = 14, path =  0
05-24 10:40:04.786 D/ACDB-LOADER(  437): ACDB -> send_asm_topology
05-24 10:40:04.786 D/ACDB-LOADER(  437): ACDB -> ACDB_CMD_GET_AUDPROC_STREAM_TOPOLOGY_ID
05-24 10:40:04.786 D/ACDB-LOADER(  437): ACDB -> send_adm_topology
05-24 10:40:04.786 D/ACDB-LOADER(  437): ACDB -> ACDB_CMD_GET_AUDPROC_COMMON_TOPOLOGY_ID
05-24 10:40:04.786 D/ACDB-LOADER(  437): ACDB -> send_audtable
05-24 10:40:04.786 D/ACDB-LOADER(  437): ACDB -> ACDB_CMD_GET_AUDPROC_COMMON_TABLE
05-24 10:40:04.786 D/ACDB-LOADER(  437): ACDB -> AUDIO_SET_AUDPROC_CAL
05-24 10:40:04.786 D/ACDB-LOADER(  437): ACDB -> send_audvoltable
05-24 10:40:04.786 D/ACDB-LOADER(  437): ACDB -> ACDB_CMD_GET_AUDPROC_GAIN_DEP_STEP_TABLE
05-24 10:40:04.786 D/ACDB-LOADER(  437): ACDB -> AUDIO_SET_AUDPROC_VOL_CAL
05-24 10:40:04.786 D/ACDB-LOADER(  437): ACDB -> send_afe_cal
05-24 10:40:04.786 D/ACDB-LOADER(  437): ACDB -> ACDB_CMD_GET_AFE_COMMON_TABLE
05-24 10:40:04.786 D/ACDB-LOADER(  437): ACDB -> AUDIO_SET_AFE_CAL
05-24 10:40:04.786 D/ACDB-LOADER(  437): ACDB -> send_hw_delay : acdb_id = 14 path = 0
05-24 10:40:04.786 D/ACDB-LOADER(  437): ACDB -> ACDB_AVSYNC_INFO: ACDB_CMD_GET_DEVICE_PROPERTY
05-24 10:40:04.786 V/audio_hw_utils(  437): audio_extn_utils_send_app_type_cfg
05-24 10:40:04.786 I/audio_hw_utils(  437): audio_extn_utils_send_app_type_cfg app_type 69936, acdb_dev_id 14, sample_rate 48000
05-24 10:40:04.786 V/audio_hw_primary(  437): enable_audio_route: apply mixer and update path: deep-buffer-playback speaker
05-24 10:40:04.786 V/audio_hw_primary(  437): enable_audio_route: exit
05-24 10:40:04.786 D/audio_hw_primary(  437): select_devices: done
05-24 10:40:04.786 V/audio_hw_primary(  437): start_output_stream: Opening PCM device card_id(0) device_id(0) format(0)
05-24 10:40:04.786 V/msm8974_platform(  437): platform_set_channel_map channel_count:2
05-24 10:40:04.786 D/msm8974_platform(  437): platform_set_channel_map mixer_ctl_name:Playback Channel Map0
05-24 10:40:04.786 D/msm8974_platform(  437): platform_set_channel_map: set mapping(1 2 0 0 0 0 0 0) for channel:2
05-24 10:40:04.786 V/audio_hw_primary(  437): start_output_stream: exit
05-24 10:40:04.796 W/System.err( 3413): java.lang.ArrayIndexOutOfBoundsException: length=58; index=58
05-24 10:40:04.796 W/System.err( 3413): 	at com.lbe.security.service.provider.internal.AppOpsAdapter$1.getDefaultOp(AppOpsAdapter.java:279)
05-24 10:40:04.796 W/System.err( 3413): 	at com.android.internal.app.IOpsCallback$Stub.onTransact(IOpsCallback.java:68)
05-24 10:40:04.796 W/System.err( 3413): 	at android.os.Binder.execTransact(Binder.java:446)
05-24 10:40:04.846 E/AudioSink(  437): received unknown event type: 1 inside CallbackWrapper !
05-24 10:40:04.856 I/XiaomiFirewall( 1624): firewall pkgName:com.yaya.mmbang, result:0
05-24 10:40:04.966 I/Timeline( 1015): Timeline: App_transition_ready time:86729657
05-24 10:40:04.976 E/MP3Extractor(  437): Unable to resync. Signalling end of stream.
05-24 10:40:04.976 D/SecShell(28495): start get packageName
05-24 10:40:04.976 D/SecShell(28495): end get packageName
05-24 10:40:04.986 W/Settings(20809): Setting airplane_mode_on has moved from android.provider.Settings.System to android.provider.Settings.Global, returning read-only value.
05-24 10:40:04.986 W/beacon  (20809): onUserAction return false, because eventName:[dim.Msf.AppConnectFail] is not allowed in server strategy!
05-24 10:40:04.986 D/SecShell(28495): start get packageName
05-24 10:40:04.986 D/SecShell(28495): end get packageName
05-24 10:40:04.986 W/Settings(20809): Setting airplane_mode_on has moved from android.provider.Settings.System to android.provider.Settings.Global, returning read-only value.
05-24 10:40:04.986 W/beacon  (20809): onUserAction return false, because eventName:[dim.Msf.AppConnectFail] is not allowed in server strategy!
05-24 10:40:04.986 D/SecShell(28495): start get packageName
05-24 10:40:04.986 D/SecShell(28495): end get packageName
05-24 10:40:04.996 D/DnsFallback(  432): query: res.imtt.qq.com
05-24 10:40:05.106 I/dex2oat (29476): dex2oat took 1.935s (threads: 8)
05-24 10:40:05.146 I/dex2oat (29602): /system/bin/dex2oat --runtime-arg -Xms64m --runtime-arg -Xmx64m --boot-image=/system/framework/boot.art --dex-file=/data/data/com.babytree.apps.pregnancy/files/libmobisecy2.zip --oat-file=/data/data/com.babytree.apps.pregnancy/files/libmobisecx2.so --compiler-filter=interpret-only
05-24 10:40:05.166 D/baidu_location_service( 1657): wifimanager start scan ...
05-24 10:40:05.166 E/WifiStateMachine( 1015): WifiStateMachine CMD_START_SCAN source 10029 txSuccessRate=1120.06 rxSuccessRate=3047.28 targetRoamBSSID=any RSSI=-63
05-24 10:40:05.166 D/wpa_supplicant( 1423): wlan0: Control interface command 'SCAN TYPE=ONLY'
05-24 10:40:05.166 D/wpa_supplicant( 1423): wlan0: Setting scan request: 0.000000 sec
05-24 10:40:05.166 D/wpa_supplicant( 1423): wlan0: Starting AP scan for wildcard SSID
05-24 10:40:05.166 D/wpa_supplicant( 1423): wlan0: Add radio work 'scan'@0x7f7821e420
05-24 10:40:05.166 D/wpa_supplicant( 1423): wlan0: First radio work item in the queue - schedule start immediately
05-24 10:40:05.166 D/wpa_supplicant( 1423): wlan0: Starting radio work 'scan'@0x7f7821e420 after 0.000023 second wait
05-24 10:40:05.166 D/wpa_supplicant( 1423): wlan0: nl80211: scan request
05-24 10:40:05.166 D/wpa_supplicant( 1423): nl80211: Scan SSID - hexdump(len=0): [NULL]
05-24 10:40:05.166 D/wpa_supplicant( 1423): Scan requested (ret=0) - scan timeout 30 seconds
05-24 10:40:05.166 D/wpa_supplicant( 1423): nl80211: Event message available
05-24 10:40:05.166 I/WifiHAL ( 1015): Poll result = 1
05-24 10:40:05.166 I/WifiHAL ( 1015): Found some events!!!
05-24 10:40:05.166 D/wpa_supplicant( 1423): nl80211: Drv Event 33 (NL80211_CMD_TRIGGER_SCAN) received for wlan0
05-24 10:40:05.166 D/wpa_supplicant( 1423): wlan0: nl80211: Scan trigger
05-24 10:40:05.166 D/wpa_supplicant( 1423): wlan0: Event SCAN_STARTED (49) received
05-24 10:40:05.166 D/WifiHAL ( 1015): no_seq_check received
05-24 10:40:05.166 D/wpa_supplicant( 1423): wlan0: Own scan request started a scan in 0.000071 seconds
05-24 10:40:05.166 I/wpa_supplicant( 1423): wlan0: CTRL-EVENT-SCAN-STARTED 
05-24 10:40:05.166 I/WifiHAL ( 1015): event received NL80211_CMD_TRIGGER_SCAN
05-24 10:40:05.166 I/WifiHAL ( 1015): event received NL80211_CMD_TRIGGER_SCAN, vendor_id = 0x0
05-24 10:40:05.166 I/WifiHAL ( 1015): event ignored!!
05-24 10:40:05.166 D/wpa_supplicant( 1423): CTRL_IFACE monitor sent successfully to /data/misc/wifi/sockets/wpa_ctrl_482-7\x00
05-24 10:40:05.166 D/wpa_supplicant( 1423): CTRL_IFACE monitor sent successfully to /data/misc/wifi/sockets/wpa_ctrl_1015-2\x00
05-24 10:40:05.176 I/XiaomiFirewall( 1624): firewall pkgName:com.tencent.mtt, result:0
05-24 10:40:05.186 W/art     (29478): Suspending all threads took: 18.653ms
05-24 10:40:05.216 I/NLP     ( 1657): Location result:[location successful by Baidu], reason:[network location] locType=161
05-24 10:40:05.226 E/LocSvc_eng( 1015): E/int loc_eng_inject_location(loc_eng_data_s_type&, double, double, float): log_eng state error: instance not initialized
05-24 10:40:05.226 D/LBSSystemMonitorService( 1015): handleMessage what - 7
05-24 10:40:05.226 D/Wiper_jni( 1015): Send Passive Location.
05-24 10:40:05.226 E/LocSvc_LBSApiV02( 1015): E/virtual int lbs_core::LBSApiV02::injectCoarsePosition(const CoarsePositionInfo&):312]: Error : st = 0, ind.status = 1
05-24 10:40:05.296 D/Volley  (29478): [2152] CookiesInterceptor.onRequestInterceptor: ConnectInterceptor
05-24 10:40:05.326 D/DnsFallback(  432): query: update.api.sj.360.cn
05-24 10:40:05.346 D/wpa_supplicant( 1423): wlan0: Control interface command 'SIGNAL_POLL'
05-24 10:40:05.356 D/DnsFallback(  432): query: mtt.eve.mdt.qq.com
05-24 10:40:05.356 I/XiaomiFirewall( 1624): firewall pkgName:com.tencent.mtt, result:0
05-24 10:40:05.396 W/System.err( 3413): java.lang.ArrayIndexOutOfBoundsException: length=58; index=58
05-24 10:40:05.396 W/System.err( 3413): 	at com.lbe.security.service.provider.internal.AppOpsAdapter$1.getDefaultOp(AppOpsAdapter.java:279)
05-24 10:40:05.396 W/System.err( 3413): 	at com.android.internal.app.IOpsCallback$Stub.onTransact(IOpsCallback.java:68)
05-24 10:40:05.396 W/System.err( 3413): 	at android.os.Binder.execTransact(Binder.java:446)
05-24 10:40:05.456 D/SecShell(28382): READLINK ERROR
05-24 10:40:05.456 I/AudioFlinger(  437): setAppName(), name=[/system/bin/mediaserver], active=[0]
05-24 10:40:05.456 V/EffectDiracSound(  437): DiracSound_command() start, cmdCode=24
05-24 10:40:05.456 V/EffectDiracSound(  437): DiracSound_Command EFFECT_CMD_SET_APP_NAME: stream=5, name=-/system/bin/mediaserver
05-24 10:40:05.456 I/AudioPlayer(  437): Pause Playback at 653060
05-24 10:40:05.466 I/MediaFocusControl( 1015):  AudioFocus  abandonAudioFocus() from android.media.AudioManager@1b3785bc
05-24 10:40:05.466 D/SecShell(28382): READLINK ERROR
05-24 10:40:05.516 D/SecShell(28382): READLINK ERROR
05-24 10:40:05.516 D/SecShell(28382): READLINK ERROR
05-24 10:40:05.516 D/SecShell(28382): READLINK ERROR
05-24 10:40:05.526 D/SecShell(28495): READLINK ERROR
05-24 10:40:05.536 D/SecShell(28382): READLINK ERROR
05-24 10:40:05.536 D/SecShell(28382): READLINK ERROR
05-24 10:40:05.556 V/audio_hw_primary(  437): out_get_latency: Latency 100
05-24 10:40:05.556 D/SecShell(28382): READLINK ERROR
05-24 10:40:05.556 D/SecShell(28382): READLINK ERROR
05-24 10:40:05.556 D/SecShell(28382): READLINK ERROR
05-24 10:40:05.556 D/SecShell(28382): READLINK ERROR
05-24 10:40:05.566 D/SecShell(28382): READLINK ERROR
05-24 10:40:05.566 V/audio_hw_primary(  437): out_get_latency: Latency 100
05-24 10:40:05.566 D/SecShell(28382): READLINK ERROR
05-24 10:40:05.576 V/audio_hw_primary(  437): out_get_latency: Latency 100
05-24 10:40:05.586 D/PhoneStatusBar( 1429): addNotification pkg=com.tencent.mtt;basepkg=com.tencent.mtt;id=93
05-24 10:40:05.586 V/audio_hw_primary(  437): out_get_latency: Latency 100
05-24 10:40:05.596 V/audio_hw_primary(  437): out_get_latency: Latency 100
05-24 10:40:05.606 V/audio_hw_primary(  437): out_get_latency: Latency 100
05-24 10:40:05.616 V/audio_hw_primary(  437): out_get_latency: Latency 100
05-24 10:40:05.626 V/audio_hw_primary(  437): out_get_latency: Latency 100
05-24 10:40:05.636 V/audio_hw_primary(  437): out_get_latency: Latency 100
05-24 10:40:05.646 V/audio_hw_primary(  437): out_get_latency: Latency 100
05-24 10:40:05.656 V/audio_hw_primary(  437): out_get_latency: Latency 100
05-24 10:40:05.746 D/PhoneStatusBar( 1429): updateNotification pkg=com.qihoo.appstore;id=10012
05-24 10:40:05.756 D/PhoneStatusBar( 1429): updateNotification pkg=com.qihoo.appstore;id=10012
05-24 10:40:05.806 D/PhoneStatusBar( 1429): addNotification pkg=com.xiaomi.market;basepkg=com.xiaomi.market;id=0
05-24 10:40:05.876 I/dex2oat (29602): dex2oat took 731.085ms (threads: 8)
05-24 10:40:05.896 I/System.out(29445):  SDK_INT 21
05-24 10:40:05.896 D/WhetstoneService( 1822): deal background too Frequently, ingore
05-24 10:40:05.906 D/MultipleRenderable( 1960): add: miui.maml.FancyDrawable@c48f6f9
05-24 10:40:05.906 D/RendererCore( 1960): add: miui.maml.FancyDrawable@c48f6f9 size:3
05-24 10:40:05.906 I/RenderThread( 1960): RenderThread resumed
05-24 10:40:05.906 D/ScreenElementRoot( 1960): resume
05-24 10:40:05.946 I/TDLog   (29445): Analytics SDK Initializing...
05-24 10:40:05.946 I/TDLog   (29445): 	SDK_VERSION is: Android+TD+V2.2.8
05-24 10:40:05.946 I/TDLog   (29445): 	App ID is: 3DA38A963BEA9FB605B7BF9D45878B24
05-24 10:40:05.946 I/TDLog   (29445): 	App Channel is: pc_pregnancy_tongyong_app_140729
05-24 10:40:05.986 W/d       (29445): memoryCache() and memoryCacheSize() calls overlap each other
05-24 10:40:06.006 D/FancyDrawable( 1960): doPause:   [miui.maml.FancyDrawable@c48f6f9]
05-24 10:40:06.006 D/MultipleRenderable( 1960): setPause: true miui.maml.FancyDrawable@c48f6f9
05-24 10:40:06.006 D/RendererCore( 1960): self pause: miui.maml.RendererCore@36d826f8
05-24 10:40:06.006 D/ScreenElementRoot( 1960): pause
05-24 10:40:06.006 D/LifecycleResourceManager( 1960): begin check cache... 
05-24 10:40:06.096 I/XiaomiFirewall( 1624): firewall pkgName:com.babytree.apps.pregnancy, result:0
05-24 10:40:06.096 D/DnsFallback(  432): query: 1.cn.pool.ntp.org
05-24 10:40:06.196 W/MAA     (29445): [default-agent]: getAddress
05-24 10:40:06.196 I/Sensors ( 1015): lightsensor send flush begin~~~~~~~~ 
05-24 10:40:06.196 I/Sensors ( 1015): HAL: PressureSensor::enable = 1
05-24 10:40:06.196 D/DnsFallback(  432): query: id1.cn
05-24 10:40:06.206 W/MAA     (29445): [default-agent]: getAddress
05-24 10:40:06.216 D/DnsFallback(  432): query: td.mpush.cn
05-24 10:40:06.336 I/Sensors ( 1015): lightsensor send flush event done 
05-24 10:40:06.336 W/MAA     (29445): [default-agent]: getAddress
05-24 10:40:06.346 W/MAA     (29445): [default-agent]: getAddress
05-24 10:40:06.406 W/System.err( 3413): java.lang.ArrayIndexOutOfBoundsException: length=58; index=58
05-24 10:40:06.406 W/System.err( 3413): 	at com.lbe.security.service.provider.internal.AppOpsAdapter$1.getDefaultOp(AppOpsAdapter.java:279)
05-24 10:40:06.406 W/System.err( 3413): 	at com.android.internal.app.IOpsCallback$Stub.onTransact(IOpsCallback.java:68)
05-24 10:40:06.406 W/System.err( 3413): 	at android.os.Binder.execTransact(Binder.java:446)
05-24 10:40:06.406 V/NFC     (29445): this device does not have NFC support
05-24 10:40:06.506 D/DnsFallback(  432): query: 0.asia.pool.ntp.org
05-24 10:40:06.596 W/System.err(29445): android.content.pm.PackageManager$NameNotFoundException: Application package com.example.scannertest not found
05-24 10:40:06.606 D/DnsFallback(  432): query: experiment.appadhoc.com
05-24 10:40:06.646 D/DnsFallback(  432): query: astrategy.beacon.qq.com
05-24 10:40:06.656 I/XiaomiFirewall( 1624): firewall pkgName:com.tencent.mobileqq, result:0
05-24 10:40:06.686 W/linker  (29445): libmsc.so has text relocations. This is wasting memory and prevents security hardening. Please fix.
05-24 10:40:06.696 D/MSC_LOG (29445): JNI_OnLoad is called !
05-24 10:40:06.696 D/MscSpeechLog(29445): SpeechUtility start login
05-24 10:40:06.736 D/DnsFallback(  432): query: m.meitun.com
05-24 10:40:06.736 D/DnsFallback(  432): query: m.meitun.com
05-24 10:40:06.776 E/DaemonThread(29478): countProcess => 0
05-24 10:40:06.786 D/MscSpeechLog(29445): Location[network 31.201757,121.578300 acc=40 et=+1d0h5m29s901ms]
05-24 10:40:06.796 D/MSC_LOG (29445): QMSPLogin Begin
05-24 10:40:06.856 D/MSC_LOG (29445): QMSPLogin End
05-24 10:40:06.856 D/MscSpeechLog(29445): [MSPLogin]ret:0
05-24 10:40:06.876 W/        (29478): Unable to open '/system/framework/extendedmediaextractor.jar': No such file or directory
05-24 10:40:06.876 W/art     (29478): Failed to open zip archive '/system/framework/extendedmediaextractor.jar': I/O Error
05-24 10:40:06.896 D/DnsFallback(  432): query: passport.360.cn
05-24 10:40:06.896 W/        (19570): Unable to open '/system/framework/extendedmediaextractor.jar': No such file or directory
05-24 10:40:06.896 W/art     (19570): Failed to open zip archive '/system/framework/extendedmediaextractor.jar': I/O Error
05-24 10:40:06.896 I/XiaomiFirewall( 1624): firewall pkgName:com.qihoo.appstore, result:0
05-24 10:40:06.906 D/DnsFallback(  432): query: passport.360.cn
05-24 10:40:06.906 I/XiaomiFirewall( 1624): firewall pkgName:com.qihoo.browser, result:0
05-24 10:40:06.906 I/RenderThread( 1960): All controllers paused.
05-24 10:40:06.906 I/RenderThread( 1960): RenderThread paused, waiting for signal
05-24 10:40:07.076 W/ProcessManager(29478): waitpid on failed exec failed: No child processes
05-24 10:40:07.106 W/        (29478): Unable to open '/system/framework/extendedmediaextractor.jar': No such file or directory
05-24 10:40:07.106 W/art     (29478): Failed to open zip archive '/system/framework/extendedmediaextractor.jar': I/O Error
05-24 10:40:07.116 W/ProcessManager(29478): waitpid on failed exec failed: No child processes
05-24 10:40:07.126 D/DnsFallback(  432): query: m.irs01.com
05-24 10:40:07.206 D/DnsFallback(  432): query: tracker.appadhoc.com
05-24 10:40:07.236 D/b       (29445): createOrOpenDatabase - false
05-24 10:40:07.236 W/b       (29445): copying database from assets...
05-24 10:40:07.236 D/b       (29445): copyDatabaseFromAssets
05-24 10:40:07.236 W/b       (29445): extracting file: 'examination.db'...
05-24 10:40:07.256 W/b       (29445): database copy complete
05-24 10:40:07.276 D/miuisdk (29700): current sdk level is 3
05-24 10:40:07.286 I/libthemeutils(29723): Theme libthemeutil.so load success
05-24 10:40:07.286 I/b       (29445): successfully opened database examination
05-24 10:40:07.306 D/b       (29445): createOrOpenDatabase - false
05-24 10:40:07.306 W/b       (29445): copying database from assets...
05-24 10:40:07.306 D/b       (29445): copyDatabaseFromAssets
05-24 10:40:07.306 W/b       (29445): extracting file: 'vaccine'...
05-24 10:40:07.316 W/MAA     (29445): [default-agent]: getAddress
05-24 10:40:07.316 W/b       (29445): database copy complete
05-24 10:40:07.326 D/ProxyPluginContext(29723): attachBaseContext mCurrentProcessName : com.qihoo.appstore:permmgr
05-24 10:40:07.326 I/ProxyPluginContext(29723): mResDir fix:no fix
05-24 10:40:07.346 I/ResourceHelperService(29700): onCreate
05-24 10:40:07.346 I/ResourceHelperService(29700): onBind
05-24 10:40:07.346 I/AppMonitor( 1624): mResourceHelperConnection onServiceConnected
05-24 10:40:07.346 I/b       (29445): successfully opened database vaccine
05-24 10:40:07.406 W/System.err( 3413): java.lang.ArrayIndexOutOfBoundsException: length=58; index=58
05-24 10:40:07.406 W/System.err( 3413): 	at com.lbe.security.service.provider.internal.AppOpsAdapter$1.getDefaultOp(AppOpsAdapter.java:279)
05-24 10:40:07.406 W/System.err( 3413): 	at com.android.internal.app.IOpsCallback$Stub.onTransact(IOpsCallback.java:68)
05-24 10:40:07.406 W/System.err( 3413): 	at android.os.Binder.execTransact(Binder.java:446)
05-24 10:40:07.426 I/TDLog   (29445): onEvent being called! eventId: first_today_start_app_v2, eventLabel: , eventMap: null
05-24 10:40:07.436 I/debug   (29445): onCreate() - remove lock file ok!!!
05-24 10:40:07.446 I/Sensors ( 1015): HAL: PressureSensor::enable = 0
05-24 10:40:07.506 I/art     (29445): Explicit concurrent mark sweep GC freed 149150(8MB) AllocSpace objects, 2(32KB) LOS objects, 39% free, 12MB/20MB, paused 1.699ms total 53.671ms
05-24 10:40:07.676 I/MAA     (29445): Proxy isSimplify:true
05-24 10:40:07.676 I/MAA     (29445): Proxy version:4.5.5.314.3
05-24 10:40:07.736 W/MAA     (29445): [default-agent]: getAddress
05-24 10:40:07.756 D/DnsFallback(  432): query: oc.umeng.com
05-24 10:40:07.776 W/Settings(29723): Setting android_id has moved from android.provider.Settings.System to android.provider.S