05-24 10:39:45.596 D/wpa_supplicant( 1423): Configuration file '/data/misc/wifi/wpa_supplicant.conf' written successfully
05-24 10:39:45.596 D/wpa_supplicant( 1423): CTRL_IFACE: SAVE_CONFIG - Configuration updated
05-24 10:39:45.606 D/wpa_supplicant( 1423): wlan0: Control interface command 'RECONNECT'
05-24 10:39:45.606 D/wpa_supplicant( 1423): wlan0: Setting scan request: 0.000000 sec
05-24 10:39:45.606 D/wpa_supplicant( 1423): wlan0: State: DISCONNECTED -> SCANNING
05-24 10:39:45.606 D/wpa_supplicant( 1423): CTRL_IFACE monitor sent successfully to /data/misc/wifi/sockets/wpa_ctrl_1015-2\x00
05-24 10:39:45.606 D/wpa_supplicant( 1423): wlan0: Starting AP scan for wildcard SSID
05-24 10:39:45.606 D/wpa_supplicant( 1423): wlan0: Add radio work 'scan'@0x7f7821e3d0
05-24 10:39:45.606 D/wpa_supplicant( 1423): wlan0: First radio work item in the queue - schedule start immediately
05-24 10:39:45.606 D/wpa_supplicant( 1423): wlan0: Starting radio work 'scan'@0x7f7821e3d0 after 0.000034 second wait
05-24 10:39:45.606 D/wpa_supplicant( 1423): wlan0: nl80211: scan request
05-24 10:39:45.606 D/wpa_supplicant( 1423): nl80211: Scan SSID - hexdump(len=0): [NULL]
05-24 10:39:45.606 D/wpa_supplicant( 1423): Scan requested (ret=0) - scan timeout 30 seconds
05-24 10:39:45.606 D/wpa_supplicant( 1423): nl80211: Event message available
05-24 10:39:45.606 D/wpa_supplicant( 1423): nl80211: Drv Event 33 (NL80211_CMD_TRIGGER_SCAN) received for wlan0
05-24 10:39:45.606 D/wpa_supplicant( 1423): wlan0: nl80211: Scan trigger
05-24 10:39:45.606 I/WifiHAL ( 1015): Poll result = 1
05-24 10:39:45.606 I/WifiHAL ( 1015): Found some events!!!
05-24 10:39:45.606 D/wpa_supplicant( 1423): wlan0: Event SCAN_STARTED (49) received
05-24 10:39:45.606 D/wpa_supplicant( 1423): wlan0: Own scan request started a scan in 0.000095 seconds
05-24 10:39:45.606 I/wpa_supplicant( 1423): wlan0: CTRL-EVENT-SCAN-STARTED 
05-24 10:39:45.606 D/WifiHAL ( 1015): no_seq_check received
05-24 10:39:45.606 I/WifiHAL ( 1015): event received NL80211_CMD_TRIGGER_SCAN
05-24 10:39:45.606 I/WifiHAL ( 1015): event received NL80211_CMD_TRIGGER_SCAN, vendor_id = 0x0
05-24 10:39:45.606 I/WifiHAL ( 1015): event ignored!!
05-24 10:39:45.606 D/wpa_supplicant( 1423): CTRL_IFACE monitor sent successfully to /data/misc/wifi/sockets/wpa_ctrl_1015-2\x00
05-24 10:39:45.606 D/CommandListener(  432): Setting iface cfg
05-24 10:39:45.606 D/CommandListener(  432): Trying to bring up p2p0
05-24 10:39:45.606 D/WifiMonitor( 1015): startMonitoring(p2p0) with mConnected = true
05-24 10:39:45.616 D/StatusBar.NetworkController( 1429): slot=-10;action=android.net.wifi.STATE_CHANGE
05-24 10:39:45.616 D/StatusBar.NetworkController( 1429): updateNetworkName mNetworkName[0]= mTempNetworkName[0] = 
05-24 10:39:45.626 D/wpa_supplicant( 1423): RX global ctrl_iface - hexdump(len=26): 53 45 54 20 70 65 72 73 69 73 74 65 6e 74 5f 72 65 63 6f 6e 6e 65 63 74 20 31
05-24 10:39:45.626 D/wpa_supplicant( 1423): GLOBAL_CTRL_IFACE SET 'persistent_reconnect'='1'
05-24 10:39:45.626 D/wpa_supplicant( 1423): p2p0: Control interface command 'SET persistent_reconnect 1'
05-24 10:39:45.626 D/wpa_supplicant( 1423): CTRL_IFACE SET 'persistent_reconnect'='1'
05-24 10:39:45.626 D/wpa_supplicant( 1423): persistent_reconnect=1
05-24 10:39:45.626 D/wpa_supplicant( 1423): RX global ctrl_iface - hexdump(len=28): 53 45 54 20 64 65 76 69 63 65 5f 6e 61 6d 65 20 41 6e 64 72 6f 69 64 5f 64 37 62 31
05-24 10:39:45.626 D/wpa_supplicant( 1423): GLOBAL_CTRL_IFACE SET 'device_name'='Android_d7b1'
05-24 10:39:45.626 D/wpa_supplicant( 1423): p2p0: Control interface command 'SET device_name Android_d7b1'
05-24 10:39:45.626 D/wpa_supplicant( 1423): CTRL_IFACE SET 'device_name'='Android_d7b1'
05-24 10:39:45.626 D/wpa_supplicant( 1423): device_name='Android_d7b1'
05-24 10:39:45.626 D/wpa_supplicant( 1423): RX global ctrl_iface - hexdump(len=34): 53 45 54 20 70 32 70 5f 73 73 69 64 5f 70 6f 73 74 66 69 78 20 2d 41 6e 64 72 6f 69 64 5f 64 37 ...
05-24 10:39:45.626 D/wpa_supplicant( 1423): GLOBAL_CTRL_IFACE SET 'p2p_ssid_postfix'='-Android_d7b1'
05-24 10:39:45.626 D/wpa_supplicant( 1423): p2p0: Control interface command 'SET p2p_ssid_postfix -Android_d7b1'
05-24 10:39:45.626 D/wpa_supplicant( 1423): CTRL_IFACE SET 'p2p_ssid_postfix'='-Android_d7b1'
05-24 10:39:45.626 D/wpa_supplicant( 1423): p2p_ssid_postfix='-Android_d7b1'
05-24 10:39:45.626 D/wpa_supplicant( 1423): P2P: New SSID postfix: -Android_d7b1
05-24 10:39:45.626 D/wpa_supplicant( 1423): RX global ctrl_iface - hexdump(len=29): 53 45 54 20 64 65 76 69 63 65 5f 74 79 70 65 20 31 30 2d 30 30 35 30 46 32 30 34 2d 35
05-24 10:39:45.626 D/wpa_supplicant( 1423): GLOBAL_CTRL_IFACE SET 'device_type'='10-0050F204-5'
05-24 10:39:45.626 D/wpa_supplicant( 1423): p2p0: Control interface command 'SET device_type 10-0050F204-5'
05-24 10:39:45.626 D/wpa_supplicant( 1423): CTRL_IFACE SET 'device_type'='10-0050F204-5'
05-24 10:39:45.626 D/wpa_supplicant( 1423): RX global ctrl_iface - hexdump(len=62): 53 45 54 20 63 6f 6e 66 69 67 5f 6d 65 74 68 6f 64 73 20 76 69 72 74 75 61 6c 5f 70 75 73 68 5f ...
05-24 10:39:45.626 D/wpa_supplicant( 1423): GLOBAL_CTRL_IFACE SET 'config_methods'='virtual_push_button physical_display keypad'
05-24 10:39:45.626 D/wpa_supplicant( 1423): p2p0: Control interface command 'SET config_methods virtual_push_button physical_display keypad'
05-24 10:39:45.626 D/wpa_supplicant( 1423): CTRL_IFACE SET 'config_methods'='virtual_push_button physical_display keypad'
05-24 10:39:45.626 D/wpa_supplicant( 1423): config_methods='virtual_push_button physical_display keypad'
05-24 10:39:45.626 D/wpa_supplicant( 1423): p2p0: Control interface command 'P2P_SET conc_pref sta'
05-24 10:39:45.626 D/wpa_supplicant( 1423): Single channel concurrency preference: sta
05-24 10:39:45.626 D/WifiNative-HAL( 1015): p2pGetDeviceAddress
05-24 10:39:45.626 D/wpa_supplicant( 1423): RX global ctrl_iface - hexdump(len=6): 53 54 41 54 55 53
05-24 10:39:45.626 D/WifiNative-HAL( 1015): p2pGetDeviceAddress returning 0e:1d:af:9f:80:0b
05-24 10:39:45.626 D/StatusBar.NetworkController( 1429): updateNetworkName mNetworkName[1]= mTempNetworkName[1] = 
05-24 10:39:45.636 D/wpa_supplicant( 1423): p2p0: Control interface command 'P2P_FLUSH'
05-24 10:39:45.636 D/wpa_supplicant( 1423): P2P: Stopping find
05-24 10:39:45.636 D/wpa_supplicant( 1423): P2P: Clear timeout (state=IDLE)
05-24 10:39:45.636 D/wpa_supplicant( 1423): P2P: State IDLE -> IDLE
05-24 10:39:45.636 D/wpa_supplicant( 1423): wpa_driver_set_ap_wps_p2p_ie: Entry
05-24 10:39:45.636 D/wpa_supplicant( 1423): P2P: Stopping find
05-24 10:39:45.636 D/wpa_supplicant( 1423): P2P: Clear timeout (state=IDLE)
05-24 10:39:45.636 D/wpa_supplicant( 1423): P2P: State IDLE -> IDLE
05-24 10:39:45.636 D/wpa_supplicant( 1423): wpa_driver_set_ap_wps_p2p_ie: Entry
05-24 10:39:45.636 D/wpa_supplicant( 1423): p2p0: Control interface command 'P2P_SERVICE_FLUSH'
05-24 10:39:45.636 D/wpa_supplicant( 1423): p2p0: Control interface command 'LIST_NETWORKS'
05-24 10:39:45.636 D/wpa_supplicant( 1423): RX global ctrl_iface - hexdump(len=11): 53 41 56 45 5f 43 4f 4e 46 49 47
05-24 10:39:45.636 D/wpa_supplicant( 1423): Writing configuration file '/data/misc/wifi/wpa_supplicant.conf'
05-24 10:39:45.636 D/wpa_supplicant( 1423): Configuration file '/data/misc/wifi/wpa_supplicant.conf' written successfully
05-24 10:39:45.636 D/wpa_supplicant( 1423): wlan0: CTRL_IFACE: SAVE_CONFIG - Configuration updated
05-24 10:39:45.636 D/wpa_supplicant( 1423): Writing configuration file '/data/misc/wifi/p2p_supplicant.conf'
05-24 10:39:45.636 D/wpa_supplicant( 1423): Configuration file '/data/misc/wifi/p2p_supplicant.conf' written successfully
05-24 10:39:45.636 D/wpa_supplicant( 1423): p2p0: CTRL_IFACE: SAVE_CONFIG - Configuration updated
05-24 10:39:45.636 D/wpa_supplicant( 1423): p2p0: Control interface command 'DRIVER COUNTRY CN'
05-24 10:39:45.636 D/wpa_supplicant( 1423): wpa_driver_nl80211_driver_cmd COUNTRY CN len = 0, 4096
05-24 10:39:45.636 D/wpa_supplicant( 1423): p2p0: Event CHANNEL_LIST_CHANGED (30) received
05-24 10:39:45.636 I/wpa_supplicant( 1423): p2p0: CTRL-EVENT-REGDOM-CHANGE init=USER type=COUNTRY alpha2=CN
05-24 10:39:45.636 D/wpa_supplicant( 1423): CTRL_IFACE monitor sent successfully to /data/misc/wifi/sockets/wpa_ctrl_1015-2\x00
05-24 10:39:45.636 D/wpa_supplicant( 1423): nl80211: Regulatory information - country=CN
05-24 10:39:45.636 D/wpa_supplicant( 1423): nl80211: 2402-2482 @ 40 MHz 20 mBm
05-24 10:39:45.636 D/wpa_supplicant( 1423): nl80211: 5170-5250 @ 80 MHz 23 mBm
05-24 10:39:45.636 D/wpa_supplicant( 1423): nl80211: 5250-5330 @ 80 MHz 23 mBm (DFS)
05-24 10:39:45.636 D/wpa_supplicant( 1423): nl80211: 5735-5835 @ 80 MHz 30 mBm
05-24 10:39:45.636 D/wpa_supplicant( 1423): nl80211: 57240-59400 @ 2160 MHz 28 mBm
05-24 10:39:45.636 D/wpa_supplicant( 1423): nl80211: 59400-63720 @ 2160 MHz 44 mBm
05-24 10:39:45.636 D/wpa_supplicant( 1423): nl80211: 63720-65880 @ 2160 MHz 28 mBm
05-24 10:39:45.636 D/wpa_supplicant( 1423): nl80211: Added 802.11b mode based on 802.11g information
05-24 10:39:45.636 D/wpa_supplicant( 1423): P2P: Add operating class 81
05-24 10:39:45.636 D/wpa_supplicant( 1423): P2P: Channels - hexdump(len=13): 01 02 03 04 05 06 07 08 09 0a 0b 0c 0d
05-24 10:39:45.636 D/wpa_supplicant( 1423): P2P: Add operating class 115
05-24 10:39:45.636 D/wpa_supplicant( 1423): P2P: Channels - hexdump(len=4): 24 28 2c 30
05-24 10:39:45.636 D/wpa_supplicant( 1423): P2P: Add operating class 124
05-24 10:39:45.636 D/wpa_supplicant( 1423): P2P: Channels - hexdump(len=4): 95 99 9d a1
05-24 10:39:45.636 D/wpa_supplicant( 1423): P2P: Add operating class 116
05-24 10:39:45.636 D/wpa_supplicant( 1423): P2P: Channels - hexdump(len=2): 24 2c
05-24 10:39:45.636 D/wpa_supplicant( 1423): P2P: Add operating class 117
05-24 10:39:45.636 D/wpa_supplicant( 1423): P2P: Channels - hexdump(len=2): 28 30
05-24 10:39:45.636 D/wpa_supplicant( 1423): P2P: Add operating class 126
05-24 10:39:45.636 D/wpa_supplicant( 1423): P2P: Channels - hexdump(len=2): 95 9d
05-24 10:39:45.636 D/wpa_supplicant( 1423): P2P: Add operating class 127
05-24 10:39:45.636 D/wpa_supplicant( 1423): P2P: Channels - hexdump(len=2): 99 a1
05-24 10:39:45.636 D/wpa_supplicant( 1423): P2P: Add operating class 128
05-24 10:39:45.636 D/wpa_supplicant( 1423): P2P: Channels - hexdump(len=4): 24 28 2c 30
05-24 10:39:45.636 D/wpa_supplicant( 1423): P2P: Update channel list
05-24 10:39:45.636 D/wpa_supplicant( 1423): P2P: channels: 81:1,2,3,4,5,6,7,8,9,10,11,12,13 115:36,40,44,48 124:149,153,157,161 116:36,44 117:40,48 126:149,157 127:153,161 128:36,40,44,48
05-24 10:39:45.636 D/wpa_supplicant( 1423): P2P: cli_channels:
05-24 10:39:45.636 D/wpa_supplicant( 1423): wlan0: Updating hw mode
05-24 10:39:45.636 D/wpa_supplicant( 1423): nl80211: Regulatory information - country=CN
05-24 10:39:45.636 D/wpa_supplicant( 1423): nl80211: 2402-2482 @ 40 MHz 20 mBm
05-24 10:39:45.636 D/wpa_supplicant( 1423): nl80211: 5170-5250 @ 80 MHz 23 mBm
05-24 10:39:45.636 D/wpa_supplicant( 1423): nl80211: 5250-5330 @ 80 MHz 23 mBm (DFS)
05-24 10:39:45.636 D/wpa_supplicant( 1423): nl80211: 5735-5835 @ 80 MHz 30 mBm
05-24 10:39:45.636 D/wpa_supplicant( 1423): nl80211: 57240-59400 @ 2160 MHz 28 mBm
05-24 10:39:45.636 D/wpa_supplicant( 1423): nl80211: 59400-63720 @ 2160 MHz 44 mBm
05-24 10:39:45.636 D/wpa_supplicant( 1423): nl80211: 63720-65880 @ 2160 MHz 28 mBm
05-24 10:39:45.636 D/wpa_supplicant( 1423): nl80211: Added 802.11b mode based on 802.11g information
05-24 10:39:45.706 I/UploadManager( 1857): Receive intent=android.net.wifi.STATE_CHANGE
05-24 10:39:45.746 I/libthemeutils(27622): Theme libthemeutil.so load success
05-24 10:39:45.756 I/ws000   (27622): runtime.process.name=com.qihoo360.mobilesafe:WifiExam
05-24 10:39:45.756 I/ws000   (27622): process ui=false persist=false persistUI=false crash=false contact=false barcode=false permm=false v=6.5.0.1069
05-24 10:39:45.766 I/NativeMainLoader(27622): load main so success
05-24 10:39:45.806 D/wpa_supplicant( 1423): wlan0: Control interface command 'SCAN TYPE=ONLY'
05-24 10:39:45.806 D/wpa_supplicant( 1423): Pending scan scheduled - reject new request
05-24 10:39:45.816 D/ScreenElementRoot( 1429): pause
05-24 10:39:45.816 D/ScreenElementRoot( 1429): pause
05-24 10:39:45.846 I/dex     (27622): load /data/data/com.qihoo360.mobilesafe/app_plugins_v3/wifiexam-10-10-117.jar ...
05-24 10:39:45.846 I/dex     (27622): load /data/data/com.qihoo360.mobilesafe/app_plugins_v3/wifiexam-10-10-117.jar = dalvik.system.DexClassLoader[DexPathList[[zip file "/data/data/com.qihoo360.mobilesafe/app_plugins_v3/wifiexam-10-10-117.jar"],nativeLibraryDirectories=[/vendor/lib, /system/lib]]]
05-24 10:39:45.856 W/ProgressBarDelegate( 1429): Unknown Drawable subclass, src=android.graphics.drawable.ScaleDrawable@1ebbb649
05-24 10:39:45.856 D/PhoneStatusBar( 1429): disable: 0x00080000 -> 0x00000000 (diff: 0x00080000)
05-24 10:39:45.856 D/PhoneStatusBar( 1429): disable: < expand icons alerts ticker* system_info back home recent clock full hide keyguard >
05-24 10:39:45.856 D/PowerKeeperEventLogManager( 2287): updatestatusbar value 0x0
05-24 10:39:45.986 W/System.err( 3413): java.lang.ArrayIndexOutOfBoundsException: length=58; index=58
05-24 10:39:45.986 W/System.err( 3413): 	at com.lbe.security.service.provider.internal.AppOpsAdapter$1.getDefaultOp(AppOpsAdapter.java:279)
05-24 10:39:45.986 W/System.err( 3413): 	at com.android.internal.app.IOpsCallback$Stub.onTransact(IOpsCallback.java:68)
05-24 10:39:45.986 W/System.err( 3413): 	at android.os.Binder.execTransact(Binder.java:446)
05-24 10:39:46.986 D/wpa_supplicant( 1423): nl80211: Event message available
05-24 10:39:46.986 D/wpa_supplicant( 1423): nl80211: Drv Event 34 (NL80211_CMD_NEW_SCAN_RESULTS) received for wlan0
05-24 10:39:46.986 D/wpa_supplicant( 1423): wlan0: nl80211: New scan results available
05-24 10:39:46.986 D/wpa_supplicant( 1423): nl80211: Scan included frequencies:
05-24 10:39:46.986 D/wpa_supplicant( 1423): wlan0: Event SCAN_RESULTS (3) received
05-24 10:39:46.986 D/wpa_supplicant( 1423): wlan0: Scan completed in 1.384533 seconds
05-24 10:39:46.986 D/wpa_supplicant( 1423): nl80211: Received scan results (25 BSSes)
05-24 10:39:46.986 D/wpa_supplicant( 1423): wlan0: BSS: Start scan result update 112
05-24 10:39:46.986 D/wpa_supplicant( 1423): wlan0: BSS: Add new id 416 BSSID 12:0e:0e:20:64:2b SSID 'iyaya'
05-24 10:39:46.986 D/wpa_supplicant( 1423): CTRL_IFACE monitor sent successfully to /data/misc/wifi/sockets/wpa_ctrl_1015-2\x00
05-24 10:39:46.996 D/wpa_supplicant( 1423): wlan0: BSS: Add new id 417 BSSID 32:0f:0e:20:60:90 SSID 'iyaya_5.8'
05-24 10:39:46.996 D/wpa_supplicant( 1423): CTRL_IFACE monitor sent successfully to /data/misc/wifi/sockets/wpa_ctrl_1015-2\x00
05-24 10:39:46.996 D/wpa_supplicant( 1423): wlan0: BSS: Add new id 418 BSSID 10:0f:0e:20:60:90 SSID 'iyaya_guest5.8'
05-24 10:39:46.996 D/wpa_supplicant( 1423): CTRL_IFACE monitor sent successfully to /data/misc/wifi/sockets/wpa_ctrl_1015-2\x00
05-24 10:39:46.996 D/wpa_supplicant( 1423): wlan0: BSS: Add new id 419 BSSID 12:0f:0e:20:60:90 SSID 'iyaya'
05-24 10:39:46.996 D/wpa_supplicant( 1423): CTRL_IFACE monitor sent successfully to /data/misc/wifi/sockets/wpa_ctrl_1015-2\x00
05-24 10:39:46.996 D/wpa_supplicant( 1423): wlan0: BSS: Add new id 420 BSSID 22:0f:0e:20:60:90 SSID 'iyaya_guest'
05-24 10:39:46.996 D/wpa_supplicant( 1423): CTRL_IFACE monitor sent successfully to /data/misc/wifi/sockets/wpa_ctrl_1015-2\x00
05-24 10:39:46.996 D/wpa_supplicant( 1423): wlan0: BSS: Add new id 421 BSSID 10:0e:0e:20:64:2b SSID 'iyaya_guest'
05-24 10:39:46.996 D/wpa_supplicant( 1423): CTRL_IFACE monitor sent successfully to /data/misc/wifi/sockets/wpa_ctrl_1015-2\x00
05-24 10:39:46.996 D/wpa_supplicant( 1423): wlan0: BSS: Add new id 422 BSSID 12:0e:0e:20:65:26 SSID 'iyaya_guest'
05-24 10:39:46.996 D/wpa_supplicant( 1423): CTRL_IFACE monitor sent successfully to /data/misc/wifi/sockets/wpa_ctrl_1015-2\x00
05-24 10:39:46.996 D/wpa_supplicant( 1423): wlan0: BSS: Add new id 423 BSSID 10:0f:0e:20:65:26 SSID 'iyaya_5.8'
05-24 10:39:46.996 D/wpa_supplicant( 1423): CTRL_IFACE monitor sent successfully to /data/misc/wifi/sockets/wpa_ctrl_1015-2\x00
05-24 10:39:46.996 D/wpa_supplicant( 1423): wlan0: BSS: Add new id 424 BSSID d0:ee:07:20:53:2c SSID 'waiguoyueliang_5G'
05-24 10:39:46.996 D/wpa_supplicant( 1423): CTRL_IFACE monitor sent successfully to /data/misc/wifi/sockets/wpa_ctrl_1015-2\x00
05-24 10:39:46.996 D/wpa_supplicant( 1423): wlan0: BSS: Add new id 425 BSSID 94:b4:0f:c6:0c:e0 SSID 'wifi-11'
05-24 10:39:46.996 D/wpa_supplicant( 1423): CTRL_IFACE monitor sent successfully to /data/misc/wifi/sockets/wpa_ctrl_1015-2\x00
05-24 10:39:46.996 D/wpa_supplicant( 1423): wlan0: BSS: Add new id 426 BSSID 94:b4:0f:c6:0c:f0 SSID 'wifi-11'
05-24 10:39:46.996 D/wpa_supplicant( 1423): CTRL_IFACE monitor sent successfully to /data/misc/wifi/sockets/wpa_ctrl_1015-2\x00
05-24 10:39:46.996 D/wpa_supplicant( 1423): wlan0: BSS: Add new id 427 BSSID f0:b4:29:2c:89:05 SSID 'Smartap'
05-24 10:39:46.996 D/wpa_supplicant( 1423): CTRL_IFACE monitor sent successfully to /data/misc/wifi/sockets/wpa_ctrl_1015-2\x00
05-24 10:39:46.996 D/wpa_supplicant( 1423): wlan0: BSS: Add new id 428 BSSID d4:ee:07:2c:de:ea SSID 'HiWiFi_2CDEEA'
05-24 10:39:46.996 D/wpa_supplicant( 1423): CTRL_IFACE monitor sent successfully to /data/misc/wifi/sockets/wpa_ctrl_1015-2\x00
05-24 10:39:46.996 D/wpa_supplicant( 1423): wlan0: BSS: Add new id 429 BSSID ac:9e:17:7e:31:44 SSID 'ASUS_5G_'
05-24 10:39:46.996 D/wpa_supplicant( 1423): CTRL_IFACE monitor sent successfully to /data/misc/wifi/sockets/wpa_ctrl_1015-2\x00
05-24 10:39:46.996 D/wpa_supplicant( 1423): wlan0: BSS: Add new id 430 BSSID c8:d7:19:d9:e8:22 SSID 'wifi-1'
05-24 10:39:46.996 D/wpa_supplicant( 1423): CTRL_IFACE monitor sent successfully to /data/misc/wifi/sockets/wpa_ctrl_1015-2\x00
05-24 10:39:46.996 D/wpa_supplicant( 1423): wlan0: BSS: Add new id 431 BSSID a4:56:02:47:30:07 SSID 'IOT_DEMO_TEST'
05-24 10:39:46.996 D/wpa_supplicant( 1423): CTRL_IFACE monitor sent successfully to /data/misc/wifi/sockets/wpa_ctrl_1015-2\x00
05-24 10:39:46.996 D/wpa_supplicant( 1423): wlan0: BSS: Add new id 432 BSSID 30:f3:1d:74:9a:07 SSID 'mmm '
05-24 10:39:46.996 D/wpa_supplicant( 1423): CTRL_IFACE monitor sent successfully to /data/misc/wifi/sockets/wpa_ctrl_1015-2\x00
05-24 10:39:46.996 D/wpa_supplicant( 1423): wlan0: BSS: Add new id 433 BSSID 14:75:90:91:a0:28 SSID 'MMB'
05-24 10:39:46.996 D/wpa_supplicant( 1423): CTRL_IFACE monitor sent successfully to /data/misc/wifi/sockets/wpa_ctrl_1015-2\x00
05-24 10:39:46.996 D/wpa_supplicant( 1423): wlan0: BSS: Add new id 434 BSSID 0e:14:4b:71:96:2b SSID 'PPTV Mobile'
05-24 10:39:46.996 D/wpa_supplicant( 1423): CTRL_IFACE monitor sent successfully to /data/misc/wifi/sockets/wpa_ctrl_1015-2\x00
05-24 10:39:46.996 D/wpa_supplicant( 1423): wlan0: BSS: Add new id 435 BSSID 0a:14:4b:71:96:2b SSID 'PPTV NoteBook'
05-24 10:39:46.996 D/wpa_supplicant( 1423): CTRL_IFACE monitor sent successfully to /data/misc/wifi/sockets/wpa_ctrl_1015-2\x00
05-24 10:39:46.996 D/wpa_supplicant( 1423): wlan0: BSS: Add new id 436 BSSID d0:03:4b:d4:bd:63 SSID 'appleAirport'
05-24 10:39:46.996 D/wpa_supplicant( 1423): CTRL_IFACE monitor sent successfully to /data/misc/wifi/sockets/wpa_ctrl_1015-2\x00
05-24 10:39:46.996 D/wpa_supplicant( 1423): wlan0: BSS: Add new id 437 BSSID f0:b4:29:2c:89:06 SSID 'Smartap_5G'
05-24 10:39:46.996 D/wpa_supplicant( 1423): CTRL_IFACE monitor sent successfully to /data/misc/wifi/sockets/wpa_ctrl_1015-2\x00
05-24 10:39:46.996 D/wpa_supplicant( 1423): wlan0: BSS: Add new id 438 BSSID f0:b4:29:2c:7c:72 SSID 'ESP_IOT'
05-24 10:39:46.996 D/wpa_supplicant( 1423): CTRL_IFACE monitor sent successfully to /data/misc/wifi/sockets/wpa_ctrl_1015-2\x00
05-24 10:39:46.996 D/wpa_supplicant( 1423): wlan0: BSS: Add new id 439 BSSID f0:b4:29:2c:7c:73 SSID 'ESP_IOT_5G'
05-24 10:39:46.996 D/wpa_supplicant( 1423): CTRL_IFACE monitor sent successfully to /data/misc/wifi/sockets/wpa_ctrl_1015-2\x00
05-24 10:39:46.996 D/wpa_supplicant( 1423): wlan0: BSS: Add new id 440 BSSID 60:a4:4c:ef:2d:8c SSID 'default'
05-24 10:39:46.996 D/wpa_supplicant( 1423): CTRL_IFACE monitor sent successfully to /data/misc/wifi/sockets/wpa_ctrl_1015-2\x00
05-24 10:39:46.996 D/wpa_supplicant( 1423): BSS: last_scan_res_used=25/64
05-24 10:39:46.996 D/wpa_supplicant( 1423): wlan0: New scan results available (own=1 ext=0)
05-24 10:39:46.996 D/wpa_supplicant( 1423): CTRL_IFACE monitor sent successfully to /data/misc/wifi/sockets/wpa_ctrl_1015-2\x00
05-24 10:39:46.996 D/wpa_supplicant( 1423): CTRL_IFACE monitor sent successfully to /data/misc/wifi/sockets/wpa_ctrl_1015-2\x00
05-24 10:39:46.996 D/wpa_supplicant( 1423): WPS: AP f0:b4:29:2c:89:05 type 0 added
05-24 10:39:46.996 D/wpa_supplicant( 1423): WPS: AP f0:b4:29:2c:89:06 type 0 added
05-24 10:39:46.996 D/wpa_supplicant( 1423): WPS: AP f0:b4:29:2c:7c:72 type 0 added
05-24 10:39:46.996 D/wpa_supplicant( 1423): WPS: AP f0:b4:29:2c:7c:73 type 0 added
05-24 10:39:46.996 D/wpa_supplicant( 1423): WPS: AP 60:a4:4c:ef:2d:8c type 0 added
05-24 10:39:46.996 D/wpa_supplicant( 1423): WPS: AP[0] f0:b4:29:2c:89:05 type=0 tries=0 last_attempt=-1 sec ago blacklist=0
05-24 10:39:46.996 D/wpa_supplicant( 1423): WPS: AP[1] f0:b4:29:2c:89:06 type=0 tries=0 last_attempt=-1 sec ago blacklist=0
05-24 10:39:46.996 D/wpa_supplicant( 1423): WPS: AP[2] f0:b4:29:2c:7c:72 type=0 tries=0 last_attempt=-1 sec ago blacklist=0
05-24 10:39:46.996 D/wpa_supplicant( 1423): WPS: AP[3] f0:b4:29:2c:7c:73 type=0 tries=0 last_attempt=-1 sec ago blacklist=0
05-24 10:39:46.996 D/wpa_supplicant( 1423): WPS: AP[4] 60:a4:4c:ef:2d:8c type=0 tries=0 last_attempt=-1 sec ago blacklist=0
05-24 10:39:46.996 D/wpa_supplicant( 1423): wlan0: Radio work 'scan'@0x7f7821e3d0 done in 1.391750 seconds
05-24 10:39:46.996 D/wpa_supplicant( 1423): wlan0: Selecting BSS from priority group 300
05-24 10:39:46.996 D/wpa_supplicant( 1423): wlan0: 0: 12:0e:0e:20:64:2b ssid='iyaya' wpa_ie_len=26 rsn_ie_len=24 caps=0x31 level=-50
05-24 10:39:46.996 D/wpa_supplicant( 1423): 0: 12:0e:0e:20:64:2b ssid='iyaya' wpa_ie_len=26 rsn_ie_len=24 wapi_ie_len=0 caps=0x31
05-24 10:39:46.996 D/wpa_supplicant( 1423): wlan0:    skip - SSID mismatch
05-24 10:39:46.996 D/wpa_supplicant( 1423): wlan0: 1: 32:0f:0e:20:60:90 ssid='iyaya_5.8' wpa_ie_len=26 rsn_ie_len=24 caps=0x511 level=-61
05-24 10:39:46.996 D/wpa_supplicant( 1423): 1: 32:0f:0e:20:60:90 ssid='iyaya_5.8' wpa_ie_len=26 rsn_ie_len=24 wapi_ie_len=0 caps=0x511
05-24 10:39:46.996 D/wpa_supplicant( 1423): wlan0:    selected based on RSN IE
05-24 10:39:46.996 D/wpa_supplicant( 1423):    selected WPA/WAPI AP 32:0f:0e:20:60:90 ssid='iyaya_5.8'
05-24 10:39:46.996 I/WifiHAL ( 1015): Poll result = 1
05-24 10:39:46.996 I/WifiHAL ( 1015): Found some events!!!
05-24 10:39:46.996 D/wpa_supplicant( 1423): wlan0:    selected BSS 32:0f:0e:20:60:90 ssid='iyaya_5.8'
05-24 10:39:46.996 D/WifiHAL ( 1015): no_seq_check received
05-24 10:39:46.996 I/WifiHAL ( 1015): event received NL80211_CMD_NEW_SCAN_RESULTS
05-24 10:39:46.996 I/WifiHAL ( 1015): event received NL80211_CMD_NEW_SCAN_RESULTS, vendor_id = 0x0
05-24 10:39:46.996 I/WifiHAL ( 1015): event ignored!!
05-24 10:39:46.996 D/wpa_supplicant( 1423): wlan0: Considering connect request: reassociate: 1  selected: 32:0f:0e:20:60:90  bssid: 00:00:00:00:00:00  pending: 00:00:00:00:00:00  wpa_state: SCANNING  ssid=0x7f7820ec00  current_ssid=0x0
05-24 10:39:46.996 D/wpa_supplicant( 1423): wlan0: Request association with 32:0f:0e:20:60:90
05-24 10:39:46.996 D/wpa_supplicant( 1423): WPA: Unrecognized EAPOL-Key Key Data IE - hexdump(len=11): 00 09 69 79 61 79 61 5f 35 2e 38
05-24 10:39:46.996 D/wpa_supplicant( 1423): WPA: Unrecognized EAPOL-Key Key Data IE - hexdump(len=3): 03 01 95
05-24 10:39:46.996 D/wpa_supplicant( 1423): WPA: Unrecognized EAPOL-Key Key Data IE - hexdump(len=6): 05 04 00 01 00 72
05-24 10:39:46.996 D/wpa_supplicant( 1423): WPA: Unrecognized EAPOL-Key Key Data IE - hexdump(len=44): 07 2a 43 4e 20 24 01 17 28 01 17 2c 01 17 30 01 17 34 01 17 38 01 17 3c 01 17 40 01 17 95 01 1e ...
05-24 10:39:46.996 D/wpa_supplicant( 1423): WPA: Unrecognized EAPOL-Key Key Data IE - hexdump(len=3): 20 01 03
05-24 10:39:46.996 D/wpa_supplicant( 1423): WPA: RSN IE in EAPOL-Key - hexdump(len=26): 30 18 01 00 00 0f ac 02 02 00 00 0f ac 04 00 0f ac 02 01 00 00 0f ac 02 00 00
05-24 10:39:46.996 D/wpa_supplicant( 1423): WPA: Unrecognized EAPOL-Key Key Data IE - hexdump(len=24): 3d 16 95 0d 04 00 00 00 00 00 00 00 00 00 00 00 00 00 00 00 00 00 00 00
05-24 10:39:46.996 D/wpa_supplicant( 1423): WPA: WPA IE in EAPOL-Key - hexdump(len=28): dd 1a 00 50 f2 01 01 00 00 50 f2 02 02 00 00 50 f2 04 00 50 f2 02 01 00 00 50 f2 02
05-24 10:39:46.996 D/wpa_supplicant( 1423): WPA: WMM Parameter Element - hexdump(len=24): 00 50 f2 02 01 01 80 00 03 a4 00 00 27 a4 00 00 42 43 5e 00 62 32 2f 00
05-24 10:39:46.996 D/wpa_supplicant( 1423): WPA: RSN IE in EAPOL-Key - hexdump(len=26): 30 18 01 00 00 0f ac 02 02 00 00 0f ac 04 00 0f ac 02 01 00 00 0f ac 02 00 00
05-24 10:39:46.996 D/wpa_supplicant( 1423): WPA: WPA IE in EAPOL-Key - hexdump(len=28): dd 1a 00 50 f2 01 01 00 00 50 f2 02 02 00 00 50 f2 04 00 50 f2 02 01 00 00 50 f2 02
05-24 10:39:46.996 D/wpa_supplicant( 1423): TDLS: TDLS is allowed in the target BSS
05-24 10:39:46.996 D/wpa_supplicant( 1423): wlan0: Add radio work 'connect'@0x7f7821e3d0
05-24 10:39:46.996 D/wpa_supplicant( 1423): wlan0: First radio work item in the queue - schedule start immediately
05-24 10:39:46.996 D/wpa_supplicant( 1423): wlan0: Starting radio work 'connect'@0x7f7821e3d0 after 0.000202 second wait
05-24 10:39:46.996 I/wpa_supplicant( 1423): wlan0: Trying to associate with SSID 'iyaya_5.8'
05-24 10:39:46.996 D/wpa_supplicant( 1423): CTRL_IFACE monitor sent successfully to /data/misc/wifi/sockets/wpa_ctrl_1015-2\x00
05-24 10:39:46.996 D/wpa_supplicant( 1423): wlan0: Cancelling scan request
05-24 10:39:46.996 D/wpa_supplicant( 1423): wpas_start_assoc_cb, 1629
05-24 10:39:46.996 D/wpa_supplicant( 1423): wpas_start_assoc_cb, 1632
05-24 10:39:46.996 D/wpa_supplicant( 1423): wpas_start_assoc_cb, 1647
05-24 10:39:46.996 D/wpa_supplicant( 1423): wlan0: WPA: clearing own WPA/RSN IE
05-24 10:39:46.996 D/wpa_supplicant( 1423): wlan0: Automatic auth_alg selection: 0x1
05-24 10:39:46.996 D/wpa_supplicant( 1423): RSN: PMKSA cache search - network_ctx=0x7f7820ec00 try_opportunistic=0
05-24 10:39:46.996 D/wpa_supplicant( 1423): RSN: Search for BSSID 32:0f:0e:20:60:90
05-24 10:39:46.996 D/wpa_supplicant( 1423): RSN: No PMKSA cache entry found
05-24 10:39:46.996 D/wpa_supplicant( 1423): wlan0: RSN: using IEEE 802.11i/D9.0
05-24 10:39:46.996 D/wpa_supplicant( 1423): wlan0: WPA: Selected cipher suites: group 8 pairwise 24 key_mgmt 2 proto 2
05-24 10:39:46.996 D/wpa_supplicant( 1423): wlan0: WPA: Selected mgmt group cipher 32
05-24 10:39:46.996 D/wpa_supplicant( 1423): WPA: set AP WPA IE - hexdump(len=28): dd 1a 00 50 f2 01 01 00 00 50 f2 02 02 00 00 50 f2 04 00 50 f2 02 01 00 00 50 f2 02
05-24 10:39:46.996 D/wpa_supplicant( 1423): WPA: set AP RSN IE - hexdump(len=26): 30 18 01 00 00 0f ac 02 02 00 00 0f ac 04 00 0f ac 02 01 00 00 0f ac 02 00 00
05-24 10:39:46.996 D/wpa_supplicant( 1423): wlan0: WPA: using GTK TKIP
05-24 10:39:46.996 D/wpa_supplicant( 1423): wlan0: WPA: using PTK CCMP
05-24 10:39:46.996 D/wpa_supplicant( 1423): wlan0: WPA: using KEY_MGMT WPA-PSK
05-24 10:39:46.996 D/wpa_supplicant( 1423): wlan0: WPA: not using MGMT group cipher
05-24 10:39:46.996 D/wpa_supplicant( 1423): WPA: Set own WPA IE default - hexdump(len=22): 30 14 01 00 00 0f ac 02 01 00 00 0f ac 04 01 00 00 0f ac 02 00 00
05-24 10:39:46.996 D/wpa_supplicant( 1423): wlan0: State: SCANNING -> ASSOCIATING
05-24 10:39:46.996 D/wpa_supplicant( 1423): nl80211: Set wlan0 operstate 0->0 (DORMANT)
05-24 10:39:46.996 D/wpa_supplicant( 1423): netlink: Operstate: ifindex=23 linkmode=-1 (no change), operstate=5 (IF_OPER_DORMANT)
05-24 10:39:46.996 D/wpa_supplicant( 1423): CTRL_IFACE monitor sent successfully to /data/misc/wifi/sockets/wpa_ctrl_1015-2\x00
05-24 10:39:46.996 I/wpa_supplicant( 1423): wlan0: SET_SYSMATSIR_PROP_STOPSEND
05-24 10:39:46.996 D/wpa_supplicant( 1423): CTRL_IFACE monitor sent successfully to /data/misc/wifi/sockets/wpa_ctrl_1015-2\x00
05-24 10:39:46.996 D/wpa_supplicant( 1423): nl80211: Set mode ifindex 23 iftype 2 (STATION)
05-24 10:39:47.006 D/wpa_supplicant( 1423): nl80211: Unsubscribe mgmt frames handle 0x888888f7f0aaa149 (mode change)
05-24 10:39:47.006 D/wpa_supplicant( 1423): nl80211: Subscribe to mgmt frames with non-AP handle 0x7f782229c0
05-24 10:39:47.006 D/wpa_supplicant( 1423): nl80211: Register frame type=0xd0 (WLAN_FC_STYPE_ACTION) nl_handle=0x7f782229c0 match=0104
05-24 10:39:47.006 D/wpa_supplicant( 1423): nl80211: Register frame type=0xd0 (WLAN_FC_STYPE_ACTION) nl_handle=0x7f782229c0 match=040a
05-24 10:39:47.006 D/wpa_supplicant( 1423): nl80211: Register frame type=0xd0 (WLAN_FC_STYPE_ACTION) nl_handle=0x7f782229c0 match=040b
05-24 10:39:47.006 D/wpa_supplicant( 1423): nl80211: Register frame type=0xd0 (WLAN_FC_STYPE_ACTION) nl_handle=0x7f782229c0 match=040c
05-24 10:39:47.006 D/wpa_supplicant( 1423): nl80211: Register frame type=0xd0 (WLAN_FC_STYPE_ACTION) nl_handle=0x7f782229c0 match=040d
05-24 10:39:47.006 D/wpa_supplicant( 1423): nl80211: Register frame type=0xd0 (WLAN_FC_STYPE_ACTION) nl_handle=0x7f782229c0 match=090a
05-24 10:39:47.006 D/wpa_supplicant( 1423): nl80211: Register frame type=0xd0 (WLAN_FC_STYPE_ACTION) nl_handle=0x7f782229c0 match=090b
05-24 10:39:47.006 D/wpa_supplicant( 1423): nl80211: Register frame type=0xd0 (WLAN_FC_STYPE_ACTION) nl_handle=0x7f782229c0 match=090c
05-24 10:39:47.006 D/wpa_supplicant( 1423): nl80211: Register frame type=0xd0 (WLAN_FC_STYPE_ACTION) nl_handle=0x7f782229c0 match=090d
05-24 10:39:47.006 D/wpa_supplicant( 1423): nl80211: Register frame type=0xd0 (WLAN_FC_STYPE_ACTION) nl_handle=0x7f782229c0 match=0409506f9a09
05-24 10:39:47.006 D/wpa_supplicant( 1423): nl80211: Register frame type=0xd0 (WLAN_FC_STYPE_ACTION) nl_handle=0x7f782229c0 match=7f506f9a09
05-24 10:39:47.006 D/wpa_supplicant( 1423): nl80211: Register frame type=0xd0 (WLAN_FC_STYPE_ACTION) nl_handle=0x7f782229c0 match=0801
05-24 10:39:47.006 D/wpa_supplicant( 1423): nl80211: Register frame type=0xd0 (WLAN_FC_STYPE_ACTION) nl_handle=0x7f782229c0 match=040e
05-24 10:39:47.006 D/wpa_supplicant( 1423): nl80211: Register frame type=0xd0 (WLAN_FC_STYPE_ACTION) nl_handle=0x7f782229c0 match=06
05-24 10:39:47.006 D/wpa_supplicant( 1423): nl80211: Register frame type=0xd0 (WLAN_FC_STYPE_ACTION) nl_handle=0x7f782229c0 match=0a07
05-24 10:39:47.006 D/wpa_supplicant( 1423): nl80211: Register frame type=0xd0 (WLAN_FC_STYPE_ACTION) nl_handle=0x7f782229c0 match=0a11
05-24 10:39:47.006 D/wpa_supplicant( 1423): nl80211: Register frame type=0xd0 (WLAN_FC_STYPE_ACTION) nl_handle=0x7f782229c0 match=0a1a
05-24 10:39:47.006 D/wpa_supplicant( 1423): nl80211: Connect (ifindex=23)
05-24 10:39:47.006 D/wpa_supplicant( 1423):   * bssid_hint=32:0f:0e:20:60:90
05-24 10:39:47.006 D/wpa_supplicant( 1423):   * freq_hint=5745
05-24 10:39:47.006 D/wpa_supplicant( 1423):   * SSID - hexdump(len=9): 69 79 61 79 61 5f 35 2e 38
05-24 10:39:47.006 D/wpa_supplicant( 1423):   * IEs - hexdump(len=28): 30 14 01 00 00 0f ac 02 01 00 00 0f ac 04 01 00 00 0f ac 02 00 00 7f 04 00 00 0a 02
05-24 10:39:47.006 D/wpa_supplicant( 1423):   * WPA Versions 0x2
05-24 10:39:47.006 D/wpa_supplicant( 1423):   * pairwise=0xfac04
05-24 10:39:47.006 D/wpa_supplicant( 1423):   * group=0xfac02
05-24 10:39:47.006 D/wpa_supplicant( 1423):   * akm=0xfac02
05-24 10:39:47.006 D/wpa_supplicant( 1423):   * Auth Type 0
05-24 10:39:47.006 D/wpa_supplicant( 1423): nl80211: set key mgmt offload, suite 2, support 0x0, psk 0x0x7f7820ec3a
05-24 10:39:47.006 D/wpa_supplicant( 1423): nl80211: Connect request send successfully
05-24 10:39:47.006 D/wpa_supplicant( 1423): wlan0: Setting authentication timeout: 10 sec 0 usec
05-24 10:39:47.006 D/wpa_supplicant( 1423): EAPOL: External notification - EAP success=0
05-24 10:39:47.006 D/wpa_supplicant( 1423): EAPOL: External notification - EAP fail=0
05-24 10:39:47.006 D/wpa_supplicant( 1423): EAPOL: External notification - portControl=Auto
05-24 10:39:47.006 E/wpa_supplicant( 1423): eap_proxy: eap_proxy_notify_config
05-24 10:39:47.006 E/wpa_supplicant( 1423): eap_proxy: eap_proxy_allowed_method
05-24 10:39:47.006 D/wpa_supplicant( 1423): wlan0: Control interface command 'BSS RANGE=0- MASK=0x23987'
05-24 10:39:47.016 W/System.err( 3413): java.lang.ArrayIndexOutOfBoundsException: length=58; index=58
05-24 10:39:47.016 W/System.err( 3413): 	at com.lbe.security.service.provider.internal.AppOpsAdapter$1.getDefaultOp(AppOpsAdapter.java:279)
05-24 10:39:47.016 W/System.err( 3413): 	at com.android.internal.app.IOpsCallback$Stub.onTransact(IOpsCallback.java:68)
05-24 10:39:47.016 W/System.err( 3413): 	at android.os.Binder.execTransact(Binder.java:446)
05-24 10:39:47.056 D/wpa_supplicant( 1423): RTM_NEWLINK: ifi_index=23 ifname=wlan0 wext ifi_flags=0x1003 ([UP])
05-24 10:39:47.056 D/wpa_supplicant( 1423): RTM_NEWLINK: ifi_index=23 ifname=wlan0 wext ifi_flags=0x1003 ([UP])
05-24 10:39:47.056 D/wpa_supplicant( 1423): RTM_NEWLINK: ifi_index=23 ifname=wlan0 wext ifi_flags=0x1003 ([UP])
05-24 10:39:47.056 D/wpa_supplicant( 1423): RTM_NEWLINK: ifi_index=23 ifname=wlan0 operstate=5 linkmode=1 ifi_flags=0x11003 ([UP][LOWER_UP])
05-24 10:39:47.056 D/wpa_supplicant( 1423): nl80211: Event message available
05-24 10:39:47.056 D/wpa_supplicant( 1423): nl80211: Drv Event 46 (NL80211_CMD_CONNECT) received for wlan0
05-24 10:39:47.056 D/wpa_supplicant( 1423): nl80211: Connect event (status=0 ignore_next_local_disconnect=0)
05-24 10:39:47.056 D/wpa_supplicant( 1423): nl80211: Associated on 5745 MHz
05-24 10:39:47.056 D/wpa_supplicant( 1423): nl80211: Associated with 32:0f:0e:20:60:90
05-24 10:39:47.056 D/wpa_supplicant( 1423): nl80211: Operating frequency for the associated BSS from scan results: 5745 MHz
05-24 10:39:47.056 D/wpa_supplicant( 1423): wlan0: Event ASSOC (0) received
05-24 10:39:47.056 D/wpa_supplicant( 1423): wlan0: Association info event
05-24 10:39:47.056 D/wpa_supplicant( 1423): req_ies - hexdump(len=22): 30 14 01 00 00 0f ac 02 01 00 00 0f ac 04 01 00 00 0f ac 02 00 00
05-24 10:39:47.056 D/wpa_supplicant( 1423): resp_ies - hexdump(len=26): 30 18 01 00 00 0f ac 02 02 00 00 0f ac 04 00 0f ac 02 01 00 00 0f ac 02 00 00
05-24 10:39:47.056 D/wpa_supplicant( 1423): WPA: RSN IE in EAPOL-Key - hexdump(len=26): 30 18 01 00 00 0f ac 02 02 00 00 0f ac 04 00 0f ac 02 01 00 00 0f ac 02 00 00
05-24 10:39:47.056 D/wpa_supplicant( 1423): wlan0: freq=5745 MHz
05-24 10:39:47.056 D/wpa_supplicant( 1423): WPA: set own WPA/RSN IE - hexdump(len=22): 30 14 01 00 00 0f ac 02 01 00 00 0f ac 04 01 00 00 0f ac 02 00 00
05-24 10:39:47.056 D/wpa_supplicant( 1423): FT: Stored MDIE and FTIE from (Re)Association Response - hexdump(len=0):
05-24 10:39:47.056 D/wpa_supplicant( 1423): wlan0: State: ASSOCIATING -> ASSOCIATED
05-24 10:39:47.056 D/wpa_supplicant( 1423): nl80211: Set wlan0 operstate 0->0 (DORMANT)
05-24 10:39:47.056 D/wpa_supplicant( 1423): netlink: Operstate: ifindex=23 linkmode=-1 (no change), operstate=5 (IF_OPER_DORMANT)
05-24 10:39:47.056 D/wpa_supplicant( 1423): CTRL_IFACE monitor sent successfully to /data/misc/wifi/sockets/wpa_ctrl_1015-2\x00
05-24 10:39:47.056 D/wpa_supplicant( 1423): wlan0: Associated to a new BSS: BSSID=32:0f:0e:20:60:90
05-24 10:39:47.056 I/WifiHAL ( 1015): Poll result = 1
05-24 10:39:47.056 I/WifiHAL ( 1015): Found some events!!!
05-24 10:39:47.056 D/wpa_supplicant( 1423): WPA: set AP WPA IE - hexdump(len=28): dd 1a 00 50 f2 01 01 00 00 50 f2 02 02 00 00 50 f2 04 00 50 f2 02 01 00 00 50 f2 02
05-24 10:39:47.056 D/WifiHAL ( 1015): no_seq_check received
05-24 10:39:47.056 D/wpa_supplicant( 1423): WPA: set AP RSN IE - hexdump(len=26): 30 18 01 00 00 0f ac 02 02 00 00 0f ac 04 00 0f ac 02 01 00 00 0f ac 02 00 00
05-24 10:39:47.056 I/WifiHAL ( 1015): event received NL80211_CMD_CONNECT
05-24 10:39:47.056 I/wpa_supplicant( 1423): wlan0: Associated with 32:0f:0e:20:60:90
05-24 10:39:47.056 I/WifiHAL ( 1015): event received NL80211_CMD_CONNECT, vendor_id = 0x0
05-24 10:39:47.056 I/WifiHAL ( 1015): event ignored!!
05-24 10:39:47.056 D/wpa_supplicant( 1423): CTRL_IFACE monitor sent successfully to /data/misc/wifi/sockets/wpa_ctrl_1015-2\x00
05-24 10:39:47.056 D/wpa_supplicant( 1423): wlan0: WPA: Association event - clear replay counter
05-24 10:39:47.056 D/wpa_supplicant( 1423): wlan0: WPA: Clear old PTK
05-24 10:39:47.056 D/wpa_supplicant( 1423): TDLS: Remove peers on association
05-24 10:39:47.056 D/wpa_supplicant( 1423): EAPOL: External notification - portEnabled=0
05-24 10:39:47.056 D/wpa_supplicant( 1423): EAPOL: External notification - portValid=0
05-24 10:39:47.056 D/wpa_supplicant( 1423): EAPOL: External notification - EAP success=0
05-24 10:39:47.056 D/wpa_supplicant( 1423): EAPOL: External notification - portEnabled=1
05-24 10:39:47.056 D/wpa_supplicant( 1423): EAPOL: SUPP_PAE entering state CONNECTING
05-24 10:39:47.056 D/wpa_supplicant( 1423): EAPOL: enable timer tick
05-24 10:39:47.056 D/wpa_supplicant( 1423): EAPOL: SUPP_BE entering state IDLE
05-24 10:39:47.056 D/wpa_supplicant( 1423): wlan0: Setting authentication timeout: 10 sec 0 usec
05-24 10:39:47.056 D/wpa_supplicant( 1423): wlan0: Cancelling scan request
05-24 10:39:47.056 D/wpa_supplicant( 1423): wlan0: RX EAPOL from 32:0f:0e:20:60:90
05-24 10:39:47.056 D/wpa_supplicant( 1423): RX EAPOL - hexdump(len=99): 02 03 00 5f 02 00 8a 00 10 00 00 00 00 00 00 00 01 72 4d 83 05 86 ea 10 bf 0b 03 92 14 51 6c 64 ...
05-24 10:39:47.056 D/wpa_supplicant( 1423): wlan0: Setting authentication timeout: 10 sec 0 usec
05-24 10:39:47.056 D/wpa_supplicant( 1423): wlan0: IEEE 802.1X RX: version=2 type=3 length=95
05-24 10:39:47.056 D/wpa_supplicant( 1423): WPA: RX EAPOL-Key - hexdump(len=99): 02 03 00 5f 02 00 8a 00 10 00 00 00 00 00 00 00 01 72 4d 83 05 86 ea 10 bf 0b 03 92 14 51 6c 64 ...
05-24 10:39:47.056 D/wpa_supplicant( 1423): wlan0:   EAPOL-Key type=2
05-24 10:39:47.056 D/wpa_supplicant( 1423): wlan0:   key_info 0x8a (ver=2 keyidx=0 rsvd=0 Pairwise Ack)
05-24 10:39:47.056 D/wpa_supplicant( 1423): wlan0:   key_length=16 key_data_length=0
05-24 10:39:47.056 D/wpa_supplicant( 1423):   replay_counter - hexdump(len=8): 00 00 00 00 00 00 00 01
05-24 10:39:47.056 D/wpa_supplicant( 1423):   key_nonce - hexdump(len=32): 72 4d 83 05 86 ea 10 bf 0b 03 92 14 51 6c 64 db 54 71 1b 86 2a 19 37 ba 5f b0 44 ab 8f 6e 54 45
05-24 10:39:47.056 D/wpa_supplicant( 1423):   key_iv - hexdump(len=16): 00 00 00 00 00 00 00 00 00 00 00 00 00 00 00 00
05-24 10:39:47.056 D/wpa_supplicant( 1423):   key_rsc - hexdump(len=8): 00 00 00 00 00 00 00 00
05-24 10:39:47.056 D/wpa_supplicant( 1423):   key_id (reserved) - hexdump(len=8): 00 00 00 00 00 00 00 00
05-24 10:39:47.056 D/wpa_supplicant( 1423):   key_mic - hexdump(len=16): 00 00 00 00 00 00 00 00 00 00 00 00 00 00 00 00
05-24 10:39:47.056 D/wpa_supplicant( 1423): wlan0: State: ASSOCIATED -> 4WAY_HANDSHAKE
05-24 10:39:47.056 D/wpa_supplicant( 1423): CTRL_IFACE monitor sent successfully to /data/misc/wifi/sockets/wpa_ctrl_1015-2\x00
05-24 10:39:47.056 D/wpa_supplicant( 1423): wlan0: WPA: RX message 1 of 4-Way Handshake from 32:0f:0e:20:60:90 (ver=2)
05-24 10:39:47.056 D/wpa_supplicant( 1423): RSN: msg 1/4 key data - hexdump(len=0):
05-24 10:39:47.056 D/wpa_supplicant( 1423): Get randomness: len=32 entropy=672
05-24 10:39:47.066 D/Tethering( 1015): sendTetherStateChangedBroadcast 1, 0, 0
05-24 10:39:47.066 D/wpa_supplicant( 1423): WPA: Renewed SNonce - hexdump(len=32): b5 9a b1 52 a8 7b 46 0d 61 d4 bc 0a 55 ff 25 7f c2 b7 ca 0d a0 93 42 e0 a3 85 18 84 f4 81 5c 10
05-24 10:39:47.066 D/wpa_supplicant( 1423): WPA: PTK derivation - A1=0c:1d:af:9f:80:0b A2=32:0f:0e:20:60:90
05-24 10:39:47.066 D/wpa_supplicant( 1423): WPA: Nonce1 - hexdump(len=32): b5 9a b1 52 a8 7b 46 0d 61 d4 bc 0a 55 ff 25 7f c2 b7 ca 0d a0 93 42 e0 a3 85 18 84 f4 81 5c 10
05-24 10:39:47.066 D/wpa_supplicant( 1423): WPA: Nonce2 - hexdump(len=32): 72 4d 83 05 86 ea 10 bf 0b 03 92 14 51 6c 64 db 54 71 1b 86 2a 19 37 ba 5f b0 44 ab 8f 6e 54 45
05-24 10:39:47.066 D/wpa_supplicant( 1423): WPA: PMK - hexdump(len=32): [REMOVED]
05-24 10:39:47.066 D/wpa_supplicant( 1423): WPA: PTK - hexdump(len=48): [REMOVED]
05-24 10:39:47.066 D/wpa_supplicant( 1423): WPA: WPA IE for msg 2/4 - hexdump(len=22): 30 14 01 00 00 0f ac 02 01 00 00 0f ac 04 01 00 00 0f ac 02 00 00
05-24 10:39:47.066 D/wpa_supplicant( 1423): WPA: Replay Counter - hexdump(len=8): 00 00 00 00 00 00 00 01
05-24 10:39:47.066 D/wpa_supplicant( 1423): wlan0: WPA: Sending EAPOL-Key 2/4
05-24 10:39:47.066 D/wpa_supplicant( 1423): WPA: KCK - hexdump(len=16): [REMOVED]
05-24 10:39:47.066 D/wpa_supplicant( 1423): WPA: Derived Key MIC - hexdump(len=16): 4a 1f 3c e1 a5 fe 92 0f c7 51 08 28 20 b6 16 ed
05-24 10:39:47.066 D/wpa_supplicant( 1423): WPA: TX EAPOL-Key - hexdump(len=121): 01 03 00 75 02 01 0a 00 00 00 00 00 00 00 00 00 01 b5 9a b1 52 a8 7b 46 0d 61 d4 bc 0a 55 ff 25 ...
05-24 10:39:47.066 I/XiaomiFirewall( 1624): firewall pkgName:android, result:0
05-24 10:39:47.066 D/DnsFallback(  432): query: 2.android.pool.ntp.org
05-24 10:39:47.076 D/wpa_supplicant( 1423): wlan0: RX EAPOL from 32:0f:0e:20:60:90
05-24 10:39:47.076 D/wpa_supplicant( 1423): RX EAPOL - hexdump(len=203): 02 03 00 c7 02 13 ca 00 10 00 00 00 00 00 00 00 02 72 4d 83 05 86 ea 10 bf 0b 03 92 14 51 6c 64 ...
05-24 10:39:47.076 D/wpa_supplicant( 1423): wlan0: IEEE 802.1X RX: version=2 type=3 length=199
05-24 10:39:47.076 D/wpa_supplicant( 1423): WPA: RX EAPOL-Key - hexdump(len=203): 02 03 00 c7 02 13 ca 00 10 00 00 00 00 00 00 00 02 72 4d 83 05 86 ea 10 bf 0b 03 92 14 51 6c 64 ...
05-24 10:39:47.076 D/wpa_supplicant( 1423): wlan0:   EAPOL-Key type=2
05-24 10:39:47.076 D/wpa_supplicant( 1423): wlan0:   key_info 0x13ca (ver=2 keyidx=0 rsvd=0 Pairwise Install Ack MIC Secure Encr)
05-24 10:39:47.076 D/wpa_supplicant( 1423): wlan0:   key_length=16 key_data_length=104
05-24 10:39:47.076 D/wpa_supplicant( 1423):   replay_counter - hexdump(len=8): 00 00 00 00 00 00 00 02
05-24 10:39:47.076 D/wpa_supplicant( 1423):   key_nonce - hexdump(len=32): 72 4d 83 05 86 ea 10 bf 0b 03 92 14 51 6c 64 db 54 71 1b 86 2a 19 37 ba 5f b0 44 ab 8f 6e 54 45
05-24 10:39:47.076 D/wpa_supplicant( 1423):   key_iv - hexdump(len=16): 00 00 00 00 00 00 00 00 00 00 00 00 00 00 00 00
05-24 10:39:47.076 D/wpa_supplicant( 1423):   key_rsc - hexdump(len=8): ff 56 00 00 00 00 00 00
05-24 10:39:47.076 D/wpa_supplicant( 1423):   key_id (reserved) - hexdump(len=8): 00 00 00 00 00 00 00 00
05-24 10:39:47.076 D/wpa_supplicant( 1423):   key_mic - hexdump(len=16): c5 90 a7 2d b9 a6 dd 31 ae 2d 6b 20 a9 4c 12 84
05-24 10:39:47.076 D/wpa_supplicant( 1423): RSN: encrypted key data - hexdump(len=104): 76 30 e2 87 e9 94 ec 30 b0 84 00 6e 26 44 40 fa be 25 71 e7 a2 b1 f2 a7 db 09 13 56 dd fb 3d 01 ...
05-24 10:39:47.076 D/wpa_supplicant( 1423): WPA: decrypted EAPOL-Key key data - hexdump(len=96): [REMOVED]
05-24 10:39:47.076 D/wpa_supplicant( 1423): wlan0: State: 4WAY_HANDSHAKE -> 4WAY_HANDSHAKE
05-24 10:39:47.076 D/wpa_supplicant( 1423): wlan0: WPA: RX message 3 of 4-Way Handshake from 32:0f:0e:20:60:90 (ver=2)
05-24 10:39:47.076 D/wpa_supplicant( 1423): WPA: IE KeyData - hexdump(len=96): 30 18 01 00 00 0f ac 02 02 00 00 0f ac 04 00 0f ac 02 01 00 00 0f ac 02 00 00 dd 1a 00 50 f2 01 ...
05-24 10:39:47.076 D/wpa_supplicant( 1423): WPA: RSN IE in EAPOL-Key - hexdump(len=26): 30 18 01 00 00 0f ac 02 02 00 00 0f ac 04 00 0f ac 02 01 00 00 0f ac 02 00 00
05-24 10:39:47.076 D/wpa_supplicant( 1423): WPA: WPA IE in EAPOL-Key - hexdump(len=28): dd 1a 00 50 f2 01 01 00 00 50 f2 02 02 00 00 50 f2 04 00 50 f2 02 01 00 00 50 f2 02
05-24 10:39:47.076 D/wpa_supplicant( 1423): WPA: GTK in EAPOL-Key - hexdump(len=40): [REMOVED]
05-24 10:39:47.076 D/wpa_supplicant( 1423): wlan0: WPA: Sending EAPOL-Key 4/4
05-24 10:39:47.076 D/wpa_supplicant( 1423): WPA: KCK - hexdump(len=16): [REMOVED]
05-24 10:39:47.076 D/wpa_supplicant( 1423): WPA: Derived Key MIC - hexdump(len=16): 3e 73 21 56 d6 6a 0f 77 95 e6 ce f0 bb 4b 5b 99
05-24 10:39:47.076 D/wpa_supplicant( 1423): WPA: TX EAPOL-Key - hexdump(len=99): 01 03 00 5f 02 03 0a 00 00 00 00 00 00 00 00 00 02 00 00 00 00 00 00 00 00 00 00 00 00 00 00 00 ...
05-24 10:39:47.076 D/wpa_supplicant( 1423): wlan0: WPA: Installing PTK to the driver
05-24 10:39:47.076 D/wpa_supplicant( 1423): wpa_driver_nl80211_set_key: ifindex=23 (wlan0) alg=3 addr=0x7f782805e0 key_idx=0 set_tx=1 seq_len=6 key_len=16
05-24 10:39:47.076 D/wpa_supplicant( 1423): nl80211: KEY_DATA - hexdump(len=16): [REMOVED]
05-24 10:39:47.076 D/wpa_supplicant( 1423): nl80211: KEY_SEQ - hexdump(len=6): 00 00 00 00 00 00
05-24 10:39:47.076 D/wpa_supplicant( 1423):    addr=32:0f:0e:20:60:90
05-24 10:39:47.076 D/wpa_supplicant( 1423): EAPOL: External notification - portValid=1
05-24 10:39:47.076 D/wpa_supplicant( 1423): wlan0: State: 4WAY_HANDSHAKE -> GROUP_HANDSHAKE
05-24 10:39:47.076 D/wpa_supplicant( 1423): CTRL_IFACE monitor sent successfully to /data/misc/wifi/sockets/wpa_ctrl_1015-2\x00
05-24 10:39:47.076 D/wpa_supplicant( 1423): RSN: received GTK in pairwise handshake - hexdump(len=34): [REMOVED]
05-24 10:39:47.076 D/wpa_supplicant( 1423): WPA: Group Key - hexdump(len=32): [REMOVED]
05-24 10:39:47.076 D/wpa_supplicant( 1423): wlan0: WPA: Installing GTK to the driver (keyidx=2 tx=0 len=32)
05-24 10:39:47.076 D/wpa_supplicant( 1423): WPA: RSC - hexdump(len=6): ff 56 00 00 00 00
05-24 10:39:47.076 D/wpa_supplicant( 1423): wpa_driver_nl80211_set_key: ifindex=23 (wlan0) alg=2 addr=0x5575a5be40 key_idx=2 set_tx=0 seq_len=6 key_len=32
05-24 10:39:47.076 D/wpa_supplicant( 1423): nl80211: KEY_DATA - hexdump(len=32): [REMOVED]
05-24 10:39:47.076 D/wpa_supplicant( 1423): nl80211: KEY_SEQ - hexdump(len=6): ff 56 00 00 00 00
05-24 10:39:47.076 D/wpa_supplicant( 1423):    broadcast key
05-24 10:39:47.076 I/wpa_supplicant( 1423): wlan0: WPA: Key negotiation completed with 32:0f:0e:20:60:90 [PTK=CCMP GTK=TKIP]
05-24 10:39:47.076 D/wpa_supplicant( 1423): CTRL_IFACE monitor sent successfully to /data/misc/wifi/sockets/wpa_ctrl_1015-2\x00
05-24 10:39:47.076 D/wpa_supplicant( 1423): wlan0: Cancelling authentication timeout
05-24 10:39:47.076 D/wpa_supplicant( 1423): wlan0: State: GROUP_HANDSHAKE -> COMPLETED
05-24 10:39:47.076 D/wpa_supplicant( 1423): wlan0: Radio work 'connect'@0x7f7821e3d0 done in 0.076006 seconds
05-24 10:39:47.076 I/wpa_supplicant( 1423): wlan0: CTRL-EVENT-CONNECTED - Connection to 32:0f:0e:20:60:90 completed [id=6 id_str=]
05-24 10:39:47.076 D/wpa_supplicant( 1423): CTRL_IFACE monitor sent successfully to /data/misc/wifi/sockets/wpa_ctrl_1015-2\x00
05-24 10:39:47.076 D/wpa_supplicant( 1423): nl80211: Set wlan0 operstate 0->1 (UP)
05-24 10:39:47.076 D/wpa_supplicant( 1423): netlink: Operstate: ifindex=23 linkmode=-1 (no change), operstate=6 (IF_OPER_UP)
05-24 10:39:47.076 D/wpa_supplicant( 1423): CTRL_IFACE monitor sent successfully to /data/misc/wifi/sockets/wpa_ctrl_1015-2\x00
05-24 10:39:47.076 D/wpa_supplicant( 1423): EAPOL: External notification - portValid=1
05-24 10:39:47.076 D/wpa_supplicant( 1423): EAPOL: External notification - EAP success=1
05-24 10:39:47.076 D/wpa_supplicant( 1423): EAPOL: SUPP_PAE entering state AUTHENTICATING
05-24 10:39:47.076 D/wpa_supplicant( 1423): EAPOL: SUPP_BE entering state SUCCESS
05-24 10:39:47.076 D/wpa_supplicant( 1423): EAPOL: SUPP_PAE entering state AUTHENTICATED
05-24 10:39:47.076 D/wpa_supplicant( 1423): EAPOL: Supplicant port status: Authorized
05-24 10:39:47.076 D/wpa_supplicant( 1423): nl80211: Set supplicant port authorized for 32:0f:0e:20:60:90
05-24 10:39:47.076 D/wpa_supplicant( 1423): EAPOL: SUPP_BE entering state IDLE
05-24 10:39:47.076 D/wpa_supplicant( 1423): EAPOL authentication completed - result=SUCCESS
05-24 10:39:47.076 D/wpa_supplicant( 1423): RTM_NEWLINK: ifi_index=23 ifname=wlan0 operstate=6 linkmode=1 ifi_flags=0x11043 ([UP][RUNNING][LOWER_UP])
05-24 10:39:47.076 I/XiaomiFirewall( 1624): firewall pkgName:com.sohu.inputmethod.sogou, result:0
05-24 10:39:47.076 I/TrafficManageService( 1624): mina mTrafficStatsReceiver onReceive
05-24 10:39:47.146 D/wpa_supplicant( 1423): wlan0: Control interface command 'STATUS-NO_EVENTS'
05-24 10:39:47.156 E/WifiStateMachine( 1015): Error! unhandled message{ when=-151ms what=131220 arg1=1213 obj=iyaya_5.8 target=com.android.internal.util.StateMachine$SmHandler }
05-24 10:39:47.156 E/WifiConfigStore( 1015): writeKnownNetworkHistory write linked 1
05-24 10:39:47.156 E/WifiConfigStore( 1015): writeKnownNetworkHistory write linked 1
05-24 10:39:47.156 E/WifiConfigStore( 1015): writeKnownNetworkHistory write linked 1
05-24 10:39:47.166 D/StatusBar.NetworkController( 1429): slot=-10;action=android.net.wifi.STATE_CHANGE
05-24 10:39:47.166 D/wpa_supplicant( 1423): CTRL_IFACE monitor attached /data/misc/wifi/sockets/wpa_ctrl_482-7\x00
05-24 10:39:47.166 D/StatusBar.NetworkController( 1429): updateNetworkName mNetworkName[0]= mTempNetworkName[0] = 
05-24 10:39:47.176 D/StatusBar.NetworkController( 1429): updateNetworkName mNetworkName[1]= mTempNetworkName[1] = 
05-24 10:39:47.186 D/StatusBar.NetworkController( 1429): slot=-10;action=android.net.wifi.STATE_CHANGE
05-24 10:39:47.196 D/StatusBar.NetworkController( 1429): updateNetworkName mNetworkName[0]= mTempNetworkName[0] = 
05-24 10:39:47.196 D/StatusBar.NetworkController( 1429): updateNetworkName mNetworkName[1]= mTempNetworkName[1] = 
05-24 10:39:47.206 E/WifiConfigStore( 1015): saveWifiConfigBSSID Setting BSSID for "iyaya_5.8"WPA_PSK to any
05-24 10:39:47.206 E/wifi_gbk2utf( 1015): g_pItemList is NULL
05-24 10:39:47.206 D/wpa_supplicant( 1423): wlan0: Control interface command 'SET_NETWORK [REMOVED]'
05-24 10:39:47.206 D/wpa_supplicant( 1423): CTRL_IFACE: SET_NETWORK id=6 name='bssid'
